2024-09-13 11:00:26,735 - Base.py[line:49] - INFO: info级别，一般用来打印一些正常的操作信息
lines   cov%   module   (path)
   49     8%   Base   (C:\Users\Z0228550\OneDrive - ZF Friedrichshafen AG\Documents\Python_projects\minitab\Base.py)
 --- modulename: Base, funcname: <module>
<string>(1):  --- modulename: Base, funcname: main
Base.py(28):     for i in tqdm(range(10), desc="Processing items", unit="item"):
 --- modulename: _bootstrap, funcname: _find_and_load
<frozen importlib._bootstrap>(1172): <frozen importlib._bootstrap>(1173): <frozen importlib._bootstrap>(1175):  --- modulename: _bootstrap, funcname: __init__
<frozen importlib._bootstrap>(166): <frozen importlib._bootstrap>(167):  --- modulename: _bootstrap, funcname: __enter__
<frozen importlib._bootstrap>(170):  --- modulename: _bootstrap, funcname: _get_module_lock
<frozen importlib._bootstrap>(185): <frozen importlib._bootstrap>(186): <frozen importlib._bootstrap>(187): <frozen importlib._bootstrap>(188): <frozen importlib._bootstrap>(189): <frozen importlib._bootstrap>(190): <frozen importlib._bootstrap>(192): <frozen importlib._bootstrap>(193): <frozen importlib._bootstrap>(196):  --- modulename: _bootstrap, funcname: __init__
<frozen importlib._bootstrap>(72): <frozen importlib._bootstrap>(73): <frozen importlib._bootstrap>(74): <frozen importlib._bootstrap>(75): <frozen importlib._bootstrap>(76): <frozen importlib._bootstrap>(77): <frozen importlib._bootstrap>(198): <frozen importlib._bootstrap>(209): <frozen importlib._bootstrap>(211): <frozen importlib._bootstrap>(213): <frozen importlib._bootstrap>(171):  --- modulename: _bootstrap, funcname: acquire
<frozen importlib._bootstrap>(106): <frozen importlib._bootstrap>(107): <frozen importlib._bootstrap>(108): <frozen importlib._bootstrap>(109): <frozen importlib._bootstrap>(110): <frozen importlib._bootstrap>(111): <frozen importlib._bootstrap>(112): <frozen importlib._bootstrap>(113): <frozen importlib._bootstrap>(114): <frozen importlib._bootstrap>(110): <frozen importlib._bootstrap>(123): <frozen importlib._bootstrap>(1176): <frozen importlib._bootstrap>(1177): <frozen importlib._bootstrap>(1178):  --- modulename: _bootstrap, funcname: _find_and_load_unlocked
<frozen importlib._bootstrap>(1123): <frozen importlib._bootstrap>(1124): <frozen importlib._bootstrap>(1125): <frozen importlib._bootstrap>(1126): <frozen importlib._bootstrap>(1140):  --- modulename: _bootstrap, funcname: _find_spec
<frozen importlib._bootstrap>(1058): <frozen importlib._bootstrap>(1059): <frozen importlib._bootstrap>(1064): <frozen importlib._bootstrap>(1070): <frozen importlib._bootstrap>(1071): <frozen importlib._bootstrap>(1072):  --- modulename: _bootstrap, funcname: __enter__
<frozen importlib._bootstrap>(1030): <frozen importlib._bootstrap>(1073): <frozen importlib._bootstrap>(1074): <frozen importlib._bootstrap>(1080): <frozen importlib._bootstrap>(1072):  --- modulename: _bootstrap, funcname: __exit__
<frozen importlib._bootstrap>(1034): <frozen importlib._bootstrap>(1081): <frozen importlib._bootstrap>(1071): <frozen importlib._bootstrap>(1072):  --- modulename: _bootstrap, funcname: __enter__
<frozen importlib._bootstrap>(1030): <frozen importlib._bootstrap>(1073): <frozen importlib._bootstrap>(1074): <frozen importlib._bootstrap>(1080): <frozen importlib._bootstrap>(1072):  --- modulename: _bootstrap, funcname: __exit__
<frozen importlib._bootstrap>(1034): <frozen importlib._bootstrap>(1081): <frozen importlib._bootstrap>(1071): <frozen importlib._bootstrap>(1072):  --- modulename: _bootstrap, funcname: __enter__
<frozen importlib._bootstrap>(1030): <frozen importlib._bootstrap>(1073): <frozen importlib._bootstrap>(1074): <frozen importlib._bootstrap>(1080):  --- modulename: _bootstrap, funcname: find_spec
<frozen importlib._bootstrap>(750): <frozen importlib._bootstrap>(752): <frozen importlib._bootstrap>(755): <frozen importlib._bootstrap>(1072):  --- modulename: _bootstrap, funcname: __exit__
<frozen importlib._bootstrap>(1034): <frozen importlib._bootstrap>(1081): <frozen importlib._bootstrap>(1071): <frozen importlib._bootstrap>(1072):  --- modulename: _bootstrap, funcname: __enter__
<frozen importlib._bootstrap>(1030): <frozen importlib._bootstrap>(1073): <frozen importlib._bootstrap>(1074): <frozen importlib._bootstrap>(1080):  --- modulename: _bootstrap, funcname: find_spec
<frozen importlib._bootstrap>(924):  --- modulename: _bootstrap, funcname: _call_with_frames_removed
<frozen importlib._bootstrap>(241): <frozen importlib._bootstrap>(925): <frozen importlib._bootstrap>(926): <frozen importlib._bootstrap>(1072):  --- modulename: _bootstrap, funcname: __exit__
<frozen importlib._bootstrap>(1034): <frozen importlib._bootstrap>(1081): <frozen importlib._bootstrap>(1071): <frozen importlib._bootstrap>(1072):  --- modulename: _bootstrap, funcname: __enter__
<frozen importlib._bootstrap>(1030): <frozen importlib._bootstrap>(1073): <frozen importlib._bootstrap>(1074): <frozen importlib._bootstrap>(1080):  --- modulename: _bootstrap_external, funcname: find_spec
<frozen importlib._bootstrap_external>(1502): <frozen importlib._bootstrap_external>(1503): <frozen importlib._bootstrap_external>(1504):  --- modulename: _bootstrap_external, funcname: _get_spec
<frozen importlib._bootstrap_external>(1469): <frozen importlib._bootstrap_external>(1470): <frozen importlib._bootstrap_external>(1471): <frozen importlib._bootstrap_external>(1473):  --- modulename: _bootstrap_external, funcname: _path_importer_cache
<frozen importlib._bootstrap_external>(1429): <frozen importlib._bootstrap_external>(1436): <frozen importlib._bootstrap_external>(1437): <frozen importlib._bootstrap_external>(1441): <frozen importlib._bootstrap_external>(1474): <frozen importlib._bootstrap_external>(1475): <frozen importlib._bootstrap_external>(1476):  --- modulename: _bootstrap_external, funcname: find_spec
<frozen importlib._bootstrap_external>(1609): <frozen importlib._bootstrap_external>(1610): <frozen importlib._bootstrap_external>(1611): <frozen importlib._bootstrap_external>(1612):  --- modulename: _bootstrap_external, funcname: _path_stat
<frozen importlib._bootstrap_external>(147): <frozen importlib._bootstrap_external>(1615): <frozen importlib._bootstrap_external>(1619):  --- modulename: _bootstrap_external, funcname: _relax_case
<frozen importlib._bootstrap_external>(69): <frozen importlib._bootstrap_external>(1623): <frozen importlib._bootstrap_external>(1624): <frozen importlib._bootstrap_external>(1626): <frozen importlib._bootstrap_external>(1638): <frozen importlib._bootstrap_external>(1639): <frozen importlib._bootstrap_external>(1640):  --- modulename: _bootstrap_external, funcname: _path_join
<frozen importlib._bootstrap_external>(98): <frozen importlib._bootstrap_external>(100): <frozen importlib._bootstrap_external>(102): <frozen importlib._bootstrap_external>(103): <frozen importlib._bootstrap_external>(104): <frozen importlib._bootstrap_external>(105): <frozen importlib._bootstrap_external>(106): <frozen importlib._bootstrap_external>(107): <frozen importlib._bootstrap_external>(104): <frozen importlib._bootstrap_external>(105): <frozen importlib._bootstrap_external>(108): <frozen importlib._bootstrap_external>(117): <frozen importlib._bootstrap_external>(118): <frozen importlib._bootstrap_external>(104): <frozen importlib._bootstrap_external>(119):  --- modulename: _bootstrap_external, funcname: <listcomp>
<frozen importlib._bootstrap_external>(119): <frozen importlib._bootstrap_external>(119): <frozen importlib._bootstrap_external>(119): <frozen importlib._bootstrap_external>(120): <frozen importlib._bootstrap_external>(123): <frozen importlib._bootstrap_external>(1643):  --- modulename: _bootstrap, funcname: _verbose_message
<frozen importlib._bootstrap>(246): <frozen importlib._bootstrap_external>(1644): <frozen importlib._bootstrap_external>(1638): <frozen importlib._bootstrap_external>(1639): <frozen importlib._bootstrap_external>(1640):  --- modulename: _bootstrap_external, funcname: _path_join
<frozen importlib._bootstrap_external>(98): <frozen importlib._bootstrap_external>(100): <frozen importlib._bootstrap_external>(102): <frozen importlib._bootstrap_external>(103): <frozen importlib._bootstrap_external>(104): <frozen importlib._bootstrap_external>(105): <frozen importlib._bootstrap_external>(106): <frozen importlib._bootstrap_external>(107): <frozen importlib._bootstrap_external>(104): <frozen importlib._bootstrap_external>(105): <frozen importlib._bootstrap_external>(108): <frozen importlib._bootstrap_external>(117): <frozen importlib._bootstrap_external>(118): <frozen importlib._bootstrap_external>(104): <frozen importlib._bootstrap_external>(119):  --- modulename: _bootstrap_external, funcname: <listcomp>
<frozen importlib._bootstrap_external>(119): <frozen importlib._bootstrap_external>(119): <frozen importlib._bootstrap_external>(119): <frozen importlib._bootstrap_external>(120): <frozen importlib._bootstrap_external>(123): <frozen importlib._bootstrap_external>(1643):  --- modulename: _bootstrap, funcname: _verbose_message
<frozen importlib._bootstrap>(246): <frozen importlib._bootstrap_external>(1644): <frozen importlib._bootstrap_external>(1638): <frozen importlib._bootstrap_external>(1639): <frozen importlib._bootstrap_external>(1640):  --- modulename: _bootstrap_external, funcname: _path_join
<frozen importlib._bootstrap_external>(98): <frozen importlib._bootstrap_external>(100): <frozen importlib._bootstrap_external>(102): <frozen importlib._bootstrap_external>(103): <frozen importlib._bootstrap_external>(104): <frozen importlib._bootstrap_external>(105): <frozen importlib._bootstrap_external>(106): <frozen importlib._bootstrap_external>(107): <frozen importlib._bootstrap_external>(104): <frozen importlib._bootstrap_external>(105): <frozen importlib._bootstrap_external>(108): <frozen importlib._bootstrap_external>(117): <frozen importlib._bootstrap_external>(118): <frozen importlib._bootstrap_external>(104): <frozen importlib._bootstrap_external>(119):  --- modulename: _bootstrap_external, funcname: <listcomp>
<frozen importlib._bootstrap_external>(119): <frozen importlib._bootstrap_external>(119): <frozen importlib._bootstrap_external>(119): <frozen importlib._bootstrap_external>(120): <frozen importlib._bootstrap_external>(123): <frozen importlib._bootstrap_external>(1643):  --- modulename: _bootstrap, funcname: _verbose_message
<frozen importlib._bootstrap>(246): <frozen importlib._bootstrap_external>(1644): <frozen importlib._bootstrap_external>(1638): <frozen importlib._bootstrap_external>(1639): <frozen importlib._bootstrap_external>(1640):  --- modulename: _bootstrap_external, funcname: _path_join
<frozen importlib._bootstrap_external>(98): <frozen importlib._bootstrap_external>(100): <frozen importlib._bootstrap_external>(102): <frozen importlib._bootstrap_external>(103): <frozen importlib._bootstrap_external>(104): <frozen importlib._bootstrap_external>(105): <frozen importlib._bootstrap_external>(106): <frozen importlib._bootstrap_external>(107): <frozen importlib._bootstrap_external>(104): <frozen importlib._bootstrap_external>(105): <frozen importlib._bootstrap_external>(108): <frozen importlib._bootstrap_external>(117): <frozen importlib._bootstrap_external>(118): <frozen importlib._bootstrap_external>(104): <frozen importlib._bootstrap_external>(119):  --- modulename: _bootstrap_external, funcname: <listcomp>
<frozen importlib._bootstrap_external>(119): <frozen importlib._bootstrap_external>(119): <frozen importlib._bootstrap_external>(119): <frozen importlib._bootstrap_external>(120): <frozen importlib._bootstrap_external>(123): <frozen importlib._bootstrap_external>(1643):  --- modulename: _bootstrap, funcname: _verbose_message
<frozen importlib._bootstrap>(246): <frozen importlib._bootstrap_external>(1644): <frozen importlib._bootstrap_external>(1638): <frozen importlib._bootstrap_external>(1639): <frozen importlib._bootstrap_external>(1640):  --- modulename: _bootstrap_external, funcname: _path_join
<frozen importlib._bootstrap_external>(98): <frozen importlib._bootstrap_external>(100): <frozen importlib._bootstrap_external>(102): <frozen importlib._bootstrap_external>(103): <frozen importlib._bootstrap_external>(104): <frozen importlib._bootstrap_external>(105): <frozen importlib._bootstrap_external>(106): <frozen importlib._bootstrap_external>(107): <frozen importlib._bootstrap_external>(104): <frozen importlib._bootstrap_external>(105): <frozen importlib._bootstrap_external>(108): <frozen importlib._bootstrap_external>(117): <frozen importlib._bootstrap_external>(118): <frozen importlib._bootstrap_external>(104): <frozen importlib._bootstrap_external>(119):  --- modulename: _bootstrap_external, funcname: <listcomp>
<frozen importlib._bootstrap_external>(119): <frozen importlib._bootstrap_external>(119): <frozen importlib._bootstrap_external>(119): <frozen importlib._bootstrap_external>(120): <frozen importlib._bootstrap_external>(123): <frozen importlib._bootstrap_external>(1643):  --- modulename: _bootstrap, funcname: _verbose_message
<frozen importlib._bootstrap>(246): <frozen importlib._bootstrap_external>(1644): <frozen importlib._bootstrap_external>(1638): <frozen importlib._bootstrap_external>(1648): <frozen importlib._bootstrap_external>(1653): <frozen importlib._bootstrap_external>(1479): <frozen importlib._bootstrap_external>(1480): <frozen importlib._bootstrap_external>(1470): <frozen importlib._bootstrap_external>(1471): <frozen importlib._bootstrap_external>(1473):  --- modulename: _bootstrap_external, funcname: _path_importer_cache
<frozen importlib._bootstrap_external>(1429): <frozen importlib._bootstrap_external>(1436): <frozen importlib._bootstrap_external>(1437): <frozen importlib._bootstrap_external>(1441): <frozen importlib._bootstrap_external>(1474): <frozen importlib._bootstrap_external>(1470): <frozen importlib._bootstrap_external>(1471): <frozen importlib._bootstrap_external>(1473):  --- modulename: _bootstrap_external, funcname: _path_importer_cache
<frozen importlib._bootstrap_external>(1429): <frozen importlib._bootstrap_external>(1436): <frozen importlib._bootstrap_external>(1437): <frozen importlib._bootstrap_external>(1441): <frozen importlib._bootstrap_external>(1474): <frozen importlib._bootstrap_external>(1475): <frozen importlib._bootstrap_external>(1476):  --- modulename: _bootstrap_external, funcname: find_spec
<frozen importlib._bootstrap_external>(1609): <frozen importlib._bootstrap_external>(1610): <frozen importlib._bootstrap_external>(1611): <frozen importlib._bootstrap_external>(1612):  --- modulename: _bootstrap_external, funcname: _path_stat
<frozen importlib._bootstrap_external>(147): <frozen importlib._bootstrap_external>(1615): <frozen importlib._bootstrap_external>(1619):  --- modulename: _bootstrap_external, funcname: _relax_case
<frozen importlib._bootstrap_external>(69): <frozen importlib._bootstrap_external>(1623): <frozen importlib._bootstrap_external>(1624): <frozen importlib._bootstrap_external>(1626): <frozen importlib._bootstrap_external>(1638): <frozen importlib._bootstrap_external>(1639): <frozen importlib._bootstrap_external>(1640):  --- modulename: _bootstrap_external, funcname: _path_join
<frozen importlib._bootstrap_external>(98): <frozen importlib._bootstrap_external>(100): <frozen importlib._bootstrap_external>(102): <frozen importlib._bootstrap_external>(103): <frozen importlib._bootstrap_external>(104): <frozen importlib._bootstrap_external>(105): <frozen importlib._bootstrap_external>(106): <frozen importlib._bootstrap_external>(107): <frozen importlib._bootstrap_external>(104): <frozen importlib._bootstrap_external>(105): <frozen importlib._bootstrap_external>(108): <frozen importlib._bootstrap_external>(117): <frozen importlib._bootstrap_external>(118): <frozen importlib._bootstrap_external>(104): <frozen importlib._bootstrap_external>(119):  --- modulename: _bootstrap_external, funcname: <listcomp>
<frozen importlib._bootstrap_external>(119): <frozen importlib._bootstrap_external>(119): <frozen importlib._bootstrap_external>(119): <frozen importlib._bootstrap_external>(120): <frozen importlib._bootstrap_external>(123): <frozen importlib._bootstrap_external>(1643):  --- modulename: _bootstrap, funcname: _verbose_message
<frozen importlib._bootstrap>(246): <frozen importlib._bootstrap_external>(1644): <frozen importlib._bootstrap_external>(1638): <frozen importlib._bootstrap_external>(1639): <frozen importlib._bootstrap_external>(1640):  --- modulename: _bootstrap_external, funcname: _path_join
<frozen importlib._bootstrap_external>(98): <frozen importlib._bootstrap_external>(100): <frozen importlib._bootstrap_external>(102): <frozen importlib._bootstrap_external>(103): <frozen importlib._bootstrap_external>(104): <frozen importlib._bootstrap_external>(105): <frozen importlib._bootstrap_external>(106): <frozen importlib._bootstrap_external>(107): <frozen importlib._bootstrap_external>(104): <frozen importlib._bootstrap_external>(105): <frozen importlib._bootstrap_external>(108): <frozen importlib._bootstrap_external>(117): <frozen importlib._bootstrap_external>(118): <frozen importlib._bootstrap_external>(104): <frozen importlib._bootstrap_external>(119):  --- modulename: _bootstrap_external, funcname: <listcomp>
<frozen importlib._bootstrap_external>(119): <frozen importlib._bootstrap_external>(119): <frozen importlib._bootstrap_external>(119): <frozen importlib._bootstrap_external>(120): <frozen importlib._bootstrap_external>(123): <frozen importlib._bootstrap_external>(1643):  --- modulename: _bootstrap, funcname: _verbose_message
<frozen importlib._bootstrap>(246): <frozen importlib._bootstrap_external>(1644): <frozen importlib._bootstrap_external>(1638): <frozen importlib._bootstrap_external>(1639): <frozen importlib._bootstrap_external>(1640):  --- modulename: _bootstrap_external, funcname: _path_join
<frozen importlib._bootstrap_external>(98): <frozen importlib._bootstrap_external>(100): <frozen importlib._bootstrap_external>(102): <frozen importlib._bootstrap_external>(103): <frozen importlib._bootstrap_external>(104): <frozen importlib._bootstrap_external>(105): <frozen importlib._bootstrap_external>(106): <frozen importlib._bootstrap_external>(107): <frozen importlib._bootstrap_external>(104): <frozen importlib._bootstrap_external>(105): <frozen importlib._bootstrap_external>(108): <frozen importlib._bootstrap_external>(117): <frozen importlib._bootstrap_external>(118): <frozen importlib._bootstrap_external>(104): <frozen importlib._bootstrap_external>(119):  --- modulename: _bootstrap_external, funcname: <listcomp>
<frozen importlib._bootstrap_external>(119): <frozen importlib._bootstrap_external>(119): <frozen importlib._bootstrap_external>(119): <frozen importlib._bootstrap_external>(120): <frozen importlib._bootstrap_external>(123): <frozen importlib._bootstrap_external>(1643):  --- modulename: _bootstrap, funcname: _verbose_message
<frozen importlib._bootstrap>(246): <frozen importlib._bootstrap_external>(1644): <frozen importlib._bootstrap_external>(1638): <frozen importlib._bootstrap_external>(1639): <frozen importlib._bootstrap_external>(1640):  --- modulename: _bootstrap_external, funcname: _path_join
<frozen importlib._bootstrap_external>(98): <frozen importlib._bootstrap_external>(100): <frozen importlib._bootstrap_external>(102): <frozen importlib._bootstrap_external>(103): <frozen importlib._bootstrap_external>(104): <frozen importlib._bootstrap_external>(105): <frozen importlib._bootstrap_external>(106): <frozen importlib._bootstrap_external>(107): <frozen importlib._bootstrap_external>(104): <frozen importlib._bootstrap_external>(105): <frozen importlib._bootstrap_external>(108): <frozen importlib._bootstrap_external>(117): <frozen importlib._bootstrap_external>(118): <frozen importlib._bootstrap_external>(104): <frozen importlib._bootstrap_external>(119):  --- modulename: _bootstrap_external, funcname: <listcomp>
<frozen importlib._bootstrap_external>(119): <frozen importlib._bootstrap_external>(119): <frozen importlib._bootstrap_external>(119): <frozen importlib._bootstrap_external>(120): <frozen importlib._bootstrap_external>(123): <frozen importlib._bootstrap_external>(1643):  --- modulename: _bootstrap, funcname: _verbose_message
<frozen importlib._bootstrap>(246): <frozen importlib._bootstrap_external>(1644): <frozen importlib._bootstrap_external>(1638): <frozen importlib._bootstrap_external>(1639): <frozen importlib._bootstrap_external>(1640):  --- modulename: _bootstrap_external, funcname: _path_join
<frozen importlib._bootstrap_external>(98): <frozen importlib._bootstrap_external>(100): <frozen importlib._bootstrap_external>(102): <frozen importlib._bootstrap_external>(103): <frozen importlib._bootstrap_external>(104): <frozen importlib._bootstrap_external>(105): <frozen importlib._bootstrap_external>(106): <frozen importlib._bootstrap_external>(107): <frozen importlib._bootstrap_external>(104): <frozen importlib._bootstrap_external>(105): <frozen importlib._bootstrap_external>(108): <frozen importlib._bootstrap_external>(117): <frozen importlib._bootstrap_external>(118): <frozen importlib._bootstrap_external>(104): <frozen importlib._bootstrap_external>(119):  --- modulename: _bootstrap_external, funcname: <listcomp>
<frozen importlib._bootstrap_external>(119): <frozen importlib._bootstrap_external>(119): <frozen importlib._bootstrap_external>(119): <frozen importlib._bootstrap_external>(120): <frozen importlib._bootstrap_external>(123): <frozen importlib._bootstrap_external>(1643):  --- modulename: _bootstrap, funcname: _verbose_message
<frozen importlib._bootstrap>(246): <frozen importlib._bootstrap_external>(1644): <frozen importlib._bootstrap_external>(1638): <frozen importlib._bootstrap_external>(1648): <frozen importlib._bootstrap_external>(1653): <frozen importlib._bootstrap_external>(1479): <frozen importlib._bootstrap_external>(1480): <frozen importlib._bootstrap_external>(1470): <frozen importlib._bootstrap_external>(1471): <frozen importlib._bootstrap_external>(1473):  --- modulename: _bootstrap_external, funcname: _path_importer_cache
<frozen importlib._bootstrap_external>(1429): <frozen importlib._bootstrap_external>(1436): <frozen importlib._bootstrap_external>(1437): <frozen importlib._bootstrap_external>(1441): <frozen importlib._bootstrap_external>(1474): <frozen importlib._bootstrap_external>(1475): <frozen importlib._bootstrap_external>(1476):  --- modulename: _bootstrap_external, funcname: find_spec
<frozen importlib._bootstrap_external>(1609): <frozen importlib._bootstrap_external>(1610): <frozen importlib._bootstrap_external>(1611): <frozen importlib._bootstrap_external>(1612):  --- modulename: _bootstrap_external, funcname: _path_stat
<frozen importlib._bootstrap_external>(147): <frozen importlib._bootstrap_external>(1615): <frozen importlib._bootstrap_external>(1619):  --- modulename: _bootstrap_external, funcname: _relax_case
<frozen importlib._bootstrap_external>(69): <frozen importlib._bootstrap_external>(1623): <frozen importlib._bootstrap_external>(1624): <frozen importlib._bootstrap_external>(1626): <frozen importlib._bootstrap_external>(1627):  --- modulename: _bootstrap_external, funcname: _path_join
<frozen importlib._bootstrap_external>(98): <frozen importlib._bootstrap_external>(100): <frozen importlib._bootstrap_external>(102): <frozen importlib._bootstrap_external>(103): <frozen importlib._bootstrap_external>(104): <frozen importlib._bootstrap_external>(105): <frozen importlib._bootstrap_external>(106): <frozen importlib._bootstrap_external>(107): <frozen importlib._bootstrap_external>(104): <frozen importlib._bootstrap_external>(105): <frozen importlib._bootstrap_external>(108): <frozen importlib._bootstrap_external>(117): <frozen importlib._bootstrap_external>(118): <frozen importlib._bootstrap_external>(104): <frozen importlib._bootstrap_external>(119):  --- modulename: _bootstrap_external, funcname: <listcomp>
<frozen importlib._bootstrap_external>(119): <frozen importlib._bootstrap_external>(119): <frozen importlib._bootstrap_external>(119): <frozen importlib._bootstrap_external>(120): <frozen importlib._bootstrap_external>(123): <frozen importlib._bootstrap_external>(1628): <frozen importlib._bootstrap_external>(1629): <frozen importlib._bootstrap_external>(1630):  --- modulename: _bootstrap_external, funcname: _path_join
<frozen importlib._bootstrap_external>(98): <frozen importlib._bootstrap_external>(100): <frozen importlib._bootstrap_external>(102): <frozen importlib._bootstrap_external>(103): <frozen importlib._bootstrap_external>(104): <frozen importlib._bootstrap_external>(105): <frozen importlib._bootstrap_external>(106): <frozen importlib._bootstrap_external>(107): <frozen importlib._bootstrap_external>(104): <frozen importlib._bootstrap_external>(105): <frozen importlib._bootstrap_external>(108): <frozen importlib._bootstrap_external>(117): <frozen importlib._bootstrap_external>(118): <frozen importlib._bootstrap_external>(104): <frozen importlib._bootstrap_external>(119):  --- modulename: _bootstrap_external, funcname: <listcomp>
<frozen importlib._bootstrap_external>(119): <frozen importlib._bootstrap_external>(119): <frozen importlib._bootstrap_external>(119): <frozen importlib._bootstrap_external>(120): <frozen importlib._bootstrap_external>(123): <frozen importlib._bootstrap_external>(1631):  --- modulename: _bootstrap_external, funcname: _path_isfile
<frozen importlib._bootstrap_external>(161):  --- modulename: _bootstrap_external, funcname: _path_is_mode_type
<frozen importlib._bootstrap_external>(152): <frozen importlib._bootstrap_external>(153):  --- modulename: _bootstrap_external, funcname: _path_stat
<frozen importlib._bootstrap_external>(147): <frozen importlib._bootstrap_external>(154): <frozen importlib._bootstrap_external>(155): <frozen importlib._bootstrap_external>(1628): <frozen importlib._bootstrap_external>(1629): <frozen importlib._bootstrap_external>(1630):  --- modulename: _bootstrap_external, funcname: _path_join
<frozen importlib._bootstrap_external>(98): <frozen importlib._bootstrap_external>(100): <frozen importlib._bootstrap_external>(102): <frozen importlib._bootstrap_external>(103): <frozen importlib._bootstrap_external>(104): <frozen importlib._bootstrap_external>(105): <frozen importlib._bootstrap_external>(106): <frozen importlib._bootstrap_external>(107): <frozen importlib._bootstrap_external>(104): <frozen importlib._bootstrap_external>(105): <frozen importlib._bootstrap_external>(108): <frozen importlib._bootstrap_external>(117): <frozen importlib._bootstrap_external>(118): <frozen importlib._bootstrap_external>(104): <frozen importlib._bootstrap_external>(119):  --- modulename: _bootstrap_external, funcname: <listcomp>
<frozen importlib._bootstrap_external>(119): <frozen importlib._bootstrap_external>(119): <frozen importlib._bootstrap_external>(119): <frozen importlib._bootstrap_external>(120): <frozen importlib._bootstrap_external>(123): <frozen importlib._bootstrap_external>(1631):  --- modulename: _bootstrap_external, funcname: _path_isfile
<frozen importlib._bootstrap_external>(161):  --- modulename: _bootstrap_external, funcname: _path_is_mode_type
<frozen importlib._bootstrap_external>(152): <frozen importlib._bootstrap_external>(153):  --- modulename: _bootstrap_external, funcname: _path_stat
<frozen importlib._bootstrap_external>(147): <frozen importlib._bootstrap_external>(154): <frozen importlib._bootstrap_external>(155): <frozen importlib._bootstrap_external>(1628): <frozen importlib._bootstrap_external>(1629): <frozen importlib._bootstrap_external>(1630):  --- modulename: _bootstrap_external, funcname: _path_join
<frozen importlib._bootstrap_external>(98): <frozen importlib._bootstrap_external>(100): <frozen importlib._bootstrap_external>(102): <frozen importlib._bootstrap_external>(103): <frozen importlib._bootstrap_external>(104): <frozen importlib._bootstrap_external>(105): <frozen importlib._bootstrap_external>(106): <frozen importlib._bootstrap_external>(107): <frozen importlib._bootstrap_external>(104): <frozen importlib._bootstrap_external>(105): <frozen importlib._bootstrap_external>(108): <frozen importlib._bootstrap_external>(117): <frozen importlib._bootstrap_external>(118): <frozen importlib._bootstrap_external>(104): <frozen importlib._bootstrap_external>(119):  --- modulename: _bootstrap_external, funcname: <listcomp>
<frozen importlib._bootstrap_external>(119): <frozen importlib._bootstrap_external>(119): <frozen importlib._bootstrap_external>(119): <frozen importlib._bootstrap_external>(120): <frozen importlib._bootstrap_external>(123): <frozen importlib._bootstrap_external>(1631):  --- modulename: _bootstrap_external, funcname: _path_isfile
<frozen importlib._bootstrap_external>(161):  --- modulename: _bootstrap_external, funcname: _path_is_mode_type
<frozen importlib._bootstrap_external>(152): <frozen importlib._bootstrap_external>(153):  --- modulename: _bootstrap_external, funcname: _path_stat
<frozen importlib._bootstrap_external>(147): <frozen importlib._bootstrap_external>(156): <frozen importlib._bootstrap_external>(1632):  --- modulename: _bootstrap_external, funcname: _get_spec
<frozen importlib._bootstrap_external>(1600):  --- modulename: _bootstrap_external, funcname: __init__
<frozen importlib._bootstrap_external>(1100): <frozen importlib._bootstrap_external>(1101): <frozen importlib._bootstrap_external>(1601): <frozen importlib._bootstrap_external>(1602): <frozen importlib._bootstrap_external>(1601):  --- modulename: _bootstrap_external, funcname: spec_from_file_location
<frozen importlib._bootstrap_external>(790): <frozen importlib._bootstrap_external>(802): <frozen importlib._bootstrap_external>(803):  --- modulename: _bootstrap_external, funcname: _path_isabs
<frozen importlib._bootstrap_external>(174): <frozen importlib._bootstrap_external>(176): <frozen importlib._bootstrap_external>(177): <frozen importlib._bootstrap_external>(815):  --- modulename: _bootstrap, funcname: __init__
<frozen importlib._bootstrap>(359): <frozen importlib._bootstrap>(360): <frozen importlib._bootstrap>(361): <frozen importlib._bootstrap>(362): <frozen importlib._bootstrap>(363): <frozen importlib._bootstrap>(364): <frozen importlib._bootstrap>(367): <frozen importlib._bootstrap>(368): <frozen importlib._bootstrap_external>(816): <frozen importlib._bootstrap_external>(819): <frozen importlib._bootstrap_external>(829): <frozen importlib._bootstrap_external>(840): <frozen importlib._bootstrap_external>(841): <frozen importlib._bootstrap_external>(846): <frozen importlib._bootstrap_external>(1479): <frozen importlib._bootstrap_external>(1481): <frozen importlib._bootstrap_external>(1482): <frozen importlib._bootstrap_external>(1505): <frozen importlib._bootstrap_external>(1507): <frozen importlib._bootstrap_external>(1518): <frozen importlib._bootstrap>(1072):  --- modulename: _bootstrap, funcname: __exit__
<frozen importlib._bootstrap>(1034): <frozen importlib._bootstrap>(1081): <frozen importlib._bootstrap>(1083): <frozen importlib._bootstrap>(1098): <frozen importlib._bootstrap>(1141): <frozen importlib._bootstrap>(1144): <frozen importlib._bootstrap>(1148): <frozen importlib._bootstrap>(1149):  --- modulename: _bootstrap, funcname: _load_unlocked
<frozen importlib._bootstrap>(668): <frozen importlib._bootstrap>(670): <frozen importlib._bootstrap>(676):  --- modulename: _bootstrap, funcname: module_from_spec
<frozen importlib._bootstrap>(569): <frozen importlib._bootstrap>(570): <frozen importlib._bootstrap>(573):  --- modulename: _bootstrap_external, funcname: create_module
<frozen importlib._bootstrap_external>(931): <frozen importlib._bootstrap>(577): <frozen importlib._bootstrap>(578):  --- modulename: _bootstrap, funcname: _new_module
<frozen importlib._bootstrap>(49): <frozen importlib._bootstrap>(579):  --- modulename: _bootstrap, funcname: _init_module_attrs
<frozen importlib._bootstrap>(497): <frozen importlib._bootstrap>(503): <frozen importlib._bootstrap>(504): <frozen importlib._bootstrap>(505): <frozen importlib._bootstrap>(526): <frozen importlib._bootstrap>(527): <frozen importlib._bootstrap>(531): <frozen importlib._bootstrap>(532): <frozen importlib._bootstrap>(533):  --- modulename: _bootstrap, funcname: parent
<frozen importlib._bootstrap>(408): <frozen importlib._bootstrap>(411): <frozen importlib._bootstrap>(537): <frozen importlib._bootstrap>(538): <frozen importlib._bootstrap>(542): <frozen importlib._bootstrap>(543): <frozen importlib._bootstrap>(545): <frozen importlib._bootstrap>(546): <frozen importlib._bootstrap>(550):  --- modulename: _bootstrap, funcname: has_location
<frozen importlib._bootstrap>(415): <frozen importlib._bootstrap>(551): <frozen importlib._bootstrap>(552): <frozen importlib._bootstrap>(553): <frozen importlib._bootstrap>(557): <frozen importlib._bootstrap>(558):  --- modulename: _bootstrap, funcname: cached
<frozen importlib._bootstrap>(394): <frozen importlib._bootstrap>(395): <frozen importlib._bootstrap>(396): <frozen importlib._bootstrap>(398):  --- modulename: _bootstrap_external, funcname: _get_cached
<frozen importlib._bootstrap_external>(568): <frozen importlib._bootstrap_external>(569): <frozen importlib._bootstrap_external>(570):  --- modulename: _bootstrap_external, funcname: cache_from_source
<frozen importlib._bootstrap_external>(455): <frozen importlib._bootstrap_external>(462): <frozen importlib._bootstrap_external>(463):  --- modulename: _bootstrap_external, funcname: _path_split
<frozen importlib._bootstrap_external>(134):  --- modulename: _bootstrap_external, funcname: <genexpr>
<frozen importlib._bootstrap_external>(134):  --- modulename: _bootstrap_external, funcname: <genexpr>
<frozen importlib._bootstrap_external>(134):  --- modulename: _bootstrap_external, funcname: <genexpr>
<frozen importlib._bootstrap_external>(134): <frozen importlib._bootstrap_external>(135): <frozen importlib._bootstrap_external>(137): <frozen importlib._bootstrap_external>(464): <frozen importlib._bootstrap_external>(465): <frozen importlib._bootstrap_external>(466): <frozen importlib._bootstrap_external>(468): <frozen importlib._bootstrap_external>(469): <frozen importlib._bootstrap_external>(470): <frozen importlib._bootstrap_external>(471): <frozen importlib._bootstrap_external>(474): <frozen importlib._bootstrap_external>(475): <frozen importlib._bootstrap_external>(479): <frozen importlib._bootstrap_external>(480): <frozen importlib._bootstrap_external>(505):  --- modulename: _bootstrap_external, funcname: _path_join
<frozen importlib._bootstrap_external>(98): <frozen importlib._bootstrap_external>(100): <frozen importlib._bootstrap_external>(102): <frozen importlib._bootstrap_external>(103): <frozen importlib._bootstrap_external>(104): <frozen importlib._bootstrap_external>(105): <frozen importlib._bootstrap_external>(106): <frozen importlib._bootstrap_external>(107): <frozen importlib._bootstrap_external>(104): <frozen importlib._bootstrap_external>(105): <frozen importlib._bootstrap_external>(108): <frozen importlib._bootstrap_external>(117): <frozen importlib._bootstrap_external>(118): <frozen importlib._bootstrap_external>(104): <frozen importlib._bootstrap_external>(105): <frozen importlib._bootstrap_external>(108): <frozen importlib._bootstrap_external>(117): <frozen importlib._bootstrap_external>(118): <frozen importlib._bootstrap_external>(104): <frozen importlib._bootstrap_external>(119):  --- modulename: _bootstrap_external, funcname: <listcomp>
<frozen importlib._bootstrap_external>(119): <frozen importlib._bootstrap_external>(119): <frozen importlib._bootstrap_external>(119): <frozen importlib._bootstrap_external>(119): <frozen importlib._bootstrap_external>(120): <frozen importlib._bootstrap_external>(123): <frozen importlib._bootstrap>(399): <frozen importlib._bootstrap>(559): <frozen importlib._bootstrap>(560):  --- modulename: _bootstrap, funcname: cached
<frozen importlib._bootstrap>(394): <frozen importlib._bootstrap>(399): <frozen importlib._bootstrap>(563): <frozen importlib._bootstrap>(580): <frozen importlib._bootstrap>(681): <frozen importlib._bootstrap>(682): <frozen importlib._bootstrap>(683): <frozen importlib._bootstrap>(684): <frozen importlib._bootstrap>(685): <frozen importlib._bootstrap>(690):  --- modulename: _bootstrap_external, funcname: exec_module
<frozen importlib._bootstrap_external>(936):  --- modulename: _bootstrap_external, funcname: get_code
<frozen importlib._bootstrap_external>(1014):  --- modulename: _bootstrap_external, funcname: _check_name_wrapper
<frozen importlib._bootstrap_external>(600): <frozen importlib._bootstrap_external>(602): <frozen importlib._bootstrap_external>(605):  --- modulename: _bootstrap_external, funcname: get_filename
<frozen importlib._bootstrap_external>(1125): <frozen importlib._bootstrap_external>(1015): <frozen importlib._bootstrap_external>(1016): <frozen importlib._bootstrap_external>(1017): <frozen importlib._bootstrap_external>(1018): <frozen importlib._bootstrap_external>(1019): <frozen importlib._bootstrap_external>(1020): <frozen importlib._bootstrap_external>(1021):  --- modulename: _bootstrap_external, funcname: cache_from_source
<frozen importlib._bootstrap_external>(455): <frozen importlib._bootstrap_external>(462): <frozen importlib._bootstrap_external>(463):  --- modulename: _bootstrap_external, funcname: _path_split
<frozen importlib._bootstrap_external>(134):  --- modulename: _bootstrap_external, funcname: <genexpr>
<frozen importlib._bootstrap_external>(134):  --- modulename: _bootstrap_external, funcname: <genexpr>
<frozen importlib._bootstrap_external>(134):  --- modulename: _bootstrap_external, funcname: <genexpr>
<frozen importlib._bootstrap_external>(134): <frozen importlib._bootstrap_external>(135): <frozen importlib._bootstrap_external>(137): <frozen importlib._bootstrap_external>(464): <frozen importlib._bootstrap_external>(465): <frozen importlib._bootstrap_external>(466): <frozen importlib._bootstrap_external>(468): <frozen importlib._bootstrap_external>(469): <frozen importlib._bootstrap_external>(470): <frozen importlib._bootstrap_external>(471): <frozen importlib._bootstrap_external>(474): <frozen importlib._bootstrap_external>(475): <frozen importlib._bootstrap_external>(479): <frozen importlib._bootstrap_external>(480): <frozen importlib._bootstrap_external>(505):  --- modulename: _bootstrap_external, funcname: _path_join
<frozen importlib._bootstrap_external>(98): <frozen importlib._bootstrap_external>(100): <frozen importlib._bootstrap_external>(102): <frozen importlib._bootstrap_external>(103): <frozen importlib._bootstrap_external>(104): <frozen importlib._bootstrap_external>(105): <frozen importlib._bootstrap_external>(106): <frozen importlib._bootstrap_external>(107): <frozen importlib._bootstrap_external>(104): <frozen importlib._bootstrap_external>(105): <frozen importlib._bootstrap_external>(108): <frozen importlib._bootstrap_external>(117): <frozen importlib._bootstrap_external>(118): <frozen importlib._bootstrap_external>(104): <frozen importlib._bootstrap_external>(105): <frozen importlib._bootstrap_external>(108): <frozen importlib._bootstrap_external>(117): <frozen importlib._bootstrap_external>(118): <frozen importlib._bootstrap_external>(104): <frozen importlib._bootstrap_external>(119):  --- modulename: _bootstrap_external, funcname: <listcomp>
<frozen importlib._bootstrap_external>(119): <frozen importlib._bootstrap_external>(119): <frozen importlib._bootstrap_external>(119): <frozen importlib._bootstrap_external>(119): <frozen importlib._bootstrap_external>(120): <frozen importlib._bootstrap_external>(123): <frozen importlib._bootstrap_external>(1025): <frozen importlib._bootstrap_external>(1026):  --- modulename: _bootstrap_external, funcname: path_stats
<frozen importlib._bootstrap_external>(1148):  --- modulename: _bootstrap_external, funcname: _path_stat
<frozen importlib._bootstrap_external>(147): <frozen importlib._bootstrap_external>(1149): <frozen importlib._bootstrap_external>(1030): <frozen importlib._bootstrap_external>(1031): <frozen importlib._bootstrap_external>(1032):  --- modulename: _bootstrap_external, funcname: get_data
<frozen importlib._bootstrap_external>(1129): <frozen importlib._bootstrap_external>(1130): <frozen importlib._bootstrap_external>(1131): <frozen importlib._bootstrap_external>(1130): <frozen importlib._bootstrap_external>(1037): <frozen importlib._bootstrap_external>(1038): <frozen importlib._bootstrap_external>(1036): <frozen importlib._bootstrap_external>(1040): <frozen importlib._bootstrap_external>(1041):  --- modulename: _bootstrap_external, funcname: _classify_pyc
<frozen importlib._bootstrap_external>(658): <frozen importlib._bootstrap_external>(659): <frozen importlib._bootstrap_external>(663): <frozen importlib._bootstrap_external>(667):  --- modulename: _bootstrap_external, funcname: _unpack_uint32
<frozen importlib._bootstrap_external>(86): <frozen importlib._bootstrap_external>(87): <frozen importlib._bootstrap_external>(669): <frozen importlib._bootstrap_external>(672): <frozen importlib._bootstrap_external>(1042): <frozen importlib._bootstrap_external>(1043): <frozen importlib._bootstrap_external>(1044): <frozen importlib._bootstrap_external>(1057): <frozen importlib._bootstrap_external>(1058): <frozen importlib._bootstrap_external>(1059): <frozen importlib._bootstrap_external>(1060): <frozen importlib._bootstrap_external>(1061): <frozen importlib._bootstrap_external>(1062): <frozen importlib._bootstrap_external>(1057):  --- modulename: _bootstrap_external, funcname: _validate_timestamp_pyc
<frozen importlib._bootstrap_external>(694):  --- modulename: _bootstrap_external, funcname: _unpack_uint32
<frozen importlib._bootstrap_external>(86): <frozen importlib._bootstrap_external>(87): <frozen importlib._bootstrap_external>(698): <frozen importlib._bootstrap_external>(699):  --- modulename: _bootstrap_external, funcname: _unpack_uint32
<frozen importlib._bootstrap_external>(86): <frozen importlib._bootstrap_external>(87): <frozen importlib._bootstrap_external>(698): <frozen importlib._bootstrap_external>(1067): <frozen importlib._bootstrap_external>(1068): <frozen importlib._bootstrap_external>(1067):  --- modulename: _bootstrap, funcname: _verbose_message
<frozen importlib._bootstrap>(246): <frozen importlib._bootstrap_external>(1069): <frozen importlib._bootstrap_external>(1070): <frozen importlib._bootstrap_external>(1071): <frozen importlib._bootstrap_external>(1069):  --- modulename: _bootstrap_external, funcname: _compile_bytecode
<frozen importlib._bootstrap_external>(729): <frozen importlib._bootstrap_external>(730): <frozen importlib._bootstrap_external>(731):  --- modulename: _bootstrap, funcname: _verbose_message
<frozen importlib._bootstrap>(246): <frozen importlib._bootstrap_external>(732): <frozen importlib._bootstrap_external>(733): <frozen importlib._bootstrap_external>(734): <frozen importlib._bootstrap_external>(937): <frozen importlib._bootstrap_external>(940):  --- modulename: _bootstrap, funcname: _call_with_frames_removed
<frozen importlib._bootstrap>(241):  --- modulename: _bootstrap, funcname: parent
<frozen importlib._bootstrap>(408): <frozen importlib._bootstrap>(411):  --- modulename: _bootstrap, funcname: _lock_unlock_module
<frozen importlib._bootstrap>(222):  --- modulename: _bootstrap, funcname: _get_module_lock
<frozen importlib._bootstrap>(185): <frozen importlib._bootstrap>(186): <frozen importlib._bootstrap>(187): <frozen importlib._bootstrap>(188): <frozen importlib._bootstrap>(192): <frozen importlib._bootstrap>(211): <frozen importlib._bootstrap>(213): <frozen importlib._bootstrap>(223): <frozen importlib._bootstrap>(224):  --- modulename: _bootstrap, funcname: acquire
<frozen importlib._bootstrap>(106): <frozen importlib._bootstrap>(107): <frozen importlib._bootstrap>(108): <frozen importlib._bootstrap>(109): <frozen importlib._bootstrap>(110): <frozen importlib._bootstrap>(111): <frozen importlib._bootstrap>(112): <frozen importlib._bootstrap>(113): <frozen importlib._bootstrap>(114): <frozen importlib._bootstrap>(110): <frozen importlib._bootstrap>(123): <frozen importlib._bootstrap>(230):  --- modulename: _bootstrap, funcname: release
<frozen importlib._bootstrap>(126): <frozen importlib._bootstrap>(127): <frozen importlib._bootstrap>(128): <frozen importlib._bootstrap>(130): <frozen importlib._bootstrap>(131): <frozen importlib._bootstrap>(132): <frozen importlib._bootstrap>(127):  --- modulename: _bootstrap, funcname: _handle_fromlist
<frozen importlib._bootstrap>(1219): <frozen importlib._bootstrap>(1220): <frozen importlib._bootstrap>(1227): <frozen importlib._bootstrap>(1231): <frozen importlib._bootstrap>(1232): <frozen importlib._bootstrap>(1233): <frozen importlib._bootstrap>(1234):  --- modulename: _bootstrap, funcname: _call_with_frames_removed
<frozen importlib._bootstrap>(241):  --- modulename: _bootstrap, funcname: _find_and_load
<frozen importlib._bootstrap>(1172): <frozen importlib._bootstrap>(1173): <frozen importlib._bootstrap>(1175):  --- modulename: _bootstrap, funcname: __init__
<frozen importlib._bootstrap>(166): <frozen importlib._bootstrap>(167):  --- modulename: _bootstrap, funcname: __enter__
<frozen importlib._bootstrap>(170):  --- modulename: _bootstrap, funcname: _get_module_lock
<frozen importlib._bootstrap>(185): <frozen importlib._bootstrap>(186): <frozen importlib._bootstrap>(187): <frozen importlib._bootstrap>(188): <frozen importlib._bootstrap>(189): <frozen importlib._bootstrap>(190): <frozen importlib._bootstrap>(192): <frozen importlib._bootstrap>(193): <frozen importlib._bootstrap>(196):  --- modulename: _bootstrap, funcname: __init__
<frozen importlib._bootstrap>(72): <frozen importlib._bootstrap>(73): <frozen importlib._bootstrap>(74): <frozen importlib._bootstrap>(75): <frozen importlib._bootstrap>(76): <frozen importlib._bootstrap>(77): <frozen importlib._bootstrap>(198): <frozen importlib._bootstrap>(209): <frozen importlib._bootstrap>(211): <frozen importlib._bootstrap>(213): <frozen importlib._bootstrap>(171):  --- modulename: _bootstrap, funcname: acquire
<frozen importlib._bootstrap>(106): <frozen importlib._bootstrap>(107): <frozen importlib._bootstrap>(108): <frozen importlib._bootstrap>(109): <frozen importlib._bootstrap>(110): <frozen importlib._bootstrap>(111): <frozen importlib._bootstrap>(112): <frozen importlib._bootstrap>(113): <frozen importlib._bootstrap>(114): <frozen importlib._bootstrap>(110): <frozen importlib._bootstrap>(123): <frozen importlib._bootstrap>(1176): <frozen importlib._bootstrap>(1177): <frozen importlib._bootstrap>(1178):  --- modulename: _bootstrap, funcname: _find_and_load_unlocked
<frozen importlib._bootstrap>(1123): <frozen importlib._bootstrap>(1124): <frozen importlib._bootstrap>(1125): <frozen importlib._bootstrap>(1126): <frozen importlib._bootstrap>(1127): <frozen importlib._bootstrap>(1130): <frozen importlib._bootstrap>(1132): <frozen importlib._bootstrap>(1133): <frozen importlib._bootstrap>(1134): <frozen importlib._bootstrap>(1138): <frozen importlib._bootstrap>(1139): <frozen importlib._bootstrap>(1140):  --- modulename: _bootstrap, funcname: _find_spec
<frozen importlib._bootstrap>(1058): <frozen importlib._bootstrap>(1059): <frozen importlib._bootstrap>(1064): <frozen importlib._bootstrap>(1070): <frozen importlib._bootstrap>(1071): <frozen importlib._bootstrap>(1072):  --- modulename: _bootstrap, funcname: __enter__
<frozen importlib._bootstrap>(1030): <frozen importlib._bootstrap>(1073): <frozen importlib._bootstrap>(1074): <frozen importlib._bootstrap>(1080): <frozen importlib._bootstrap>(1072):  --- modulename: _bootstrap, funcname: __exit__
<frozen importlib._bootstrap>(1034): <frozen importlib._bootstrap>(1081): <frozen importlib._bootstrap>(1071): <frozen importlib._bootstrap>(1072):  --- modulename: _bootstrap, funcname: __enter__
<frozen importlib._bootstrap>(1030): <frozen importlib._bootstrap>(1073): <frozen importlib._bootstrap>(1074): <frozen importlib._bootstrap>(1080): <frozen importlib._bootstrap>(1072):  --- modulename: _bootstrap, funcname: __exit__
<frozen importlib._bootstrap>(1034): <frozen importlib._bootstrap>(1081): <frozen importlib._bootstrap>(1071): <frozen importlib._bootstrap>(1072):  --- modulename: _bootstrap, funcname: __enter__
<frozen importlib._bootstrap>(1030): <frozen importlib._bootstrap>(1073): <frozen importlib._bootstrap>(1074): <frozen importlib._bootstrap>(1080):  --- modulename: _bootstrap, funcname: find_spec
<frozen importlib._bootstrap>(750): <frozen importlib._bootstrap>(751): <frozen importlib._bootstrap>(1072):  --- modulename: _bootstrap, funcname: __exit__
<frozen importlib._bootstrap>(1034): <frozen importlib._bootstrap>(1081): <frozen importlib._bootstrap>(1071): <frozen importlib._bootstrap>(1072):  --- modulename: _bootstrap, funcname: __enter__
<frozen importlib._bootstrap>(1030): <frozen importlib._bootstrap>(1073): <frozen importlib._bootstrap>(1074): <frozen importlib._bootstrap>(1080):  --- modulename: _bootstrap, funcname: find_spec
<frozen importlib._bootstrap>(924):  --- modulename: _bootstrap, funcname: _call_with_frames_removed
<frozen importlib._bootstrap>(241): <frozen importlib._bootstrap>(925): <frozen importlib._bootstrap>(926): <frozen importlib._bootstrap>(1072):  --- modulename: _bootstrap, funcname: __exit__
<frozen importlib._bootstrap>(1034): <frozen importlib._bootstrap>(1081): <frozen importlib._bootstrap>(1071): <frozen importlib._bootstrap>(1072):  --- modulename: _bootstrap, funcname: __enter__
<frozen importlib._bootstrap>(1030): <frozen importlib._bootstrap>(1073): <frozen importlib._bootstrap>(1074): <frozen importlib._bootstrap>(1080):  --- modulename: _bootstrap_external, funcname: find_spec
<frozen importlib._bootstrap_external>(1502): <frozen importlib._bootstrap_external>(1504):  --- modulename: _bootstrap_external, funcname: _get_spec
<frozen importlib._bootstrap_external>(1469): <frozen importlib._bootstrap_external>(1470): <frozen importlib._bootstrap_external>(1471): <frozen importlib._bootstrap_external>(1473):  --- modulename: _bootstrap_external, funcname: _path_importer_cache
<frozen importlib._bootstrap_external>(1429): <frozen importlib._bootstrap_external>(1436): <frozen importlib._bootstrap_external>(1437): <frozen importlib._bootstrap_external>(1438): <frozen importlib._bootstrap_external>(1439):  --- modulename: _bootstrap_external, funcname: _path_hooks
<frozen importlib._bootstrap_external>(1411): <frozen importlib._bootstrap_external>(1413): <frozen importlib._bootstrap_external>(1414): <frozen importlib._bootstrap_external>(1415):  --- modulename: zipimport, funcname: __init__
<frozen zipimport>(65): <frozen zipimport>(67): <frozen zipimport>(69): <frozen zipimport>(70): <frozen zipimport>(72): <frozen zipimport>(73): <frozen zipimport>(74): <frozen zipimport>(75):  --- modulename: _bootstrap_external, funcname: _path_stat
<frozen importlib._bootstrap_external>(147): <frozen zipimport>(86): <frozen zipimport>(88): <frozen importlib._bootstrap_external>(1416): <frozen importlib._bootstrap_external>(1417): <frozen importlib._bootstrap_external>(1413): <frozen importlib._bootstrap_external>(1414): <frozen importlib._bootstrap_external>(1415):  --- modulename: _bootstrap_external, funcname: path_hook_for_FileFinder
<frozen importlib._bootstrap_external>(1698):  --- modulename: _bootstrap_external, funcname: _path_isdir
<frozen importlib._bootstrap_external>(166): <frozen importlib._bootstrap_external>(168):  --- modulename: _bootstrap_external, funcname: _path_is_mode_type
<frozen importlib._bootstrap_external>(152): <frozen importlib._bootstrap_external>(153):  --- modulename: _bootstrap_external, funcname: _path_stat
<frozen importlib._bootstrap_external>(147): <frozen importlib._bootstrap_external>(156): <frozen importlib._bootstrap_external>(1700):  --- modulename: _bootstrap_external, funcname: __init__
<frozen importlib._bootstrap_external>(1563): <frozen importlib._bootstrap_external>(1564): <frozen importlib._bootstrap_external>(1565):  --- modulename: _bootstrap_external, funcname: <genexpr>
<frozen importlib._bootstrap_external>(1565):  --- modulename: _bootstrap_external, funcname: <genexpr>
<frozen importlib._bootstrap_external>(1565):  --- modulename: _bootstrap_external, funcname: <genexpr>
<frozen importlib._bootstrap_external>(1565): <frozen importlib._bootstrap_external>(1564): <frozen importlib._bootstrap_external>(1565):  --- modulename: _bootstrap_external, funcname: <genexpr>
<frozen importlib._bootstrap_external>(1565):  --- modulename: _bootstrap_external, funcname: <genexpr>
<frozen importlib._bootstrap_external>(1565):  --- modulename: _bootstrap_external, funcname: <genexpr>
<frozen importlib._bootstrap_external>(1565): <frozen importlib._bootstrap_external>(1564): <frozen importlib._bootstrap_external>(1565):  --- modulename: _bootstrap_external, funcname: <genexpr>
<frozen importlib._bootstrap_external>(1565):  --- modulename: _bootstrap_external, funcname: <genexpr>
<frozen importlib._bootstrap_external>(1565): <frozen importlib._bootstrap_external>(1564): <frozen importlib._bootstrap_external>(1566): <frozen importlib._bootstrap_external>(1568): <frozen importlib._bootstrap_external>(1570):  --- modulename: _bootstrap_external, funcname: _path_isabs
<frozen importlib._bootstrap_external>(174): <frozen importlib._bootstrap_external>(176): <frozen importlib._bootstrap_external>(177): <frozen importlib._bootstrap_external>(1573): <frozen importlib._bootstrap_external>(1574): <frozen importlib._bootstrap_external>(1575): <frozen importlib._bootstrap_external>(1576): <frozen importlib._bootstrap_external>(1440): <frozen importlib._bootstrap_external>(1441): <frozen importlib._bootstrap_external>(1474): <frozen importlib._bootstrap_external>(1475): <frozen importlib._bootstrap_external>(1476):  --- modulename: _bootstrap_external, funcname: find_spec
<frozen importlib._bootstrap_external>(1609): <frozen importlib._bootstrap_external>(1610): <frozen importlib._bootstrap_external>(1611): <frozen importlib._bootstrap_external>(1612):  --- modulename: _bootstrap_external, funcname: _path_stat
<frozen importlib._bootstrap_external>(147): <frozen importlib._bootstrap_external>(1615): <frozen importlib._bootstrap_external>(1616):  --- modulename: _bootstrap_external, funcname: _fill_cache
<frozen importlib._bootstrap_external>(1657): <frozen importlib._bootstrap_external>(1658): <frozen importlib._bootstrap_external>(1659): <frozen importlib._bootstrap_external>(1666): <frozen importlib._bootstrap_external>(1674): <frozen importlib._bootstrap_external>(1675): <frozen importlib._bootstrap_external>(1676): <frozen importlib._bootstrap_external>(1677): <frozen importlib._bootstrap_external>(1678): <frozen importlib._bootstrap_external>(1681): <frozen importlib._bootstrap_external>(1675): <frozen importlib._bootstrap_external>(1676): <frozen importlib._bootstrap_external>(1677): <frozen importlib._bootstrap_external>(1678): <frozen importlib._bootstrap_external>(1681): <frozen importlib._bootstrap_external>(1675): <frozen importlib._bootstrap_external>(1676): <frozen importlib._bootstrap_external>(1677): <frozen importlib._bootstrap_external>(1680): <frozen importlib._bootstrap_external>(1681): <frozen importlib._bootstrap_external>(1675): <frozen importlib._bootstrap_external>(1676): <frozen importlib._bootstrap_external>(1677): <frozen importlib._bootstrap_external>(1678): <frozen importlib._bootstrap_external>(1681): <frozen importlib._bootstrap_external>(1675): <frozen importlib._bootstrap_external>(1676): <frozen importlib._bootstrap_external>(1677): <frozen importlib._bootstrap_external>(1678): <frozen importlib._bootstrap_external>(1681): <frozen importlib._bootstrap_external>(1675): <frozen importlib._bootstrap_external>(1676): <frozen importlib._bootstrap_external>(1677): <frozen importlib._bootstrap_external>(1678): <frozen importlib._bootstrap_external>(1681): <frozen importlib._bootstrap_external>(1675): <frozen importlib._bootstrap_external>(1676): <frozen importlib._bootstrap_external>(1677): <frozen importlib._bootstrap_external>(1678): <frozen importlib._bootstrap_external>(1681): <frozen importlib._bootstrap_external>(1675): <frozen importlib._bootstrap_external>(1676): <frozen importlib._bootstrap_external>(1677): <frozen importlib._bootstrap_external>(1678): <frozen importlib._bootstrap_external>(1681): <frozen importlib._bootstrap_external>(1675): <frozen importlib._bootstrap_external>(1676): <frozen importlib._bootstrap_external>(1677): <frozen importlib._bootstrap_external>(1678): <frozen importlib._bootstrap_external>(1681): <frozen importlib._bootstrap_external>(1675): <frozen importlib._bootstrap_external>(1676): <frozen importlib._bootstrap_external>(1677): <frozen importlib._bootstrap_external>(1678): <frozen importlib._bootstrap_external>(1681): <frozen importlib._bootstrap_external>(1675): <frozen importlib._bootstrap_external>(1676): <frozen importlib._bootstrap_external>(1677): <frozen importlib._bootstrap_external>(1678): <frozen importlib._bootstrap_external>(1681): <frozen importlib._bootstrap_external>(1675): <frozen importlib._bootstrap_external>(1676): <frozen importlib._bootstrap_external>(1677): <frozen importlib._bootstrap_external>(1678): <frozen importlib._bootstrap_external>(1681): <frozen importlib._bootstrap_external>(1675): <frozen importlib._bootstrap_external>(1676): <frozen importlib._bootstrap_external>(1677): <frozen importlib._bootstrap_external>(1678): <frozen importlib._bootstrap_external>(1681): <frozen importlib._bootstrap_external>(1675): <frozen importlib._bootstrap_external>(1676): <frozen importlib._bootstrap_external>(1677): <frozen importlib._bootstrap_external>(1678): <frozen importlib._bootstrap_external>(1681): <frozen importlib._bootstrap_external>(1675): <frozen importlib._bootstrap_external>(1676): <frozen importlib._bootstrap_external>(1677): <frozen importlib._bootstrap_external>(1678): <frozen importlib._bootstrap_external>(1681): <frozen importlib._bootstrap_external>(1675): <frozen importlib._bootstrap_external>(1676): <frozen importlib._bootstrap_external>(1677): <frozen importlib._bootstrap_external>(1678): <frozen importlib._bootstrap_external>(1681): <frozen importlib._bootstrap_external>(1675): <frozen importlib._bootstrap_external>(1676): <frozen importlib._bootstrap_external>(1677): <frozen importlib._bootstrap_external>(1678): <frozen importlib._bootstrap_external>(1681): <frozen importlib._bootstrap_external>(1675): <frozen importlib._bootstrap_external>(1676): <frozen importlib._bootstrap_external>(1677): <frozen importlib._bootstrap_external>(1678): <frozen importlib._bootstrap_external>(1681): <frozen importlib._bootstrap_external>(1675): <frozen importlib._bootstrap_external>(1676): <frozen importlib._bootstrap_external>(1677): <frozen importlib._bootstrap_external>(1678): <frozen importlib._bootstrap_external>(1681): <frozen importlib._bootstrap_external>(1675): <frozen importlib._bootstrap_external>(1676): <frozen importlib._bootstrap_external>(1677): <frozen importlib._bootstrap_external>(1678): <frozen importlib._bootstrap_external>(1681): <frozen importlib._bootstrap_external>(1675): <frozen importlib._bootstrap_external>(1676): <frozen importlib._bootstrap_external>(1677): <frozen importlib._bootstrap_external>(1678): <frozen importlib._bootstrap_external>(1681): <frozen importlib._bootstrap_external>(1675): <frozen importlib._bootstrap_external>(1676): <frozen importlib._bootstrap_external>(1677): <frozen importlib._bootstrap_external>(1678): <frozen importlib._bootstrap_external>(1681): <frozen importlib._bootstrap_external>(1675): <frozen importlib._bootstrap_external>(1676): <frozen importlib._bootstrap_external>(1677): <frozen importlib._bootstrap_external>(1680): <frozen importlib._bootstrap_external>(1681): <frozen importlib._bootstrap_external>(1675): <frozen importlib._bootstrap_external>(1682): <frozen importlib._bootstrap_external>(1683): <frozen importlib._bootstrap_external>(1684):  --- modulename: _bootstrap_external, funcname: <setcomp>
<frozen importlib._bootstrap_external>(1684): <frozen importlib._bootstrap_external>(1684): <frozen importlib._bootstrap_external>(1684): <frozen importlib._bootstrap_external>(1684): <frozen importlib._bootstrap_external>(1684): <frozen importlib._bootstrap_external>(1684): <frozen importlib._bootstrap_external>(1684): <frozen importlib._bootstrap_external>(1684): <frozen importlib._bootstrap_external>(1684): <frozen importlib._bootstrap_external>(1684): <frozen importlib._bootstrap_external>(1684): <frozen importlib._bootstrap_external>(1684): <frozen importlib._bootstrap_external>(1684): <frozen importlib._bootstrap_external>(1684): <frozen importlib._bootstrap_external>(1684): <frozen importlib._bootstrap_external>(1684): <frozen importlib._bootstrap_external>(1684): <frozen importlib._bootstrap_external>(1684): <frozen importlib._bootstrap_external>(1684): <frozen importlib._bootstrap_external>(1684): <frozen importlib._bootstrap_external>(1684): <frozen importlib._bootstrap_external>(1684): <frozen importlib._bootstrap_external>(1684): <frozen importlib._bootstrap_external>(1684): <frozen importlib._bootstrap_external>(1617): <frozen importlib._bootstrap_external>(1619):  --- modulename: _bootstrap_external, funcname: _relax_case
<frozen importlib._bootstrap_external>(69): <frozen importlib._bootstrap_external>(1623): <frozen importlib._bootstrap_external>(1624): <frozen importlib._bootstrap_external>(1626): <frozen importlib._bootstrap_external>(1638): <frozen importlib._bootstrap_external>(1639): <frozen importlib._bootstrap_external>(1640):  --- modulename: _bootstrap_external, funcname: _path_join
<frozen importlib._bootstrap_external>(98): <frozen importlib._bootstrap_external>(100): <frozen importlib._bootstrap_external>(102): <frozen importlib._bootstrap_external>(103): <frozen importlib._bootstrap_external>(104): <frozen importlib._bootstrap_external>(105): <frozen importlib._bootstrap_external>(106): <frozen importlib._bootstrap_external>(107): <frozen importlib._bootstrap_external>(104): <frozen importlib._bootstrap_external>(105): <frozen importlib._bootstrap_external>(108): <frozen importlib._bootstrap_external>(117): <frozen importlib._bootstrap_external>(118): <frozen importlib._bootstrap_external>(104): <frozen importlib._bootstrap_external>(119):  --- modulename: _bootstrap_external, funcname: <listcomp>
<frozen importlib._bootstrap_external>(119): <frozen importlib._bootstrap_external>(119): <frozen importlib._bootstrap_external>(119): <frozen importlib._bootstrap_external>(120): <frozen importlib._bootstrap_external>(123): <frozen importlib._bootstrap_external>(1643):  --- modulename: _bootstrap, funcname: _verbose_message
<frozen importlib._bootstrap>(246): <frozen importlib._bootstrap_external>(1644): <frozen importlib._bootstrap_external>(1638): <frozen importlib._bootstrap_external>(1639): <frozen importlib._bootstrap_external>(1640):  --- modulename: _bootstrap_external, funcname: _path_join
<frozen importlib._bootstrap_external>(98): <frozen importlib._bootstrap_external>(100): <frozen importlib._bootstrap_external>(102): <frozen importlib._bootstrap_external>(103): <frozen importlib._bootstrap_external>(104): <frozen importlib._bootstrap_external>(105): <frozen importlib._bootstrap_external>(106): <frozen importlib._bootstrap_external>(107): <frozen importlib._bootstrap_external>(104): <frozen importlib._bootstrap_external>(105): <frozen importlib._bootstrap_external>(108): <frozen importlib._bootstrap_external>(117): <frozen importlib._bootstrap_external>(118): <frozen importlib._bootstrap_external>(104): <frozen importlib._bootstrap_external>(119):  --- modulename: _bootstrap_external, funcname: <listcomp>
<frozen importlib._bootstrap_external>(119): <frozen importlib._bootstrap_external>(119): <frozen importlib._bootstrap_external>(119): <frozen importlib._bootstrap_external>(120): <frozen importlib._bootstrap_external>(123): <frozen importlib._bootstrap_external>(1643):  --- modulename: _bootstrap, funcname: _verbose_message
<frozen importlib._bootstrap>(246): <frozen importlib._bootstrap_external>(1644): <frozen importlib._bootstrap_external>(1638): <frozen importlib._bootstrap_external>(1639): <frozen importlib._bootstrap_external>(1640):  --- modulename: _bootstrap_external, funcname: _path_join
<frozen importlib._bootstrap_external>(98): <frozen importlib._bootstrap_external>(100): <frozen importlib._bootstrap_external>(102): <frozen importlib._bootstrap_external>(103): <frozen importlib._bootstrap_external>(104): <frozen importlib._bootstrap_external>(105): <frozen importlib._bootstrap_external>(106): <frozen importlib._bootstrap_external>(107): <frozen importlib._bootstrap_external>(104): <frozen importlib._bootstrap_external>(105): <frozen importlib._bootstrap_external>(108): <frozen importlib._bootstrap_external>(117): <frozen importlib._bootstrap_external>(118): <frozen importlib._bootstrap_external>(104): <frozen importlib._bootstrap_external>(119):  --- modulename: _bootstrap_external, funcname: <listcomp>
<frozen importlib._bootstrap_external>(119): <frozen importlib._bootstrap_external>(119): <frozen importlib._bootstrap_external>(119): <frozen importlib._bootstrap_external>(120): <frozen importlib._bootstrap_external>(123): <frozen importlib._bootstrap_external>(1643):  --- modulename: _bootstrap, funcname: _verbose_message
<frozen importlib._bootstrap>(246): <frozen importlib._bootstrap_external>(1644): <frozen importlib._bootstrap_external>(1645):  --- modulename: _bootstrap_external, funcname: _path_isfile
<frozen importlib._bootstrap_external>(161):  --- modulename: _bootstrap_external, funcname: _path_is_mode_type
<frozen importlib._bootstrap_external>(152): <frozen importlib._bootstrap_external>(153):  --- modulename: _bootstrap_external, funcname: _path_stat
<frozen importlib._bootstrap_external>(147): <frozen importlib._bootstrap_external>(156): <frozen importlib._bootstrap_external>(1646): <frozen importlib._bootstrap_external>(1647): <frozen importlib._bootstrap_external>(1646):  --- modulename: _bootstrap_external, funcname: _get_spec
<frozen importlib._bootstrap_external>(1600):  --- modulename: _bootstrap_external, funcname: __init__
<frozen importlib._bootstrap_external>(1100): <frozen importlib._bootstrap_external>(1101): <frozen importlib._bootstrap_external>(1601): <frozen importlib._bootstrap_external>(1602): <frozen importlib._bootstrap_external>(1601):  --- modulename: _bootstrap_external, funcname: spec_from_file_location
<frozen importlib._bootstrap_external>(790): <frozen importlib._bootstrap_external>(802): <frozen importlib._bootstrap_external>(803):  --- modulename: _bootstrap_external, funcname: _path_isabs
<frozen importlib._bootstrap_external>(174): <frozen importlib._bootstrap_external>(176): <frozen importlib._bootstrap_external>(177): <frozen importlib._bootstrap_external>(815):  --- modulename: _bootstrap, funcname: __init__
<frozen importlib._bootstrap>(359): <frozen importlib._bootstrap>(360): <frozen importlib._bootstrap>(361): <frozen importlib._bootstrap>(362): <frozen importlib._bootstrap>(363): <frozen importlib._bootstrap>(364): <frozen importlib._bootstrap>(367): <frozen importlib._bootstrap>(368): <frozen importlib._bootstrap_external>(816): <frozen importlib._bootstrap_external>(819): <frozen importlib._bootstrap_external>(829): <frozen importlib._bootstrap_external>(840): <frozen importlib._bootstrap_external>(841): <frozen importlib._bootstrap_external>(846): <frozen importlib._bootstrap_external>(1479): <frozen importlib._bootstrap_external>(1481): <frozen importlib._bootstrap_external>(1482): <frozen importlib._bootstrap_external>(1505): <frozen importlib._bootstrap_external>(1507): <frozen importlib._bootstrap_external>(1518): <frozen importlib._bootstrap>(1072):  --- modulename: _bootstrap, funcname: __exit__
<frozen importlib._bootstrap>(1034): <frozen importlib._bootstrap>(1081): <frozen importlib._bootstrap>(1083): <frozen importlib._bootstrap>(1098): <frozen importlib._bootstrap>(1141): <frozen importlib._bootstrap>(1144): <frozen importlib._bootstrap>(1147): <frozen importlib._bootstrap>(1148): <frozen importlib._bootstrap>(1149):  --- modulename: _bootstrap, funcname: _load_unlocked
<frozen importlib._bootstrap>(668): <frozen importlib._bootstrap>(670): <frozen importlib._bootstrap>(676):  --- modulename: _bootstrap, funcname: module_from_spec
<frozen importlib._bootstrap>(569): <frozen importlib._bootstrap>(570): <frozen importlib._bootstrap>(573):  --- modulename: _bootstrap_external, funcname: create_module
<frozen importlib._bootstrap_external>(931): <frozen importlib._bootstrap>(577): <frozen importlib._bootstrap>(578):  --- modulename: _bootstrap, funcname: _new_module
<frozen importlib._bootstrap>(49): <frozen importlib._bootstrap>(579):  --- modulename: _bootstrap, funcname: _init_module_attrs
<frozen importlib._bootstrap>(497): <frozen importlib._bootstrap>(503): <frozen importlib._bootstrap>(504): <frozen importlib._bootstrap>(505): <frozen importlib._bootstrap>(526): <frozen importlib._bootstrap>(527): <frozen importlib._bootstrap>(531): <frozen importlib._bootstrap>(532): <frozen importlib._bootstrap>(533):  --- modulename: _bootstrap, funcname: parent
<frozen importlib._bootstrap>(408): <frozen importlib._bootstrap>(409): <frozen importlib._bootstrap>(537): <frozen importlib._bootstrap>(538): <frozen importlib._bootstrap>(542): <frozen importlib._bootstrap>(543): <frozen importlib._bootstrap>(550):  --- modulename: _bootstrap, funcname: has_location
<frozen importlib._bootstrap>(415): <frozen importlib._bootstrap>(551): <frozen importlib._bootstrap>(552): <frozen importlib._bootstrap>(553): <frozen importlib._bootstrap>(557): <frozen importlib._bootstrap>(558):  --- modulename: _bootstrap, funcname: cached
<frozen importlib._bootstrap>(394): <frozen importlib._bootstrap>(395): <frozen importlib._bootstrap>(396): <frozen importlib._bootstrap>(398):  --- modulename: _bootstrap_external, funcname: _get_cached
<frozen importlib._bootstrap_external>(568): <frozen importlib._bootstrap_external>(569): <frozen importlib._bootstrap_external>(570):  --- modulename: _bootstrap_external, funcname: cache_from_source
<frozen importlib._bootstrap_external>(455): <frozen importlib._bootstrap_external>(462): <frozen importlib._bootstrap_external>(463):  --- modulename: _bootstrap_external, funcname: _path_split
<frozen importlib._bootstrap_external>(134):  --- modulename: _bootstrap_external, funcname: <genexpr>
<frozen importlib._bootstrap_external>(134):  --- modulename: _bootstrap_external, funcname: <genexpr>
<frozen importlib._bootstrap_external>(134):  --- modulename: _bootstrap_external, funcname: <genexpr>
<frozen importlib._bootstrap_external>(134): <frozen importlib._bootstrap_external>(135): <frozen importlib._bootstrap_external>(137): <frozen importlib._bootstrap_external>(464): <frozen importlib._bootstrap_external>(465): <frozen importlib._bootstrap_external>(466): <frozen importlib._bootstrap_external>(468): <frozen importlib._bootstrap_external>(469): <frozen importlib._bootstrap_external>(470): <frozen importlib._bootstrap_external>(471): <frozen importlib._bootstrap_external>(474): <frozen importlib._bootstrap_external>(475): <frozen importlib._bootstrap_external>(479): <frozen importlib._bootstrap_external>(480): <frozen importlib._bootstrap_external>(505):  --- modulename: _bootstrap_external, funcname: _path_join
<frozen importlib._bootstrap_external>(98): <frozen importlib._bootstrap_external>(100): <frozen importlib._bootstrap_external>(102): <frozen importlib._bootstrap_external>(103): <frozen importlib._bootstrap_external>(104): <frozen importlib._bootstrap_external>(105): <frozen importlib._bootstrap_external>(106): <frozen importlib._bootstrap_external>(107): <frozen importlib._bootstrap_external>(104): <frozen importlib._bootstrap_external>(105): <frozen importlib._bootstrap_external>(108): <frozen importlib._bootstrap_external>(117): <frozen importlib._bootstrap_external>(118): <frozen importlib._bootstrap_external>(104): <frozen importlib._bootstrap_external>(105): <frozen importlib._bootstrap_external>(108): <frozen importlib._bootstrap_external>(117): <frozen importlib._bootstrap_external>(118): <frozen importlib._bootstrap_external>(104): <frozen importlib._bootstrap_external>(119):  --- modulename: _bootstrap_external, funcname: <listcomp>
<frozen importlib._bootstrap_external>(119): <frozen importlib._bootstrap_external>(119): <frozen importlib._bootstrap_external>(119): <frozen importlib._bootstrap_external>(119): <frozen importlib._bootstrap_external>(120): <frozen importlib._bootstrap_external>(123): <frozen importlib._bootstrap>(399): <frozen importlib._bootstrap>(559): <frozen importlib._bootstrap>(560):  --- modulename: _bootstrap, funcname: cached
<frozen importlib._bootstrap>(394): <frozen importlib._bootstrap>(399): <frozen importlib._bootstrap>(563): <frozen importlib._bootstrap>(580): <frozen importlib._bootstrap>(681): <frozen importlib._bootstrap>(682): <frozen importlib._bootstrap>(683): <frozen importlib._bootstrap>(684): <frozen importlib._bootstrap>(685): <frozen importlib._bootstrap>(690):  --- modulename: _bootstrap_external, funcname: exec_module
<frozen importlib._bootstrap_external>(936):  --- modulename: _bootstrap_external, funcname: get_code
<frozen importlib._bootstrap_external>(1014):  --- modulename: _bootstrap_external, funcname: _check_name_wrapper
<frozen importlib._bootstrap_external>(600): <frozen importlib._bootstrap_external>(602): <frozen importlib._bootstrap_external>(605):  --- modulename: _bootstrap_external, funcname: get_filename
<frozen importlib._bootstrap_external>(1125): <frozen importlib._bootstrap_external>(1015): <frozen importlib._bootstrap_external>(1016): <frozen importlib._bootstrap_external>(1017): <frozen importlib._bootstrap_external>(1018): <frozen importlib._bootstrap_external>(1019): <frozen importlib._bootstrap_external>(1020): <frozen importlib._bootstrap_external>(1021):  --- modulename: _bootstrap_external, funcname: cache_from_source
<frozen importlib._bootstrap_external>(455): <frozen importlib._bootstrap_external>(462): <frozen importlib._bootstrap_external>(463):  --- modulename: _bootstrap_external, funcname: _path_split
<frozen importlib._bootstrap_external>(134):  --- modulename: _bootstrap_external, funcname: <genexpr>
<frozen importlib._bootstrap_external>(134):  --- modulename: _bootstrap_external, funcname: <genexpr>
<frozen importlib._bootstrap_external>(134):  --- modulename: _bootstrap_external, funcname: <genexpr>
<frozen importlib._bootstrap_external>(134): <frozen importlib._bootstrap_external>(135): <frozen importlib._bootstrap_external>(137): <frozen importlib._bootstrap_external>(464): <frozen importlib._bootstrap_external>(465): <frozen importlib._bootstrap_external>(466): <frozen importlib._bootstrap_external>(468): <frozen importlib._bootstrap_external>(469): <frozen importlib._bootstrap_external>(470): <frozen importlib._bootstrap_external>(471): <frozen importlib._bootstrap_external>(474): <frozen importlib._bootstrap_external>(475): <frozen importlib._bootstrap_external>(479): <frozen importlib._bootstrap_external>(480): <frozen importlib._bootstrap_external>(505):  --- modulename: _bootstrap_external, funcname: _path_join
<frozen importlib._bootstrap_external>(98): <frozen importlib._bootstrap_external>(100): <frozen importlib._bootstrap_external>(102): <frozen importlib._bootstrap_external>(103): <frozen importlib._bootstrap_external>(104): <frozen importlib._bootstrap_external>(105): <frozen importlib._bootstrap_external>(106): <frozen importlib._bootstrap_external>(107): <frozen importlib._bootstrap_external>(104): <frozen importlib._bootstrap_external>(105): <frozen importlib._bootstrap_external>(108): <frozen importlib._bootstrap_external>(117): <frozen importlib._bootstrap_external>(118): <frozen importlib._bootstrap_external>(104): <frozen importlib._bootstrap_external>(105): <frozen importlib._bootstrap_external>(108): <frozen importlib._bootstrap_external>(117): <frozen importlib._bootstrap_external>(118): <frozen importlib._bootstrap_external>(104): <frozen importlib._bootstrap_external>(119):  --- modulename: _bootstrap_external, funcname: <listcomp>
<frozen importlib._bootstrap_external>(119): <frozen importlib._bootstrap_external>(119): <frozen importlib._bootstrap_external>(119): <frozen importlib._bootstrap_external>(119): <frozen importlib._bootstrap_external>(120): <frozen importlib._bootstrap_external>(123): <frozen importlib._bootstrap_external>(1025): <frozen importlib._bootstrap_external>(1026):  --- modulename: _bootstrap_external, funcname: path_stats
<frozen importlib._bootstrap_external>(1148):  --- modulename: _bootstrap_external, funcname: _path_stat
<frozen importlib._bootstrap_external>(147): <frozen importlib._bootstrap_external>(1149): <frozen importlib._bootstrap_external>(1030): <frozen importlib._bootstrap_external>(1031): <frozen importlib._bootstrap_external>(1032):  --- modulename: _bootstrap_external, funcname: get_data
<frozen importlib._bootstrap_external>(1129): <frozen importlib._bootstrap_external>(1130): <frozen importlib._bootstrap_external>(1131): <frozen importlib._bootstrap_external>(1130): <frozen importlib._bootstrap_external>(1037): <frozen importlib._bootstrap_external>(1038): <frozen importlib._bootstrap_external>(1036): <frozen importlib._bootstrap_external>(1040): <frozen importlib._bootstrap_external>(1041):  --- modulename: _bootstrap_external, funcname: _classify_pyc
<frozen importlib._bootstrap_external>(658): <frozen importlib._bootstrap_external>(659): <frozen importlib._bootstrap_external>(663): <frozen importlib._bootstrap_external>(667):  --- modulename: _bootstrap_external, funcname: _unpack_uint32
<frozen importlib._bootstrap_external>(86): <frozen importlib._bootstrap_external>(87): <frozen importlib._bootstrap_external>(669): <frozen importlib._bootstrap_external>(672): <frozen importlib._bootstrap_external>(1042): <frozen importlib._bootstrap_external>(1043): <frozen importlib._bootstrap_external>(1044): <frozen importlib._bootstrap_external>(1057): <frozen importlib._bootstrap_external>(1058): <frozen importlib._bootstrap_external>(1059): <frozen importlib._bootstrap_external>(1060): <frozen importlib._bootstrap_external>(1061): <frozen importlib._bootstrap_external>(1062): <frozen importlib._bootstrap_external>(1057):  --- modulename: _bootstrap_external, funcname: _validate_timestamp_pyc
<frozen importlib._bootstrap_external>(694):  --- modulename: _bootstrap_external, funcname: _unpack_uint32
<frozen importlib._bootstrap_external>(86): <frozen importlib._bootstrap_external>(87): <frozen importlib._bootstrap_external>(698): <frozen importlib._bootstrap_external>(699):  --- modulename: _bootstrap_external, funcname: _unpack_uint32
<frozen importlib._bootstrap_external>(86): <frozen importlib._bootstrap_external>(87): <frozen importlib._bootstrap_external>(698): <frozen importlib._bootstrap_external>(1067): <frozen importlib._bootstrap_external>(1068): <frozen importlib._bootstrap_external>(1067):  --- modulename: _bootstrap, funcname: _verbose_message
<frozen importlib._bootstrap>(246): <frozen importlib._bootstrap_external>(1069): <frozen importlib._bootstrap_external>(1070): <frozen importlib._bootstrap_external>(1071): <frozen importlib._bootstrap_external>(1069):  --- modulename: _bootstrap_external, funcname: _compile_bytecode
<frozen importlib._bootstrap_external>(729): <frozen importlib._bootstrap_external>(730): <frozen importlib._bootstrap_external>(731):  --- modulename: _bootstrap, funcname: _verbose_message
<frozen importlib._bootstrap>(246): <frozen importlib._bootstrap_external>(732): <frozen importlib._bootstrap_external>(733): <frozen importlib._bootstrap_external>(734): <frozen importlib._bootstrap_external>(937): <frozen importlib._bootstrap_external>(940):  --- modulename: _bootstrap, funcname: _call_with_frames_removed
<frozen importlib._bootstrap>(241):  --- modulename: context, funcname: <module>
context.py(1): import os
context.py(2): import sys
context.py(3): import threading
context.py(5): from . import process
 --- modulename: _bootstrap, funcname: parent
<frozen importlib._bootstrap>(408): <frozen importlib._bootstrap>(409):  --- modulename: _bootstrap, funcname: _lock_unlock_module
<frozen importlib._bootstrap>(222):  --- modulename: _bootstrap, funcname: _get_module_lock
<frozen importlib._bootstrap>(185): <frozen importlib._bootstrap>(186): <frozen importlib._bootstrap>(187): <frozen importlib._bootstrap>(188): <frozen importlib._bootstrap>(192): <frozen importlib._bootstrap>(211): <frozen importlib._bootstrap>(213): <frozen importlib._bootstrap>(223): <frozen importlib._bootstrap>(224):  --- modulename: _bootstrap, funcname: acquire
<frozen importlib._bootstrap>(106): <frozen importlib._bootstrap>(107): <frozen importlib._bootstrap>(108): <frozen importlib._bootstrap>(109): <frozen importlib._bootstrap>(110): <frozen importlib._bootstrap>(111): <frozen importlib._bootstrap>(112): <frozen importlib._bootstrap>(113): <frozen importlib._bootstrap>(114): <frozen importlib._bootstrap>(110): <frozen importlib._bootstrap>(123): <frozen importlib._bootstrap>(230):  --- modulename: _bootstrap, funcname: release
<frozen importlib._bootstrap>(126): <frozen importlib._bootstrap>(127): <frozen importlib._bootstrap>(128): <frozen importlib._bootstrap>(130): <frozen importlib._bootstrap>(131): <frozen importlib._bootstrap>(132): <frozen importlib._bootstrap>(127):  --- modulename: _bootstrap, funcname: _handle_fromlist
<frozen importlib._bootstrap>(1219): <frozen importlib._bootstrap>(1220): <frozen importlib._bootstrap>(1227): <frozen importlib._bootstrap>(1231): <frozen importlib._bootstrap>(1232): <frozen importlib._bootstrap>(1233): <frozen importlib._bootstrap>(1234):  --- modulename: _bootstrap, funcname: _call_with_frames_removed
<frozen importlib._bootstrap>(241):  --- modulename: _bootstrap, funcname: _find_and_load
<frozen importlib._bootstrap>(1172): <frozen importlib._bootstrap>(1173): <frozen importlib._bootstrap>(1175):  --- modulename: _bootstrap, funcname: __init__
<frozen importlib._bootstrap>(166): <frozen importlib._bootstrap>(167):  --- modulename: _bootstrap, funcname: __enter__
<frozen importlib._bootstrap>(170):  --- modulename: _bootstrap, funcname: _get_module_lock
<frozen importlib._bootstrap>(185): <frozen importlib._bootstrap>(186): <frozen importlib._bootstrap>(187): <frozen importlib._bootstrap>(188): <frozen importlib._bootstrap>(189): <frozen importlib._bootstrap>(190): <frozen importlib._bootstrap>(192): <frozen importlib._bootstrap>(193): <frozen importlib._bootstrap>(196):  --- modulename: _bootstrap, funcname: __init__
<frozen importlib._bootstrap>(72): <frozen importlib._bootstrap>(73): <frozen importlib._bootstrap>(74): <frozen importlib._bootstrap>(75): <frozen importlib._bootstrap>(76): <frozen importlib._bootstrap>(77): <frozen importlib._bootstrap>(198): <frozen importlib._bootstrap>(209): <frozen importlib._bootstrap>(211): <frozen importlib._bootstrap>(213): <frozen importlib._bootstrap>(171):  --- modulename: _bootstrap, funcname: acquire
<frozen importlib._bootstrap>(106): <frozen importlib._bootstrap>(107): <frozen importlib._bootstrap>(108): <frozen importlib._bootstrap>(109): <frozen importlib._bootstrap>(110): <frozen importlib._bootstrap>(111): <frozen importlib._bootstrap>(112): <frozen importlib._bootstrap>(113): <frozen importlib._bootstrap>(114): <frozen importlib._bootstrap>(110): <frozen importlib._bootstrap>(123): <frozen importlib._bootstrap>(1176): <frozen importlib._bootstrap>(1177): <frozen importlib._bootstrap>(1178):  --- modulename: _bootstrap, funcname: _find_and_load_unlocked
<frozen importlib._bootstrap>(1123): <frozen importlib._bootstrap>(1124): <frozen importlib._bootstrap>(1125): <frozen importlib._bootstrap>(1126): <frozen importlib._bootstrap>(1127): <frozen importlib._bootstrap>(1130): <frozen importlib._bootstrap>(1132): <frozen importlib._bootstrap>(1133): <frozen importlib._bootstrap>(1134): <frozen importlib._bootstrap>(1138): <frozen importlib._bootstrap>(1139): <frozen importlib._bootstrap>(1140):  --- modulename: _bootstrap, funcname: _find_spec
<frozen importlib._bootstrap>(1058): <frozen importlib._bootstrap>(1059): <frozen importlib._bootstrap>(1064): <frozen importlib._bootstrap>(1070): <frozen importlib._bootstrap>(1071): <frozen importlib._bootstrap>(1072):  --- modulename: _bootstrap, funcname: __enter__
<frozen importlib._bootstrap>(1030): <frozen importlib._bootstrap>(1073): <frozen importlib._bootstrap>(1074): <frozen importlib._bootstrap>(1080): <frozen importlib._bootstrap>(1072):  --- modulename: _bootstrap, funcname: __exit__
<frozen importlib._bootstrap>(1034): <frozen importlib._bootstrap>(1081): <frozen importlib._bootstrap>(1071): <frozen importlib._bootstrap>(1072):  --- modulename: _bootstrap, funcname: __enter__
<frozen importlib._bootstrap>(1030): <frozen importlib._bootstrap>(1073): <frozen importlib._bootstrap>(1074): <frozen importlib._bootstrap>(1080): <frozen importlib._bootstrap>(1072):  --- modulename: _bootstrap, funcname: __exit__
<frozen importlib._bootstrap>(1034): <frozen importlib._bootstrap>(1081): <frozen importlib._bootstrap>(1071): <frozen importlib._bootstrap>(1072):  --- modulename: _bootstrap, funcname: __enter__
<frozen importlib._bootstrap>(1030): <frozen importlib._bootstrap>(1073): <frozen importlib._bootstrap>(1074): <frozen importlib._bootstrap>(1080):  --- modulename: _bootstrap, funcname: find_spec
<frozen importlib._bootstrap>(750): <frozen importlib._bootstrap>(751): <frozen importlib._bootstrap>(1072):  --- modulename: _bootstrap, funcname: __exit__
<frozen importlib._bootstrap>(1034): <frozen importlib._bootstrap>(1081): <frozen importlib._bootstrap>(1071): <frozen importlib._bootstrap>(1072):  --- modulename: _bootstrap, funcname: __enter__
<frozen importlib._bootstrap>(1030): <frozen importlib._bootstrap>(1073): <frozen importlib._bootstrap>(1074): <frozen importlib._bootstrap>(1080):  --- modulename: _bootstrap, funcname: find_spec
<frozen importlib._bootstrap>(924):  --- modulename: _bootstrap, funcname: _call_with_frames_removed
<frozen importlib._bootstrap>(241): <frozen importlib._bootstrap>(925): <frozen importlib._bootstrap>(926): <frozen importlib._bootstrap>(1072):  --- modulename: _bootstrap, funcname: __exit__
<frozen importlib._bootstrap>(1034): <frozen importlib._bootstrap>(1081): <frozen importlib._bootstrap>(1071): <frozen importlib._bootstrap>(1072):  --- modulename: _bootstrap, funcname: __enter__
<frozen importlib._bootstrap>(1030): <frozen importlib._bootstrap>(1073): <frozen importlib._bootstrap>(1074): <frozen importlib._bootstrap>(1080):  --- modulename: _bootstrap_external, funcname: find_spec
<frozen importlib._bootstrap_external>(1502): <frozen importlib._bootstrap_external>(1504):  --- modulename: _bootstrap_external, funcname: _get_spec
<frozen importlib._bootstrap_external>(1469): <frozen importlib._bootstrap_external>(1470): <frozen importlib._bootstrap_external>(1471): <frozen importlib._bootstrap_external>(1473):  --- modulename: _bootstrap_external, funcname: _path_importer_cache
<frozen importlib._bootstrap_external>(1429): <frozen importlib._bootstrap_external>(1436): <frozen importlib._bootstrap_external>(1437): <frozen importlib._bootstrap_external>(1441): <frozen importlib._bootstrap_external>(1474): <frozen importlib._bootstrap_external>(1475): <frozen importlib._bootstrap_external>(1476):  --- modulename: _bootstrap_external, funcname: find_spec
<frozen importlib._bootstrap_external>(1609): <frozen importlib._bootstrap_external>(1610): <frozen importlib._bootstrap_external>(1611): <frozen importlib._bootstrap_external>(1612):  --- modulename: _bootstrap_external, funcname: _path_stat
<frozen importlib._bootstrap_external>(147): <frozen importlib._bootstrap_external>(1615): <frozen importlib._bootstrap_external>(1619):  --- modulename: _bootstrap_external, funcname: _relax_case
<frozen importlib._bootstrap_external>(69): <frozen importlib._bootstrap_external>(1623): <frozen importlib._bootstrap_external>(1624): <frozen importlib._bootstrap_external>(1626): <frozen importlib._bootstrap_external>(1638): <frozen importlib._bootstrap_external>(1639): <frozen importlib._bootstrap_external>(1640):  --- modulename: _bootstrap_external, funcname: _path_join
<frozen importlib._bootstrap_external>(98): <frozen importlib._bootstrap_external>(100): <frozen importlib._bootstrap_external>(102): <frozen importlib._bootstrap_external>(103): <frozen importlib._bootstrap_external>(104): <frozen importlib._bootstrap_external>(105): <frozen importlib._bootstrap_external>(106): <frozen importlib._bootstrap_external>(107): <frozen importlib._bootstrap_external>(104): <frozen importlib._bootstrap_external>(105): <frozen importlib._bootstrap_external>(108): <frozen importlib._bootstrap_external>(117): <frozen importlib._bootstrap_external>(118): <frozen importlib._bootstrap_external>(104): <frozen importlib._bootstrap_external>(119):  --- modulename: _bootstrap_external, funcname: <listcomp>
<frozen importlib._bootstrap_external>(119): <frozen importlib._bootstrap_external>(119): <frozen importlib._bootstrap_external>(119): <frozen importlib._bootstrap_external>(120): <frozen importlib._bootstrap_external>(123): <frozen importlib._bootstrap_external>(1643):  --- modulename: _bootstrap, funcname: _verbose_message
<frozen importlib._bootstrap>(246): <frozen importlib._bootstrap_external>(1644): <frozen importlib._bootstrap_external>(1638): <frozen importlib._bootstrap_external>(1639): <frozen importlib._bootstrap_external>(1640):  --- modulename: _bootstrap_external, funcname: _path_join
<frozen importlib._bootstrap_external>(98): <frozen importlib._bootstrap_external>(100): <frozen importlib._bootstrap_external>(102): <frozen importlib._bootstrap_external>(103): <frozen importlib._bootstrap_external>(104): <frozen importlib._bootstrap_external>(105): <frozen importlib._bootstrap_external>(106): <frozen importlib._bootstrap_external>(107): <frozen importlib._bootstrap_external>(104): <frozen importlib._bootstrap_external>(105): <frozen importlib._bootstrap_external>(108): <frozen importlib._bootstrap_external>(117): <frozen importlib._bootstrap_external>(118): <frozen importlib._bootstrap_external>(104): <frozen importlib._bootstrap_external>(119):  --- modulename: _bootstrap_external, funcname: <listcomp>
<frozen importlib._bootstrap_external>(119): <frozen importlib._bootstrap_external>(119): <frozen importlib._bootstrap_external>(119): <frozen importlib._bootstrap_external>(120): <frozen importlib._bootstrap_external>(123): <frozen importlib._bootstrap_external>(1643):  --- modulename: _bootstrap, funcname: _verbose_message
<frozen importlib._bootstrap>(246): <frozen importlib._bootstrap_external>(1644): <frozen importlib._bootstrap_external>(1638): <frozen importlib._bootstrap_external>(1639): <frozen importlib._bootstrap_external>(1640):  --- modulename: _bootstrap_external, funcname: _path_join
<frozen importlib._bootstrap_external>(98): <frozen importlib._bootstrap_external>(100): <frozen importlib._bootstrap_external>(102): <frozen importlib._bootstrap_external>(103): <frozen importlib._bootstrap_external>(104): <frozen importlib._bootstrap_external>(105): <frozen importlib._bootstrap_external>(106): <frozen importlib._bootstrap_external>(107): <frozen importlib._bootstrap_external>(104): <frozen importlib._bootstrap_external>(105): <frozen importlib._bootstrap_external>(108): <frozen importlib._bootstrap_external>(117): <frozen importlib._bootstrap_external>(118): <frozen importlib._bootstrap_external>(104): <frozen importlib._bootstrap_external>(119):  --- modulename: _bootstrap_external, funcname: <listcomp>
<frozen importlib._bootstrap_external>(119): <frozen importlib._bootstrap_external>(119): <frozen importlib._bootstrap_external>(119): <frozen importlib._bootstrap_external>(120): <frozen importlib._bootstrap_external>(123): <frozen importlib._bootstrap_external>(1643):  --- modulename: _bootstrap, funcname: _verbose_message
<frozen importlib._bootstrap>(246): <frozen importlib._bootstrap_external>(1644): <frozen importlib._bootstrap_external>(1645):  --- modulename: _bootstrap_external, funcname: _path_isfile
<frozen importlib._bootstrap_external>(161):  --- modulename: _bootstrap_external, funcname: _path_is_mode_type
<frozen importlib._bootstrap_external>(152): <frozen importlib._bootstrap_external>(153):  --- modulename: _bootstrap_external, funcname: _path_stat
<frozen importlib._bootstrap_external>(147): <frozen importlib._bootstrap_external>(156): <frozen importlib._bootstrap_external>(1646): <frozen importlib._bootstrap_external>(1647): <frozen importlib._bootstrap_external>(1646):  --- modulename: _bootstrap_external, funcname: _get_spec
<frozen importlib._bootstrap_external>(1600):  --- modulename: _bootstrap_external, funcname: __init__
<frozen importlib._bootstrap_external>(1100): <frozen importlib._bootstrap_external>(1101): <frozen importlib._bootstrap_external>(1601): <frozen importlib._bootstrap_external>(1602): <frozen importlib._bootstrap_external>(1601):  --- modulename: _bootstrap_external, funcname: spec_from_file_location
<frozen importlib._bootstrap_external>(790): <frozen importlib._bootstrap_external>(802): <frozen importlib._bootstrap_external>(803):  --- modulename: _bootstrap_external, funcname: _path_isabs
<frozen importlib._bootstrap_external>(174): <frozen importlib._bootstrap_external>(176): <frozen importlib._bootstrap_external>(177): <frozen importlib._bootstrap_external>(815):  --- modulename: _bootstrap, funcname: __init__
<frozen importlib._bootstrap>(359): <frozen importlib._bootstrap>(360): <frozen importlib._bootstrap>(361): <frozen importlib._bootstrap>(362): <frozen importlib._bootstrap>(363): <frozen importlib._bootstrap>(364): <frozen importlib._bootstrap>(367): <frozen importlib._bootstrap>(368): <frozen importlib._bootstrap_external>(816): <frozen importlib._bootstrap_external>(819): <frozen importlib._bootstrap_external>(829): <frozen importlib._bootstrap_external>(840): <frozen importlib._bootstrap_external>(841): <frozen importlib._bootstrap_external>(846): <frozen importlib._bootstrap_external>(1479): <frozen importlib._bootstrap_external>(1481): <frozen importlib._bootstrap_external>(1482): <frozen importlib._bootstrap_external>(1505): <frozen importlib._bootstrap_external>(1507): <frozen importlib._bootstrap_external>(1518): <frozen importlib._bootstrap>(1072):  --- modulename: _bootstrap, funcname: __exit__
<frozen importlib._bootstrap>(1034): <frozen importlib._bootstrap>(1081): <frozen importlib._bootstrap>(1083): <frozen importlib._bootstrap>(1098): <frozen importlib._bootstrap>(1141): <frozen importlib._bootstrap>(1144): <frozen importlib._bootstrap>(1147): <frozen importlib._bootstrap>(1148): <frozen importlib._bootstrap>(1149):  --- modulename: _bootstrap, funcname: _load_unlocked
<frozen importlib._bootstrap>(668): <frozen importlib._bootstrap>(670): <frozen importlib._bootstrap>(676):  --- modulename: _bootstrap, funcname: module_from_spec
<frozen importlib._bootstrap>(569): <frozen importlib._bootstrap>(570): <frozen importlib._bootstrap>(573):  --- modulename: _bootstrap_external, funcname: create_module
<frozen importlib._bootstrap_external>(931): <frozen importlib._bootstrap>(577): <frozen importlib._bootstrap>(578):  --- modulename: _bootstrap, funcname: _new_module
<frozen importlib._bootstrap>(49): <frozen importlib._bootstrap>(579):  --- modulename: _bootstrap, funcname: _init_module_attrs
<frozen importlib._bootstrap>(497): <frozen importlib._bootstrap>(503): <frozen importlib._bootstrap>(504): <frozen importlib._bootstrap>(505): <frozen importlib._bootstrap>(526): <frozen importlib._bootstrap>(527): <frozen importlib._bootstrap>(531): <frozen importlib._bootstrap>(532): <frozen importlib._bootstrap>(533):  --- modulename: _bootstrap, funcname: parent
<frozen importlib._bootstrap>(408): <frozen importlib._bootstrap>(409): <frozen importlib._bootstrap>(537): <frozen importlib._bootstrap>(538): <frozen importlib._bootstrap>(542): <frozen importlib._bootstrap>(543): <frozen importlib._bootstrap>(550):  --- modulename: _bootstrap, funcname: has_location
<frozen importlib._bootstrap>(415): <frozen importlib._bootstrap>(551): <frozen importlib._bootstrap>(552): <frozen importlib._bootstrap>(553): <frozen importlib._bootstrap>(557): <frozen importlib._bootstrap>(558):  --- modulename: _bootstrap, funcname: cached
<frozen importlib._bootstrap>(394): <frozen importlib._bootstrap>(395): <frozen importlib._bootstrap>(396): <frozen importlib._bootstrap>(398):  --- modulename: _bootstrap_external, funcname: _get_cached
<frozen importlib._bootstrap_external>(568): <frozen importlib._bootstrap_external>(569): <frozen importlib._bootstrap_external>(570):  --- modulename: _bootstrap_external, funcname: cache_from_source
<frozen importlib._bootstrap_external>(455): <frozen importlib._bootstrap_external>(462): <frozen importlib._bootstrap_external>(463):  --- modulename: _bootstrap_external, funcname: _path_split
<frozen importlib._bootstrap_external>(134):  --- modulename: _bootstrap_external, funcname: <genexpr>
<frozen importlib._bootstrap_external>(134):  --- modulename: _bootstrap_external, funcname: <genexpr>
<frozen importlib._bootstrap_external>(134):  --- modulename: _bootstrap_external, funcname: <genexpr>
<frozen importlib._bootstrap_external>(134): <frozen importlib._bootstrap_external>(135): <frozen importlib._bootstrap_external>(137): <frozen importlib._bootstrap_external>(464): <frozen importlib._bootstrap_external>(465): <frozen importlib._bootstrap_external>(466): <frozen importlib._bootstrap_external>(468): <frozen importlib._bootstrap_external>(469): <frozen importlib._bootstrap_external>(470): <frozen importlib._bootstrap_external>(471): <frozen importlib._bootstrap_external>(474): <frozen importlib._bootstrap_external>(475): <frozen importlib._bootstrap_external>(479): <frozen importlib._bootstrap_external>(480): <frozen importlib._bootstrap_external>(505):  --- modulename: _bootstrap_external, funcname: _path_join
<frozen importlib._bootstrap_external>(98): <frozen importlib._bootstrap_external>(100): <frozen importlib._bootstrap_external>(102): <frozen importlib._bootstrap_external>(103): <frozen importlib._bootstrap_external>(104): <frozen importlib._bootstrap_external>(105): <frozen importlib._bootstrap_external>(106): <frozen importlib._bootstrap_external>(107): <frozen importlib._bootstrap_external>(104): <frozen importlib._bootstrap_external>(105): <frozen importlib._bootstrap_external>(108): <frozen importlib._bootstrap_external>(117): <frozen importlib._bootstrap_external>(118): <frozen importlib._bootstrap_external>(104): <frozen importlib._bootstrap_external>(105): <frozen importlib._bootstrap_external>(108): <frozen importlib._bootstrap_external>(117): <frozen importlib._bootstrap_external>(118): <frozen importlib._bootstrap_external>(104): <frozen importlib._bootstrap_external>(119):  --- modulename: _bootstrap_external, funcname: <listcomp>
<frozen importlib._bootstrap_external>(119): <frozen importlib._bootstrap_external>(119): <frozen importlib._bootstrap_external>(119): <frozen importlib._bootstrap_external>(119): <frozen importlib._bootstrap_external>(120): <frozen importlib._bootstrap_external>(123): <frozen importlib._bootstrap>(399): <frozen importlib._bootstrap>(559): <frozen importlib._bootstrap>(560):  --- modulename: _bootstrap, funcname: cached
<frozen importlib._bootstrap>(394): <frozen importlib._bootstrap>(399): <frozen importlib._bootstrap>(563): <frozen importlib._bootstrap>(580): <frozen importlib._bootstrap>(681): <frozen importlib._bootstrap>(682): <frozen importlib._bootstrap>(683): <frozen importlib._bootstrap>(684): <frozen importlib._bootstrap>(685): <frozen importlib._bootstrap>(690):  --- modulename: _bootstrap_external, funcname: exec_module
<frozen importlib._bootstrap_external>(936):  --- modulename: _bootstrap_external, funcname: get_code
<frozen importlib._bootstrap_external>(1014):  --- modulename: _bootstrap_external, funcname: _check_name_wrapper
<frozen importlib._bootstrap_external>(600): <frozen importlib._bootstrap_external>(602): <frozen importlib._bootstrap_external>(605):  --- modulename: _bootstrap_external, funcname: get_filename
<frozen importlib._bootstrap_external>(1125): <frozen importlib._bootstrap_external>(1015): <frozen importlib._bootstrap_external>(1016): <frozen importlib._bootstrap_external>(1017): <frozen importlib._bootstrap_external>(1018): <frozen importlib._bootstrap_external>(1019): <frozen importlib._bootstrap_external>(1020): <frozen importlib._bootstrap_external>(1021):  --- modulename: _bootstrap_external, funcname: cache_from_source
<frozen importlib._bootstrap_external>(455): <frozen importlib._bootstrap_external>(462): <frozen importlib._bootstrap_external>(463):  --- modulename: _bootstrap_external, funcname: _path_split
<frozen importlib._bootstrap_external>(134):  --- modulename: _bootstrap_external, funcname: <genexpr>
<frozen importlib._bootstrap_external>(134):  --- modulename: _bootstrap_external, funcname: <genexpr>
<frozen importlib._bootstrap_external>(134):  --- modulename: _bootstrap_external, funcname: <genexpr>
<frozen importlib._bootstrap_external>(134): <frozen importlib._bootstrap_external>(135): <frozen importlib._bootstrap_external>(137): <frozen importlib._bootstrap_external>(464): <frozen importlib._bootstrap_external>(465): <frozen importlib._bootstrap_external>(466): <frozen importlib._bootstrap_external>(468): <frozen importlib._bootstrap_external>(469): <frozen importlib._bootstrap_external>(470): <frozen importlib._bootstrap_external>(471): <frozen importlib._bootstrap_external>(474): <frozen importlib._bootstrap_external>(475): <frozen importlib._bootstrap_external>(479): <frozen importlib._bootstrap_external>(480): <frozen importlib._bootstrap_external>(505):  --- modulename: _bootstrap_external, funcname: _path_join
<frozen importlib._bootstrap_external>(98): <frozen importlib._bootstrap_external>(100): <frozen importlib._bootstrap_external>(102): <frozen importlib._bootstrap_external>(103): <frozen importlib._bootstrap_external>(104): <frozen importlib._bootstrap_external>(105): <frozen importlib._bootstrap_external>(106): <frozen importlib._bootstrap_external>(107): <frozen importlib._bootstrap_external>(104): <frozen importlib._bootstrap_external>(105): <frozen importlib._bootstrap_external>(108): <frozen importlib._bootstrap_external>(117): <frozen importlib._bootstrap_external>(118): <frozen importlib._bootstrap_external>(104): <frozen importlib._bootstrap_external>(105): <frozen importlib._bootstrap_external>(108): <frozen importlib._bootstrap_external>(117): <frozen importlib._bootstrap_external>(118): <frozen importlib._bootstrap_external>(104): <frozen importlib._bootstrap_external>(119):  --- modulename: _bootstrap_external, funcname: <listcomp>
<frozen importlib._bootstrap_external>(119): <frozen importlib._bootstrap_external>(119): <frozen importlib._bootstrap_external>(119): <frozen importlib._bootstrap_external>(119): <frozen importlib._bootstrap_external>(120): <frozen importlib._bootstrap_external>(123): <frozen importlib._bootstrap_external>(1025): <frozen importlib._bootstrap_external>(1026):  --- modulename: _bootstrap_external, funcname: path_stats
<frozen importlib._bootstrap_external>(1148):  --- modulename: _bootstrap_external, funcname: _path_stat
<frozen importlib._bootstrap_external>(147): <frozen importlib._bootstrap_external>(1149): <frozen importlib._bootstrap_external>(1030): <frozen importlib._bootstrap_external>(1031): <frozen importlib._bootstrap_external>(1032):  --- modulename: _bootstrap_external, funcname: get_data
<frozen importlib._bootstrap_external>(1129): <frozen importlib._bootstrap_external>(1130): <frozen importlib._bootstrap_external>(1131): <frozen importlib._bootstrap_external>(1130): <frozen importlib._bootstrap_external>(1037): <frozen importlib._bootstrap_external>(1038): <frozen importlib._bootstrap_external>(1036): <frozen importlib._bootstrap_external>(1040): <frozen importlib._bootstrap_external>(1041):  --- modulename: _bootstrap_external, funcname: _classify_pyc
<frozen importlib._bootstrap_external>(658): <frozen importlib._bootstrap_external>(659): <frozen importlib._bootstrap_external>(663): <frozen importlib._bootstrap_external>(667):  --- modulename: _bootstrap_external, funcname: _unpack_uint32
<frozen importlib._bootstrap_external>(86): <frozen importlib._bootstrap_external>(87): <frozen importlib._bootstrap_external>(669): <frozen importlib._bootstrap_external>(672): <frozen importlib._bootstrap_external>(1042): <frozen importlib._bootstrap_external>(1043): <frozen importlib._bootstrap_external>(1044): <frozen importlib._bootstrap_external>(1057): <frozen importlib._bootstrap_external>(1058): <frozen importlib._bootstrap_external>(1059): <frozen importlib._bootstrap_external>(1060): <frozen importlib._bootstrap_external>(1061): <frozen importlib._bootstrap_external>(1062): <frozen importlib._bootstrap_external>(1057):  --- modulename: _bootstrap_external, funcname: _validate_timestamp_pyc
<frozen importlib._bootstrap_external>(694):  --- modulename: _bootstrap_external, funcname: _unpack_uint32
<frozen importlib._bootstrap_external>(86): <frozen importlib._bootstrap_external>(87): <frozen importlib._bootstrap_external>(698): <frozen importlib._bootstrap_external>(699):  --- modulename: _bootstrap_external, funcname: _unpack_uint32
<frozen importlib._bootstrap_external>(86): <frozen importlib._bootstrap_external>(87): <frozen importlib._bootstrap_external>(698): <frozen importlib._bootstrap_external>(1067): <frozen importlib._bootstrap_external>(1068): <frozen importlib._bootstrap_external>(1067):  --- modulename: _bootstrap, funcname: _verbose_message
<frozen importlib._bootstrap>(246): <frozen importlib._bootstrap_external>(1069): <frozen importlib._bootstrap_external>(1070): <frozen importlib._bootstrap_external>(1071): <frozen importlib._bootstrap_external>(1069):  --- modulename: _bootstrap_external, funcname: _compile_bytecode
<frozen importlib._bootstrap_external>(729): <frozen importlib._bootstrap_external>(730): <frozen importlib._bootstrap_external>(731):  --- modulename: _bootstrap, funcname: _verbose_message
<frozen importlib._bootstrap>(246): <frozen importlib._bootstrap_external>(732): <frozen importlib._bootstrap_external>(733): <frozen importlib._bootstrap_external>(734): <frozen importlib._bootstrap_external>(937): <frozen importlib._bootstrap_external>(940):  --- modulename: _bootstrap, funcname: _call_with_frames_removed
<frozen importlib._bootstrap>(241):  --- modulename: process, funcname: <module>
process.py(10): __all__ = ['BaseProcess', 'current_process', 'active_children',
process.py(17): import os
process.py(18): import sys
process.py(19): import signal
 --- modulename: _bootstrap, funcname: _find_and_load
<frozen importlib._bootstrap>(1172): <frozen importlib._bootstrap>(1173): <frozen importlib._bootstrap>(1175):  --- modulename: _bootstrap, funcname: __init__
<frozen importlib._bootstrap>(166): <frozen importlib._bootstrap>(167):  --- modulename: _bootstrap, funcname: __enter__
<frozen importlib._bootstrap>(170):  --- modulename: _bootstrap, funcname: _get_module_lock
<frozen importlib._bootstrap>(185): <frozen importlib._bootstrap>(186): <frozen importlib._bootstrap>(187): <frozen importlib._bootstrap>(188): <frozen importlib._bootstrap>(189): <frozen importlib._bootstrap>(190): <frozen importlib._bootstrap>(192): <frozen importlib._bootstrap>(193): <frozen importlib._bootstrap>(196):  --- modulename: _bootstrap, funcname: __init__
<frozen importlib._bootstrap>(72): <frozen importlib._bootstrap>(73): <frozen importlib._bootstrap>(74): <frozen importlib._bootstrap>(75): <frozen importlib._bootstrap>(76): <frozen importlib._bootstrap>(77): <frozen importlib._bootstrap>(198): <frozen importlib._bootstrap>(209): <frozen importlib._bootstrap>(211): <frozen importlib._bootstrap>(213): <frozen importlib._bootstrap>(171):  --- modulename: _bootstrap, funcname: acquire
<frozen importlib._bootstrap>(106): <frozen importlib._bootstrap>(107): <frozen importlib._bootstrap>(108): <frozen importlib._bootstrap>(109): <frozen importlib._bootstrap>(110): <frozen importlib._bootstrap>(111): <frozen importlib._bootstrap>(112): <frozen importlib._bootstrap>(113): <frozen importlib._bootstrap>(114): <frozen importlib._bootstrap>(110): <frozen importlib._bootstrap>(123): <frozen importlib._bootstrap>(1176): <frozen importlib._bootstrap>(1177): <frozen importlib._bootstrap>(1178):  --- modulename: _bootstrap, funcname: _find_and_load_unlocked
<frozen importlib._bootstrap>(1123): <frozen importlib._bootstrap>(1124): <frozen importlib._bootstrap>(1125): <frozen importlib._bootstrap>(1126): <frozen importlib._bootstrap>(1140):  --- modulename: _bootstrap, funcname: _find_spec
<frozen importlib._bootstrap>(1058): <frozen importlib._bootstrap>(1059): <frozen importlib._bootstrap>(1064): <frozen importlib._bootstrap>(1070): <frozen importlib._bootstrap>(1071): <frozen importlib._bootstrap>(1072):  --- modulename: _bootstrap, funcname: __enter__
<frozen importlib._bootstrap>(1030): <frozen importlib._bootstrap>(1073): <frozen importlib._bootstrap>(1074): <frozen importlib._bootstrap>(1080): <frozen importlib._bootstrap>(1072):  --- modulename: _bootstrap, funcname: __exit__
<frozen importlib._bootstrap>(1034): <frozen importlib._bootstrap>(1081): <frozen importlib._bootstrap>(1071): <frozen importlib._bootstrap>(1072):  --- modulename: _bootstrap, funcname: __enter__
<frozen importlib._bootstrap>(1030): <frozen importlib._bootstrap>(1073): <frozen importlib._bootstrap>(1074): <frozen importlib._bootstrap>(1080): <frozen importlib._bootstrap>(1072):  --- modulename: _bootstrap, funcname: __exit__
<frozen importlib._bootstrap>(1034): <frozen importlib._bootstrap>(1081): <frozen importlib._bootstrap>(1071): <frozen importlib._bootstrap>(1072):  --- modulename: _bootstrap, funcname: __enter__
<frozen importlib._bootstrap>(1030): <frozen importlib._bootstrap>(1073): <frozen importlib._bootstrap>(1074): <frozen importlib._bootstrap>(1080):  --- modulename: _bootstrap, funcname: find_spec
<frozen importlib._bootstrap>(750): <frozen importlib._bootstrap>(752): <frozen importlib._bootstrap>(755): <frozen importlib._bootstrap>(1072):  --- modulename: _bootstrap, funcname: __exit__
<frozen importlib._bootstrap>(1034): <frozen importlib._bootstrap>(1081): <frozen importlib._bootstrap>(1071): <frozen importlib._bootstrap>(1072):  --- modulename: _bootstrap, funcname: __enter__
<frozen importlib._bootstrap>(1030): <frozen importlib._bootstrap>(1073): <frozen importlib._bootstrap>(1074): <frozen importlib._bootstrap>(1080):  --- modulename: _bootstrap, funcname: find_spec
<frozen importlib._bootstrap>(924):  --- modulename: _bootstrap, funcname: _call_with_frames_removed
<frozen importlib._bootstrap>(241): <frozen importlib._bootstrap>(925): <frozen importlib._bootstrap>(926): <frozen importlib._bootstrap>(1072):  --- modulename: _bootstrap, funcname: __exit__
<frozen importlib._bootstrap>(1034): <frozen importlib._bootstrap>(1081): <frozen importlib._bootstrap>(1071): <frozen importlib._bootstrap>(1072):  --- modulename: _bootstrap, funcname: __enter__
<frozen importlib._bootstrap>(1030): <frozen importlib._bootstrap>(1073): <frozen importlib._bootstrap>(1074): <frozen importlib._bootstrap>(1080):  --- modulename: _bootstrap_external, funcname: find_spec
<frozen importlib._bootstrap_external>(1502): <frozen importlib._bootstrap_external>(1503): <frozen importlib._bootstrap_external>(1504):  --- modulename: _bootstrap_external, funcname: _get_spec
<frozen importlib._bootstrap_external>(1469): <frozen importlib._bootstrap_external>(1470): <frozen importlib._bootstrap_external>(1471): <frozen importlib._bootstrap_external>(1473):  --- modulename: _bootstrap_external, funcname: _path_importer_cache
<frozen importlib._bootstrap_external>(1429): <frozen importlib._bootstrap_external>(1436): <frozen importlib._bootstrap_external>(1437): <frozen importlib._bootstrap_external>(1441): <frozen importlib._bootstrap_external>(1474): <frozen importlib._bootstrap_external>(1475): <frozen importlib._bootstrap_external>(1476):  --- modulename: _bootstrap_external, funcname: find_spec
<frozen importlib._bootstrap_external>(1609): <frozen importlib._bootstrap_external>(1610): <frozen importlib._bootstrap_external>(1611): <frozen importlib._bootstrap_external>(1612):  --- modulename: _bootstrap_external, funcname: _path_stat
<frozen importlib._bootstrap_external>(147): <frozen importlib._bootstrap_external>(1615): <frozen importlib._bootstrap_external>(1619):  --- modulename: _bootstrap_external, funcname: _relax_case
<frozen importlib._bootstrap_external>(69): <frozen importlib._bootstrap_external>(1623): <frozen importlib._bootstrap_external>(1624): <frozen importlib._bootstrap_external>(1626): <frozen importlib._bootstrap_external>(1638): <frozen importlib._bootstrap_external>(1639): <frozen importlib._bootstrap_external>(1640):  --- modulename: _bootstrap_external, funcname: _path_join
<frozen importlib._bootstrap_external>(98): <frozen importlib._bootstrap_external>(100): <frozen importlib._bootstrap_external>(102): <frozen importlib._bootstrap_external>(103): <frozen importlib._bootstrap_external>(104): <frozen importlib._bootstrap_external>(105): <frozen importlib._bootstrap_external>(106): <frozen importlib._bootstrap_external>(107): <frozen importlib._bootstrap_external>(104): <frozen importlib._bootstrap_external>(105): <frozen importlib._bootstrap_external>(108): <frozen importlib._bootstrap_external>(117): <frozen importlib._bootstrap_external>(118): <frozen importlib._bootstrap_external>(104): <frozen importlib._bootstrap_external>(119):  --- modulename: _bootstrap_external, funcname: <listcomp>
<frozen importlib._bootstrap_external>(119): <frozen importlib._bootstrap_external>(119): <frozen importlib._bootstrap_external>(119): <frozen importlib._bootstrap_external>(120): <frozen importlib._bootstrap_external>(123): <frozen importlib._bootstrap_external>(1643):  --- modulename: _bootstrap, funcname: _verbose_message
<frozen importlib._bootstrap>(246): <frozen importlib._bootstrap_external>(1644): <frozen importlib._bootstrap_external>(1638): <frozen importlib._bootstrap_external>(1639): <frozen importlib._bootstrap_external>(1640):  --- modulename: _bootstrap_external, funcname: _path_join
<frozen importlib._bootstrap_external>(98): <frozen importlib._bootstrap_external>(100): <frozen importlib._bootstrap_external>(102): <frozen importlib._bootstrap_external>(103): <frozen importlib._bootstrap_external>(104): <frozen importlib._bootstrap_external>(105): <frozen importlib._bootstrap_external>(106): <frozen importlib._bootstrap_external>(107): <frozen importlib._bootstrap_external>(104): <frozen importlib._bootstrap_external>(105): <frozen importlib._bootstrap_external>(108): <frozen importlib._bootstrap_external>(117): <frozen importlib._bootstrap_external>(118): <frozen importlib._bootstrap_external>(104): <frozen importlib._bootstrap_external>(119):  --- modulename: _bootstrap_external, funcname: <listcomp>
<frozen importlib._bootstrap_external>(119): <frozen importlib._bootstrap_external>(119): <frozen importlib._bootstrap_external>(119): <frozen importlib._bootstrap_external>(120): <frozen importlib._bootstrap_external>(123): <frozen importlib._bootstrap_external>(1643):  --- modulename: _bootstrap, funcname: _verbose_message
<frozen importlib._bootstrap>(246): <frozen importlib._bootstrap_external>(1644): <frozen importlib._bootstrap_external>(1638): <frozen importlib._bootstrap_external>(1639): <frozen importlib._bootstrap_external>(1640):  --- modulename: _bootstrap_external, funcname: _path_join
<frozen importlib._bootstrap_external>(98): <frozen importlib._bootstrap_external>(100): <frozen importlib._bootstrap_external>(102): <frozen importlib._bootstrap_external>(103): <frozen importlib._bootstrap_external>(104): <frozen importlib._bootstrap_external>(105): <frozen importlib._bootstrap_external>(106): <frozen importlib._bootstrap_external>(107): <frozen importlib._bootstrap_external>(104): <frozen importlib._bootstrap_external>(105): <frozen importlib._bootstrap_external>(108): <frozen importlib._bootstrap_external>(117): <frozen importlib._bootstrap_external>(118): <frozen importlib._bootstrap_external>(104): <frozen importlib._bootstrap_external>(119):  --- modulename: _bootstrap_external, funcname: <listcomp>
<frozen importlib._bootstrap_external>(119): <frozen importlib._bootstrap_external>(119): <frozen importlib._bootstrap_external>(119): <frozen importlib._bootstrap_external>(120): <frozen importlib._bootstrap_external>(123): <frozen importlib._bootstrap_external>(1643):  --- modulename: _bootstrap, funcname: _verbose_message
<frozen importlib._bootstrap>(246): <frozen importlib._bootstrap_external>(1644): <frozen importlib._bootstrap_external>(1638): <frozen importlib._bootstrap_external>(1639): <frozen importlib._bootstrap_external>(1640):  --- modulename: _bootstrap_external, funcname: _path_join
<frozen importlib._bootstrap_external>(98): <frozen importlib._bootstrap_external>(100): <frozen importlib._bootstrap_external>(102): <frozen importlib._bootstrap_external>(103): <frozen importlib._bootstrap_external>(104): <frozen importlib._bootstrap_external>(105): <frozen importlib._bootstrap_external>(106): <frozen importlib._bootstrap_external>(107): <frozen importlib._bootstrap_external>(104): <frozen importlib._bootstrap_external>(105): <frozen importlib._bootstrap_external>(108): <frozen importlib._bootstrap_external>(117): <frozen importlib._bootstrap_external>(118): <frozen importlib._bootstrap_external>(104): <frozen importlib._bootstrap_external>(119):  --- modulename: _bootstrap_external, funcname: <listcomp>
<frozen importlib._bootstrap_external>(119): <frozen importlib._bootstrap_external>(119): <frozen importlib._bootstrap_external>(119): <frozen importlib._bootstrap_external>(120): <frozen importlib._bootstrap_external>(123): <frozen importlib._bootstrap_external>(1643):  --- modulename: _bootstrap, funcname: _verbose_message
<frozen importlib._bootstrap>(246): <frozen importlib._bootstrap_external>(1644): <frozen importlib._bootstrap_external>(1638): <frozen importlib._bootstrap_external>(1639): <frozen importlib._bootstrap_external>(1640):  --- modulename: _bootstrap_external, funcname: _path_join
<frozen importlib._bootstrap_external>(98): <frozen importlib._bootstrap_external>(100): <frozen importlib._bootstrap_external>(102): <frozen importlib._bootstrap_external>(103): <frozen importlib._bootstrap_external>(104): <frozen importlib._bootstrap_external>(105): <frozen importlib._bootstrap_external>(106): <frozen importlib._bootstrap_external>(107): <frozen importlib._bootstrap_external>(104): <frozen importlib._bootstrap_external>(105): <frozen importlib._bootstrap_external>(108): <frozen importlib._bootstrap_external>(117): <frozen importlib._bootstrap_external>(118): <frozen importlib._bootstrap_external>(104): <frozen importlib._bootstrap_external>(119):  --- modulename: _bootstrap_external, funcname: <listcomp>
<frozen importlib._bootstrap_external>(119): <frozen importlib._bootstrap_external>(119): <frozen importlib._bootstrap_external>(119): <frozen importlib._bootstrap_external>(120): <frozen importlib._bootstrap_external>(123): <frozen importlib._bootstrap_external>(1643):  --- modulename: _bootstrap, funcname: _verbose_message
<frozen importlib._bootstrap>(246): <frozen importlib._bootstrap_external>(1644): <frozen importlib._bootstrap_external>(1638): <frozen importlib._bootstrap_external>(1648): <frozen importlib._bootstrap_external>(1653): <frozen importlib._bootstrap_external>(1479): <frozen importlib._bootstrap_external>(1480): <frozen importlib._bootstrap_external>(1470): <frozen importlib._bootstrap_external>(1471): <frozen importlib._bootstrap_external>(1473):  --- modulename: _bootstrap_external, funcname: _path_importer_cache
<frozen importlib._bootstrap_external>(1429): <frozen importlib._bootstrap_external>(1436): <frozen importlib._bootstrap_external>(1437): <frozen importlib._bootstrap_external>(1441): <frozen importlib._bootstrap_external>(1474): <frozen importlib._bootstrap_external>(1470): <frozen importlib._bootstrap_external>(1471): <frozen importlib._bootstrap_external>(1473):  --- modulename: _bootstrap_external, funcname: _path_importer_cache
<frozen importlib._bootstrap_external>(1429): <frozen importlib._bootstrap_external>(1436): <frozen importlib._bootstrap_external>(1437): <frozen importlib._bootstrap_external>(1441): <frozen importlib._bootstrap_external>(1474): <frozen importlib._bootstrap_external>(1475): <frozen importlib._bootstrap_external>(1476):  --- modulename: _bootstrap_external, funcname: find_spec
<frozen importlib._bootstrap_external>(1609): <frozen importlib._bootstrap_external>(1610): <frozen importlib._bootstrap_external>(1611): <frozen importlib._bootstrap_external>(1612):  --- modulename: _bootstrap_external, funcname: _path_stat
<frozen importlib._bootstrap_external>(147): <frozen importlib._bootstrap_external>(1615): <frozen importlib._bootstrap_external>(1619):  --- modulename: _bootstrap_external, funcname: _relax_case
<frozen importlib._bootstrap_external>(69): <frozen importlib._bootstrap_external>(1623): <frozen importlib._bootstrap_external>(1624): <frozen importlib._bootstrap_external>(1626): <frozen importlib._bootstrap_external>(1638): <frozen importlib._bootstrap_external>(1639): <frozen importlib._bootstrap_external>(1640):  --- modulename: _bootstrap_external, funcname: _path_join
<frozen importlib._bootstrap_external>(98): <frozen importlib._bootstrap_external>(100): <frozen importlib._bootstrap_external>(102): <frozen importlib._bootstrap_external>(103): <frozen importlib._bootstrap_external>(104): <frozen importlib._bootstrap_external>(105): <frozen importlib._bootstrap_external>(106): <frozen importlib._bootstrap_external>(107): <frozen importlib._bootstrap_external>(104): <frozen importlib._bootstrap_external>(105): <frozen importlib._bootstrap_external>(108): <frozen importlib._bootstrap_external>(117): <frozen importlib._bootstrap_external>(118): <frozen importlib._bootstrap_external>(104): <frozen importlib._bootstrap_external>(119):  --- modulename: _bootstrap_external, funcname: <listcomp>
<frozen importlib._bootstrap_external>(119): <frozen importlib._bootstrap_external>(119): <frozen importlib._bootstrap_external>(119): <frozen importlib._bootstrap_external>(120): <frozen importlib._bootstrap_external>(123): <frozen importlib._bootstrap_external>(1643):  --- modulename: _bootstrap, funcname: _verbose_message
<frozen importlib._bootstrap>(246): <frozen importlib._bootstrap_external>(1644): <frozen importlib._bootstrap_external>(1638): <frozen importlib._bootstrap_external>(1639): <frozen importlib._bootstrap_external>(1640):  --- modulename: _bootstrap_external, funcname: _path_join
<frozen importlib._bootstrap_external>(98): <frozen importlib._bootstrap_external>(100): <frozen importlib._bootstrap_external>(102): <frozen importlib._bootstrap_external>(103): <frozen importlib._bootstrap_external>(104): <frozen importlib._bootstrap_external>(105): <frozen importlib._bootstrap_external>(106): <frozen importlib._bootstrap_external>(107): <frozen importlib._bootstrap_external>(104): <frozen importlib._bootstrap_external>(105): <frozen importlib._bootstrap_external>(108): <frozen importlib._bootstrap_external>(117): <frozen importlib._bootstrap_external>(118): <frozen importlib._bootstrap_external>(104): <frozen importlib._bootstrap_external>(119):  --- modulename: _bootstrap_external, funcname: <listcomp>
<frozen importlib._bootstrap_external>(119): <frozen importlib._bootstrap_external>(119): <frozen importlib._bootstrap_external>(119): <frozen importlib._bootstrap_external>(120): <frozen importlib._bootstrap_external>(123): <frozen importlib._bootstrap_external>(1643):  --- modulename: _bootstrap, funcname: _verbose_message
<frozen importlib._bootstrap>(246): <frozen importlib._bootstrap_external>(1644): <frozen importlib._bootstrap_external>(1638): <frozen importlib._bootstrap_external>(1639): <frozen importlib._bootstrap_external>(1640):  --- modulename: _bootstrap_external, funcname: _path_join
<frozen importlib._bootstrap_external>(98): <frozen importlib._bootstrap_external>(100): <frozen importlib._bootstrap_external>(102): <frozen importlib._bootstrap_external>(103): <frozen importlib._bootstrap_external>(104): <frozen importlib._bootstrap_external>(105): <frozen importlib._bootstrap_external>(106): <frozen importlib._bootstrap_external>(107): <frozen importlib._bootstrap_external>(104): <frozen importlib._bootstrap_external>(105): <frozen importlib._bootstrap_external>(108): <frozen importlib._bootstrap_external>(117): <frozen importlib._bootstrap_external>(118): <frozen importlib._bootstrap_external>(104): <frozen importlib._bootstrap_external>(119):  --- modulename: _bootstrap_external, funcname: <listcomp>
<frozen importlib._bootstrap_external>(119): <frozen importlib._bootstrap_external>(119): <frozen importlib._bootstrap_external>(119): <frozen importlib._bootstrap_external>(120): <frozen importlib._bootstrap_external>(123): <frozen importlib._bootstrap_external>(1643):  --- modulename: _bootstrap, funcname: _verbose_message
<frozen importlib._bootstrap>(246): <frozen importlib._bootstrap_external>(1644): <frozen importlib._bootstrap_external>(1638): <frozen importlib._bootstrap_external>(1639): <frozen importlib._bootstrap_external>(1640):  --- modulename: _bootstrap_external, funcname: _path_join
<frozen importlib._bootstrap_external>(98): <frozen importlib._bootstrap_external>(100): <frozen importlib._bootstrap_external>(102): <frozen importlib._bootstrap_external>(103): <frozen importlib._bootstrap_external>(104): <frozen importlib._bootstrap_external>(105): <frozen importlib._bootstrap_external>(106): <frozen importlib._bootstrap_external>(107): <frozen importlib._bootstrap_external>(104): <frozen importlib._bootstrap_external>(105): <frozen importlib._bootstrap_external>(108): <frozen importlib._bootstrap_external>(117): <frozen importlib._bootstrap_external>(118): <frozen importlib._bootstrap_external>(104): <frozen importlib._bootstrap_external>(119):  --- modulename: _bootstrap_external, funcname: <listcomp>
<frozen importlib._bootstrap_external>(119): <frozen importlib._bootstrap_external>(119): <frozen importlib._bootstrap_external>(119): <frozen importlib._bootstrap_external>(120): <frozen importlib._bootstrap_external>(123): <frozen importlib._bootstrap_external>(1643):  --- modulename: _bootstrap, funcname: _verbose_message
<frozen importlib._bootstrap>(246): <frozen importlib._bootstrap_external>(1644): <frozen importlib._bootstrap_external>(1638): <frozen importlib._bootstrap_external>(1639): <frozen importlib._bootstrap_external>(1640):  --- modulename: _bootstrap_external, funcname: _path_join
<frozen importlib._bootstrap_external>(98): <frozen importlib._bootstrap_external>(100): <frozen importlib._bootstrap_external>(102): <frozen importlib._bootstrap_external>(103): <frozen importlib._bootstrap_external>(104): <frozen importlib._bootstrap_external>(105): <frozen importlib._bootstrap_external>(106): <frozen importlib._bootstrap_external>(107): <frozen importlib._bootstrap_external>(104): <frozen importlib._bootstrap_external>(105): <frozen importlib._bootstrap_external>(108): <frozen importlib._bootstrap_external>(117): <frozen importlib._bootstrap_external>(118): <frozen importlib._bootstrap_external>(104): <frozen importlib._bootstrap_external>(119):  --- modulename: _bootstrap_external, funcname: <listcomp>
<frozen importlib._bootstrap_external>(119): <frozen importlib._bootstrap_external>(119): <frozen importlib._bootstrap_external>(119): <frozen importlib._bootstrap_external>(120): <frozen importlib._bootstrap_external>(123): <frozen importlib._bootstrap_external>(1643):  --- modulename: _bootstrap, funcname: _verbose_message
<frozen importlib._bootstrap>(246): <frozen importlib._bootstrap_external>(1644): <frozen importlib._bootstrap_external>(1638): <frozen importlib._bootstrap_external>(1648): <frozen importlib._bootstrap_external>(1653): <frozen importlib._bootstrap_external>(1479): <frozen importlib._bootstrap_external>(1480): <frozen importlib._bootstrap_external>(1470): <frozen importlib._bootstrap_external>(1471): <frozen importlib._bootstrap_external>(1473):  --- modulename: _bootstrap_external, funcname: _path_importer_cache
<frozen importlib._bootstrap_external>(1429): <frozen importlib._bootstrap_external>(1436): <frozen importlib._bootstrap_external>(1437): <frozen importlib._bootstrap_external>(1441): <frozen importlib._bootstrap_external>(1474): <frozen importlib._bootstrap_external>(1475): <frozen importlib._bootstrap_external>(1476):  --- modulename: _bootstrap_external, funcname: find_spec
<frozen importlib._bootstrap_external>(1609): <frozen importlib._bootstrap_external>(1610): <frozen importlib._bootstrap_external>(1611): <frozen importlib._bootstrap_external>(1612):  --- modulename: _bootstrap_external, funcname: _path_stat
<frozen importlib._bootstrap_external>(147): <frozen importlib._bootstrap_external>(1615): <frozen importlib._bootstrap_external>(1619):  --- modulename: _bootstrap_external, funcname: _relax_case
<frozen importlib._bootstrap_external>(69): <frozen importlib._bootstrap_external>(1623): <frozen importlib._bootstrap_external>(1624): <frozen importlib._bootstrap_external>(1626): <frozen importlib._bootstrap_external>(1638): <frozen importlib._bootstrap_external>(1639): <frozen importlib._bootstrap_external>(1640):  --- modulename: _bootstrap_external, funcname: _path_join
<frozen importlib._bootstrap_external>(98): <frozen importlib._bootstrap_external>(100): <frozen importlib._bootstrap_external>(102): <frozen importlib._bootstrap_external>(103): <frozen importlib._bootstrap_external>(104): <frozen importlib._bootstrap_external>(105): <frozen importlib._bootstrap_external>(106): <frozen importlib._bootstrap_external>(107): <frozen importlib._bootstrap_external>(104): <frozen importlib._bootstrap_external>(105): <frozen importlib._bootstrap_external>(108): <frozen importlib._bootstrap_external>(117): <frozen importlib._bootstrap_external>(118): <frozen importlib._bootstrap_external>(104): <frozen importlib._bootstrap_external>(119):  --- modulename: _bootstrap_external, funcname: <listcomp>
<frozen importlib._bootstrap_external>(119): <frozen importlib._bootstrap_external>(119): <frozen importlib._bootstrap_external>(119): <frozen importlib._bootstrap_external>(120): <frozen importlib._bootstrap_external>(123): <frozen importlib._bootstrap_external>(1643):  --- modulename: _bootstrap, funcname: _verbose_message
<frozen importlib._bootstrap>(246): <frozen importlib._bootstrap_external>(1644): <frozen importlib._bootstrap_external>(1638): <frozen importlib._bootstrap_external>(1639): <frozen importlib._bootstrap_external>(1640):  --- modulename: _bootstrap_external, funcname: _path_join
<frozen importlib._bootstrap_external>(98): <frozen importlib._bootstrap_external>(100): <frozen importlib._bootstrap_external>(102): <frozen importlib._bootstrap_external>(103): <frozen importlib._bootstrap_external>(104): <frozen importlib._bootstrap_external>(105): <frozen importlib._bootstrap_external>(106): <frozen importlib._bootstrap_external>(107): <frozen importlib._bootstrap_external>(104): <frozen importlib._bootstrap_external>(105): <frozen importlib._bootstrap_external>(108): <frozen importlib._bootstrap_external>(117): <frozen importlib._bootstrap_external>(118): <frozen importlib._bootstrap_external>(104): <frozen importlib._bootstrap_external>(119):  --- modulename: _bootstrap_external, funcname: <listcomp>
<frozen importlib._bootstrap_external>(119): <frozen importlib._bootstrap_external>(119): <frozen importlib._bootstrap_external>(119): <frozen importlib._bootstrap_external>(120): <frozen importlib._bootstrap_external>(123): <frozen importlib._bootstrap_external>(1643):  --- modulename: _bootstrap, funcname: _verbose_message
<frozen importlib._bootstrap>(246): <frozen importlib._bootstrap_external>(1644): <frozen importlib._bootstrap_external>(1638): <frozen importlib._bootstrap_external>(1639): <frozen importlib._bootstrap_external>(1640):  --- modulename: _bootstrap_external, funcname: _path_join
<frozen importlib._bootstrap_external>(98): <frozen importlib._bootstrap_external>(100): <frozen importlib._bootstrap_external>(102): <frozen importlib._bootstrap_external>(103): <frozen importlib._bootstrap_external>(104): <frozen importlib._bootstrap_external>(105): <frozen importlib._bootstrap_external>(106): <frozen importlib._bootstrap_external>(107): <frozen importlib._bootstrap_external>(104): <frozen importlib._bootstrap_external>(105): <frozen importlib._bootstrap_external>(108): <frozen importlib._bootstrap_external>(117): <frozen importlib._bootstrap_external>(118): <frozen importlib._bootstrap_external>(104): <frozen importlib._bootstrap_external>(119):  --- modulename: _bootstrap_external, funcname: <listcomp>
<frozen importlib._bootstrap_external>(119): <frozen importlib._bootstrap_external>(119): <frozen importlib._bootstrap_external>(119): <frozen importlib._bootstrap_external>(120): <frozen importlib._bootstrap_external>(123): <frozen importlib._bootstrap_external>(1643):  --- modulename: _bootstrap, funcname: _verbose_message
<frozen importlib._bootstrap>(246): <frozen importlib._bootstrap_external>(1644): <frozen importlib._bootstrap_external>(1645):  --- modulename: _bootstrap_external, funcname: _path_isfile
<frozen importlib._bootstrap_external>(161):  --- modulename: _bootstrap_external, funcname: _path_is_mode_type
<frozen importlib._bootstrap_external>(152): <frozen importlib._bootstrap_external>(153):  --- modulename: _bootstrap_external, funcname: _path_stat
<frozen importlib._bootstrap_external>(147): <frozen importlib._bootstrap_external>(156): <frozen importlib._bootstrap_external>(1646): <frozen importlib._bootstrap_external>(1647): <frozen importlib._bootstrap_external>(1646):  --- modulename: _bootstrap_external, funcname: _get_spec
<frozen importlib._bootstrap_external>(1600):  --- modulename: _bootstrap_external, funcname: __init__
<frozen importlib._bootstrap_external>(1100): <frozen importlib._bootstrap_external>(1101): <frozen importlib._bootstrap_external>(1601): <frozen importlib._bootstrap_external>(1602): <frozen importlib._bootstrap_external>(1601):  --- modulename: _bootstrap_external, funcname: spec_from_file_location
<frozen importlib._bootstrap_external>(790): <frozen importlib._bootstrap_external>(802): <frozen importlib._bootstrap_external>(803):  --- modulename: _bootstrap_external, funcname: _path_isabs
<frozen importlib._bootstrap_external>(174): <frozen importlib._bootstrap_external>(176): <frozen importlib._bootstrap_external>(177): <frozen importlib._bootstrap_external>(815):  --- modulename: _bootstrap, funcname: __init__
<frozen importlib._bootstrap>(359): <frozen importlib._bootstrap>(360): <frozen importlib._bootstrap>(361): <frozen importlib._bootstrap>(362): <frozen importlib._bootstrap>(363): <frozen importlib._bootstrap>(364): <frozen importlib._bootstrap>(367): <frozen importlib._bootstrap>(368): <frozen importlib._bootstrap_external>(816): <frozen importlib._bootstrap_external>(819): <frozen importlib._bootstrap_external>(829): <frozen importlib._bootstrap_external>(840): <frozen importlib._bootstrap_external>(841): <frozen importlib._bootstrap_external>(846): <frozen importlib._bootstrap_external>(1479): <frozen importlib._bootstrap_external>(1481): <frozen importlib._bootstrap_external>(1482): <frozen importlib._bootstrap_external>(1505): <frozen importlib._bootstrap_external>(1507): <frozen importlib._bootstrap_external>(1518): <frozen importlib._bootstrap>(1072):  --- modulename: _bootstrap, funcname: __exit__
<frozen importlib._bootstrap>(1034): <frozen importlib._bootstrap>(1081): <frozen importlib._bootstrap>(1083): <frozen importlib._bootstrap>(1098): <frozen importlib._bootstrap>(1141): <frozen importlib._bootstrap>(1144): <frozen importlib._bootstrap>(1148): <frozen importlib._bootstrap>(1149):  --- modulename: _bootstrap, funcname: _load_unlocked
<frozen importlib._bootstrap>(668): <frozen importlib._bootstrap>(670): <frozen importlib._bootstrap>(676):  --- modulename: _bootstrap, funcname: module_from_spec
<frozen importlib._bootstrap>(569): <frozen importlib._bootstrap>(570): <frozen importlib._bootstrap>(573):  --- modulename: _bootstrap_external, funcname: create_module
<frozen importlib._bootstrap_external>(931): <frozen importlib._bootstrap>(577): <frozen importlib._bootstrap>(578):  --- modulename: _bootstrap, funcname: _new_module
<frozen importlib._bootstrap>(49): <frozen importlib._bootstrap>(579):  --- modulename: _bootstrap, funcname: _init_module_attrs
<frozen importlib._bootstrap>(497): <frozen importlib._bootstrap>(503): <frozen importlib._bootstrap>(504): <frozen importlib._bootstrap>(505): <frozen importlib._bootstrap>(526): <frozen importlib._bootstrap>(527): <frozen importlib._bootstrap>(531): <frozen importlib._bootstrap>(532): <frozen importlib._bootstrap>(533):  --- modulename: _bootstrap, funcname: parent
<frozen importlib._bootstrap>(408): <frozen importlib._bootstrap>(409): <frozen importlib._bootstrap>(537): <frozen importlib._bootstrap>(538): <frozen importlib._bootstrap>(542): <frozen importlib._bootstrap>(543): <frozen importlib._bootstrap>(550):  --- modulename: _bootstrap, funcname: has_location
<frozen importlib._bootstrap>(415): <frozen importlib._bootstrap>(551): <frozen importlib._bootstrap>(552): <frozen importlib._bootstrap>(553): <frozen importlib._bootstrap>(557): <frozen importlib._bootstrap>(558):  --- modulename: _bootstrap, funcname: cached
<frozen importlib._bootstrap>(394): <frozen importlib._bootstrap>(395): <frozen importlib._bootstrap>(396): <frozen importlib._bootstrap>(398):  --- modulename: _bootstrap_external, funcname: _get_cached
<frozen importlib._bootstrap_external>(568): <frozen importlib._bootstrap_external>(569): <frozen importlib._bootstrap_external>(570):  --- modulename: _bootstrap_external, funcname: cache_from_source
<frozen importlib._bootstrap_external>(455): <frozen importlib._bootstrap_external>(462): <frozen importlib._bootstrap_external>(463):  --- modulename: _bootstrap_external, funcname: _path_split
<frozen importlib._bootstrap_external>(134):  --- modulename: _bootstrap_external, funcname: <genexpr>
<frozen importlib._bootstrap_external>(134):  --- modulename: _bootstrap_external, funcname: <genexpr>
<frozen importlib._bootstrap_external>(134):  --- modulename: _bootstrap_external, funcname: <genexpr>
<frozen importlib._bootstrap_external>(134): <frozen importlib._bootstrap_external>(135): <frozen importlib._bootstrap_external>(137): <frozen importlib._bootstrap_external>(464): <frozen importlib._bootstrap_external>(465): <frozen importlib._bootstrap_external>(466): <frozen importlib._bootstrap_external>(468): <frozen importlib._bootstrap_external>(469): <frozen importlib._bootstrap_external>(470): <frozen importlib._bootstrap_external>(471): <frozen importlib._bootstrap_external>(474): <frozen importlib._bootstrap_external>(475): <frozen importlib._bootstrap_external>(479): <frozen importlib._bootstrap_external>(480): <frozen importlib._bootstrap_external>(505):  --- modulename: _bootstrap_external, funcname: _path_join
<frozen importlib._bootstrap_external>(98): <frozen importlib._bootstrap_external>(100): <frozen importlib._bootstrap_external>(102): <frozen importlib._bootstrap_external>(103): <frozen importlib._bootstrap_external>(104): <frozen importlib._bootstrap_external>(105): <frozen importlib._bootstrap_external>(106): <frozen importlib._bootstrap_external>(107): <frozen importlib._bootstrap_external>(104): <frozen importlib._bootstrap_external>(105): <frozen importlib._bootstrap_external>(108): <frozen importlib._bootstrap_external>(117): <frozen importlib._bootstrap_external>(118): <frozen importlib._bootstrap_external>(104): <frozen importlib._bootstrap_external>(105): <frozen importlib._bootstrap_external>(108): <frozen importlib._bootstrap_external>(117): <frozen importlib._bootstrap_external>(118): <frozen importlib._bootstrap_external>(104): <frozen importlib._bootstrap_external>(119):  --- modulename: _bootstrap_external, funcname: <listcomp>
<frozen importlib._bootstrap_external>(119): <frozen importlib._bootstrap_external>(119): <frozen importlib._bootstrap_external>(119): <frozen importlib._bootstrap_external>(119): <frozen importlib._bootstrap_external>(120): <frozen importlib._bootstrap_external>(123): <frozen importlib._bootstrap>(399): <frozen importlib._bootstrap>(559): <frozen importlib._bootstrap>(560):  --- modulename: _bootstrap, funcname: cached
<frozen importlib._bootstrap>(394): <frozen importlib._bootstrap>(399): <frozen importlib._bootstrap>(563): <frozen importlib._bootstrap>(580): <frozen importlib._bootstrap>(681): <frozen importlib._bootstrap>(682): <frozen importlib._bootstrap>(683): <frozen importlib._bootstrap>(684): <frozen importlib._bootstrap>(685): <frozen importlib._bootstrap>(690):  --- modulename: _bootstrap_external, funcname: exec_module
<frozen importlib._bootstrap_external>(936):  --- modulename: _bootstrap_external, funcname: get_code
<frozen importlib._bootstrap_external>(1014):  --- modulename: _bootstrap_external, funcname: _check_name_wrapper
<frozen importlib._bootstrap_external>(600): <frozen importlib._bootstrap_external>(602): <frozen importlib._bootstrap_external>(605):  --- modulename: _bootstrap_external, funcname: get_filename
<frozen importlib._bootstrap_external>(1125): <frozen importlib._bootstrap_external>(1015): <frozen importlib._bootstrap_external>(1016): <frozen importlib._bootstrap_external>(1017): <frozen importlib._bootstrap_external>(1018): <frozen importlib._bootstrap_external>(1019): <frozen importlib._bootstrap_external>(1020): <frozen importlib._bootstrap_external>(1021):  --- modulename: _bootstrap_external, funcname: cache_from_source
<frozen importlib._bootstrap_external>(455): <frozen importlib._bootstrap_external>(462): <frozen importlib._bootstrap_external>(463):  --- modulename: _bootstrap_external, funcname: _path_split
<frozen importlib._bootstrap_external>(134):  --- modulename: _bootstrap_external, funcname: <genexpr>
<frozen importlib._bootstrap_external>(134):  --- modulename: _bootstrap_external, funcname: <genexpr>
<frozen importlib._bootstrap_external>(134):  --- modulename: _bootstrap_external, funcname: <genexpr>
<frozen importlib._bootstrap_external>(134): <frozen importlib._bootstrap_external>(135): <frozen importlib._bootstrap_external>(137): <frozen importlib._bootstrap_external>(464): <frozen importlib._bootstrap_external>(465): <frozen importlib._bootstrap_external>(466): <frozen importlib._bootstrap_external>(468): <frozen importlib._bootstrap_external>(469): <frozen importlib._bootstrap_external>(470): <frozen importlib._bootstrap_external>(471): <frozen importlib._bootstrap_external>(474): <frozen importlib._bootstrap_external>(475): <frozen importlib._bootstrap_external>(479): <frozen importlib._bootstrap_external>(480): <frozen importlib._bootstrap_external>(505):  --- modulename: _bootstrap_external, funcname: _path_join
<frozen importlib._bootstrap_external>(98): <frozen importlib._bootstrap_external>(100): <frozen importlib._bootstrap_external>(102): <frozen importlib._bootstrap_external>(103): <frozen importlib._bootstrap_external>(104): <frozen importlib._bootstrap_external>(105): <frozen importlib._bootstrap_external>(106): <frozen importlib._bootstrap_external>(107): <frozen importlib._bootstrap_external>(104): <frozen importlib._bootstrap_external>(105): <frozen importlib._bootstrap_external>(108): <frozen importlib._bootstrap_external>(117): <frozen importlib._bootstrap_external>(118): <frozen importlib._bootstrap_external>(104): <frozen importlib._bootstrap_external>(105): <frozen importlib._bootstrap_external>(108): <frozen importlib._bootstrap_external>(117): <frozen importlib._bootstrap_external>(118): <frozen importlib._bootstrap_external>(104): <frozen importlib._bootstrap_external>(119):  --- modulename: _bootstrap_external, funcname: <listcomp>
<frozen importlib._bootstrap_external>(119): <frozen importlib._bootstrap_external>(119): <frozen importlib._bootstrap_external>(119): <frozen importlib._bootstrap_external>(119): <frozen importlib._bootstrap_external>(120): <frozen importlib._bootstrap_external>(123): <frozen importlib._bootstrap_external>(1025): <frozen importlib._bootstrap_external>(1026):  --- modulename: _bootstrap_external, funcname: path_stats
<frozen importlib._bootstrap_external>(1148):  --- modulename: _bootstrap_external, funcname: _path_stat
<frozen importlib._bootstrap_external>(147): <frozen importlib._bootstrap_external>(1149): <frozen importlib._bootstrap_external>(1030): <frozen importlib._bootstrap_external>(1031): <frozen importlib._bootstrap_external>(1032):  --- modulename: _bootstrap_external, funcname: get_data
<frozen importlib._bootstrap_external>(1129): <frozen importlib._bootstrap_external>(1130): <frozen importlib._bootstrap_external>(1131): <frozen importlib._bootstrap_external>(1130): <frozen importlib._bootstrap_external>(1037): <frozen importlib._bootstrap_external>(1038): <frozen importlib._bootstrap_external>(1036): <frozen importlib._bootstrap_external>(1040): <frozen importlib._bootstrap_external>(1041):  --- modulename: _bootstrap_external, funcname: _classify_pyc
<frozen importlib._bootstrap_external>(658): <frozen importlib._bootstrap_external>(659): <frozen importlib._bootstrap_external>(663): <frozen importlib._bootstrap_external>(667):  --- modulename: _bootstrap_external, funcname: _unpack_uint32
<frozen importlib._bootstrap_external>(86): <frozen importlib._bootstrap_external>(87): <frozen importlib._bootstrap_external>(669): <frozen importlib._bootstrap_external>(672): <frozen importlib._bootstrap_external>(1042): <frozen importlib._bootstrap_external>(1043): <frozen importlib._bootstrap_external>(1044): <frozen importlib._bootstrap_external>(1057): <frozen importlib._bootstrap_external>(1058): <frozen importlib._bootstrap_external>(1059): <frozen importlib._bootstrap_external>(1060): <frozen importlib._bootstrap_external>(1061): <frozen importlib._bootstrap_external>(1062): <frozen importlib._bootstrap_external>(1057):  --- modulename: _bootstrap_external, funcname: _validate_timestamp_pyc
<frozen importlib._bootstrap_external>(694):  --- modulename: _bootstrap_external, funcname: _unpack_uint32
<frozen importlib._bootstrap_external>(86): <frozen importlib._bootstrap_external>(87): <frozen importlib._bootstrap_external>(698): <frozen importlib._bootstrap_external>(699):  --- modulename: _bootstrap_external, funcname: _unpack_uint32
<frozen importlib._bootstrap_external>(86): <frozen importlib._bootstrap_external>(87): <frozen importlib._bootstrap_external>(698): <frozen importlib._bootstrap_external>(1067): <frozen importlib._bootstrap_external>(1068): <frozen importlib._bootstrap_external>(1067):  --- modulename: _bootstrap, funcname: _verbose_message
<frozen importlib._bootstrap>(246): <frozen importlib._bootstrap_external>(1069): <frozen importlib._bootstrap_external>(1070): <frozen importlib._bootstrap_external>(1071): <frozen importlib._bootstrap_external>(1069):  --- modulename: _bootstrap_external, funcname: _compile_bytecode
<frozen importlib._bootstrap_external>(729): <frozen importlib._bootstrap_external>(730): <frozen importlib._bootstrap_external>(731):  --- modulename: _bootstrap, funcname: _verbose_message
<frozen importlib._bootstrap>(246): <frozen importlib._bootstrap_external>(732): <frozen importlib._bootstrap_external>(733): <frozen importlib._bootstrap_external>(734): <frozen importlib._bootstrap_external>(937): <frozen importlib._bootstrap_external>(940):  --- modulename: _bootstrap, funcname: _call_with_frames_removed
<frozen importlib._bootstrap>(241):  --- modulename: signal, funcname: <module>
signal.py(1): import _signal
signal.py(2): from _signal import *
signal.py(3): from enum import IntEnum as _IntEnum
signal.py(5): _globals = globals()
signal.py(7): _IntEnum._convert_(
signal.py(8):         'Signals', __name__,
signal.py(9):         lambda name:
signal.py(7): _IntEnum._convert_(
 --- modulename: enum, funcname: _convert_
enum.py(883):         module_globals = sys.modules[module].__dict__
enum.py(884):         if source:
enum.py(887):             source = module_globals
enum.py(891):         members = [
enum.py(893):                 for name, value in source.items()
enum.py(891):         members = [
 --- modulename: enum, funcname: <listcomp>
enum.py(891):         members = [
enum.py(893):                 for name, value in source.items()
enum.py(894):                 if filter(name)]
 --- modulename: signal, funcname: <lambda>
signal.py(10):             name.isupper()
signal.py(12):             or name.startswith('CTRL_'))
signal.py(9):         lambda name:
enum.py(891):         members = [
enum.py(891):         members = [
enum.py(893):                 for name, value in source.items()
enum.py(894):                 if filter(name)]
 --- modulename: signal, funcname: <lambda>
signal.py(10):             name.isupper()
signal.py(12):             or name.startswith('CTRL_'))
signal.py(9):         lambda name:
enum.py(891):         members = [
enum.py(891):         members = [
enum.py(893):                 for name, value in source.items()
enum.py(894):                 if filter(name)]
 --- modulename: signal, funcname: <lambda>
signal.py(10):             name.isupper()
signal.py(12):             or name.startswith('CTRL_'))
signal.py(9):         lambda name:
enum.py(891):         members = [
enum.py(891):         members = [
enum.py(893):                 for name, value in source.items()
enum.py(894):                 if filter(name)]
 --- modulename: signal, funcname: <lambda>
signal.py(10):             name.isupper()
signal.py(12):             or name.startswith('CTRL_'))
signal.py(9):         lambda name:
enum.py(891):         members = [
enum.py(891):         members = [
enum.py(893):                 for name, value in source.items()
enum.py(894):                 if filter(name)]
 --- modulename: signal, funcname: <lambda>
signal.py(10):             name.isupper()
signal.py(12):             or name.startswith('CTRL_'))
signal.py(9):         lambda name:
enum.py(891):         members = [
enum.py(891):         members = [
enum.py(893):                 for name, value in source.items()
enum.py(894):                 if filter(name)]
 --- modulename: signal, funcname: <lambda>
signal.py(10):             name.isupper()
signal.py(12):             or name.startswith('CTRL_'))
signal.py(9):         lambda name:
enum.py(891):         members = [
enum.py(891):         members = [
enum.py(893):                 for name, value in source.items()
enum.py(894):                 if filter(name)]
 --- modulename: signal, funcname: <lambda>
signal.py(10):             name.isupper()
signal.py(12):             or name.startswith('CTRL_'))
signal.py(9):         lambda name:
enum.py(891):         members = [
enum.py(891):         members = [
enum.py(893):                 for name, value in source.items()
enum.py(894):                 if filter(name)]
 --- modulename: signal, funcname: <lambda>
signal.py(10):             name.isupper()
signal.py(12):             or name.startswith('CTRL_'))
signal.py(9):         lambda name:
enum.py(891):         members = [
enum.py(891):         members = [
enum.py(893):                 for name, value in source.items()
enum.py(894):                 if filter(name)]
 --- modulename: signal, funcname: <lambda>
signal.py(10):             name.isupper()
signal.py(12):             or name.startswith('CTRL_'))
signal.py(9):         lambda name:
enum.py(891):         members = [
enum.py(891):         members = [
enum.py(893):                 for name, value in source.items()
enum.py(894):                 if filter(name)]
 --- modulename: signal, funcname: <lambda>
signal.py(10):             name.isupper()
signal.py(12):             or name.startswith('CTRL_'))
signal.py(9):         lambda name:
enum.py(891):         members = [
enum.py(891):         members = [
enum.py(893):                 for name, value in source.items()
enum.py(894):                 if filter(name)]
 --- modulename: signal, funcname: <lambda>
signal.py(10):             name.isupper()
signal.py(12):             or name.startswith('CTRL_'))
signal.py(9):         lambda name:
enum.py(891):         members = [
enum.py(891):         members = [
enum.py(893):                 for name, value in source.items()
enum.py(894):                 if filter(name)]
 --- modulename: signal, funcname: <lambda>
signal.py(10):             name.isupper()
signal.py(12):             or name.startswith('CTRL_'))
signal.py(9):         lambda name:
enum.py(891):         members = [
enum.py(891):         members = [
enum.py(893):                 for name, value in source.items()
enum.py(894):                 if filter(name)]
 --- modulename: signal, funcname: <lambda>
signal.py(10):             name.isupper()
signal.py(12):             or name.startswith('CTRL_'))
signal.py(9):         lambda name:
enum.py(891):         members = [
enum.py(891):         members = [
enum.py(893):                 for name, value in source.items()
enum.py(894):                 if filter(name)]
 --- modulename: signal, funcname: <lambda>
signal.py(10):             name.isupper()
signal.py(12):             or name.startswith('CTRL_'))
signal.py(9):         lambda name:
enum.py(891):         members = [
enum.py(891):         members = [
enum.py(893):                 for name, value in source.items()
enum.py(894):                 if filter(name)]
 --- modulename: signal, funcname: <lambda>
signal.py(10):             name.isupper()
signal.py(12):             or name.startswith('CTRL_'))
signal.py(9):         lambda name:
enum.py(891):         members = [
enum.py(891):         members = [
enum.py(893):                 for name, value in source.items()
enum.py(894):                 if filter(name)]
 --- modulename: signal, funcname: <lambda>
signal.py(10):             name.isupper()
signal.py(12):             or name.startswith('CTRL_'))
signal.py(9):         lambda name:
enum.py(891):         members = [
enum.py(891):         members = [
enum.py(893):                 for name, value in source.items()
enum.py(894):                 if filter(name)]
 --- modulename: signal, funcname: <lambda>
signal.py(10):             name.isupper()
signal.py(11):             and (name.startswith('SIG') and not name.startswith('SIG_'))
signal.py(10):             name.isupper()
signal.py(12):             or name.startswith('CTRL_'))
signal.py(9):         lambda name:
enum.py(891):         members = [
enum.py(891):         members = [
enum.py(893):                 for name, value in source.items()
enum.py(894):                 if filter(name)]
 --- modulename: signal, funcname: <lambda>
signal.py(10):             name.isupper()
signal.py(11):             and (name.startswith('SIG') and not name.startswith('SIG_'))
signal.py(10):             name.isupper()
signal.py(9):         lambda name:
enum.py(891):         members = [
enum.py(892):                 (name, value)
enum.py(891):         members = [
enum.py(891):         members = [
enum.py(893):                 for name, value in source.items()
enum.py(894):                 if filter(name)]
 --- modulename: signal, funcname: <lambda>
signal.py(10):             name.isupper()
signal.py(11):             and (name.startswith('SIG') and not name.startswith('SIG_'))
signal.py(10):             name.isupper()
signal.py(9):         lambda name:
enum.py(891):         members = [
enum.py(892):                 (name, value)
enum.py(891):         members = [
enum.py(891):         members = [
enum.py(893):                 for name, value in source.items()
enum.py(894):                 if filter(name)]
 --- modulename: signal, funcname: <lambda>
signal.py(10):             name.isupper()
signal.py(11):             and (name.startswith('SIG') and not name.startswith('SIG_'))
signal.py(10):             name.isupper()
signal.py(9):         lambda name:
enum.py(891):         members = [
enum.py(892):                 (name, value)
enum.py(891):         members = [
enum.py(891):         members = [
enum.py(893):                 for name, value in source.items()
enum.py(894):                 if filter(name)]
 --- modulename: signal, funcname: <lambda>
signal.py(10):             name.isupper()
signal.py(11):             and (name.startswith('SIG') and not name.startswith('SIG_'))
signal.py(10):             name.isupper()
signal.py(9):         lambda name:
enum.py(891):         members = [
enum.py(892):                 (name, value)
enum.py(891):         members = [
enum.py(891):         members = [
enum.py(893):                 for name, value in source.items()
enum.py(894):                 if filter(name)]
 --- modulename: signal, funcname: <lambda>
signal.py(10):             name.isupper()
signal.py(11):             and (name.startswith('SIG') and not name.startswith('SIG_'))
signal.py(10):             name.isupper()
signal.py(9):         lambda name:
enum.py(891):         members = [
enum.py(892):                 (name, value)
enum.py(891):         members = [
enum.py(891):         members = [
enum.py(893):                 for name, value in source.items()
enum.py(894):                 if filter(name)]
 --- modulename: signal, funcname: <lambda>
signal.py(10):             name.isupper()
signal.py(11):             and (name.startswith('SIG') and not name.startswith('SIG_'))
signal.py(10):             name.isupper()
signal.py(9):         lambda name:
enum.py(891):         members = [
enum.py(892):                 (name, value)
enum.py(891):         members = [
enum.py(891):         members = [
enum.py(893):                 for name, value in source.items()
enum.py(894):                 if filter(name)]
 --- modulename: signal, funcname: <lambda>
signal.py(10):             name.isupper()
signal.py(11):             and (name.startswith('SIG') and not name.startswith('SIG_'))
signal.py(10):             name.isupper()
signal.py(9):         lambda name:
enum.py(891):         members = [
enum.py(892):                 (name, value)
enum.py(891):         members = [
enum.py(891):         members = [
enum.py(893):                 for name, value in source.items()
enum.py(894):                 if filter(name)]
 --- modulename: signal, funcname: <lambda>
signal.py(10):             name.isupper()
signal.py(11):             and (name.startswith('SIG') and not name.startswith('SIG_'))
signal.py(10):             name.isupper()
signal.py(12):             or name.startswith('CTRL_'))
signal.py(9):         lambda name:
enum.py(891):         members = [
enum.py(892):                 (name, value)
enum.py(891):         members = [
enum.py(891):         members = [
enum.py(893):                 for name, value in source.items()
enum.py(894):                 if filter(name)]
 --- modulename: signal, funcname: <lambda>
signal.py(10):             name.isupper()
signal.py(11):             and (name.startswith('SIG') and not name.startswith('SIG_'))
signal.py(10):             name.isupper()
signal.py(12):             or name.startswith('CTRL_'))
signal.py(9):         lambda name:
enum.py(891):         members = [
enum.py(892):                 (name, value)
enum.py(891):         members = [
enum.py(891):         members = [
enum.py(893):                 for name, value in source.items()
enum.py(894):                 if filter(name)]
 --- modulename: signal, funcname: <lambda>
signal.py(10):             name.isupper()
signal.py(11):             and (name.startswith('SIG') and not name.startswith('SIG_'))
signal.py(10):             name.isupper()
signal.py(12):             or name.startswith('CTRL_'))
signal.py(9):         lambda name:
enum.py(891):         members = [
enum.py(891):         members = [
enum.py(893):                 for name, value in source.items()
enum.py(894):                 if filter(name)]
 --- modulename: signal, funcname: <lambda>
signal.py(10):             name.isupper()
signal.py(11):             and (name.startswith('SIG') and not name.startswith('SIG_'))
signal.py(10):             name.isupper()
signal.py(12):             or name.startswith('CTRL_'))
signal.py(9):         lambda name:
enum.py(891):         members = [
enum.py(891):         members = [
enum.py(893):                 for name, value in source.items()
enum.py(894):                 if filter(name)]
 --- modulename: signal, funcname: <lambda>
signal.py(10):             name.isupper()
signal.py(12):             or name.startswith('CTRL_'))
signal.py(9):         lambda name:
enum.py(891):         members = [
enum.py(891):         members = [
enum.py(893):                 for name, value in source.items()
enum.py(894):                 if filter(name)]
 --- modulename: signal, funcname: <lambda>
signal.py(10):             name.isupper()
signal.py(12):             or name.startswith('CTRL_'))
signal.py(9):         lambda name:
enum.py(891):         members = [
enum.py(891):         members = [
enum.py(895):         try:
enum.py(897):             members.sort(key=lambda t: (t[1], t[0]))
 --- modulename: enum, funcname: <lambda>
enum.py(897):             members.sort(key=lambda t: (t[1], t[0]))
 --- modulename: enum, funcname: <lambda>
enum.py(897):             members.sort(key=lambda t: (t[1], t[0]))
 --- modulename: enum, funcname: <lambda>
enum.py(897):             members.sort(key=lambda t: (t[1], t[0]))
 --- modulename: enum, funcname: <lambda>
enum.py(897):             members.sort(key=lambda t: (t[1], t[0]))
 --- modulename: enum, funcname: <lambda>
enum.py(897):             members.sort(key=lambda t: (t[1], t[0]))
 --- modulename: enum, funcname: <lambda>
enum.py(897):             members.sort(key=lambda t: (t[1], t[0]))
 --- modulename: enum, funcname: <lambda>
enum.py(897):             members.sort(key=lambda t: (t[1], t[0]))
 --- modulename: enum, funcname: <lambda>
enum.py(897):             members.sort(key=lambda t: (t[1], t[0]))
 --- modulename: enum, funcname: <lambda>
enum.py(897):             members.sort(key=lambda t: (t[1], t[0]))
enum.py(901):         body = {t[0]: t[1] for t in members}
 --- modulename: enum, funcname: <dictcomp>
enum.py(901):         body = {t[0]: t[1] for t in members}
enum.py(901):         body = {t[0]: t[1] for t in members}
enum.py(901):         body = {t[0]: t[1] for t in members}
enum.py(901):         body = {t[0]: t[1] for t in members}
enum.py(901):         body = {t[0]: t[1] for t in members}
enum.py(901):         body = {t[0]: t[1] for t in members}
enum.py(901):         body = {t[0]: t[1] for t in members}
enum.py(901):         body = {t[0]: t[1] for t in members}
enum.py(901):         body = {t[0]: t[1] for t in members}
enum.py(901):         body = {t[0]: t[1] for t in members}
enum.py(902):         body['__module__'] = module
enum.py(903):         tmp_cls = type(name, (object, ), body)
enum.py(904):         cls = _simple_enum(etype=cls, boundary=boundary or KEEP)(tmp_cls)
 --- modulename: enum, funcname: _simple_enum
enum.py(1625):     def convert_class(cls):
enum.py(1769):     return convert_class
 --- modulename: enum, funcname: convert_class
enum.py(1627):         cls_name = cls.__name__
enum.py(1628):         if use_args is None:
enum.py(1629):             use_args = etype._use_args_
enum.py(1630):         __new__ = cls.__dict__.get('__new__')
enum.py(1631):         if __new__ is not None:
enum.py(1634):             new_member = etype._member_type_.__new__
enum.py(1635):         attrs = {}
enum.py(1636):         body = {}
enum.py(1637):         if __new__ is not None:
enum.py(1639):         body['_new_member_'] = new_member
enum.py(1640):         body['_use_args_'] = use_args
enum.py(1641):         body['_generate_next_value_'] = gnv = etype._generate_next_value_
enum.py(1642):         body['_member_names_'] = member_names = []
enum.py(1643):         body['_member_map_'] = member_map = {}
enum.py(1644):         body['_value2member_map_'] = value2member_map = {}
enum.py(1645):         body['_unhashable_values_'] = []
enum.py(1646):         body['_member_type_'] = member_type = etype._member_type_
enum.py(1647):         body['_value_repr_'] = etype._value_repr_
enum.py(1648):         if issubclass(etype, Flag):
enum.py(1660):         for name, obj in cls.__dict__.items():
enum.py(1661):             if name in ('__dict__', '__weakref__'):
enum.py(1663):             if _is_dunder(name) or _is_private(cls_name, name) or _is_sunder(name) or _is_descriptor(obj):
 --- modulename: enum, funcname: _is_dunder
enum.py(52):             len(name) > 4 and
enum.py(53):             name[:2] == name[-2:] == '__' and
enum.py(52):             len(name) > 4 and
enum.py(51):     return (
 --- modulename: enum, funcname: _is_private
enum.py(78): def _is_private(cls_name, name):
enum.py(80):     pattern = '_%s__' % (cls_name, )
enum.py(81):     pat_len = len(pattern)
enum.py(83):             len(name) > pat_len
enum.py(82):     if (
enum.py(84):             and name.startswith(pattern)
enum.py(82):     if (
enum.py(90):         return False
 --- modulename: enum, funcname: _is_sunder
enum.py(63):             len(name) > 2 and
enum.py(64):             name[0] == name[-1] == '_' and
enum.py(63):             len(name) > 2 and
enum.py(62):     return (
 --- modulename: enum, funcname: _is_descriptor
enum.py(42):             hasattr(obj, '__get__') or
enum.py(43):             hasattr(obj, '__set__') or
enum.py(42):             hasattr(obj, '__get__') or
enum.py(44):             hasattr(obj, '__delete__')
enum.py(41):     return (
enum.py(1666):                 attrs[name] = obj
enum.py(1660):         for name, obj in cls.__dict__.items():
enum.py(1661):             if name in ('__dict__', '__weakref__'):
enum.py(1663):             if _is_dunder(name) or _is_private(cls_name, name) or _is_sunder(name) or _is_descriptor(obj):
 --- modulename: enum, funcname: _is_dunder
enum.py(52):             len(name) > 4 and
enum.py(53):             name[:2] == name[-2:] == '__' and
enum.py(52):             len(name) > 4 and
enum.py(51):     return (
 --- modulename: enum, funcname: _is_private
enum.py(78): def _is_private(cls_name, name):
enum.py(80):     pattern = '_%s__' % (cls_name, )
enum.py(81):     pat_len = len(pattern)
enum.py(83):             len(name) > pat_len
enum.py(82):     if (
enum.py(84):             and name.startswith(pattern)
enum.py(82):     if (
enum.py(90):         return False
 --- modulename: enum, funcname: _is_sunder
enum.py(63):             len(name) > 2 and
enum.py(64):             name[0] == name[-1] == '_' and
enum.py(63):             len(name) > 2 and
enum.py(62):     return (
 --- modulename: enum, funcname: _is_descriptor
enum.py(42):             hasattr(obj, '__get__') or
enum.py(43):             hasattr(obj, '__set__') or
enum.py(42):             hasattr(obj, '__get__') or
enum.py(44):             hasattr(obj, '__delete__')
enum.py(41):     return (
enum.py(1666):                 attrs[name] = obj
enum.py(1660):         for name, obj in cls.__dict__.items():
enum.py(1661):             if name in ('__dict__', '__weakref__'):
enum.py(1663):             if _is_dunder(name) or _is_private(cls_name, name) or _is_sunder(name) or _is_descriptor(obj):
 --- modulename: enum, funcname: _is_dunder
enum.py(52):             len(name) > 4 and
enum.py(53):             name[:2] == name[-2:] == '__' and
enum.py(52):             len(name) > 4 and
enum.py(51):     return (
 --- modulename: enum, funcname: _is_private
enum.py(78): def _is_private(cls_name, name):
enum.py(80):     pattern = '_%s__' % (cls_name, )
enum.py(81):     pat_len = len(pattern)
enum.py(83):             len(name) > pat_len
enum.py(82):     if (
enum.py(90):         return False
 --- modulename: enum, funcname: _is_sunder
enum.py(63):             len(name) > 2 and
enum.py(64):             name[0] == name[-1] == '_' and
enum.py(63):             len(name) > 2 and
enum.py(62):     return (
 --- modulename: enum, funcname: _is_descriptor
enum.py(42):             hasattr(obj, '__get__') or
enum.py(43):             hasattr(obj, '__set__') or
enum.py(42):             hasattr(obj, '__get__') or
enum.py(44):             hasattr(obj, '__delete__')
enum.py(41):     return (
enum.py(1666):                 attrs[name] = obj
enum.py(1660):         for name, obj in cls.__dict__.items():
enum.py(1661):             if name in ('__dict__', '__weakref__'):
enum.py(1663):             if _is_dunder(name) or _is_private(cls_name, name) or _is_sunder(name) or _is_descriptor(obj):
 --- modulename: enum, funcname: _is_dunder
enum.py(52):             len(name) > 4 and
enum.py(53):             name[:2] == name[-2:] == '__' and
enum.py(52):             len(name) > 4 and
enum.py(51):     return (
 --- modulename: enum, funcname: _is_private
enum.py(78): def _is_private(cls_name, name):
enum.py(80):     pattern = '_%s__' % (cls_name, )
enum.py(81):     pat_len = len(pattern)
enum.py(83):             len(name) > pat_len
enum.py(82):     if (
enum.py(90):         return False
 --- modulename: enum, funcname: _is_sunder
enum.py(63):             len(name) > 2 and
enum.py(64):             name[0] == name[-1] == '_' and
enum.py(63):             len(name) > 2 and
enum.py(62):     return (
 --- modulename: enum, funcname: _is_descriptor
enum.py(42):             hasattr(obj, '__get__') or
enum.py(43):             hasattr(obj, '__set__') or
enum.py(42):             hasattr(obj, '__get__') or
enum.py(44):             hasattr(obj, '__delete__')
enum.py(41):     return (
enum.py(1666):                 attrs[name] = obj
enum.py(1660):         for name, obj in cls.__dict__.items():
enum.py(1661):             if name in ('__dict__', '__weakref__'):
enum.py(1663):             if _is_dunder(name) or _is_private(cls_name, name) or _is_sunder(name) or _is_descriptor(obj):
 --- modulename: enum, funcname: _is_dunder
enum.py(52):             len(name) > 4 and
enum.py(53):             name[:2] == name[-2:] == '__' and
enum.py(52):             len(name) > 4 and
enum.py(51):     return (
 --- modulename: enum, funcname: _is_private
enum.py(78): def _is_private(cls_name, name):
enum.py(80):     pattern = '_%s__' % (cls_name, )
enum.py(81):     pat_len = len(pattern)
enum.py(83):             len(name) > pat_len
enum.py(82):     if (
enum.py(90):         return False
 --- modulename: enum, funcname: _is_sunder
enum.py(63):             len(name) > 2 and
enum.py(64):             name[0] == name[-1] == '_' and
enum.py(63):             len(name) > 2 and
enum.py(62):     return (
 --- modulename: enum, funcname: _is_descriptor
enum.py(42):             hasattr(obj, '__get__') or
enum.py(43):             hasattr(obj, '__set__') or
enum.py(42):             hasattr(obj, '__get__') or
enum.py(44):             hasattr(obj, '__delete__')
enum.py(41):     return (
enum.py(1666):                 attrs[name] = obj
enum.py(1660):         for name, obj in cls.__dict__.items():
enum.py(1661):             if name in ('__dict__', '__weakref__'):
enum.py(1663):             if _is_dunder(name) or _is_private(cls_name, name) or _is_sunder(name) or _is_descriptor(obj):
 --- modulename: enum, funcname: _is_dunder
enum.py(52):             len(name) > 4 and
enum.py(53):             name[:2] == name[-2:] == '__' and
enum.py(52):             len(name) > 4 and
enum.py(51):     return (
 --- modulename: enum, funcname: _is_private
enum.py(78): def _is_private(cls_name, name):
enum.py(80):     pattern = '_%s__' % (cls_name, )
enum.py(81):     pat_len = len(pattern)
enum.py(83):             len(name) > pat_len
enum.py(82):     if (
enum.py(90):         return False
 --- modulename: enum, funcname: _is_sunder
enum.py(63):             len(name) > 2 and
enum.py(64):             name[0] == name[-1] == '_' and
enum.py(63):             len(name) > 2 and
enum.py(62):     return (
 --- modulename: enum, funcname: _is_descriptor
enum.py(42):             hasattr(obj, '__get__') or
enum.py(43):             hasattr(obj, '__set__') or
enum.py(42):             hasattr(obj, '__get__') or
enum.py(44):             hasattr(obj, '__delete__')
enum.py(41):     return (
enum.py(1666):                 attrs[name] = obj
enum.py(1660):         for name, obj in cls.__dict__.items():
enum.py(1661):             if name in ('__dict__', '__weakref__'):
enum.py(1663):             if _is_dunder(name) or _is_private(cls_name, name) or _is_sunder(name) or _is_descriptor(obj):
 --- modulename: enum, funcname: _is_dunder
enum.py(52):             len(name) > 4 and
enum.py(53):             name[:2] == name[-2:] == '__' and
enum.py(52):             len(name) > 4 and
enum.py(51):     return (
 --- modulename: enum, funcname: _is_private
enum.py(78): def _is_private(cls_name, name):
enum.py(80):     pattern = '_%s__' % (cls_name, )
enum.py(81):     pat_len = len(pattern)
enum.py(83):             len(name) > pat_len
enum.py(82):     if (
enum.py(90):         return False
 --- modulename: enum, funcname: _is_sunder
enum.py(63):             len(name) > 2 and
enum.py(64):             name[0] == name[-1] == '_' and
enum.py(63):             len(name) > 2 and
enum.py(62):     return (
 --- modulename: enum, funcname: _is_descriptor
enum.py(42):             hasattr(obj, '__get__') or
enum.py(43):             hasattr(obj, '__set__') or
enum.py(42):             hasattr(obj, '__get__') or
enum.py(44):             hasattr(obj, '__delete__')
enum.py(41):     return (
enum.py(1666):                 attrs[name] = obj
enum.py(1660):         for name, obj in cls.__dict__.items():
enum.py(1661):             if name in ('__dict__', '__weakref__'):
enum.py(1663):             if _is_dunder(name) or _is_private(cls_name, name) or _is_sunder(name) or _is_descriptor(obj):
 --- modulename: enum, funcname: _is_dunder
enum.py(52):             len(name) > 4 and
enum.py(53):             name[:2] == name[-2:] == '__' and
enum.py(52):             len(name) > 4 and
enum.py(51):     return (
 --- modulename: enum, funcname: _is_private
enum.py(78): def _is_private(cls_name, name):
enum.py(80):     pattern = '_%s__' % (cls_name, )
enum.py(81):     pat_len = len(pattern)
enum.py(83):             len(name) > pat_len
enum.py(82):     if (
enum.py(90):         return False
 --- modulename: enum, funcname: _is_sunder
enum.py(63):             len(name) > 2 and
enum.py(64):             name[0] == name[-1] == '_' and
enum.py(63):             len(name) > 2 and
enum.py(62):     return (
 --- modulename: enum, funcname: _is_descriptor
enum.py(42):             hasattr(obj, '__get__') or
enum.py(43):             hasattr(obj, '__set__') or
enum.py(42):             hasattr(obj, '__get__') or
enum.py(44):             hasattr(obj, '__delete__')
enum.py(41):     return (
enum.py(1666):                 attrs[name] = obj
enum.py(1660):         for name, obj in cls.__dict__.items():
enum.py(1661):             if name in ('__dict__', '__weakref__'):
enum.py(1663):             if _is_dunder(name) or _is_private(cls_name, name) or _is_sunder(name) or _is_descriptor(obj):
 --- modulename: enum, funcname: _is_dunder
enum.py(52):             len(name) > 4 and
enum.py(53):             name[:2] == name[-2:] == '__' and
enum.py(52):             len(name) > 4 and
enum.py(51):     return (
 --- modulename: enum, funcname: _is_private
enum.py(78): def _is_private(cls_name, name):
enum.py(80):     pattern = '_%s__' % (cls_name, )
enum.py(81):     pat_len = len(pattern)
enum.py(83):             len(name) > pat_len
enum.py(82):     if (
enum.py(90):         return False
 --- modulename: enum, funcname: _is_sunder
enum.py(63):             len(name) > 2 and
enum.py(64):             name[0] == name[-1] == '_' and
enum.py(63):             len(name) > 2 and
enum.py(62):     return (
 --- modulename: enum, funcname: _is_descriptor
enum.py(42):             hasattr(obj, '__get__') or
enum.py(43):             hasattr(obj, '__set__') or
enum.py(42):             hasattr(obj, '__get__') or
enum.py(44):             hasattr(obj, '__delete__')
enum.py(41):     return (
enum.py(1666):                 attrs[name] = obj
enum.py(1660):         for name, obj in cls.__dict__.items():
enum.py(1661):             if name in ('__dict__', '__weakref__'):
enum.py(1663):             if _is_dunder(name) or _is_private(cls_name, name) or _is_sunder(name) or _is_descriptor(obj):
 --- modulename: enum, funcname: _is_dunder
enum.py(52):             len(name) > 4 and
enum.py(53):             name[:2] == name[-2:] == '__' and
enum.py(52):             len(name) > 4 and
enum.py(54):             name[2] != '_' and
enum.py(52):             len(name) > 4 and
enum.py(55):             name[-3] != '_'
enum.py(51):     return (
enum.py(1664):                 body[name] = obj
enum.py(1660):         for name, obj in cls.__dict__.items():
enum.py(1661):             if name in ('__dict__', '__weakref__'):
enum.py(1662):                 continue
enum.py(1660):         for name, obj in cls.__dict__.items():
enum.py(1661):             if name in ('__dict__', '__weakref__'):
enum.py(1662):                 continue
enum.py(1660):         for name, obj in cls.__dict__.items():
enum.py(1661):             if name in ('__dict__', '__weakref__'):
enum.py(1663):             if _is_dunder(name) or _is_private(cls_name, name) or _is_sunder(name) or _is_descriptor(obj):
 --- modulename: enum, funcname: _is_dunder
enum.py(52):             len(name) > 4 and
enum.py(53):             name[:2] == name[-2:] == '__' and
enum.py(52):             len(name) > 4 and
enum.py(54):             name[2] != '_' and
enum.py(52):             len(name) > 4 and
enum.py(55):             name[-3] != '_'
enum.py(51):     return (
enum.py(1664):                 body[name] = obj
enum.py(1660):         for name, obj in cls.__dict__.items():
enum.py(1667):         if cls.__dict__.get('__doc__') is None:
enum.py(1668):             body['__doc__'] = 'An enumeration.'
enum.py(1674):         enum_class = type(cls_name, (etype, ), body, boundary=boundary, _simple=True)
 --- modulename: enum, funcname: __new__
enum.py(472):         if _simple:
enum.py(473):             return super().__new__(metacls, cls, bases, classdict, **kwds)
enum.py(1675):         for name in ('__repr__', '__str__', '__format__', '__reduce_ex__'):
enum.py(1676):             if name not in body:
enum.py(1678):                 enum_method = getattr(etype, name)
enum.py(1679):                 found_method = getattr(enum_class, name)
enum.py(1680):                 object_method = getattr(object, name)
enum.py(1681):                 data_type_method = getattr(member_type, name)
enum.py(1682):                 if found_method in (data_type_method, object_method):
enum.py(1675):         for name in ('__repr__', '__str__', '__format__', '__reduce_ex__'):
enum.py(1676):             if name not in body:
enum.py(1678):                 enum_method = getattr(etype, name)
enum.py(1679):                 found_method = getattr(enum_class, name)
enum.py(1680):                 object_method = getattr(object, name)
enum.py(1681):                 data_type_method = getattr(member_type, name)
enum.py(1682):                 if found_method in (data_type_method, object_method):
enum.py(1675):         for name in ('__repr__', '__str__', '__format__', '__reduce_ex__'):
enum.py(1676):             if name not in body:
enum.py(1678):                 enum_method = getattr(etype, name)
enum.py(1679):                 found_method = getattr(enum_class, name)
enum.py(1680):                 object_method = getattr(object, name)
enum.py(1681):                 data_type_method = getattr(member_type, name)
enum.py(1682):                 if found_method in (data_type_method, object_method):
enum.py(1683):                     setattr(enum_class, name, enum_method)
 --- modulename: enum, funcname: __setattr__
enum.py(817):         member_map = cls.__dict__.get('_member_map_', {})
enum.py(818):         if name in member_map:
enum.py(820):         super().__setattr__(name, value)
enum.py(1675):         for name in ('__repr__', '__str__', '__format__', '__reduce_ex__'):
enum.py(1676):             if name not in body:
enum.py(1678):                 enum_method = getattr(etype, name)
enum.py(1679):                 found_method = getattr(enum_class, name)
enum.py(1680):                 object_method = getattr(object, name)
enum.py(1681):                 data_type_method = getattr(member_type, name)
enum.py(1682):                 if found_method in (data_type_method, object_method):
enum.py(1675):         for name in ('__repr__', '__str__', '__format__', '__reduce_ex__'):
enum.py(1684):         gnv_last_values = []
enum.py(1685):         if issubclass(enum_class, Flag):
enum.py(1732):             for name, value in attrs.items():
enum.py(1733):                 if isinstance(value, auto):
enum.py(1737):                 if value in value2member_map:
enum.py(1745):                     if use_args:
enum.py(1746):                         if not isinstance(value, tuple):
enum.py(1747):                             value = (value, )
enum.py(1748):                         member = new_member(enum_class, *value)
enum.py(1749):                         value = value[0]
enum.py(1752):                     if __new__ is None:
enum.py(1753):                         member._value_ = value
enum.py(1754):                     member._name_ = name
enum.py(1755):                     member.__objclass__ = enum_class
enum.py(1756):                     member.__init__(value)
 --- modulename: enum, funcname: __init__
enum.py(1126):         pass
enum.py(1757):                     member._sort_order_ = len(member_names)
enum.py(1758):                     redirect = property()
 --- modulename: types, funcname: __init__
types.py(165):         self.fget = fget
types.py(166):         self.fset = fset
types.py(167):         self.fdel = fdel
types.py(169):         self.__doc__ = doc or fget.__doc__
types.py(170):         self.overwrite_doc = doc is None
types.py(172):         self.__isabstractmethod__ = bool(getattr(fget, '__isabstractmethod__', False))
enum.py(1759):                     redirect.__set_name__(enum_class, name)
 --- modulename: enum, funcname: __set_name__
enum.py(221):         self.name = name
enum.py(222):         self.clsname = ownerclass.__name__
enum.py(1760):                     setattr(enum_class, name, redirect)
 --- modulename: enum, funcname: __setattr__
enum.py(817):         member_map = cls.__dict__.get('_member_map_', {})
enum.py(818):         if name in member_map:
enum.py(820):         super().__setattr__(name, value)
enum.py(1761):                     member_map[name] = member
enum.py(1762):                     value2member_map[value] = member
enum.py(1763):                     member_names.append(name)
enum.py(1764):                     gnv_last_values.append(value)
enum.py(1732):             for name, value in attrs.items():
enum.py(1733):                 if isinstance(value, auto):
enum.py(1737):                 if value in value2member_map:
enum.py(1745):                     if use_args:
enum.py(1746):                         if not isinstance(value, tuple):
enum.py(1747):                             value = (value, )
enum.py(1748):                         member = new_member(enum_class, *value)
enum.py(1749):                         value = value[0]
enum.py(1752):                     if __new__ is None:
enum.py(1753):                         member._value_ = value
enum.py(1754):                     member._name_ = name
enum.py(1755):                     member.__objclass__ = enum_class
enum.py(1756):                     member.__init__(value)
 --- modulename: enum, funcname: __init__
enum.py(1126):         pass
enum.py(1757):                     member._sort_order_ = len(member_names)
enum.py(1758):                     redirect = property()
 --- modulename: types, funcname: __init__
types.py(165):         self.fget = fget
types.py(166):         self.fset = fset
types.py(167):         self.fdel = fdel
types.py(169):         self.__doc__ = doc or fget.__doc__
types.py(170):         self.overwrite_doc = doc is None
types.py(172):         self.__isabstractmethod__ = bool(getattr(fget, '__isabstractmethod__', False))
enum.py(1759):                     redirect.__set_name__(enum_class, name)
 --- modulename: enum, funcname: __set_name__
enum.py(221):         self.name = name
enum.py(222):         self.clsname = ownerclass.__name__
enum.py(1760):                     setattr(enum_class, name, redirect)
 --- modulename: enum, funcname: __setattr__
enum.py(817):         member_map = cls.__dict__.get('_member_map_', {})
enum.py(818):         if name in member_map:
enum.py(820):         super().__setattr__(name, value)
enum.py(1761):                     member_map[name] = member
enum.py(1762):                     value2member_map[value] = member
enum.py(1763):                     member_names.append(name)
enum.py(1764):                     gnv_last_values.append(value)
enum.py(1732):             for name, value in attrs.items():
enum.py(1733):                 if isinstance(value, auto):
enum.py(1737):                 if value in value2member_map:
enum.py(1745):                     if use_args:
enum.py(1746):                         if not isinstance(value, tuple):
enum.py(1747):                             value = (value, )
enum.py(1748):                         member = new_member(enum_class, *value)
enum.py(1749):                         value = value[0]
enum.py(1752):                     if __new__ is None:
enum.py(1753):                         member._value_ = value
enum.py(1754):                     member._name_ = name
enum.py(1755):                     member.__objclass__ = enum_class
enum.py(1756):                     member.__init__(value)
 --- modulename: enum, funcname: __init__
enum.py(1126):         pass
enum.py(1757):                     member._sort_order_ = len(member_names)
enum.py(1758):                     redirect = property()
 --- modulename: types, funcname: __init__
types.py(165):         self.fget = fget
types.py(166):         self.fset = fset
types.py(167):         self.fdel = fdel
types.py(169):         self.__doc__ = doc or fget.__doc__
types.py(170):         self.overwrite_doc = doc is None
types.py(172):         self.__isabstractmethod__ = bool(getattr(fget, '__isabstractmethod__', False))
enum.py(1759):                     redirect.__set_name__(enum_class, name)
 --- modulename: enum, funcname: __set_name__
enum.py(221):         self.name = name
enum.py(222):         self.clsname = ownerclass.__name__
enum.py(1760):                     setattr(enum_class, name, redirect)
 --- modulename: enum, funcname: __setattr__
enum.py(817):         member_map = cls.__dict__.get('_member_map_', {})
enum.py(818):         if name in member_map:
enum.py(820):         super().__setattr__(name, value)
enum.py(1761):                     member_map[name] = member
enum.py(1762):                     value2member_map[value] = member
enum.py(1763):                     member_names.append(name)
enum.py(1764):                     gnv_last_values.append(value)
enum.py(1732):             for name, value in attrs.items():
enum.py(1733):                 if isinstance(value, auto):
enum.py(1737):                 if value in value2member_map:
enum.py(1745):                     if use_args:
enum.py(1746):                         if not isinstance(value, tuple):
enum.py(1747):                             value = (value, )
enum.py(1748):                         member = new_member(enum_class, *value)
enum.py(1749):                         value = value[0]
enum.py(1752):                     if __new__ is None:
enum.py(1753):                         member._value_ = value
enum.py(1754):                     member._name_ = name
enum.py(1755):                     member.__objclass__ = enum_class
enum.py(1756):                     member.__init__(value)
 --- modulename: enum, funcname: __init__
enum.py(1126):         pass
enum.py(1757):                     member._sort_order_ = len(member_names)
enum.py(1758):                     redirect = property()
 --- modulename: types, funcname: __init__
types.py(165):         self.fget = fget
types.py(166):         self.fset = fset
types.py(167):         self.fdel = fdel
types.py(169):         self.__doc__ = doc or fget.__doc__
types.py(170):         self.overwrite_doc = doc is None
types.py(172):         self.__isabstractmethod__ = bool(getattr(fget, '__isabstractmethod__', False))
enum.py(1759):                     redirect.__set_name__(enum_class, name)
 --- modulename: enum, funcname: __set_name__
enum.py(221):         self.name = name
enum.py(222):         self.clsname = ownerclass.__name__
enum.py(1760):                     setattr(enum_class, name, redirect)
 --- modulename: enum, funcname: __setattr__
enum.py(817):         member_map = cls.__dict__.get('_member_map_', {})
enum.py(818):         if name in member_map:
enum.py(820):         super().__setattr__(name, value)
enum.py(1761):                     member_map[name] = member
enum.py(1762):                     value2member_map[value] = member
enum.py(1763):                     member_names.append(name)
enum.py(1764):                     gnv_last_values.append(value)
enum.py(1732):             for name, value in attrs.items():
enum.py(1733):                 if isinstance(value, auto):
enum.py(1737):                 if value in value2member_map:
enum.py(1745):                     if use_args:
enum.py(1746):                         if not isinstance(value, tuple):
enum.py(1747):                             value = (value, )
enum.py(1748):                         member = new_member(enum_class, *value)
enum.py(1749):                         value = value[0]
enum.py(1752):                     if __new__ is None:
enum.py(1753):                         member._value_ = value
enum.py(1754):                     member._name_ = name
enum.py(1755):                     member.__objclass__ = enum_class
enum.py(1756):                     member.__init__(value)
 --- modulename: enum, funcname: __init__
enum.py(1126):         pass
enum.py(1757):                     member._sort_order_ = len(member_names)
enum.py(1758):                     redirect = property()
 --- modulename: types, funcname: __init__
types.py(165):         self.fget = fget
types.py(166):         self.fset = fset
types.py(167):         self.fdel = fdel
types.py(169):         self.__doc__ = doc or fget.__doc__
types.py(170):         self.overwrite_doc = doc is None
types.py(172):         self.__isabstractmethod__ = bool(getattr(fget, '__isabstractmethod__', False))
enum.py(1759):                     redirect.__set_name__(enum_class, name)
 --- modulename: enum, funcname: __set_name__
enum.py(221):         self.name = name
enum.py(222):         self.clsname = ownerclass.__name__
enum.py(1760):                     setattr(enum_class, name, redirect)
 --- modulename: enum, funcname: __setattr__
enum.py(817):         member_map = cls.__dict__.get('_member_map_', {})
enum.py(818):         if name in member_map:
enum.py(820):         super().__setattr__(name, value)
enum.py(1761):                     member_map[name] = member
enum.py(1762):                     value2member_map[value] = member
enum.py(1763):                     member_names.append(name)
enum.py(1764):                     gnv_last_values.append(value)
enum.py(1732):             for name, value in attrs.items():
enum.py(1733):                 if isinstance(value, auto):
enum.py(1737):                 if value in value2member_map:
enum.py(1745):                     if use_args:
enum.py(1746):                         if not isinstance(value, tuple):
enum.py(1747):                             value = (value, )
enum.py(1748):                         member = new_member(enum_class, *value)
enum.py(1749):                         value = value[0]
enum.py(1752):                     if __new__ is None:
enum.py(1753):                         member._value_ = value
enum.py(1754):                     member._name_ = name
enum.py(1755):                     member.__objclass__ = enum_class
enum.py(1756):                     member.__init__(value)
 --- modulename: enum, funcname: __init__
enum.py(1126):         pass
enum.py(1757):                     member._sort_order_ = len(member_names)
enum.py(1758):                     redirect = property()
 --- modulename: types, funcname: __init__
types.py(165):         self.fget = fget
types.py(166):         self.fset = fset
types.py(167):         self.fdel = fdel
types.py(169):         self.__doc__ = doc or fget.__doc__
types.py(170):         self.overwrite_doc = doc is None
types.py(172):         self.__isabstractmethod__ = bool(getattr(fget, '__isabstractmethod__', False))
enum.py(1759):                     redirect.__set_name__(enum_class, name)
 --- modulename: enum, funcname: __set_name__
enum.py(221):         self.name = name
enum.py(222):         self.clsname = ownerclass.__name__
enum.py(1760):                     setattr(enum_class, name, redirect)
 --- modulename: enum, funcname: __setattr__
enum.py(817):         member_map = cls.__dict__.get('_member_map_', {})
enum.py(818):         if name in member_map:
enum.py(820):         super().__setattr__(name, value)
enum.py(1761):                     member_map[name] = member
enum.py(1762):                     value2member_map[value] = member
enum.py(1763):                     member_names.append(name)
enum.py(1764):                     gnv_last_values.append(value)
enum.py(1732):             for name, value in attrs.items():
enum.py(1733):                 if isinstance(value, auto):
enum.py(1737):                 if value in value2member_map:
enum.py(1745):                     if use_args:
enum.py(1746):                         if not isinstance(value, tuple):
enum.py(1747):                             value = (value, )
enum.py(1748):                         member = new_member(enum_class, *value)
enum.py(1749):                         value = value[0]
enum.py(1752):                     if __new__ is None:
enum.py(1753):                         member._value_ = value
enum.py(1754):                     member._name_ = name
enum.py(1755):                     member.__objclass__ = enum_class
enum.py(1756):                     member.__init__(value)
 --- modulename: enum, funcname: __init__
enum.py(1126):         pass
enum.py(1757):                     member._sort_order_ = len(member_names)
enum.py(1758):                     redirect = property()
 --- modulename: types, funcname: __init__
types.py(165):         self.fget = fget
types.py(166):         self.fset = fset
types.py(167):         self.fdel = fdel
types.py(169):         self.__doc__ = doc or fget.__doc__
types.py(170):         self.overwrite_doc = doc is None
types.py(172):         self.__isabstractmethod__ = bool(getattr(fget, '__isabstractmethod__', False))
enum.py(1759):                     redirect.__set_name__(enum_class, name)
 --- modulename: enum, funcname: __set_name__
enum.py(221):         self.name = name
enum.py(222):         self.clsname = ownerclass.__name__
enum.py(1760):                     setattr(enum_class, name, redirect)
 --- modulename: enum, funcname: __setattr__
enum.py(817):         member_map = cls.__dict__.get('_member_map_', {})
enum.py(818):         if name in member_map:
enum.py(820):         super().__setattr__(name, value)
enum.py(1761):                     member_map[name] = member
enum.py(1762):                     value2member_map[value] = member
enum.py(1763):                     member_names.append(name)
enum.py(1764):                     gnv_last_values.append(value)
enum.py(1732):             for name, value in attrs.items():
enum.py(1733):                 if isinstance(value, auto):
enum.py(1737):                 if value in value2member_map:
enum.py(1745):                     if use_args:
enum.py(1746):                         if not isinstance(value, tuple):
enum.py(1747):                             value = (value, )
enum.py(1748):                         member = new_member(enum_class, *value)
enum.py(1749):                         value = value[0]
enum.py(1752):                     if __new__ is None:
enum.py(1753):                         member._value_ = value
enum.py(1754):                     member._name_ = name
enum.py(1755):                     member.__objclass__ = enum_class
enum.py(1756):                     member.__init__(value)
 --- modulename: enum, funcname: __init__
enum.py(1126):         pass
enum.py(1757):                     member._sort_order_ = len(member_names)
enum.py(1758):                     redirect = property()
 --- modulename: types, funcname: __init__
types.py(165):         self.fget = fget
types.py(166):         self.fset = fset
types.py(167):         self.fdel = fdel
types.py(169):         self.__doc__ = doc or fget.__doc__
types.py(170):         self.overwrite_doc = doc is None
types.py(172):         self.__isabstractmethod__ = bool(getattr(fget, '__isabstractmethod__', False))
enum.py(1759):                     redirect.__set_name__(enum_class, name)
 --- modulename: enum, funcname: __set_name__
enum.py(221):         self.name = name
enum.py(222):         self.clsname = ownerclass.__name__
enum.py(1760):                     setattr(enum_class, name, redirect)
 --- modulename: enum, funcname: __setattr__
enum.py(817):         member_map = cls.__dict__.get('_member_map_', {})
enum.py(818):         if name in member_map:
enum.py(820):         super().__setattr__(name, value)
enum.py(1761):                     member_map[name] = member
enum.py(1762):                     value2member_map[value] = member
enum.py(1763):                     member_names.append(name)
enum.py(1764):                     gnv_last_values.append(value)
enum.py(1732):             for name, value in attrs.items():
enum.py(1733):                 if isinstance(value, auto):
enum.py(1737):                 if value in value2member_map:
enum.py(1745):                     if use_args:
enum.py(1746):                         if not isinstance(value, tuple):
enum.py(1747):                             value = (value, )
enum.py(1748):                         member = new_member(enum_class, *value)
enum.py(1749):                         value = value[0]
enum.py(1752):                     if __new__ is None:
enum.py(1753):                         member._value_ = value
enum.py(1754):                     member._name_ = name
enum.py(1755):                     member.__objclass__ = enum_class
enum.py(1756):                     member.__init__(value)
 --- modulename: enum, funcname: __init__
enum.py(1126):         pass
enum.py(1757):                     member._sort_order_ = len(member_names)
enum.py(1758):                     redirect = property()
 --- modulename: types, funcname: __init__
types.py(165):         self.fget = fget
types.py(166):         self.fset = fset
types.py(167):         self.fdel = fdel
types.py(169):         self.__doc__ = doc or fget.__doc__
types.py(170):         self.overwrite_doc = doc is None
types.py(172):         self.__isabstractmethod__ = bool(getattr(fget, '__isabstractmethod__', False))
enum.py(1759):                     redirect.__set_name__(enum_class, name)
 --- modulename: enum, funcname: __set_name__
enum.py(221):         self.name = name
enum.py(222):         self.clsname = ownerclass.__name__
enum.py(1760):                     setattr(enum_class, name, redirect)
 --- modulename: enum, funcname: __setattr__
enum.py(817):         member_map = cls.__dict__.get('_member_map_', {})
enum.py(818):         if name in member_map:
enum.py(820):         super().__setattr__(name, value)
enum.py(1761):                     member_map[name] = member
enum.py(1762):                     value2member_map[value] = member
enum.py(1763):                     member_names.append(name)
enum.py(1764):                     gnv_last_values.append(value)
enum.py(1732):             for name, value in attrs.items():
enum.py(1765):         if '__new__' in body:
enum.py(1767):         enum_class.__new__ = Enum.__new__
 --- modulename: enum, funcname: __setattr__
enum.py(817):         member_map = cls.__dict__.get('_member_map_', {})
enum.py(818):         if name in member_map:
enum.py(820):         super().__setattr__(name, value)
enum.py(1768):         return enum_class
enum.py(905):         cls.__reduce_ex__ = _reduce_ex_by_global_name
 --- modulename: enum, funcname: __setattr__
enum.py(817):         member_map = cls.__dict__.get('_member_map_', {})
enum.py(818):         if name in member_map:
enum.py(820):         super().__setattr__(name, value)
enum.py(906):         if as_global:
enum.py(909):             sys.modules[cls.__module__].__dict__.update(cls.__members__)
 --- modulename: enum, funcname: __members__
enum.py(795):         return MappingProxyType(cls._member_map_)
enum.py(910):         module_globals[name] = cls
enum.py(911):         return cls
signal.py(14): _IntEnum._convert_(
signal.py(15):         'Handlers', __name__,
signal.py(16):         lambda name: name in ('SIG_DFL', 'SIG_IGN'))
signal.py(14): _IntEnum._convert_(
 --- modulename: enum, funcname: _convert_
enum.py(883):         module_globals = sys.modules[module].__dict__
enum.py(884):         if source:
enum.py(887):             source = module_globals
enum.py(891):         members = [
enum.py(893):                 for name, value in source.items()
enum.py(891):         members = [
 --- modulename: enum, funcname: <listcomp>
enum.py(891):         members = [
enum.py(893):                 for name, value in source.items()
enum.py(894):                 if filter(name)]
 --- modulename: signal, funcname: <lambda>
signal.py(16):         lambda name: name in ('SIG_DFL', 'SIG_IGN'))
enum.py(891):         members = [
enum.py(891):         members = [
enum.py(893):                 for name, value in source.items()
enum.py(894):                 if filter(name)]
 --- modulename: signal, funcname: <lambda>
signal.py(16):         lambda name: name in ('SIG_DFL', 'SIG_IGN'))
enum.py(891):         members = [
enum.py(891):         members = [
enum.py(893):                 for name, value in source.items()
enum.py(894):                 if filter(name)]
 --- modulename: signal, funcname: <lambda>
signal.py(16):         lambda name: name in ('SIG_DFL', 'SIG_IGN'))
enum.py(891):         members = [
enum.py(891):         members = [
enum.py(893):                 for name, value in source.items()
enum.py(894):                 if filter(name)]
 --- modulename: signal, funcname: <lambda>
signal.py(16):         lambda name: name in ('SIG_DFL', 'SIG_IGN'))
enum.py(891):         members = [
enum.py(891):         members = [
enum.py(893):                 for name, value in source.items()
enum.py(894):                 if filter(name)]
 --- modulename: signal, funcname: <lambda>
signal.py(16):         lambda name: name in ('SIG_DFL', 'SIG_IGN'))
enum.py(891):         members = [
enum.py(891):         members = [
enum.py(893):                 for name, value in source.items()
enum.py(894):                 if filter(name)]
 --- modulename: signal, funcname: <lambda>
signal.py(16):         lambda name: name in ('SIG_DFL', 'SIG_IGN'))
enum.py(891):         members = [
enum.py(891):         members = [
enum.py(893):                 for name, value in source.items()
enum.py(894):                 if filter(name)]
 --- modulename: signal, funcname: <lambda>
signal.py(16):         lambda name: name in ('SIG_DFL', 'SIG_IGN'))
enum.py(891):         members = [
enum.py(891):         members = [
enum.py(893):                 for name, value in source.items()
enum.py(894):                 if filter(name)]
 --- modulename: signal, funcname: <lambda>
signal.py(16):         lambda name: name in ('SIG_DFL', 'SIG_IGN'))
enum.py(891):         members = [
enum.py(891):         members = [
enum.py(893):                 for name, value in source.items()
enum.py(894):                 if filter(name)]
 --- modulename: signal, funcname: <lambda>
signal.py(16):         lambda name: name in ('SIG_DFL', 'SIG_IGN'))
enum.py(891):         members = [
enum.py(891):         members = [
enum.py(893):                 for name, value in source.items()
enum.py(894):                 if filter(name)]
 --- modulename: signal, funcname: <lambda>
signal.py(16):         lambda name: name in ('SIG_DFL', 'SIG_IGN'))
enum.py(891):         members = [
enum.py(891):         members = [
enum.py(893):                 for name, value in source.items()
enum.py(894):                 if filter(name)]
 --- modulename: signal, funcname: <lambda>
signal.py(16):         lambda name: name in ('SIG_DFL', 'SIG_IGN'))
enum.py(891):         members = [
enum.py(891):         members = [
enum.py(893):                 for name, value in source.items()
enum.py(894):                 if filter(name)]
 --- modulename: signal, funcname: <lambda>
signal.py(16):         lambda name: name in ('SIG_DFL', 'SIG_IGN'))
enum.py(891):         members = [
enum.py(891):         members = [
enum.py(893):                 for name, value in source.items()
enum.py(894):                 if filter(name)]
 --- modulename: signal, funcname: <lambda>
signal.py(16):         lambda name: name in ('SIG_DFL', 'SIG_IGN'))
enum.py(891):         members = [
enum.py(891):         members = [
enum.py(893):                 for name, value in source.items()
enum.py(894):                 if filter(name)]
 --- modulename: signal, funcname: <lambda>
signal.py(16):         lambda name: name in ('SIG_DFL', 'SIG_IGN'))
enum.py(891):         members = [
enum.py(891):         members = [
enum.py(893):                 for name, value in source.items()
enum.py(894):                 if filter(name)]
 --- modulename: signal, funcname: <lambda>
signal.py(16):         lambda name: name in ('SIG_DFL', 'SIG_IGN'))
enum.py(891):         members = [
enum.py(891):         members = [
enum.py(893):                 for name, value in source.items()
enum.py(894):                 if filter(name)]
 --- modulename: signal, funcname: <lambda>
signal.py(16):         lambda name: name in ('SIG_DFL', 'SIG_IGN'))
enum.py(891):         members = [
enum.py(891):         members = [
enum.py(893):                 for name, value in source.items()
enum.py(894):                 if filter(name)]
 --- modulename: signal, funcname: <lambda>
signal.py(16):         lambda name: name in ('SIG_DFL', 'SIG_IGN'))
enum.py(891):         members = [
enum.py(891):         members = [
enum.py(893):                 for name, value in source.items()
enum.py(894):                 if filter(name)]
 --- modulename: signal, funcname: <lambda>
signal.py(16):         lambda name: name in ('SIG_DFL', 'SIG_IGN'))
enum.py(891):         members = [
enum.py(891):         members = [
enum.py(893):                 for name, value in source.items()
enum.py(894):                 if filter(name)]
 --- modulename: signal, funcname: <lambda>
signal.py(16):         lambda name: name in ('SIG_DFL', 'SIG_IGN'))
enum.py(891):         members = [
enum.py(891):         members = [
enum.py(893):                 for name, value in source.items()
enum.py(894):                 if filter(name)]
 --- modulename: signal, funcname: <lambda>
signal.py(16):         lambda name: name in ('SIG_DFL', 'SIG_IGN'))
enum.py(891):         members = [
enum.py(891):         members = [
enum.py(893):                 for name, value in source.items()
enum.py(894):                 if filter(name)]
 --- modulename: signal, funcname: <lambda>
signal.py(16):         lambda name: name in ('SIG_DFL', 'SIG_IGN'))
enum.py(891):         members = [
enum.py(891):         members = [
enum.py(893):                 for name, value in source.items()
enum.py(894):                 if filter(name)]
 --- modulename: signal, funcname: <lambda>
signal.py(16):         lambda name: name in ('SIG_DFL', 'SIG_IGN'))
enum.py(891):         members = [
enum.py(891):         members = [
enum.py(893):                 for name, value in source.items()
enum.py(894):                 if filter(name)]
 --- modulename: signal, funcname: <lambda>
signal.py(16):         lambda name: name in ('SIG_DFL', 'SIG_IGN'))
enum.py(891):         members = [
enum.py(891):         members = [
enum.py(893):                 for name, value in source.items()
enum.py(894):                 if filter(name)]
 --- modulename: signal, funcname: <lambda>
signal.py(16):         lambda name: name in ('SIG_DFL', 'SIG_IGN'))
enum.py(891):         members = [
enum.py(891):         members = [
enum.py(893):                 for name, value in source.items()
enum.py(894):                 if filter(name)]
 --- modulename: signal, funcname: <lambda>
signal.py(16):         lambda name: name in ('SIG_DFL', 'SIG_IGN'))
enum.py(891):         members = [
enum.py(891):         members = [
enum.py(893):                 for name, value in source.items()
enum.py(894):                 if filter(name)]
 --- modulename: signal, funcname: <lambda>
signal.py(16):         lambda name: name in ('SIG_DFL', 'SIG_IGN'))
enum.py(891):         members = [
enum.py(891):         members = [
enum.py(893):                 for name, value in source.items()
enum.py(894):                 if filter(name)]
 --- modulename: signal, funcname: <lambda>
signal.py(16):         lambda name: name in ('SIG_DFL', 'SIG_IGN'))
enum.py(891):         members = [
enum.py(892):                 (name, value)
enum.py(891):         members = [
enum.py(891):         members = [
enum.py(893):                 for name, value in source.items()
enum.py(894):                 if filter(name)]
 --- modulename: signal, funcname: <lambda>
signal.py(16):         lambda name: name in ('SIG_DFL', 'SIG_IGN'))
enum.py(891):         members = [
enum.py(892):                 (name, value)
enum.py(891):         members = [
enum.py(891):         members = [
enum.py(893):                 for name, value in source.items()
enum.py(894):                 if filter(name)]
 --- modulename: signal, funcname: <lambda>
signal.py(16):         lambda name: name in ('SIG_DFL', 'SIG_IGN'))
enum.py(891):         members = [
enum.py(891):         members = [
enum.py(893):                 for name, value in source.items()
enum.py(894):                 if filter(name)]
 --- modulename: signal, funcname: <lambda>
signal.py(16):         lambda name: name in ('SIG_DFL', 'SIG_IGN'))
enum.py(891):         members = [
enum.py(891):         members = [
enum.py(893):                 for name, value in source.items()
enum.py(894):                 if filter(name)]
 --- modulename: signal, funcname: <lambda>
signal.py(16):         lambda name: name in ('SIG_DFL', 'SIG_IGN'))
enum.py(891):         members = [
enum.py(891):         members = [
enum.py(895):         try:
enum.py(897):             members.sort(key=lambda t: (t[1], t[0]))
 --- modulename: enum, funcname: <lambda>
enum.py(897):             members.sort(key=lambda t: (t[1], t[0]))
 --- modulename: enum, funcname: <lambda>
enum.py(897):             members.sort(key=lambda t: (t[1], t[0]))
enum.py(901):         body = {t[0]: t[1] for t in members}
 --- modulename: enum, funcname: <dictcomp>
enum.py(901):         body = {t[0]: t[1] for t in members}
enum.py(901):         body = {t[0]: t[1] for t in members}
enum.py(901):         body = {t[0]: t[1] for t in members}
enum.py(902):         body['__module__'] = module
enum.py(903):         tmp_cls = type(name, (object, ), body)
enum.py(904):         cls = _simple_enum(etype=cls, boundary=boundary or KEEP)(tmp_cls)
 --- modulename: enum, funcname: _simple_enum
enum.py(1625):     def convert_class(cls):
enum.py(1769):     return convert_class
 --- modulename: enum, funcname: convert_class
enum.py(1627):         cls_name = cls.__name__
enum.py(1628):         if use_args is None:
enum.py(1629):             use_args = etype._use_args_
enum.py(1630):         __new__ = cls.__dict__.get('__new__')
enum.py(1631):         if __new__ is not None:
enum.py(1634):             new_member = etype._member_type_.__new__
enum.py(1635):         attrs = {}
enum.py(1636):         body = {}
enum.py(1637):         if __new__ is not None:
enum.py(1639):         body['_new_member_'] = new_member
enum.py(1640):         body['_use_args_'] = use_args
enum.py(1641):         body['_generate_next_value_'] = gnv = etype._generate_next_value_
enum.py(1642):         body['_member_names_'] = member_names = []
enum.py(1643):         body['_member_map_'] = member_map = {}
enum.py(1644):         body['_value2member_map_'] = value2member_map = {}
enum.py(1645):         body['_unhashable_values_'] = []
enum.py(1646):         body['_member_type_'] = member_type = etype._member_type_
enum.py(1647):         body['_value_repr_'] = etype._value_repr_
enum.py(1648):         if issubclass(etype, Flag):
enum.py(1660):         for name, obj in cls.__dict__.items():
enum.py(1661):             if name in ('__dict__', '__weakref__'):
enum.py(1663):             if _is_dunder(name) or _is_private(cls_name, name) or _is_sunder(name) or _is_descriptor(obj):
 --- modulename: enum, funcname: _is_dunder
enum.py(52):             len(name) > 4 and
enum.py(53):             name[:2] == name[-2:] == '__' and
enum.py(52):             len(name) > 4 and
enum.py(51):     return (
 --- modulename: enum, funcname: _is_private
enum.py(78): def _is_private(cls_name, name):
enum.py(80):     pattern = '_%s__' % (cls_name, )
enum.py(81):     pat_len = len(pattern)
enum.py(83):             len(name) > pat_len
enum.py(82):     if (
enum.py(90):         return False
 --- modulename: enum, funcname: _is_sunder
enum.py(63):             len(name) > 2 and
enum.py(64):             name[0] == name[-1] == '_' and
enum.py(63):             len(name) > 2 and
enum.py(62):     return (
 --- modulename: enum, funcname: _is_descriptor
enum.py(42):             hasattr(obj, '__get__') or
enum.py(43):             hasattr(obj, '__set__') or
enum.py(42):             hasattr(obj, '__get__') or
enum.py(44):             hasattr(obj, '__delete__')
enum.py(41):     return (
enum.py(1666):                 attrs[name] = obj
enum.py(1660):         for name, obj in cls.__dict__.items():
enum.py(1661):             if name in ('__dict__', '__weakref__'):
enum.py(1663):             if _is_dunder(name) or _is_private(cls_name, name) or _is_sunder(name) or _is_descriptor(obj):
 --- modulename: enum, funcname: _is_dunder
enum.py(52):             len(name) > 4 and
enum.py(53):             name[:2] == name[-2:] == '__' and
enum.py(52):             len(name) > 4 and
enum.py(51):     return (
 --- modulename: enum, funcname: _is_private
enum.py(78): def _is_private(cls_name, name):
enum.py(80):     pattern = '_%s__' % (cls_name, )
enum.py(81):     pat_len = len(pattern)
enum.py(83):             len(name) > pat_len
enum.py(82):     if (
enum.py(90):         return False
 --- modulename: enum, funcname: _is_sunder
enum.py(63):             len(name) > 2 and
enum.py(64):             name[0] == name[-1] == '_' and
enum.py(63):             len(name) > 2 and
enum.py(62):     return (
 --- modulename: enum, funcname: _is_descriptor
enum.py(42):             hasattr(obj, '__get__') or
enum.py(43):             hasattr(obj, '__set__') or
enum.py(42):             hasattr(obj, '__get__') or
enum.py(44):             hasattr(obj, '__delete__')
enum.py(41):     return (
enum.py(1666):                 attrs[name] = obj
enum.py(1660):         for name, obj in cls.__dict__.items():
enum.py(1661):             if name in ('__dict__', '__weakref__'):
enum.py(1663):             if _is_dunder(name) or _is_private(cls_name, name) or _is_sunder(name) or _is_descriptor(obj):
 --- modulename: enum, funcname: _is_dunder
enum.py(52):             len(name) > 4 and
enum.py(53):             name[:2] == name[-2:] == '__' and
enum.py(52):             len(name) > 4 and
enum.py(54):             name[2] != '_' and
enum.py(52):             len(name) > 4 and
enum.py(55):             name[-3] != '_'
enum.py(51):     return (
enum.py(1664):                 body[name] = obj
enum.py(1660):         for name, obj in cls.__dict__.items():
enum.py(1661):             if name in ('__dict__', '__weakref__'):
enum.py(1662):                 continue
enum.py(1660):         for name, obj in cls.__dict__.items():
enum.py(1661):             if name in ('__dict__', '__weakref__'):
enum.py(1662):                 continue
enum.py(1660):         for name, obj in cls.__dict__.items():
enum.py(1661):             if name in ('__dict__', '__weakref__'):
enum.py(1663):             if _is_dunder(name) or _is_private(cls_name, name) or _is_sunder(name) or _is_descriptor(obj):
 --- modulename: enum, funcname: _is_dunder
enum.py(52):             len(name) > 4 and
enum.py(53):             name[:2] == name[-2:] == '__' and
enum.py(52):             len(name) > 4 and
enum.py(54):             name[2] != '_' and
enum.py(52):             len(name) > 4 and
enum.py(55):             name[-3] != '_'
enum.py(51):     return (
enum.py(1664):                 body[name] = obj
enum.py(1660):         for name, obj in cls.__dict__.items():
enum.py(1667):         if cls.__dict__.get('__doc__') is None:
enum.py(1668):             body['__doc__'] = 'An enumeration.'
enum.py(1674):         enum_class = type(cls_name, (etype, ), body, boundary=boundary, _simple=True)
 --- modulename: enum, funcname: __new__
enum.py(472):         if _simple:
enum.py(473):             return super().__new__(metacls, cls, bases, classdict, **kwds)
enum.py(1675):         for name in ('__repr__', '__str__', '__format__', '__reduce_ex__'):
enum.py(1676):             if name not in body:
enum.py(1678):                 enum_method = getattr(etype, name)
enum.py(1679):                 found_method = getattr(enum_class, name)
enum.py(1680):                 object_method = getattr(object, name)
enum.py(1681):                 data_type_method = getattr(member_type, name)
enum.py(1682):                 if found_method in (data_type_method, object_method):
enum.py(1675):         for name in ('__repr__', '__str__', '__format__', '__reduce_ex__'):
enum.py(1676):             if name not in body:
enum.py(1678):                 enum_method = getattr(etype, name)
enum.py(1679):                 found_method = getattr(enum_class, name)
enum.py(1680):                 object_method = getattr(object, name)
enum.py(1681):                 data_type_method = getattr(member_type, name)
enum.py(1682):                 if found_method in (data_type_method, object_method):
enum.py(1675):         for name in ('__repr__', '__str__', '__format__', '__reduce_ex__'):
enum.py(1676):             if name not in body:
enum.py(1678):                 enum_method = getattr(etype, name)
enum.py(1679):                 found_method = getattr(enum_class, name)
enum.py(1680):                 object_method = getattr(object, name)
enum.py(1681):                 data_type_method = getattr(member_type, name)
enum.py(1682):                 if found_method in (data_type_method, object_method):
enum.py(1683):                     setattr(enum_class, name, enum_method)
 --- modulename: enum, funcname: __setattr__
enum.py(817):         member_map = cls.__dict__.get('_member_map_', {})
enum.py(818):         if name in member_map:
enum.py(820):         super().__setattr__(name, value)
enum.py(1675):         for name in ('__repr__', '__str__', '__format__', '__reduce_ex__'):
enum.py(1676):             if name not in body:
enum.py(1678):                 enum_method = getattr(etype, name)
enum.py(1679):                 found_method = getattr(enum_class, name)
enum.py(1680):                 object_method = getattr(object, name)
enum.py(1681):                 data_type_method = getattr(member_type, name)
enum.py(1682):                 if found_method in (data_type_method, object_method):
enum.py(1675):         for name in ('__repr__', '__str__', '__format__', '__reduce_ex__'):
enum.py(1684):         gnv_last_values = []
enum.py(1685):         if issubclass(enum_class, Flag):
enum.py(1732):             for name, value in attrs.items():
enum.py(1733):                 if isinstance(value, auto):
enum.py(1737):                 if value in value2member_map:
enum.py(1745):                     if use_args:
enum.py(1746):                         if not isinstance(value, tuple):
enum.py(1747):                             value = (value, )
enum.py(1748):                         member = new_member(enum_class, *value)
enum.py(1749):                         value = value[0]
enum.py(1752):                     if __new__ is None:
enum.py(1753):                         member._value_ = value
enum.py(1754):                     member._name_ = name
enum.py(1755):                     member.__objclass__ = enum_class
enum.py(1756):                     member.__init__(value)
 --- modulename: enum, funcname: __init__
enum.py(1126):         pass
enum.py(1757):                     member._sort_order_ = len(member_names)
enum.py(1758):                     redirect = property()
 --- modulename: types, funcname: __init__
types.py(165):         self.fget = fget
types.py(166):         self.fset = fset
types.py(167):         self.fdel = fdel
types.py(169):         self.__doc__ = doc or fget.__doc__
types.py(170):         self.overwrite_doc = doc is None
types.py(172):         self.__isabstractmethod__ = bool(getattr(fget, '__isabstractmethod__', False))
enum.py(1759):                     redirect.__set_name__(enum_class, name)
 --- modulename: enum, funcname: __set_name__
enum.py(221):         self.name = name
enum.py(222):         self.clsname = ownerclass.__name__
enum.py(1760):                     setattr(enum_class, name, redirect)
 --- modulename: enum, funcname: __setattr__
enum.py(817):         member_map = cls.__dict__.get('_member_map_', {})
enum.py(818):         if name in member_map:
enum.py(820):         super().__setattr__(name, value)
enum.py(1761):                     member_map[name] = member
enum.py(1762):                     value2member_map[value] = member
enum.py(1763):                     member_names.append(name)
enum.py(1764):                     gnv_last_values.append(value)
enum.py(1732):             for name, value in attrs.items():
enum.py(1733):                 if isinstance(value, auto):
enum.py(1737):                 if value in value2member_map:
enum.py(1745):                     if use_args:
enum.py(1746):                         if not isinstance(value, tuple):
enum.py(1747):                             value = (value, )
enum.py(1748):                         member = new_member(enum_class, *value)
enum.py(1749):                         value = value[0]
enum.py(1752):                     if __new__ is None:
enum.py(1753):                         member._value_ = value
enum.py(1754):                     member._name_ = name
enum.py(1755):                     member.__objclass__ = enum_class
enum.py(1756):                     member.__init__(value)
 --- modulename: enum, funcname: __init__
enum.py(1126):         pass
enum.py(1757):                     member._sort_order_ = len(member_names)
enum.py(1758):                     redirect = property()
 --- modulename: types, funcname: __init__
types.py(165):         self.fget = fget
types.py(166):         self.fset = fset
types.py(167):         self.fdel = fdel
types.py(169):         self.__doc__ = doc or fget.__doc__
types.py(170):         self.overwrite_doc = doc is None
types.py(172):         self.__isabstractmethod__ = bool(getattr(fget, '__isabstractmethod__', False))
enum.py(1759):                     redirect.__set_name__(enum_class, name)
 --- modulename: enum, funcname: __set_name__
enum.py(221):         self.name = name
enum.py(222):         self.clsname = ownerclass.__name__
enum.py(1760):                     setattr(enum_class, name, redirect)
 --- modulename: enum, funcname: __setattr__
enum.py(817):         member_map = cls.__dict__.get('_member_map_', {})
enum.py(818):         if name in member_map:
enum.py(820):         super().__setattr__(name, value)
enum.py(1761):                     member_map[name] = member
enum.py(1762):                     value2member_map[value] = member
enum.py(1763):                     member_names.append(name)
enum.py(1764):                     gnv_last_values.append(value)
enum.py(1732):             for name, value in attrs.items():
enum.py(1765):         if '__new__' in body:
enum.py(1767):         enum_class.__new__ = Enum.__new__
 --- modulename: enum, funcname: __setattr__
enum.py(817):         member_map = cls.__dict__.get('_member_map_', {})
enum.py(818):         if name in member_map:
enum.py(820):         super().__setattr__(name, value)
enum.py(1768):         return enum_class
enum.py(905):         cls.__reduce_ex__ = _reduce_ex_by_global_name
 --- modulename: enum, funcname: __setattr__
enum.py(817):         member_map = cls.__dict__.get('_member_map_', {})
enum.py(818):         if name in member_map:
enum.py(820):         super().__setattr__(name, value)
enum.py(906):         if as_global:
enum.py(909):             sys.modules[cls.__module__].__dict__.update(cls.__members__)
 --- modulename: enum, funcname: __members__
enum.py(795):         return MappingProxyType(cls._member_map_)
enum.py(910):         module_globals[name] = cls
enum.py(911):         return cls
signal.py(18): if 'pthread_sigmask' in _globals:
signal.py(24): def _int_to_enum(value, enum_klass):
signal.py(34): def _enum_to_int(value):
signal.py(48): def _wraps(wrapped):
signal.py(54): @_wraps(_signal.signal)
 --- modulename: signal, funcname: _wraps
signal.py(49):     def decorator(wrapper):
signal.py(52):     return decorator
signal.py(55): def signal(signalnum, handler):
signal.py(54): @_wraps(_signal.signal)
 --- modulename: signal, funcname: decorator
signal.py(50):         wrapper.__doc__ = wrapped.__doc__
signal.py(51):         return wrapper
signal.py(55): def signal(signalnum, handler):
signal.py(60): @_wraps(_signal.getsignal)
 --- modulename: signal, funcname: _wraps
signal.py(49):     def decorator(wrapper):
signal.py(52):     return decorator
signal.py(61): def getsignal(signalnum):
signal.py(60): @_wraps(_signal.getsignal)
 --- modulename: signal, funcname: decorator
signal.py(50):         wrapper.__doc__ = wrapped.__doc__
signal.py(51):         return wrapper
signal.py(61): def getsignal(signalnum):
signal.py(66): if 'pthread_sigmask' in _globals:
signal.py(73): if 'sigpending' in _globals:
signal.py(79): if 'sigwait' in _globals:
signal.py(86): if 'valid_signals' in _globals:
signal.py(87):     @_wraps(_signal.valid_signals)
 --- modulename: signal, funcname: _wraps
signal.py(49):     def decorator(wrapper):
signal.py(52):     return decorator
signal.py(88):     def valid_signals():
signal.py(87):     @_wraps(_signal.valid_signals)
 --- modulename: signal, funcname: decorator
signal.py(50):         wrapper.__doc__ = wrapped.__doc__
signal.py(51):         return wrapper
signal.py(88):     def valid_signals():
signal.py(92): del _globals, _wraps
<frozen importlib._bootstrap>(701): <frozen importlib._bootstrap>(702): <frozen importlib._bootstrap>(703):  --- modulename: _bootstrap, funcname: _verbose_message
<frozen importlib._bootstrap>(246): <frozen importlib._bootstrap>(705): <frozen importlib._bootstrap>(707): <frozen importlib._bootstrap>(1151): <frozen importlib._bootstrap>(1153): <frozen importlib._bootstrap>(1161): <frozen importlib._bootstrap>(1175):  --- modulename: _bootstrap, funcname: __exit__
<frozen importlib._bootstrap>(174):  --- modulename: _bootstrap, funcname: release
<frozen importlib._bootstrap>(126): <frozen importlib._bootstrap>(127): <frozen importlib._bootstrap>(128): <frozen importlib._bootstrap>(130): <frozen importlib._bootstrap>(131): <frozen importlib._bootstrap>(132): <frozen importlib._bootstrap>(133): <frozen importlib._bootstrap>(134): <frozen importlib._bootstrap>(127):  --- modulename: _bootstrap, funcname: cb
<frozen importlib._bootstrap>(199): <frozen importlib._bootstrap>(200): <frozen importlib._bootstrap>(204): <frozen importlib._bootstrap>(205): <frozen importlib._bootstrap>(207): process.py(20): import itertools
process.py(21): import threading
process.py(22): from _weakrefset import WeakSet
process.py(28): try:
process.py(29):     ORIGINAL_DIR = os.path.abspath(os.getcwd())
 --- modulename: ntpath, funcname: abspath
<frozen ntpath>(579): <frozen ntpath>(580):  --- modulename: ntpath, funcname: normpath
<frozen ntpath>(547): <frozen ntpath>(548): <frozen ntpath>(550): process.py(37): def current_process():
process.py(43): def active_children():
process.py(51): def parent_process():
process.py(61): def _cleanup():
process.py(71): class BaseProcess(object):
 --- modulename: process, funcname: BaseProcess
process.py(71): class BaseProcess(object):
process.py(72):     '''
process.py(77):     def _Popen(self):
process.py(80):     def __init__(self, group=None, target=None, name=None, args=(), kwargs={},
process.py(81):                  *, daemon=None):
process.py(80):     def __init__(self, group=None, target=None, name=None, args=(), kwargs={},
process.py(99):     def _check_closed(self):
process.py(103):     def run(self):
process.py(110):     def start(self):
process.py(128):     def terminate(self):
process.py(135):     def kill(self):
process.py(142):     def join(self, timeout=None):
process.py(153):     def is_alive(self):
process.py(172):     def close(self):
process.py(189):     @property
process.py(190):     def name(self):
process.py(189):     @property
process.py(190):     def name(self):
process.py(193):     @name.setter
process.py(194):     def name(self, name):
process.py(193):     @name.setter
process.py(194):     def name(self, name):
process.py(198):     @property
process.py(199):     def daemon(self):
process.py(198):     @property
process.py(199):     def daemon(self):
process.py(205):     @daemon.setter
process.py(206):     def daemon(self, daemonic):
process.py(205):     @daemon.setter
process.py(206):     def daemon(self, daemonic):
process.py(213):     @property
process.py(214):     def authkey(self):
process.py(213):     @property
process.py(214):     def authkey(self):
process.py(217):     @authkey.setter
process.py(218):     def authkey(self, authkey):
process.py(217):     @authkey.setter
process.py(218):     def authkey(self, authkey):
process.py(224):     @property
process.py(225):     def exitcode(self):
process.py(224):     @property
process.py(225):     def exitcode(self):
process.py(234):     @property
process.py(235):     def ident(self):
process.py(234):     @property
process.py(235):     def ident(self):
process.py(245):     pid = ident
process.py(247):     @property
process.py(248):     def sentinel(self):
process.py(247):     @property
process.py(248):     def sentinel(self):
process.py(259):     def __repr__(self):
process.py(290):     def _bootstrap(self, parent_sentinel=None):
process.py(338):     @staticmethod
process.py(339):     def _after_fork():
process.py(338):     @staticmethod
process.py(339):     def _after_fork():
process.py(349): class AuthenticationString(bytes):
 --- modulename: process, funcname: AuthenticationString
process.py(349): class AuthenticationString(bytes):
process.py(350):     def __reduce__(self):
process.py(364): class _ParentProcess(BaseProcess):
 --- modulename: process, funcname: _ParentProcess
process.py(364): class _ParentProcess(BaseProcess):
process.py(366):     def __init__(self, name, pid, sentinel):
process.py(376):     def is_alive(self):
process.py(380):     @property
process.py(381):     def ident(self):
process.py(380):     @property
process.py(381):     def ident(self):
process.py(384):     def join(self, timeout=None):
process.py(391):     pid = ident
process.py(397): class _MainProcess(BaseProcess):
 --- modulename: process, funcname: _MainProcess
process.py(397): class _MainProcess(BaseProcess):
process.py(399):     def __init__(self):
process.py(417):     def close(self):
process.py(421): _parent_process = None
process.py(422): _current_process = _MainProcess()
 --- modulename: process, funcname: __init__
process.py(400):         self._identity = ()
process.py(401):         self._name = 'MainProcess'
process.py(402):         self._parent_pid = None
process.py(403):         self._popen = None
process.py(404):         self._closed = False
process.py(405):         self._config = {'authkey': AuthenticationString(os.urandom(32)),
process.py(406):                         'semprefix': '/mp'}
process.py(405):         self._config = {'authkey': AuthenticationString(os.urandom(32)),
process.py(423): _process_counter = itertools.count(1)
process.py(424): _children = set()
process.py(425): del _MainProcess
process.py(431): _exitcode_to_name = {}
process.py(433): for name, signum in list(signal.__dict__.items()):
process.py(434):     if name[:3]=='SIG' and '_' not in name:
process.py(433): for name, signum in list(signal.__dict__.items()):
process.py(434):     if name[:3]=='SIG' and '_' not in name:
process.py(433): for name, signum in list(signal.__dict__.items()):
process.py(434):     if name[:3]=='SIG' and '_' not in name:
process.py(433): for name, signum in list(signal.__dict__.items()):
process.py(434):     if name[:3]=='SIG' and '_' not in name:
process.py(433): for name, signum in list(signal.__dict__.items()):
process.py(434):     if name[:3]=='SIG' and '_' not in name:
process.py(433): for name, signum in list(signal.__dict__.items()):
process.py(434):     if name[:3]=='SIG' and '_' not in name:
process.py(433): for name, signum in list(signal.__dict__.items()):
process.py(434):     if name[:3]=='SIG' and '_' not in name:
process.py(433): for name, signum in list(signal.__dict__.items()):
process.py(434):     if name[:3]=='SIG' and '_' not in name:
process.py(433): for name, signum in list(signal.__dict__.items()):
process.py(434):     if name[:3]=='SIG' and '_' not in name:
process.py(433): for name, signum in list(signal.__dict__.items()):
process.py(434):     if name[:3]=='SIG' and '_' not in name:
process.py(433): for name, signum in list(signal.__dict__.items()):
process.py(434):     if name[:3]=='SIG' and '_' not in name:
process.py(433): for name, signum in list(signal.__dict__.items()):
process.py(434):     if name[:3]=='SIG' and '_' not in name:
process.py(433): for name, signum in list(signal.__dict__.items()):
process.py(434):     if name[:3]=='SIG' and '_' not in name:
process.py(433): for name, signum in list(signal.__dict__.items()):
process.py(434):     if name[:3]=='SIG' and '_' not in name:
process.py(433): for name, signum in list(signal.__dict__.items()):
process.py(434):     if name[:3]=='SIG' and '_' not in name:
process.py(433): for name, signum in list(signal.__dict__.items()):
process.py(434):     if name[:3]=='SIG' and '_' not in name:
process.py(433): for name, signum in list(signal.__dict__.items()):
process.py(434):     if name[:3]=='SIG' and '_' not in name:
process.py(433): for name, signum in list(signal.__dict__.items()):
process.py(434):     if name[:3]=='SIG' and '_' not in name:
process.py(435):         _exitcode_to_name[-signum] = f'-{name}'
process.py(433): for name, signum in list(signal.__dict__.items()):
process.py(434):     if name[:3]=='SIG' and '_' not in name:
process.py(435):         _exitcode_to_name[-signum] = f'-{name}'
process.py(433): for name, signum in list(signal.__dict__.items()):
process.py(434):     if name[:3]=='SIG' and '_' not in name:
process.py(435):         _exitcode_to_name[-signum] = f'-{name}'
process.py(433): for name, signum in list(signal.__dict__.items()):
process.py(434):     if name[:3]=='SIG' and '_' not in name:
process.py(435):         _exitcode_to_name[-signum] = f'-{name}'
process.py(433): for name, signum in list(signal.__dict__.items()):
process.py(434):     if name[:3]=='SIG' and '_' not in name:
process.py(435):         _exitcode_to_name[-signum] = f'-{name}'
process.py(433): for name, signum in list(signal.__dict__.items()):
process.py(434):     if name[:3]=='SIG' and '_' not in name:
process.py(435):         _exitcode_to_name[-signum] = f'-{name}'
process.py(433): for name, signum in list(signal.__dict__.items()):
process.py(434):     if name[:3]=='SIG' and '_' not in name:
process.py(435):         _exitcode_to_name[-signum] = f'-{name}'
process.py(433): for name, signum in list(signal.__dict__.items()):
process.py(434):     if name[:3]=='SIG' and '_' not in name:
process.py(433): for name, signum in list(signal.__dict__.items()):
process.py(434):     if name[:3]=='SIG' and '_' not in name:
process.py(433): for name, signum in list(signal.__dict__.items()):
process.py(434):     if name[:3]=='SIG' and '_' not in name:
process.py(433): for name, signum in list(signal.__dict__.items()):
process.py(434):     if name[:3]=='SIG' and '_' not in name:
process.py(433): for name, signum in list(signal.__dict__.items()):
process.py(434):     if name[:3]=='SIG' and '_' not in name:
process.py(433): for name, signum in list(signal.__dict__.items()):
process.py(434):     if name[:3]=='SIG' and '_' not in name:
process.py(433): for name, signum in list(signal.__dict__.items()):
process.py(434):     if name[:3]=='SIG' and '_' not in name:
process.py(433): for name, signum in list(signal.__dict__.items()):
process.py(434):     if name[:3]=='SIG' and '_' not in name:
process.py(433): for name, signum in list(signal.__dict__.items()):
process.py(434):     if name[:3]=='SIG' and '_' not in name:
process.py(433): for name, signum in list(signal.__dict__.items()):
process.py(436): del name, signum
process.py(439): _dangling = WeakSet()
 --- modulename: _weakrefset, funcname: __init__
_weakrefset.py(38):         self.data = set()
_weakrefset.py(39):         def _remove(item, selfref=ref(self)):
_weakrefset.py(46):         self._remove = _remove
_weakrefset.py(48):         self._pending_removals = []
_weakrefset.py(49):         self._iterating = set()
_weakrefset.py(50):         if data is not None:
<frozen importlib._bootstrap>(701): <frozen importlib._bootstrap>(702): <frozen importlib._bootstrap>(703):  --- modulename: _bootstrap, funcname: _verbose_message
<frozen importlib._bootstrap>(246): <frozen importlib._bootstrap>(705): <frozen importlib._bootstrap>(707): <frozen importlib._bootstrap>(1151): <frozen importlib._bootstrap>(1152): <frozen importlib._bootstrap>(1153): <frozen importlib._bootstrap>(1155): <frozen importlib._bootstrap>(1156): <frozen importlib._bootstrap>(1157): <frozen importlib._bootstrap>(1161): <frozen importlib._bootstrap>(1175):  --- modulename: _bootstrap, funcname: __exit__
<frozen importlib._bootstrap>(174):  --- modulename: _bootstrap, funcname: release
<frozen importlib._bootstrap>(126): <frozen importlib._bootstrap>(127): <frozen importlib._bootstrap>(128): <frozen importlib._bootstrap>(130): <frozen importlib._bootstrap>(131): <frozen importlib._bootstrap>(132): <frozen importlib._bootstrap>(133): <frozen importlib._bootstrap>(134): <frozen importlib._bootstrap>(127):  --- modulename: _bootstrap, funcname: cb
<frozen importlib._bootstrap>(199): <frozen importlib._bootstrap>(200): <frozen importlib._bootstrap>(204): <frozen importlib._bootstrap>(205): <frozen importlib._bootstrap>(207):  --- modulename: _bootstrap, funcname: _lock_unlock_module
<frozen importlib._bootstrap>(222):  --- modulename: _bootstrap, funcname: _get_module_lock
<frozen importlib._bootstrap>(185): <frozen importlib._bootstrap>(186): <frozen importlib._bootstrap>(187): <frozen importlib._bootstrap>(188): <frozen importlib._bootstrap>(192): <frozen importlib._bootstrap>(211): <frozen importlib._bootstrap>(213): <frozen importlib._bootstrap>(223): <frozen importlib._bootstrap>(224):  --- modulename: _bootstrap, funcname: acquire
<frozen importlib._bootstrap>(106): <frozen importlib._bootstrap>(107): <frozen importlib._bootstrap>(108): <frozen importlib._bootstrap>(109): <frozen importlib._bootstrap>(110): <frozen importlib._bootstrap>(111): <frozen importlib._bootstrap>(112): <frozen importlib._bootstrap>(113): <frozen importlib._bootstrap>(114): <frozen importlib._bootstrap>(110): <frozen importlib._bootstrap>(123): <frozen importlib._bootstrap>(230):  --- modulename: _bootstrap, funcname: release
<frozen importlib._bootstrap>(126): <frozen importlib._bootstrap>(127): <frozen importlib._bootstrap>(128): <frozen importlib._bootstrap>(130): <frozen importlib._bootstrap>(131): <frozen importlib._bootstrap>(132): <frozen importlib._bootstrap>(127): <frozen importlib._bootstrap>(1219): <frozen importlib._bootstrap>(1243): context.py(6): from . import reduction
 --- modulename: _bootstrap, funcname: parent
<frozen importlib._bootstrap>(408): <frozen importlib._bootstrap>(409):  --- modulename: _bootstrap, funcname: _lock_unlock_module
<frozen importlib._bootstrap>(222):  --- modulename: _bootstrap, funcname: _get_module_lock
<frozen importlib._bootstrap>(185): <frozen importlib._bootstrap>(186): <frozen importlib._bootstrap>(187): <frozen importlib._bootstrap>(188): <frozen importlib._bootstrap>(192): <frozen importlib._bootstrap>(211): <frozen importlib._bootstrap>(213): <frozen importlib._bootstrap>(223): <frozen importlib._bootstrap>(224):  --- modulename: _bootstrap, funcname: acquire
<frozen importlib._bootstrap>(106): <frozen importlib._bootstrap>(107): <frozen importlib._bootstrap>(108): <frozen importlib._bootstrap>(109): <frozen importlib._bootstrap>(110): <frozen importlib._bootstrap>(111): <frozen importlib._bootstrap>(112): <frozen importlib._bootstrap>(113): <frozen importlib._bootstrap>(114): <frozen importlib._bootstrap>(110): <frozen importlib._bootstrap>(123): <frozen importlib._bootstrap>(230):  --- modulename: _bootstrap, funcname: release
<frozen importlib._bootstrap>(126): <frozen importlib._bootstrap>(127): <frozen importlib._bootstrap>(128): <frozen importlib._bootstrap>(130): <frozen importlib._bootstrap>(131): <frozen importlib._bootstrap>(132): <frozen importlib._bootstrap>(127):  --- modulename: _bootstrap, funcname: _handle_fromlist
<frozen importlib._bootstrap>(1219): <frozen importlib._bootstrap>(1220): <frozen importlib._bootstrap>(1227): <frozen importlib._bootstrap>(1231): <frozen importlib._bootstrap>(1232): <frozen importlib._bootstrap>(1233): <frozen importlib._bootstrap>(1234):  --- modulename: _bootstrap, funcname: _call_with_frames_removed
<frozen importlib._bootstrap>(241):  --- modulename: _bootstrap, funcname: _find_and_load
<frozen importlib._bootstrap>(1172): <frozen importlib._bootstrap>(1173): <frozen importlib._bootstrap>(1175):  --- modulename: _bootstrap, funcname: __init__
<frozen importlib._bootstrap>(166): <frozen importlib._bootstrap>(167):  --- modulename: _bootstrap, funcname: __enter__
<frozen importlib._bootstrap>(170):  --- modulename: _bootstrap, funcname: _get_module_lock
<frozen importlib._bootstrap>(185): <frozen importlib._bootstrap>(186): <frozen importlib._bootstrap>(187): <frozen importlib._bootstrap>(188): <frozen importlib._bootstrap>(189): <frozen importlib._bootstrap>(190): <frozen importlib._bootstrap>(192): <frozen importlib._bootstrap>(193): <frozen importlib._bootstrap>(196):  --- modulename: _bootstrap, funcname: __init__
<frozen importlib._bootstrap>(72): <frozen importlib._bootstrap>(73): <frozen importlib._bootstrap>(74): <frozen importlib._bootstrap>(75): <frozen importlib._bootstrap>(76): <frozen importlib._bootstrap>(77): <frozen importlib._bootstrap>(198): <frozen importlib._bootstrap>(209): <frozen importlib._bootstrap>(211): <frozen importlib._bootstrap>(213): <frozen importlib._bootstrap>(171):  --- modulename: _bootstrap, funcname: acquire
<frozen importlib._bootstrap>(106): <frozen importlib._bootstrap>(107): <frozen importlib._bootstrap>(108): <frozen importlib._bootstrap>(109): <frozen importlib._bootstrap>(110): <frozen importlib._bootstrap>(111): <frozen importlib._bootstrap>(112): <frozen importlib._bootstrap>(113): <frozen importlib._bootstrap>(114): <frozen importlib._bootstrap>(110): <frozen importlib._bootstrap>(123): <frozen importlib._bootstrap>(1176): <frozen importlib._bootstrap>(1177): <frozen importlib._bootstrap>(1178):  --- modulename: _bootstrap, funcname: _find_and_load_unlocked
<frozen importlib._bootstrap>(1123): <frozen importlib._bootstrap>(1124): <frozen importlib._bootstrap>(1125): <frozen importlib._bootstrap>(1126): <frozen importlib._bootstrap>(1127): <frozen importlib._bootstrap>(1130): <frozen importlib._bootstrap>(1132): <frozen importlib._bootstrap>(1133): <frozen importlib._bootstrap>(1134): <frozen importlib._bootstrap>(1138): <frozen importlib._bootstrap>(1139): <frozen importlib._bootstrap>(1140):  --- modulename: _bootstrap, funcname: _find_spec
<frozen importlib._bootstrap>(1058): <frozen importlib._bootstrap>(1059): <frozen importlib._bootstrap>(1064): <frozen importlib._bootstrap>(1070): <frozen importlib._bootstrap>(1071): <frozen importlib._bootstrap>(1072):  --- modulename: _bootstrap, funcname: __enter__
<frozen importlib._bootstrap>(1030): <frozen importlib._bootstrap>(1073): <frozen importlib._bootstrap>(1074): <frozen importlib._bootstrap>(1080): <frozen importlib._bootstrap>(1072):  --- modulename: _bootstrap, funcname: __exit__
<frozen importlib._bootstrap>(1034): <frozen importlib._bootstrap>(1081): <frozen importlib._bootstrap>(1071): <frozen importlib._bootstrap>(1072):  --- modulename: _bootstrap, funcname: __enter__
<frozen importlib._bootstrap>(1030): <frozen importlib._bootstrap>(1073): <frozen importlib._bootstrap>(1074): <frozen importlib._bootstrap>(1080): <frozen importlib._bootstrap>(1072):  --- modulename: _bootstrap, funcname: __exit__
<frozen importlib._bootstrap>(1034): <frozen importlib._bootstrap>(1081): <frozen importlib._bootstrap>(1071): <frozen importlib._bootstrap>(1072):  --- modulename: _bootstrap, funcname: __enter__
<frozen importlib._bootstrap>(1030): <frozen importlib._bootstrap>(1073): <frozen importlib._bootstrap>(1074): <frozen importlib._bootstrap>(1080):  --- modulename: _bootstrap, funcname: find_spec
<frozen importlib._bootstrap>(750): <frozen importlib._bootstrap>(751): <frozen importlib._bootstrap>(1072):  --- modulename: _bootstrap, funcname: __exit__
<frozen importlib._bootstrap>(1034): <frozen importlib._bootstrap>(1081): <frozen importlib._bootstrap>(1071): <frozen importlib._bootstrap>(1072):  --- modulename: _bootstrap, funcname: __enter__
<frozen importlib._bootstrap>(1030): <frozen importlib._bootstrap>(1073): <frozen importlib._bootstrap>(1074): <frozen importlib._bootstrap>(1080):  --- modulename: _bootstrap, funcname: find_spec
<frozen importlib._bootstrap>(924):  --- modulename: _bootstrap, funcname: _call_with_frames_removed
<frozen importlib._bootstrap>(241): <frozen importlib._bootstrap>(925): <frozen importlib._bootstrap>(926): <frozen importlib._bootstrap>(1072):  --- modulename: _bootstrap, funcname: __exit__
<frozen importlib._bootstrap>(1034): <frozen importlib._bootstrap>(1081): <frozen importlib._bootstrap>(1071): <frozen importlib._bootstrap>(1072):  --- modulename: _bootstrap, funcname: __enter__
<frozen importlib._bootstrap>(1030): <frozen importlib._bootstrap>(1073): <frozen importlib._bootstrap>(1074): <frozen importlib._bootstrap>(1080):  --- modulename: _bootstrap_external, funcname: find_spec
<frozen importlib._bootstrap_external>(1502): <frozen importlib._bootstrap_external>(1504):  --- modulename: _bootstrap_external, funcname: _get_spec
<frozen importlib._bootstrap_external>(1469): <frozen importlib._bootstrap_external>(1470): <frozen importlib._bootstrap_external>(1471): <frozen importlib._bootstrap_external>(1473):  --- modulename: _bootstrap_external, funcname: _path_importer_cache
<frozen importlib._bootstrap_external>(1429): <frozen importlib._bootstrap_external>(1436): <frozen importlib._bootstrap_external>(1437): <frozen importlib._bootstrap_external>(1441): <frozen importlib._bootstrap_external>(1474): <frozen importlib._bootstrap_external>(1475): <frozen importlib._bootstrap_external>(1476):  --- modulename: _bootstrap_external, funcname: find_spec
<frozen importlib._bootstrap_external>(1609): <frozen importlib._bootstrap_external>(1610): <frozen importlib._bootstrap_external>(1611): <frozen importlib._bootstrap_external>(1612):  --- modulename: _bootstrap_external, funcname: _path_stat
<frozen importlib._bootstrap_external>(147): <frozen importlib._bootstrap_external>(1615): <frozen importlib._bootstrap_external>(1619):  --- modulename: _bootstrap_external, funcname: _relax_case
<frozen importlib._bootstrap_external>(69): <frozen importlib._bootstrap_external>(1623): <frozen importlib._bootstrap_external>(1624): <frozen importlib._bootstrap_external>(1626): <frozen importlib._bootstrap_external>(1638): <frozen importlib._bootstrap_external>(1639): <frozen importlib._bootstrap_external>(1640):  --- modulename: _bootstrap_external, funcname: _path_join
<frozen importlib._bootstrap_external>(98): <frozen importlib._bootstrap_external>(100): <frozen importlib._bootstrap_external>(102): <frozen importlib._bootstrap_external>(103): <frozen importlib._bootstrap_external>(104): <frozen importlib._bootstrap_external>(105): <frozen importlib._bootstrap_external>(106): <frozen importlib._bootstrap_external>(107): <frozen importlib._bootstrap_external>(104): <frozen importlib._bootstrap_external>(105): <frozen importlib._bootstrap_external>(108): <frozen importlib._bootstrap_external>(117): <frozen importlib._bootstrap_external>(118): <frozen importlib._bootstrap_external>(104): <frozen importlib._bootstrap_external>(119):  --- modulename: _bootstrap_external, funcname: <listcomp>
<frozen importlib._bootstrap_external>(119): <frozen importlib._bootstrap_external>(119): <frozen importlib._bootstrap_external>(119): <frozen importlib._bootstrap_external>(120): <frozen importlib._bootstrap_external>(123): <frozen importlib._bootstrap_external>(1643):  --- modulename: _bootstrap, funcname: _verbose_message
<frozen importlib._bootstrap>(246): <frozen importlib._bootstrap_external>(1644): <frozen importlib._bootstrap_external>(1638): <frozen importlib._bootstrap_external>(1639): <frozen importlib._bootstrap_external>(1640):  --- modulename: _bootstrap_external, funcname: _path_join
<frozen importlib._bootstrap_external>(98): <frozen importlib._bootstrap_external>(100): <frozen importlib._bootstrap_external>(102): <frozen importlib._bootstrap_external>(103): <frozen importlib._bootstrap_external>(104): <frozen importlib._bootstrap_external>(105): <frozen importlib._bootstrap_external>(106): <frozen importlib._bootstrap_external>(107): <frozen importlib._bootstrap_external>(104): <frozen importlib._bootstrap_external>(105): <frozen importlib._bootstrap_external>(108): <frozen importlib._bootstrap_external>(117): <frozen importlib._bootstrap_external>(118): <frozen importlib._bootstrap_external>(104): <frozen importlib._bootstrap_external>(119):  --- modulename: _bootstrap_external, funcname: <listcomp>
<frozen importlib._bootstrap_external>(119): <frozen importlib._bootstrap_external>(119): <frozen importlib._bootstrap_external>(119): <frozen importlib._bootstrap_external>(120): <frozen importlib._bootstrap_external>(123): <frozen importlib._bootstrap_external>(1643):  --- modulename: _bootstrap, funcname: _verbose_message
<frozen importlib._bootstrap>(246): <frozen importlib._bootstrap_external>(1644): <frozen importlib._bootstrap_external>(1638): <frozen importlib._bootstrap_external>(1639): <frozen importlib._bootstrap_external>(1640):  --- modulename: _bootstrap_external, funcname: _path_join
<frozen importlib._bootstrap_external>(98): <frozen importlib._bootstrap_external>(100): <frozen importlib._bootstrap_external>(102): <frozen importlib._bootstrap_external>(103): <frozen importlib._bootstrap_external>(104): <frozen importlib._bootstrap_external>(105): <frozen importlib._bootstrap_external>(106): <frozen importlib._bootstrap_external>(107): <frozen importlib._bootstrap_external>(104): <frozen importlib._bootstrap_external>(105): <frozen importlib._bootstrap_external>(108): <frozen importlib._bootstrap_external>(117): <frozen importlib._bootstrap_external>(118): <frozen importlib._bootstrap_external>(104): <frozen importlib._bootstrap_external>(119):  --- modulename: _bootstrap_external, funcname: <listcomp>
<frozen importlib._bootstrap_external>(119): <frozen importlib._bootstrap_external>(119): <frozen importlib._bootstrap_external>(119): <frozen importlib._bootstrap_external>(120): <frozen importlib._bootstrap_external>(123): <frozen importlib._bootstrap_external>(1643):  --- modulename: _bootstrap, funcname: _verbose_message
<frozen importlib._bootstrap>(246): <frozen importlib._bootstrap_external>(1644): <frozen importlib._bootstrap_external>(1645):  --- modulename: _bootstrap_external, funcname: _path_isfile
<frozen importlib._bootstrap_external>(161):  --- modulename: _bootstrap_external, funcname: _path_is_mode_type
<frozen importlib._bootstrap_external>(152): <frozen importlib._bootstrap_external>(153):  --- modulename: _bootstrap_external, funcname: _path_stat
<frozen importlib._bootstrap_external>(147): <frozen importlib._bootstrap_external>(156): <frozen importlib._bootstrap_external>(1646): <frozen importlib._bootstrap_external>(1647): <frozen importlib._bootstrap_external>(1646):  --- modulename: _bootstrap_external, funcname: _get_spec
<frozen importlib._bootstrap_external>(1600):  --- modulename: _bootstrap_external, funcname: __init__
<frozen importlib._bootstrap_external>(1100): <frozen importlib._bootstrap_external>(1101): <frozen importlib._bootstrap_external>(1601): <frozen importlib._bootstrap_external>(1602): <frozen importlib._bootstrap_external>(1601):  --- modulename: _bootstrap_external, funcname: spec_from_file_location
<frozen importlib._bootstrap_external>(790): <frozen importlib._bootstrap_external>(802): <frozen importlib._bootstrap_external>(803):  --- modulename: _bootstrap_external, funcname: _path_isabs
<frozen importlib._bootstrap_external>(174): <frozen importlib._bootstrap_external>(176): <frozen importlib._bootstrap_external>(177): <frozen importlib._bootstrap_external>(815):  --- modulename: _bootstrap, funcname: __init__
<frozen importlib._bootstrap>(359): <frozen importlib._bootstrap>(360): <frozen importlib._bootstrap>(361): <frozen importlib._bootstrap>(362): <frozen importlib._bootstrap>(363): <frozen importlib._bootstrap>(364): <frozen importlib._bootstrap>(367): <frozen importlib._bootstrap>(368): <frozen importlib._bootstrap_external>(816): <frozen importlib._bootstrap_external>(819): <frozen importlib._bootstrap_external>(829): <frozen importlib._bootstrap_external>(840): <frozen importlib._bootstrap_external>(841): <frozen importlib._bootstrap_external>(846): <frozen importlib._bootstrap_external>(1479): <frozen importlib._bootstrap_external>(1481): <frozen importlib._bootstrap_external>(1482): <frozen importlib._bootstrap_external>(1505): <frozen importlib._bootstrap_external>(1507): <frozen importlib._bootstrap_external>(1518): <frozen importlib._bootstrap>(1072):  --- modulename: _bootstrap, funcname: __exit__
<frozen importlib._bootstrap>(1034): <frozen importlib._bootstrap>(1081): <frozen importlib._bootstrap>(1083): <frozen importlib._bootstrap>(1098): <frozen importlib._bootstrap>(1141): <frozen importlib._bootstrap>(1144): <frozen importlib._bootstrap>(1147): <frozen importlib._bootstrap>(1148): <frozen importlib._bootstrap>(1149):  --- modulename: _bootstrap, funcname: _load_unlocked
<frozen importlib._bootstrap>(668): <frozen importlib._bootstrap>(670): <frozen importlib._bootstrap>(676):  --- modulename: _bootstrap, funcname: module_from_spec
<frozen importlib._bootstrap>(569): <frozen importlib._bootstrap>(570): <frozen importlib._bootstrap>(573):  --- modulename: _bootstrap_external, funcname: create_module
<frozen importlib._bootstrap_external>(931): <frozen importlib._bootstrap>(577): <frozen importlib._bootstrap>(578):  --- modulename: _bootstrap, funcname: _new_module
<frozen importlib._bootstrap>(49): <frozen importlib._bootstrap>(579):  --- modulename: _bootstrap, funcname: _init_module_attrs
<frozen importlib._bootstrap>(497): <frozen importlib._bootstrap>(503): <frozen importlib._bootstrap>(504): <frozen importlib._bootstrap>(505): <frozen importlib._bootstrap>(526): <frozen importlib._bootstrap>(527): <frozen importlib._bootstrap>(531): <frozen importlib._bootstrap>(532): <frozen importlib._bootstrap>(533):  --- modulename: _bootstrap, funcname: parent
<frozen importlib._bootstrap>(408): <frozen importlib._bootstrap>(409): <frozen importlib._bootstrap>(537): <frozen importlib._bootstrap>(538): <frozen importlib._bootstrap>(542): <frozen importlib._bootstrap>(543): <frozen importlib._bootstrap>(550):  --- modulename: _bootstrap, funcname: has_location
<frozen importlib._bootstrap>(415): <frozen importlib._bootstrap>(551): <frozen importlib._bootstrap>(552): <frozen importlib._bootstrap>(553): <frozen importlib._bootstrap>(557): <frozen importlib._bootstrap>(558):  --- modulename: _bootstrap, funcname: cached
<frozen importlib._bootstrap>(394): <frozen importlib._bootstrap>(395): <frozen importlib._bootstrap>(396): <frozen importlib._bootstrap>(398):  --- modulename: _bootstrap_external, funcname: _get_cached
<frozen importlib._bootstrap_external>(568): <frozen importlib._bootstrap_external>(569): <frozen importlib._bootstrap_external>(570):  --- modulename: _bootstrap_external, funcname: cache_from_source
<frozen importlib._bootstrap_external>(455): <frozen importlib._bootstrap_external>(462): <frozen importlib._bootstrap_external>(463):  --- modulename: _bootstrap_external, funcname: _path_split
<frozen importlib._bootstrap_external>(134):  --- modulename: _bootstrap_external, funcname: <genexpr>
<frozen importlib._bootstrap_external>(134):  --- modulename: _bootstrap_external, funcname: <genexpr>
<frozen importlib._bootstrap_external>(134):  --- modulename: _bootstrap_external, funcname: <genexpr>
<frozen importlib._bootstrap_external>(134): <frozen importlib._bootstrap_external>(135): <frozen importlib._bootstrap_external>(137): <frozen importlib._bootstrap_external>(464): <frozen importlib._bootstrap_external>(465): <frozen importlib._bootstrap_external>(466): <frozen importlib._bootstrap_external>(468): <frozen importlib._bootstrap_external>(469): <frozen importlib._bootstrap_external>(470): <frozen importlib._bootstrap_external>(471): <frozen importlib._bootstrap_external>(474): <frozen importlib._bootstrap_external>(475): <frozen importlib._bootstrap_external>(479): <frozen importlib._bootstrap_external>(480): <frozen importlib._bootstrap_external>(505):  --- modulename: _bootstrap_external, funcname: _path_join
<frozen importlib._bootstrap_external>(98): <frozen importlib._bootstrap_external>(100): <frozen importlib._bootstrap_external>(102): <frozen importlib._bootstrap_external>(103): <frozen importlib._bootstrap_external>(104): <frozen importlib._bootstrap_external>(105): <frozen importlib._bootstrap_external>(106): <frozen importlib._bootstrap_external>(107): <frozen importlib._bootstrap_external>(104): <frozen importlib._bootstrap_external>(105): <frozen importlib._bootstrap_external>(108): <frozen importlib._bootstrap_external>(117): <frozen importlib._bootstrap_external>(118): <frozen importlib._bootstrap_external>(104): <frozen importlib._bootstrap_external>(105): <frozen importlib._bootstrap_external>(108): <frozen importlib._bootstrap_external>(117): <frozen importlib._bootstrap_external>(118): <frozen importlib._bootstrap_external>(104): <frozen importlib._bootstrap_external>(119):  --- modulename: _bootstrap_external, funcname: <listcomp>
<frozen importlib._bootstrap_external>(119): <frozen importlib._bootstrap_external>(119): <frozen importlib._bootstrap_external>(119): <frozen importlib._bootstrap_external>(119): <frozen importlib._bootstrap_external>(120): <frozen importlib._bootstrap_external>(123): <frozen importlib._bootstrap>(399): <frozen importlib._bootstrap>(559): <frozen importlib._bootstrap>(560):  --- modulename: _bootstrap, funcname: cached
<frozen importlib._bootstrap>(394): <frozen importlib._bootstrap>(399): <frozen importlib._bootstrap>(563): <frozen importlib._bootstrap>(580): <frozen importlib._bootstrap>(681): <frozen importlib._bootstrap>(682): <frozen importlib._bootstrap>(683): <frozen importlib._bootstrap>(684): <frozen importlib._bootstrap>(685): <frozen importlib._bootstrap>(690):  --- modulename: _bootstrap_external, funcname: exec_module
<frozen importlib._bootstrap_external>(936):  --- modulename: _bootstrap_external, funcname: get_code
<frozen importlib._bootstrap_external>(1014):  --- modulename: _bootstrap_external, funcname: _check_name_wrapper
<frozen importlib._bootstrap_external>(600): <frozen importlib._bootstrap_external>(602): <frozen importlib._bootstrap_external>(605):  --- modulename: _bootstrap_external, funcname: get_filename
<frozen importlib._bootstrap_external>(1125): <frozen importlib._bootstrap_external>(1015): <frozen importlib._bootstrap_external>(1016): <frozen importlib._bootstrap_external>(1017): <frozen importlib._bootstrap_external>(1018): <frozen importlib._bootstrap_external>(1019): <frozen importlib._bootstrap_external>(1020): <frozen importlib._bootstrap_external>(1021):  --- modulename: _bootstrap_external, funcname: cache_from_source
<frozen importlib._bootstrap_external>(455): <frozen importlib._bootstrap_external>(462): <frozen importlib._bootstrap_external>(463):  --- modulename: _bootstrap_external, funcname: _path_split
<frozen importlib._bootstrap_external>(134):  --- modulename: _bootstrap_external, funcname: <genexpr>
<frozen importlib._bootstrap_external>(134):  --- modulename: _bootstrap_external, funcname: <genexpr>
<frozen importlib._bootstrap_external>(134):  --- modulename: _bootstrap_external, funcname: <genexpr>
<frozen importlib._bootstrap_external>(134): <frozen importlib._bootstrap_external>(135): <frozen importlib._bootstrap_external>(137): <frozen importlib._bootstrap_external>(464): <frozen importlib._bootstrap_external>(465): <frozen importlib._bootstrap_external>(466): <frozen importlib._bootstrap_external>(468): <frozen importlib._bootstrap_external>(469): <frozen importlib._bootstrap_external>(470): <frozen importlib._bootstrap_external>(471): <frozen importlib._bootstrap_external>(474): <frozen importlib._bootstrap_external>(475): <frozen importlib._bootstrap_external>(479): <frozen importlib._bootstrap_external>(480): <frozen importlib._bootstrap_external>(505):  --- modulename: _bootstrap_external, funcname: _path_join
<frozen importlib._bootstrap_external>(98): <frozen importlib._bootstrap_external>(100): <frozen importlib._bootstrap_external>(102): <frozen importlib._bootstrap_external>(103): <frozen importlib._bootstrap_external>(104): <frozen importlib._bootstrap_external>(105): <frozen importlib._bootstrap_external>(106): <frozen importlib._bootstrap_external>(107): <frozen importlib._bootstrap_external>(104): <frozen importlib._bootstrap_external>(105): <frozen importlib._bootstrap_external>(108): <frozen importlib._bootstrap_external>(117): <frozen importlib._bootstrap_external>(118): <frozen importlib._bootstrap_external>(104): <frozen importlib._bootstrap_external>(105): <frozen importlib._bootstrap_external>(108): <frozen importlib._bootstrap_external>(117): <frozen importlib._bootstrap_external>(118): <frozen importlib._bootstrap_external>(104): <frozen importlib._bootstrap_external>(119):  --- modulename: _bootstrap_external, funcname: <listcomp>
<frozen importlib._bootstrap_external>(119): <frozen importlib._bootstrap_external>(119): <frozen importlib._bootstrap_external>(119): <frozen importlib._bootstrap_external>(119): <frozen importlib._bootstrap_external>(120): <frozen importlib._bootstrap_external>(123): <frozen importlib._bootstrap_external>(1025): <frozen importlib._bootstrap_external>(1026):  --- modulename: _bootstrap_external, funcname: path_stats
<frozen importlib._bootstrap_external>(1148):  --- modulename: _bootstrap_external, funcname: _path_stat
<frozen importlib._bootstrap_external>(147): <frozen importlib._bootstrap_external>(1149): <frozen importlib._bootstrap_external>(1030): <frozen importlib._bootstrap_external>(1031): <frozen importlib._bootstrap_external>(1032):  --- modulename: _bootstrap_external, funcname: get_data
<frozen importlib._bootstrap_external>(1129): <frozen importlib._bootstrap_external>(1130): <frozen importlib._bootstrap_external>(1131): <frozen importlib._bootstrap_external>(1130): <frozen importlib._bootstrap_external>(1037): <frozen importlib._bootstrap_external>(1038): <frozen importlib._bootstrap_external>(1036): <frozen importlib._bootstrap_external>(1040): <frozen importlib._bootstrap_external>(1041):  --- modulename: _bootstrap_external, funcname: _classify_pyc
<frozen importlib._bootstrap_external>(658): <frozen importlib._bootstrap_external>(659): <frozen importlib._bootstrap_external>(663): <frozen importlib._bootstrap_external>(667):  --- modulename: _bootstrap_external, funcname: _unpack_uint32
<frozen importlib._bootstrap_external>(86): <frozen importlib._bootstrap_external>(87): <frozen importlib._bootstrap_external>(669): <frozen importlib._bootstrap_external>(672): <frozen importlib._bootstrap_external>(1042): <frozen importlib._bootstrap_external>(1043): <frozen importlib._bootstrap_external>(1044): <frozen importlib._bootstrap_external>(1057): <frozen importlib._bootstrap_external>(1058): <frozen importlib._bootstrap_external>(1059): <frozen importlib._bootstrap_external>(1060): <frozen importlib._bootstrap_external>(1061): <frozen importlib._bootstrap_external>(1062): <frozen importlib._bootstrap_external>(1057):  --- modulename: _bootstrap_external, funcname: _validate_timestamp_pyc
<frozen importlib._bootstrap_external>(694):  --- modulename: _bootstrap_external, funcname: _unpack_uint32
<frozen importlib._bootstrap_external>(86): <frozen importlib._bootstrap_external>(87): <frozen importlib._bootstrap_external>(698): <frozen importlib._bootstrap_external>(699):  --- modulename: _bootstrap_external, funcname: _unpack_uint32
<frozen importlib._bootstrap_external>(86): <frozen importlib._bootstrap_external>(87): <frozen importlib._bootstrap_external>(698): <frozen importlib._bootstrap_external>(1067): <frozen importlib._bootstrap_external>(1068): <frozen importlib._bootstrap_external>(1067):  --- modulename: _bootstrap, funcname: _verbose_message
<frozen importlib._bootstrap>(246): <frozen importlib._bootstrap_external>(1069): <frozen importlib._bootstrap_external>(1070): <frozen importlib._bootstrap_external>(1071): <frozen importlib._bootstrap_external>(1069):  --- modulename: _bootstrap_external, funcname: _compile_bytecode
<frozen importlib._bootstrap_external>(729): <frozen importlib._bootstrap_external>(730): <frozen importlib._bootstrap_external>(731):  --- modulename: _bootstrap, funcname: _verbose_message
<frozen importlib._bootstrap>(246): <frozen importlib._bootstrap_external>(732): <frozen importlib._bootstrap_external>(733): <frozen importlib._bootstrap_external>(734): <frozen importlib._bootstrap_external>(937): <frozen importlib._bootstrap_external>(940):  --- modulename: _bootstrap, funcname: _call_with_frames_removed
<frozen importlib._bootstrap>(241):  --- modulename: reduction, funcname: <module>
reduction.py(10): from abc import ABCMeta
reduction.py(11): import copyreg
reduction.py(12): import functools
reduction.py(13): import io
reduction.py(14): import os
reduction.py(15): import pickle
reduction.py(16): import socket
 --- modulename: _bootstrap, funcname: _find_and_load
<frozen importlib._bootstrap>(1172): <frozen importlib._bootstrap>(1173): <frozen importlib._bootstrap>(1175):  --- modulename: _bootstrap, funcname: __init__
<frozen importlib._bootstrap>(166): <frozen importlib._bootstrap>(167):  --- modulename: _bootstrap, funcname: __enter__
<frozen importlib._bootstrap>(170):  --- modulename: _bootstrap, funcname: _get_module_lock
<frozen importlib._bootstrap>(185): <frozen importlib._bootstrap>(186): <frozen importlib._bootstrap>(187): <frozen importlib._bootstrap>(188): <frozen importlib._bootstrap>(189): <frozen importlib._bootstrap>(190): <frozen importlib._bootstrap>(192): <frozen importlib._bootstrap>(193): <frozen importlib._bootstrap>(196):  --- modulename: _bootstrap, funcname: __init__
<frozen importlib._bootstrap>(72): <frozen importlib._bootstrap>(73): <frozen importlib._bootstrap>(74): <frozen importlib._bootstrap>(75): <frozen importlib._bootstrap>(76): <frozen importlib._bootstrap>(77): <frozen importlib._bootstrap>(198): <frozen importlib._bootstrap>(209): <frozen importlib._bootstrap>(211): <frozen importlib._bootstrap>(213): <frozen importlib._bootstrap>(171):  --- modulename: _bootstrap, funcname: acquire
<frozen importlib._bootstrap>(106): <frozen importlib._bootstrap>(107): <frozen importlib._bootstrap>(108): <frozen importlib._bootstrap>(109): <frozen importlib._bootstrap>(110): <frozen importlib._bootstrap>(111): <frozen importlib._bootstrap>(112): <frozen importlib._bootstrap>(113): <frozen importlib._bootstrap>(114): <frozen importlib._bootstrap>(110): <frozen importlib._bootstrap>(123): <frozen importlib._bootstrap>(1176): <frozen importlib._bootstrap>(1177): <frozen importlib._bootstrap>(1178):  --- modulename: _bootstrap, funcname: _find_and_load_unlocked
<frozen importlib._bootstrap>(1123): <frozen importlib._bootstrap>(1124): <frozen importlib._bootstrap>(1125): <frozen importlib._bootstrap>(1126): <frozen importlib._bootstrap>(1140):  --- modulename: _bootstrap, funcname: _find_spec
<frozen importlib._bootstrap>(1058): <frozen importlib._bootstrap>(1059): <frozen importlib._bootstrap>(1064): <frozen importlib._bootstrap>(1070): <frozen importlib._bootstrap>(1071): <frozen importlib._bootstrap>(1072):  --- modulename: _bootstrap, funcname: __enter__
<frozen importlib._bootstrap>(1030): <frozen importlib._bootstrap>(1073): <frozen importlib._bootstrap>(1074): <frozen importlib._bootstrap>(1080): <frozen importlib._bootstrap>(1072):  --- modulename: _bootstrap, funcname: __exit__
<frozen importlib._bootstrap>(1034): <frozen importlib._bootstrap>(1081): <frozen importlib._bootstrap>(1071): <frozen importlib._bootstrap>(1072):  --- modulename: _bootstrap, funcname: __enter__
<frozen importlib._bootstrap>(1030): <frozen importlib._bootstrap>(1073): <frozen importlib._bootstrap>(1074): <frozen importlib._bootstrap>(1080): <frozen importlib._bootstrap>(1072):  --- modulename: _bootstrap, funcname: __exit__
<frozen importlib._bootstrap>(1034): <frozen importlib._bootstrap>(1081): <frozen importlib._bootstrap>(1071): <frozen importlib._bootstrap>(1072):  --- modulename: _bootstrap, funcname: __enter__
<frozen importlib._bootstrap>(1030): <frozen importlib._bootstrap>(1073): <frozen importlib._bootstrap>(1074): <frozen importlib._bootstrap>(1080):  --- modulename: _bootstrap, funcname: find_spec
<frozen importlib._bootstrap>(750): <frozen importlib._bootstrap>(752): <frozen importlib._bootstrap>(755): <frozen importlib._bootstrap>(1072):  --- modulename: _bootstrap, funcname: __exit__
<frozen importlib._bootstrap>(1034): <frozen importlib._bootstrap>(1081): <frozen importlib._bootstrap>(1071): <frozen importlib._bootstrap>(1072):  --- modulename: _bootstrap, funcname: __enter__
<frozen importlib._bootstrap>(1030): <frozen importlib._bootstrap>(1073): <frozen importlib._bootstrap>(1074): <frozen importlib._bootstrap>(1080):  --- modulename: _bootstrap, funcname: find_spec
<frozen importlib._bootstrap>(924):  --- modulename: _bootstrap, funcname: _call_with_frames_removed
<frozen importlib._bootstrap>(241): <frozen importlib._bootstrap>(925): <frozen importlib._bootstrap>(926): <frozen importlib._bootstrap>(1072):  --- modulename: _bootstrap, funcname: __exit__
<frozen importlib._bootstrap>(1034): <frozen importlib._bootstrap>(1081): <frozen importlib._bootstrap>(1071): <frozen importlib._bootstrap>(1072):  --- modulename: _bootstrap, funcname: __enter__
<frozen importlib._bootstrap>(1030): <frozen importlib._bootstrap>(1073): <frozen importlib._bootstrap>(1074): <frozen importlib._bootstrap>(1080):  --- modulename: _bootstrap_external, funcname: find_spec
<frozen importlib._bootstrap_external>(1502): <frozen importlib._bootstrap_external>(1503): <frozen importlib._bootstrap_external>(1504):  --- modulename: _bootstrap_external, funcname: _get_spec
<frozen importlib._bootstrap_external>(1469): <frozen importlib._bootstrap_external>(1470): <frozen importlib._bootstrap_external>(1471): <frozen importlib._bootstrap_external>(1473):  --- modulename: _bootstrap_external, funcname: _path_importer_cache
<frozen importlib._bootstrap_external>(1429): <frozen importlib._bootstrap_external>(1436): <frozen importlib._bootstrap_external>(1437): <frozen importlib._bootstrap_external>(1441): <frozen importlib._bootstrap_external>(1474): <frozen importlib._bootstrap_external>(1475): <frozen importlib._bootstrap_external>(1476):  --- modulename: _bootstrap_external, funcname: find_spec
<frozen importlib._bootstrap_external>(1609): <frozen importlib._bootstrap_external>(1610): <frozen importlib._bootstrap_external>(1611): <frozen importlib._bootstrap_external>(1612):  --- modulename: _bootstrap_external, funcname: _path_stat
<frozen importlib._bootstrap_external>(147): <frozen importlib._bootstrap_external>(1615): <frozen importlib._bootstrap_external>(1619):  --- modulename: _bootstrap_external, funcname: _relax_case
<frozen importlib._bootstrap_external>(69): <frozen importlib._bootstrap_external>(1623): <frozen importlib._bootstrap_external>(1624): <frozen importlib._bootstrap_external>(1626): <frozen importlib._bootstrap_external>(1638): <frozen importlib._bootstrap_external>(1639): <frozen importlib._bootstrap_external>(1640):  --- modulename: _bootstrap_external, funcname: _path_join
<frozen importlib._bootstrap_external>(98): <frozen importlib._bootstrap_external>(100): <frozen importlib._bootstrap_external>(102): <frozen importlib._bootstrap_external>(103): <frozen importlib._bootstrap_external>(104): <frozen importlib._bootstrap_external>(105): <frozen importlib._bootstrap_external>(106): <frozen importlib._bootstrap_external>(107): <frozen importlib._bootstrap_external>(104): <frozen importlib._bootstrap_external>(105): <frozen importlib._bootstrap_external>(108): <frozen importlib._bootstrap_external>(117): <frozen importlib._bootstrap_external>(118): <frozen importlib._bootstrap_external>(104): <frozen importlib._bootstrap_external>(119):  --- modulename: _bootstrap_external, funcname: <listcomp>
<frozen importlib._bootstrap_external>(119): <frozen importlib._bootstrap_external>(119): <frozen importlib._bootstrap_external>(119): <frozen importlib._bootstrap_external>(120): <frozen importlib._bootstrap_external>(123): <frozen importlib._bootstrap_external>(1643):  --- modulename: _bootstrap, funcname: _verbose_message
<frozen importlib._bootstrap>(246): <frozen importlib._bootstrap_external>(1644): <frozen importlib._bootstrap_external>(1638): <frozen importlib._bootstrap_external>(1639): <frozen importlib._bootstrap_external>(1640):  --- modulename: _bootstrap_external, funcname: _path_join
<frozen importlib._bootstrap_external>(98): <frozen importlib._bootstrap_external>(100): <frozen importlib._bootstrap_external>(102): <frozen importlib._bootstrap_external>(103): <frozen importlib._bootstrap_external>(104): <frozen importlib._bootstrap_external>(105): <frozen importlib._bootstrap_external>(106): <frozen importlib._bootstrap_external>(107): <frozen importlib._bootstrap_external>(104): <frozen importlib._bootstrap_external>(105): <frozen importlib._bootstrap_external>(108): <frozen importlib._bootstrap_external>(117): <frozen importlib._bootstrap_external>(118): <frozen importlib._bootstrap_external>(104): <frozen importlib._bootstrap_external>(119):  --- modulename: _bootstrap_external, funcname: <listcomp>
<frozen importlib._bootstrap_external>(119): <frozen importlib._bootstrap_external>(119): <frozen importlib._bootstrap_external>(119): <frozen importlib._bootstrap_external>(120): <frozen importlib._bootstrap_external>(123): <frozen importlib._bootstrap_external>(1643):  --- modulename: _bootstrap, funcname: _verbose_message
<frozen importlib._bootstrap>(246): <frozen importlib._bootstrap_external>(1644): <frozen importlib._bootstrap_external>(1638): <frozen importlib._bootstrap_external>(1639): <frozen importlib._bootstrap_external>(1640):  --- modulename: _bootstrap_external, funcname: _path_join
<frozen importlib._bootstrap_external>(98): <frozen importlib._bootstrap_external>(100): <frozen importlib._bootstrap_external>(102): <frozen importlib._bootstrap_external>(103): <frozen importlib._bootstrap_external>(104): <frozen importlib._bootstrap_external>(105): <frozen importlib._bootstrap_external>(106): <frozen importlib._bootstrap_external>(107): <frozen importlib._bootstrap_external>(104): <frozen importlib._bootstrap_external>(105): <frozen importlib._bootstrap_external>(108): <frozen importlib._bootstrap_external>(117): <frozen importlib._bootstrap_external>(118): <frozen importlib._bootstrap_external>(104): <frozen importlib._bootstrap_external>(119):  --- modulename: _bootstrap_external, funcname: <listcomp>
<frozen importlib._bootstrap_external>(119): <frozen importlib._bootstrap_external>(119): <frozen importlib._bootstrap_external>(119): <frozen importlib._bootstrap_external>(120): <frozen importlib._bootstrap_external>(123): <frozen importlib._bootstrap_external>(1643):  --- modulename: _bootstrap, funcname: _verbose_message
<frozen importlib._bootstrap>(246): <frozen importlib._bootstrap_external>(1644): <frozen importlib._bootstrap_external>(1638): <frozen importlib._bootstrap_external>(1639): <frozen importlib._bootstrap_external>(1640):  --- modulename: _bootstrap_external, funcname: _path_join
<frozen importlib._bootstrap_external>(98): <frozen importlib._bootstrap_external>(100): <frozen importlib._bootstrap_external>(102): <frozen importlib._bootstrap_external>(103): <frozen importlib._bootstrap_external>(104): <frozen importlib._bootstrap_external>(105): <frozen importlib._bootstrap_external>(106): <frozen importlib._bootstrap_external>(107): <frozen importlib._bootstrap_external>(104): <frozen importlib._bootstrap_external>(105): <frozen importlib._bootstrap_external>(108): <frozen importlib._bootstrap_external>(117): <frozen importlib._bootstrap_external>(118): <frozen importlib._bootstrap_external>(104): <frozen importlib._bootstrap_external>(119):  --- modulename: _bootstrap_external, funcname: <listcomp>
<frozen importlib._bootstrap_external>(119): <frozen importlib._bootstrap_external>(119): <frozen importlib._bootstrap_external>(119): <frozen importlib._bootstrap_external>(120): <frozen importlib._bootstrap_external>(123): <frozen importlib._bootstrap_external>(1643):  --- modulename: _bootstrap, funcname: _verbose_message
<frozen importlib._bootstrap>(246): <frozen importlib._bootstrap_external>(1644): <frozen importlib._bootstrap_external>(1638): <frozen importlib._bootstrap_external>(1639): <frozen importlib._bootstrap_external>(1640):  --- modulename: _bootstrap_external, funcname: _path_join
<frozen importlib._bootstrap_external>(98): <frozen importlib._bootstrap_external>(100): <frozen importlib._bootstrap_external>(102): <frozen importlib._bootstrap_external>(103): <frozen importlib._bootstrap_external>(104): <frozen importlib._bootstrap_external>(105): <frozen importlib._bootstrap_external>(106): <frozen importlib._bootstrap_external>(107): <frozen importlib._bootstrap_external>(104): <frozen importlib._bootstrap_external>(105): <frozen importlib._bootstrap_external>(108): <frozen importlib._bootstrap_external>(117): <frozen importlib._bootstrap_external>(118): <frozen importlib._bootstrap_external>(104): <frozen importlib._bootstrap_external>(119):  --- modulename: _bootstrap_external, funcname: <listcomp>
<frozen importlib._bootstrap_external>(119): <frozen importlib._bootstrap_external>(119): <frozen importlib._bootstrap_external>(119): <frozen importlib._bootstrap_external>(120): <frozen importlib._bootstrap_external>(123): <frozen importlib._bootstrap_external>(1643):  --- modulename: _bootstrap, funcname: _verbose_message
<frozen importlib._bootstrap>(246): <frozen importlib._bootstrap_external>(1644): <frozen importlib._bootstrap_external>(1638): <frozen importlib._bootstrap_external>(1648): <frozen importlib._bootstrap_external>(1653): <frozen importlib._bootstrap_external>(1479): <frozen importlib._bootstrap_external>(1480): <frozen importlib._bootstrap_external>(1470): <frozen importlib._bootstrap_external>(1471): <frozen importlib._bootstrap_external>(1473):  --- modulename: _bootstrap_external, funcname: _path_importer_cache
<frozen importlib._bootstrap_external>(1429): <frozen importlib._bootstrap_external>(1436): <frozen importlib._bootstrap_external>(1437): <frozen importlib._bootstrap_external>(1441): <frozen importlib._bootstrap_external>(1474): <frozen importlib._bootstrap_external>(1470): <frozen importlib._bootstrap_external>(1471): <frozen importlib._bootstrap_external>(1473):  --- modulename: _bootstrap_external, funcname: _path_importer_cache
<frozen importlib._bootstrap_external>(1429): <frozen importlib._bootstrap_external>(1436): <frozen importlib._bootstrap_external>(1437): <frozen importlib._bootstrap_external>(1441): <frozen importlib._bootstrap_external>(1474): <frozen importlib._bootstrap_external>(1475): <frozen importlib._bootstrap_external>(1476):  --- modulename: _bootstrap_external, funcname: find_spec
<frozen importlib._bootstrap_external>(1609): <frozen importlib._bootstrap_external>(1610): <frozen importlib._bootstrap_external>(1611): <frozen importlib._bootstrap_external>(1612):  --- modulename: _bootstrap_external, funcname: _path_stat
<frozen importlib._bootstrap_external>(147): <frozen importlib._bootstrap_external>(1615): <frozen importlib._bootstrap_external>(1619):  --- modulename: _bootstrap_external, funcname: _relax_case
<frozen importlib._bootstrap_external>(69): <frozen importlib._bootstrap_external>(1623): <frozen importlib._bootstrap_external>(1624): <frozen importlib._bootstrap_external>(1626): <frozen importlib._bootstrap_external>(1638): <frozen importlib._bootstrap_external>(1639): <frozen importlib._bootstrap_external>(1640):  --- modulename: _bootstrap_external, funcname: _path_join
<frozen importlib._bootstrap_external>(98): <frozen importlib._bootstrap_external>(100): <frozen importlib._bootstrap_external>(102): <frozen importlib._bootstrap_external>(103): <frozen importlib._bootstrap_external>(104): <frozen importlib._bootstrap_external>(105): <frozen importlib._bootstrap_external>(106): <frozen importlib._bootstrap_external>(107): <frozen importlib._bootstrap_external>(104): <frozen importlib._bootstrap_external>(105): <frozen importlib._bootstrap_external>(108): <frozen importlib._bootstrap_external>(117): <frozen importlib._bootstrap_external>(118): <frozen importlib._bootstrap_external>(104): <frozen importlib._bootstrap_external>(119):  --- modulename: _bootstrap_external, funcname: <listcomp>
<frozen importlib._bootstrap_external>(119): <frozen importlib._bootstrap_external>(119): <frozen importlib._bootstrap_external>(119): <frozen importlib._bootstrap_external>(120): <frozen importlib._bootstrap_external>(123): <frozen importlib._bootstrap_external>(1643):  --- modulename: _bootstrap, funcname: _verbose_message
<frozen importlib._bootstrap>(246): <frozen importlib._bootstrap_external>(1644): <frozen importlib._bootstrap_external>(1638): <frozen importlib._bootstrap_external>(1639): <frozen importlib._bootstrap_external>(1640):  --- modulename: _bootstrap_external, funcname: _path_join
<frozen importlib._bootstrap_external>(98): <frozen importlib._bootstrap_external>(100): <frozen importlib._bootstrap_external>(102): <frozen importlib._bootstrap_external>(103): <frozen importlib._bootstrap_external>(104): <frozen importlib._bootstrap_external>(105): <frozen importlib._bootstrap_external>(106): <frozen importlib._bootstrap_external>(107): <frozen importlib._bootstrap_external>(104): <frozen importlib._bootstrap_external>(105): <frozen importlib._bootstrap_external>(108): <frozen importlib._bootstrap_external>(117): <frozen importlib._bootstrap_external>(118): <frozen importlib._bootstrap_external>(104): <frozen importlib._bootstrap_external>(119):  --- modulename: _bootstrap_external, funcname: <listcomp>
<frozen importlib._bootstrap_external>(119): <frozen importlib._bootstrap_external>(119): <frozen importlib._bootstrap_external>(119): <frozen importlib._bootstrap_external>(120): <frozen importlib._bootstrap_external>(123): <frozen importlib._bootstrap_external>(1643):  --- modulename: _bootstrap, funcname: _verbose_message
<frozen importlib._bootstrap>(246): <frozen importlib._bootstrap_external>(1644): <frozen importlib._bootstrap_external>(1638): <frozen importlib._bootstrap_external>(1639): <frozen importlib._bootstrap_external>(1640):  --- modulename: _bootstrap_external, funcname: _path_join
<frozen importlib._bootstrap_external>(98): <frozen importlib._bootstrap_external>(100): <frozen importlib._bootstrap_external>(102): <frozen importlib._bootstrap_external>(103): <frozen importlib._bootstrap_external>(104): <frozen importlib._bootstrap_external>(105): <frozen importlib._bootstrap_external>(106): <frozen importlib._bootstrap_external>(107): <frozen importlib._bootstrap_external>(104): <frozen importlib._bootstrap_external>(105): <frozen importlib._bootstrap_external>(108): <frozen importlib._bootstrap_external>(117): <frozen importlib._bootstrap_external>(118): <frozen importlib._bootstrap_external>(104): <frozen importlib._bootstrap_external>(119):  --- modulename: _bootstrap_external, funcname: <listcomp>
<frozen importlib._bootstrap_external>(119): <frozen importlib._bootstrap_external>(119): <frozen importlib._bootstrap_external>(119): <frozen importlib._bootstrap_external>(120): <frozen importlib._bootstrap_external>(123): <frozen importlib._bootstrap_external>(1643):  --- modulename: _bootstrap, funcname: _verbose_message
<frozen importlib._bootstrap>(246): <frozen importlib._bootstrap_external>(1644): <frozen importlib._bootstrap_external>(1638): <frozen importlib._bootstrap_external>(1639): <frozen importlib._bootstrap_external>(1640):  --- modulename: _bootstrap_external, funcname: _path_join
<frozen importlib._bootstrap_external>(98): <frozen importlib._bootstrap_external>(100): <frozen importlib._bootstrap_external>(102): <frozen importlib._bootstrap_external>(103): <frozen importlib._bootstrap_external>(104): <frozen importlib._bootstrap_external>(105): <frozen importlib._bootstrap_external>(106): <frozen importlib._bootstrap_external>(107): <frozen importlib._bootstrap_external>(104): <frozen importlib._bootstrap_external>(105): <frozen importlib._bootstrap_external>(108): <frozen importlib._bootstrap_external>(117): <frozen importlib._bootstrap_external>(118): <frozen importlib._bootstrap_external>(104): <frozen importlib._bootstrap_external>(119):  --- modulename: _bootstrap_external, funcname: <listcomp>
<frozen importlib._bootstrap_external>(119): <frozen importlib._bootstrap_external>(119): <frozen importlib._bootstrap_external>(119): <frozen importlib._bootstrap_external>(120): <frozen importlib._bootstrap_external>(123): <frozen importlib._bootstrap_external>(1643):  --- modulename: _bootstrap, funcname: _verbose_message
<frozen importlib._bootstrap>(246): <frozen importlib._bootstrap_external>(1644): <frozen importlib._bootstrap_external>(1638): <frozen importlib._bootstrap_external>(1639): <frozen importlib._bootstrap_external>(1640):  --- modulename: _bootstrap_external, funcname: _path_join
<frozen importlib._bootstrap_external>(98): <frozen importlib._bootstrap_external>(100): <frozen importlib._bootstrap_external>(102): <frozen importlib._bootstrap_external>(103): <frozen importlib._bootstrap_external>(104): <frozen importlib._bootstrap_external>(105): <frozen importlib._bootstrap_external>(106): <frozen importlib._bootstrap_external>(107): <frozen importlib._bootstrap_external>(104): <frozen importlib._bootstrap_external>(105): <frozen importlib._bootstrap_external>(108): <frozen importlib._bootstrap_external>(117): <frozen importlib._bootstrap_external>(118): <frozen importlib._bootstrap_external>(104): <frozen importlib._bootstrap_external>(119):  --- modulename: _bootstrap_external, funcname: <listcomp>
<frozen importlib._bootstrap_external>(119): <frozen importlib._bootstrap_external>(119): <frozen importlib._bootstrap_external>(119): <frozen importlib._bootstrap_external>(120): <frozen importlib._bootstrap_external>(123): <frozen importlib._bootstrap_external>(1643):  --- modulename: _bootstrap, funcname: _verbose_message
<frozen importlib._bootstrap>(246): <frozen importlib._bootstrap_external>(1644): <frozen importlib._bootstrap_external>(1638): <frozen importlib._bootstrap_external>(1648): <frozen importlib._bootstrap_external>(1653): <frozen importlib._bootstrap_external>(1479): <frozen importlib._bootstrap_external>(1480): <frozen importlib._bootstrap_external>(1470): <frozen importlib._bootstrap_external>(1471): <frozen importlib._bootstrap_external>(1473):  --- modulename: _bootstrap_external, funcname: _path_importer_cache
<frozen importlib._bootstrap_external>(1429): <frozen importlib._bootstrap_external>(1436): <frozen importlib._bootstrap_external>(1437): <frozen importlib._bootstrap_external>(1441): <frozen importlib._bootstrap_external>(1474): <frozen importlib._bootstrap_external>(1475): <frozen importlib._bootstrap_external>(1476):  --- modulename: _bootstrap_external, funcname: find_spec
<frozen importlib._bootstrap_external>(1609): <frozen importlib._bootstrap_external>(1610): <frozen importlib._bootstrap_external>(1611): <frozen importlib._bootstrap_external>(1612):  --- modulename: _bootstrap_external, funcname: _path_stat
<frozen importlib._bootstrap_external>(147): <frozen importlib._bootstrap_external>(1615): <frozen importlib._bootstrap_external>(1619):  --- modulename: _bootstrap_external, funcname: _relax_case
<frozen importlib._bootstrap_external>(69): <frozen importlib._bootstrap_external>(1623): <frozen importlib._bootstrap_external>(1624): <frozen importlib._bootstrap_external>(1626): <frozen importlib._bootstrap_external>(1638): <frozen importlib._bootstrap_external>(1639): <frozen importlib._bootstrap_external>(1640):  --- modulename: _bootstrap_external, funcname: _path_join
<frozen importlib._bootstrap_external>(98): <frozen importlib._bootstrap_external>(100): <frozen importlib._bootstrap_external>(102): <frozen importlib._bootstrap_external>(103): <frozen importlib._bootstrap_external>(104): <frozen importlib._bootstrap_external>(105): <frozen importlib._bootstrap_external>(106): <frozen importlib._bootstrap_external>(107): <frozen importlib._bootstrap_external>(104): <frozen importlib._bootstrap_external>(105): <frozen importlib._bootstrap_external>(108): <frozen importlib._bootstrap_external>(117): <frozen importlib._bootstrap_external>(118): <frozen importlib._bootstrap_external>(104): <frozen importlib._bootstrap_external>(119):  --- modulename: _bootstrap_external, funcname: <listcomp>
<frozen importlib._bootstrap_external>(119): <frozen importlib._bootstrap_external>(119): <frozen importlib._bootstrap_external>(119): <frozen importlib._bootstrap_external>(120): <frozen importlib._bootstrap_external>(123): <frozen importlib._bootstrap_external>(1643):  --- modulename: _bootstrap, funcname: _verbose_message
<frozen importlib._bootstrap>(246): <frozen importlib._bootstrap_external>(1644): <frozen importlib._bootstrap_external>(1638): <frozen importlib._bootstrap_external>(1639): <frozen importlib._bootstrap_external>(1640):  --- modulename: _bootstrap_external, funcname: _path_join
<frozen importlib._bootstrap_external>(98): <frozen importlib._bootstrap_external>(100): <frozen importlib._bootstrap_external>(102): <frozen importlib._bootstrap_external>(103): <frozen importlib._bootstrap_external>(104): <frozen importlib._bootstrap_external>(105): <frozen importlib._bootstrap_external>(106): <frozen importlib._bootstrap_external>(107): <frozen importlib._bootstrap_external>(104): <frozen importlib._bootstrap_external>(105): <frozen importlib._bootstrap_external>(108): <frozen importlib._bootstrap_external>(117): <frozen importlib._bootstrap_external>(118): <frozen importlib._bootstrap_external>(104): <frozen importlib._bootstrap_external>(119):  --- modulename: _bootstrap_external, funcname: <listcomp>
<frozen importlib._bootstrap_external>(119): <frozen importlib._bootstrap_external>(119): <frozen importlib._bootstrap_external>(119): <frozen importlib._bootstrap_external>(120): <frozen importlib._bootstrap_external>(123): <frozen importlib._bootstrap_external>(1643):  --- modulename: _bootstrap, funcname: _verbose_message
<frozen importlib._bootstrap>(246): <frozen importlib._bootstrap_external>(1644): <frozen importlib._bootstrap_external>(1638): <frozen importlib._bootstrap_external>(1639): <frozen importlib._bootstrap_external>(1640):  --- modulename: _bootstrap_external, funcname: _path_join
<frozen importlib._bootstrap_external>(98): <frozen importlib._bootstrap_external>(100): <frozen importlib._bootstrap_external>(102): <frozen importlib._bootstrap_external>(103): <frozen importlib._bootstrap_external>(104): <frozen importlib._bootstrap_external>(105): <frozen importlib._bootstrap_external>(106): <frozen importlib._bootstrap_external>(107): <frozen importlib._bootstrap_external>(104): <frozen importlib._bootstrap_external>(105): <frozen importlib._bootstrap_external>(108): <frozen importlib._bootstrap_external>(117): <frozen importlib._bootstrap_external>(118): <frozen importlib._bootstrap_external>(104): <frozen importlib._bootstrap_external>(119):  --- modulename: _bootstrap_external, funcname: <listcomp>
<frozen importlib._bootstrap_external>(119): <frozen importlib._bootstrap_external>(119): <frozen importlib._bootstrap_external>(119): <frozen importlib._bootstrap_external>(120): <frozen importlib._bootstrap_external>(123): <frozen importlib._bootstrap_external>(1643):  --- modulename: _bootstrap, funcname: _verbose_message
<frozen importlib._bootstrap>(246): <frozen importlib._bootstrap_external>(1644): <frozen importlib._bootstrap_external>(1645):  --- modulename: _bootstrap_external, funcname: _path_isfile
<frozen importlib._bootstrap_external>(161):  --- modulename: _bootstrap_external, funcname: _path_is_mode_type
<frozen importlib._bootstrap_external>(152): <frozen importlib._bootstrap_external>(153):  --- modulename: _bootstrap_external, funcname: _path_stat
<frozen importlib._bootstrap_external>(147): <frozen importlib._bootstrap_external>(156): <frozen importlib._bootstrap_external>(1646): <frozen importlib._bootstrap_external>(1647): <frozen importlib._bootstrap_external>(1646):  --- modulename: _bootstrap_external, funcname: _get_spec
<frozen importlib._bootstrap_external>(1600):  --- modulename: _bootstrap_external, funcname: __init__
<frozen importlib._bootstrap_external>(1100): <frozen importlib._bootstrap_external>(1101): <frozen importlib._bootstrap_external>(1601): <frozen importlib._bootstrap_external>(1602): <frozen importlib._bootstrap_external>(1601):  --- modulename: _bootstrap_external, funcname: spec_from_file_location
<frozen importlib._bootstrap_external>(790): <frozen importlib._bootstrap_external>(802): <frozen importlib._bootstrap_external>(803):  --- modulename: _bootstrap_external, funcname: _path_isabs
<frozen importlib._bootstrap_external>(174): <frozen importlib._bootstrap_external>(176): <frozen importlib._bootstrap_external>(177): <frozen importlib._bootstrap_external>(815):  --- modulename: _bootstrap, funcname: __init__
<frozen importlib._bootstrap>(359): <frozen importlib._bootstrap>(360): <frozen importlib._bootstrap>(361): <frozen importlib._bootstrap>(362): <frozen importlib._bootstrap>(363): <frozen importlib._bootstrap>(364): <frozen importlib._bootstrap>(367): <frozen importlib._bootstrap>(368): <frozen importlib._bootstrap_external>(816): <frozen importlib._bootstrap_external>(819): <frozen importlib._bootstrap_external>(829): <frozen importlib._bootstrap_external>(840): <frozen importlib._bootstrap_external>(841): <frozen importlib._bootstrap_external>(846): <frozen importlib._bootstrap_external>(1479): <frozen importlib._bootstrap_external>(1481): <frozen importlib._bootstrap_external>(1482): <frozen importlib._bootstrap_external>(1505): <frozen importlib._bootstrap_external>(1507): <frozen importlib._bootstrap_external>(1518): <frozen importlib._bootstrap>(1072):  --- modulename: _bootstrap, funcname: __exit__
<frozen importlib._bootstrap>(1034): <frozen importlib._bootstrap>(1081): <frozen importlib._bootstrap>(1083): <frozen importlib._bootstrap>(1098): <frozen importlib._bootstrap>(1141): <frozen importlib._bootstrap>(1144): <frozen importlib._bootstrap>(1148): <frozen importlib._bootstrap>(1149):  --- modulename: _bootstrap, funcname: _load_unlocked
<frozen importlib._bootstrap>(668): <frozen importlib._bootstrap>(670): <frozen importlib._bootstrap>(676):  --- modulename: _bootstrap, funcname: module_from_spec
<frozen importlib._bootstrap>(569): <frozen importlib._bootstrap>(570): <frozen importlib._bootstrap>(573):  --- modulename: _bootstrap_external, funcname: create_module
<frozen importlib._bootstrap_external>(931): <frozen importlib._bootstrap>(577): <frozen importlib._bootstrap>(578):  --- modulename: _bootstrap, funcname: _new_module
<frozen importlib._bootstrap>(49): <frozen importlib._bootstrap>(579):  --- modulename: _bootstrap, funcname: _init_module_attrs
<frozen importlib._bootstrap>(497): <frozen importlib._bootstrap>(503): <frozen importlib._bootstrap>(504): <frozen importlib._bootstrap>(505): <frozen importlib._bootstrap>(526): <frozen importlib._bootstrap>(527): <frozen importlib._bootstrap>(531): <frozen importlib._bootstrap>(532): <frozen importlib._bootstrap>(533):  --- modulename: _bootstrap, funcname: parent
<frozen importlib._bootstrap>(408): <frozen importlib._bootstrap>(409): <frozen importlib._bootstrap>(537): <frozen importlib._bootstrap>(538): <frozen importlib._bootstrap>(542): <frozen importlib._bootstrap>(543): <frozen importlib._bootstrap>(550):  --- modulename: _bootstrap, funcname: has_location
<frozen importlib._bootstrap>(415): <frozen importlib._bootstrap>(551): <frozen importlib._bootstrap>(552): <frozen importlib._bootstrap>(553): <frozen importlib._bootstrap>(557): <frozen importlib._bootstrap>(558):  --- modulename: _bootstrap, funcname: cached
<frozen importlib._bootstrap>(394): <frozen importlib._bootstrap>(395): <frozen importlib._bootstrap>(396): <frozen importlib._bootstrap>(398):  --- modulename: _bootstrap_external, funcname: _get_cached
<frozen importlib._bootstrap_external>(568): <frozen importlib._bootstrap_external>(569): <frozen importlib._bootstrap_external>(570):  --- modulename: _bootstrap_external, funcname: cache_from_source
<frozen importlib._bootstrap_external>(455): <frozen importlib._bootstrap_external>(462): <frozen importlib._bootstrap_external>(463):  --- modulename: _bootstrap_external, funcname: _path_split
<frozen importlib._bootstrap_external>(134):  --- modulename: _bootstrap_external, funcname: <genexpr>
<frozen importlib._bootstrap_external>(134):  --- modulename: _bootstrap_external, funcname: <genexpr>
<frozen importlib._bootstrap_external>(134):  --- modulename: _bootstrap_external, funcname: <genexpr>
<frozen importlib._bootstrap_external>(134): <frozen importlib._bootstrap_external>(135): <frozen importlib._bootstrap_external>(137): <frozen importlib._bootstrap_external>(464): <frozen importlib._bootstrap_external>(465): <frozen importlib._bootstrap_external>(466): <frozen importlib._bootstrap_external>(468): <frozen importlib._bootstrap_external>(469): <frozen importlib._bootstrap_external>(470): <frozen importlib._bootstrap_external>(471): <frozen importlib._bootstrap_external>(474): <frozen importlib._bootstrap_external>(475): <frozen importlib._bootstrap_external>(479): <frozen importlib._bootstrap_external>(480): <frozen importlib._bootstrap_external>(505):  --- modulename: _bootstrap_external, funcname: _path_join
<frozen importlib._bootstrap_external>(98): <frozen importlib._bootstrap_external>(100): <frozen importlib._bootstrap_external>(102): <frozen importlib._bootstrap_external>(103): <frozen importlib._bootstrap_external>(104): <frozen importlib._bootstrap_external>(105): <frozen importlib._bootstrap_external>(106): <frozen importlib._bootstrap_external>(107): <frozen importlib._bootstrap_external>(104): <frozen importlib._bootstrap_external>(105): <frozen importlib._bootstrap_external>(108): <frozen importlib._bootstrap_external>(117): <frozen importlib._bootstrap_external>(118): <frozen importlib._bootstrap_external>(104): <frozen importlib._bootstrap_external>(105): <frozen importlib._bootstrap_external>(108): <frozen importlib._bootstrap_external>(117): <frozen importlib._bootstrap_external>(118): <frozen importlib._bootstrap_external>(104): <frozen importlib._bootstrap_external>(119):  --- modulename: _bootstrap_external, funcname: <listcomp>
<frozen importlib._bootstrap_external>(119): <frozen importlib._bootstrap_external>(119): <frozen importlib._bootstrap_external>(119): <frozen importlib._bootstrap_external>(119): <frozen importlib._bootstrap_external>(120): <frozen importlib._bootstrap_external>(123): <frozen importlib._bootstrap>(399): <frozen importlib._bootstrap>(559): <frozen importlib._bootstrap>(560):  --- modulename: _bootstrap, funcname: cached
<frozen importlib._bootstrap>(394): <frozen importlib._bootstrap>(399): <frozen importlib._bootstrap>(563): <frozen importlib._bootstrap>(580): <frozen importlib._bootstrap>(681): <frozen importlib._bootstrap>(682): <frozen importlib._bootstrap>(683): <frozen importlib._bootstrap>(684): <frozen importlib._bootstrap>(685): <frozen importlib._bootstrap>(690):  --- modulename: _bootstrap_external, funcname: exec_module
<frozen importlib._bootstrap_external>(936):  --- modulename: _bootstrap_external, funcname: get_code
<frozen importlib._bootstrap_external>(1014):  --- modulename: _bootstrap_external, funcname: _check_name_wrapper
<frozen importlib._bootstrap_external>(600): <frozen importlib._bootstrap_external>(602): <frozen importlib._bootstrap_external>(605):  --- modulename: _bootstrap_external, funcname: get_filename
<frozen importlib._bootstrap_external>(1125): <frozen importlib._bootstrap_external>(1015): <frozen importlib._bootstrap_external>(1016): <frozen importlib._bootstrap_external>(1017): <frozen importlib._bootstrap_external>(1018): <frozen importlib._bootstrap_external>(1019): <frozen importlib._bootstrap_external>(1020): <frozen importlib._bootstrap_external>(1021):  --- modulename: _bootstrap_external, funcname: cache_from_source
<frozen importlib._bootstrap_external>(455): <frozen importlib._bootstrap_external>(462): <frozen importlib._bootstrap_external>(463):  --- modulename: _bootstrap_external, funcname: _path_split
<frozen importlib._bootstrap_external>(134):  --- modulename: _bootstrap_external, funcname: <genexpr>
<frozen importlib._bootstrap_external>(134):  --- modulename: _bootstrap_external, funcname: <genexpr>
<frozen importlib._bootstrap_external>(134):  --- modulename: _bootstrap_external, funcname: <genexpr>
<frozen importlib._bootstrap_external>(134): <frozen importlib._bootstrap_external>(135): <frozen importlib._bootstrap_external>(137): <frozen importlib._bootstrap_external>(464): <frozen importlib._bootstrap_external>(465): <frozen importlib._bootstrap_external>(466): <frozen importlib._bootstrap_external>(468): <frozen importlib._bootstrap_external>(469): <frozen importlib._bootstrap_external>(470): <frozen importlib._bootstrap_external>(471): <frozen importlib._bootstrap_external>(474): <frozen importlib._bootstrap_external>(475): <frozen importlib._bootstrap_external>(479): <frozen importlib._bootstrap_external>(480): <frozen importlib._bootstrap_external>(505):  --- modulename: _bootstrap_external, funcname: _path_join
<frozen importlib._bootstrap_external>(98): <frozen importlib._bootstrap_external>(100): <frozen importlib._bootstrap_external>(102): <frozen importlib._bootstrap_external>(103): <frozen importlib._bootstrap_external>(104): <frozen importlib._bootstrap_external>(105): <frozen importlib._bootstrap_external>(106): <frozen importlib._bootstrap_external>(107): <frozen importlib._bootstrap_external>(104): <frozen importlib._bootstrap_external>(105): <frozen importlib._bootstrap_external>(108): <frozen importlib._bootstrap_external>(117): <frozen importlib._bootstrap_external>(118): <frozen importlib._bootstrap_external>(104): <frozen importlib._bootstrap_external>(105): <frozen importlib._bootstrap_external>(108): <frozen importlib._bootstrap_external>(117): <frozen importlib._bootstrap_external>(118): <frozen importlib._bootstrap_external>(104): <frozen importlib._bootstrap_external>(119):  --- modulename: _bootstrap_external, funcname: <listcomp>
<frozen importlib._bootstrap_external>(119): <frozen importlib._bootstrap_external>(119): <frozen importlib._bootstrap_external>(119): <frozen importlib._bootstrap_external>(119): <frozen importlib._bootstrap_external>(120): <frozen importlib._bootstrap_external>(123): <frozen importlib._bootstrap_external>(1025): <frozen importlib._bootstrap_external>(1026):  --- modulename: _bootstrap_external, funcname: path_stats
<frozen importlib._bootstrap_external>(1148):  --- modulename: _bootstrap_external, funcname: _path_stat
<frozen importlib._bootstrap_external>(147): <frozen importlib._bootstrap_external>(1149): <frozen importlib._bootstrap_external>(1030): <frozen importlib._bootstrap_external>(1031): <frozen importlib._bootstrap_external>(1032):  --- modulename: _bootstrap_external, funcname: get_data
<frozen importlib._bootstrap_external>(1129): <frozen importlib._bootstrap_external>(1130): <frozen importlib._bootstrap_external>(1131): <frozen importlib._bootstrap_external>(1130): <frozen importlib._bootstrap_external>(1037): <frozen importlib._bootstrap_external>(1038): <frozen importlib._bootstrap_external>(1036): <frozen importlib._bootstrap_external>(1040): <frozen importlib._bootstrap_external>(1041):  --- modulename: _bootstrap_external, funcname: _classify_pyc
<frozen importlib._bootstrap_external>(658): <frozen importlib._bootstrap_external>(659): <frozen importlib._bootstrap_external>(663): <frozen importlib._bootstrap_external>(667):  --- modulename: _bootstrap_external, funcname: _unpack_uint32
<frozen importlib._bootstrap_external>(86): <frozen importlib._bootstrap_external>(87): <frozen importlib._bootstrap_external>(669): <frozen importlib._bootstrap_external>(672): <frozen importlib._bootstrap_external>(1042): <frozen importlib._bootstrap_external>(1043): <frozen importlib._bootstrap_external>(1044): <frozen importlib._bootstrap_external>(1057): <frozen importlib._bootstrap_external>(1058): <frozen importlib._bootstrap_external>(1059): <frozen importlib._bootstrap_external>(1060): <frozen importlib._bootstrap_external>(1061): <frozen importlib._bootstrap_external>(1062): <frozen importlib._bootstrap_external>(1057):  --- modulename: _bootstrap_external, funcname: _validate_timestamp_pyc
<frozen importlib._bootstrap_external>(694):  --- modulename: _bootstrap_external, funcname: _unpack_uint32
<frozen importlib._bootstrap_external>(86): <frozen importlib._bootstrap_external>(87): <frozen importlib._bootstrap_external>(698): <frozen importlib._bootstrap_external>(699):  --- modulename: _bootstrap_external, funcname: _unpack_uint32
<frozen importlib._bootstrap_external>(86): <frozen importlib._bootstrap_external>(87): <frozen importlib._bootstrap_external>(698): <frozen importlib._bootstrap_external>(1067): <frozen importlib._bootstrap_external>(1068): <frozen importlib._bootstrap_external>(1067):  --- modulename: _bootstrap, funcname: _verbose_message
<frozen importlib._bootstrap>(246): <frozen importlib._bootstrap_external>(1069): <frozen importlib._bootstrap_external>(1070): <frozen importlib._bootstrap_external>(1071): <frozen importlib._bootstrap_external>(1069):  --- modulename: _bootstrap_external, funcname: _compile_bytecode
<frozen importlib._bootstrap_external>(729): <frozen importlib._bootstrap_external>(730): <frozen importlib._bootstrap_external>(731):  --- modulename: _bootstrap, funcname: _verbose_message
<frozen importlib._bootstrap>(246): <frozen importlib._bootstrap_external>(732): <frozen importlib._bootstrap_external>(733): <frozen importlib._bootstrap_external>(734): <frozen importlib._bootstrap_external>(937): <frozen importlib._bootstrap_external>(940):  --- modulename: _bootstrap, funcname: _call_with_frames_removed
<frozen importlib._bootstrap>(241):  --- modulename: socket, funcname: <module>
socket.py(4): """\
socket.py(51): import _socket
 --- modulename: _bootstrap, funcname: _find_and_load
<frozen importlib._bootstrap>(1172): <frozen importlib._bootstrap>(1173): <frozen importlib._bootstrap>(1175):  --- modulename: _bootstrap, funcname: __init__
<frozen importlib._bootstrap>(166): <frozen importlib._bootstrap>(167):  --- modulename: _bootstrap, funcname: __enter__
<frozen importlib._bootstrap>(170):  --- modulename: _bootstrap, funcname: _get_module_lock
<frozen importlib._bootstrap>(185): <frozen importlib._bootstrap>(186): <frozen importlib._bootstrap>(187): <frozen importlib._bootstrap>(188): <frozen importlib._bootstrap>(189): <frozen importlib._bootstrap>(190): <frozen importlib._bootstrap>(192): <frozen importlib._bootstrap>(193): <frozen importlib._bootstrap>(196):  --- modulename: _bootstrap, funcname: __init__
<frozen importlib._bootstrap>(72): <frozen importlib._bootstrap>(73): <frozen importlib._bootstrap>(74): <frozen importlib._bootstrap>(75): <frozen importlib._bootstrap>(76): <frozen importlib._bootstrap>(77): <frozen importlib._bootstrap>(198): <frozen importlib._bootstrap>(209): <frozen importlib._bootstrap>(211): <frozen importlib._bootstrap>(213): <frozen importlib._bootstrap>(171):  --- modulename: _bootstrap, funcname: acquire
<frozen importlib._bootstrap>(106): <frozen importlib._bootstrap>(107): <frozen importlib._bootstrap>(108): <frozen importlib._bootstrap>(109): <frozen importlib._bootstrap>(110): <frozen importlib._bootstrap>(111): <frozen importlib._bootstrap>(112): <frozen importlib._bootstrap>(113): <frozen importlib._bootstrap>(114): <frozen importlib._bootstrap>(110): <frozen importlib._bootstrap>(123): <frozen importlib._bootstrap>(1176): <frozen importlib._bootstrap>(1177): <frozen importlib._bootstrap>(1178):  --- modulename: _bootstrap, funcname: _find_and_load_unlocked
<frozen importlib._bootstrap>(1123): <frozen importlib._bootstrap>(1124): <frozen importlib._bootstrap>(1125): <frozen importlib._bootstrap>(1126): <frozen importlib._bootstrap>(1140):  --- modulename: _bootstrap, funcname: _find_spec
<frozen importlib._bootstrap>(1058): <frozen importlib._bootstrap>(1059): <frozen importlib._bootstrap>(1064): <frozen importlib._bootstrap>(1070): <frozen importlib._bootstrap>(1071): <frozen importlib._bootstrap>(1072):  --- modulename: _bootstrap, funcname: __enter__
<frozen importlib._bootstrap>(1030): <frozen importlib._bootstrap>(1073): <frozen importlib._bootstrap>(1074): <frozen importlib._bootstrap>(1080): <frozen importlib._bootstrap>(1072):  --- modulename: _bootstrap, funcname: __exit__
<frozen importlib._bootstrap>(1034): <frozen importlib._bootstrap>(1081): <frozen importlib._bootstrap>(1071): <frozen importlib._bootstrap>(1072):  --- modulename: _bootstrap, funcname: __enter__
<frozen importlib._bootstrap>(1030): <frozen importlib._bootstrap>(1073): <frozen importlib._bootstrap>(1074): <frozen importlib._bootstrap>(1080): <frozen importlib._bootstrap>(1072):  --- modulename: _bootstrap, funcname: __exit__
<frozen importlib._bootstrap>(1034): <frozen importlib._bootstrap>(1081): <frozen importlib._bootstrap>(1071): <frozen importlib._bootstrap>(1072):  --- modulename: _bootstrap, funcname: __enter__
<frozen importlib._bootstrap>(1030): <frozen importlib._bootstrap>(1073): <frozen importlib._bootstrap>(1074): <frozen importlib._bootstrap>(1080):  --- modulename: _bootstrap, funcname: find_spec
<frozen importlib._bootstrap>(750): <frozen importlib._bootstrap>(752): <frozen importlib._bootstrap>(755): <frozen importlib._bootstrap>(1072):  --- modulename: _bootstrap, funcname: __exit__
<frozen importlib._bootstrap>(1034): <frozen importlib._bootstrap>(1081): <frozen importlib._bootstrap>(1071): <frozen importlib._bootstrap>(1072):  --- modulename: _bootstrap, funcname: __enter__
<frozen importlib._bootstrap>(1030): <frozen importlib._bootstrap>(1073): <frozen importlib._bootstrap>(1074): <frozen importlib._bootstrap>(1080):  --- modulename: _bootstrap, funcname: find_spec
<frozen importlib._bootstrap>(924):  --- modulename: _bootstrap, funcname: _call_with_frames_removed
<frozen importlib._bootstrap>(241): <frozen importlib._bootstrap>(925): <frozen importlib._bootstrap>(926): <frozen importlib._bootstrap>(1072):  --- modulename: _bootstrap, funcname: __exit__
<frozen importlib._bootstrap>(1034): <frozen importlib._bootstrap>(1081): <frozen importlib._bootstrap>(1071): <frozen importlib._bootstrap>(1072):  --- modulename: _bootstrap, funcname: __enter__
<frozen importlib._bootstrap>(1030): <frozen importlib._bootstrap>(1073): <frozen importlib._bootstrap>(1074): <frozen importlib._bootstrap>(1080):  --- modulename: _bootstrap_external, funcname: find_spec
<frozen importlib._bootstrap_external>(1502): <frozen importlib._bootstrap_external>(1503): <frozen importlib._bootstrap_external>(1504):  --- modulename: _bootstrap_external, funcname: _get_spec
<frozen importlib._bootstrap_external>(1469): <frozen importlib._bootstrap_external>(1470): <frozen importlib._bootstrap_external>(1471): <frozen importlib._bootstrap_external>(1473):  --- modulename: _bootstrap_external, funcname: _path_importer_cache
<frozen importlib._bootstrap_external>(1429): <frozen importlib._bootstrap_external>(1436): <frozen importlib._bootstrap_external>(1437): <frozen importlib._bootstrap_external>(1441): <frozen importlib._bootstrap_external>(1474): <frozen importlib._bootstrap_external>(1475): <frozen importlib._bootstrap_external>(1476):  --- modulename: _bootstrap_external, funcname: find_spec
<frozen importlib._bootstrap_external>(1609): <frozen importlib._bootstrap_external>(1610): <frozen importlib._bootstrap_external>(1611): <frozen importlib._bootstrap_external>(1612):  --- modulename: _bootstrap_external, funcname: _path_stat
<frozen importlib._bootstrap_external>(147): <frozen importlib._bootstrap_external>(1615): <frozen importlib._bootstrap_external>(1619):  --- modulename: _bootstrap_external, funcname: _relax_case
<frozen importlib._bootstrap_external>(69): <frozen importlib._bootstrap_external>(1623): <frozen importlib._bootstrap_external>(1624): <frozen importlib._bootstrap_external>(1626): <frozen importlib._bootstrap_external>(1638): <frozen importlib._bootstrap_external>(1639): <frozen importlib._bootstrap_external>(1640):  --- modulename: _bootstrap_external, funcname: _path_join
<frozen importlib._bootstrap_external>(98): <frozen importlib._bootstrap_external>(100): <frozen importlib._bootstrap_external>(102): <frozen importlib._bootstrap_external>(103): <frozen importlib._bootstrap_external>(104): <frozen importlib._bootstrap_external>(105): <frozen importlib._bootstrap_external>(106): <frozen importlib._bootstrap_external>(107): <frozen importlib._bootstrap_external>(104): <frozen importlib._bootstrap_external>(105): <frozen importlib._bootstrap_external>(108): <frozen importlib._bootstrap_external>(117): <frozen importlib._bootstrap_external>(118): <frozen importlib._bootstrap_external>(104): <frozen importlib._bootstrap_external>(119):  --- modulename: _bootstrap_external, funcname: <listcomp>
<frozen importlib._bootstrap_external>(119): <frozen importlib._bootstrap_external>(119): <frozen importlib._bootstrap_external>(119): <frozen importlib._bootstrap_external>(120): <frozen importlib._bootstrap_external>(123): <frozen importlib._bootstrap_external>(1643):  --- modulename: _bootstrap, funcname: _verbose_message
<frozen importlib._bootstrap>(246): <frozen importlib._bootstrap_external>(1644): <frozen importlib._bootstrap_external>(1638): <frozen importlib._bootstrap_external>(1639): <frozen importlib._bootstrap_external>(1640):  --- modulename: _bootstrap_external, funcname: _path_join
<frozen importlib._bootstrap_external>(98): <frozen importlib._bootstrap_external>(100): <frozen importlib._bootstrap_external>(102): <frozen importlib._bootstrap_external>(103): <frozen importlib._bootstrap_external>(104): <frozen importlib._bootstrap_external>(105): <frozen importlib._bootstrap_external>(106): <frozen importlib._bootstrap_external>(107): <frozen importlib._bootstrap_external>(104): <frozen importlib._bootstrap_external>(105): <frozen importlib._bootstrap_external>(108): <frozen importlib._bootstrap_external>(117): <frozen importlib._bootstrap_external>(118): <frozen importlib._bootstrap_external>(104): <frozen importlib._bootstrap_external>(119):  --- modulename: _bootstrap_external, funcname: <listcomp>
<frozen importlib._bootstrap_external>(119): <frozen importlib._bootstrap_external>(119): <frozen importlib._bootstrap_external>(119): <frozen importlib._bootstrap_external>(120): <frozen importlib._bootstrap_external>(123): <frozen importlib._bootstrap_external>(1643):  --- modulename: _bootstrap, funcname: _verbose_message
<frozen importlib._bootstrap>(246): <frozen importlib._bootstrap_external>(1644): <frozen importlib._bootstrap_external>(1638): <frozen importlib._bootstrap_external>(1639): <frozen importlib._bootstrap_external>(1640):  --- modulename: _bootstrap_external, funcname: _path_join
<frozen importlib._bootstrap_external>(98): <frozen importlib._bootstrap_external>(100): <frozen importlib._bootstrap_external>(102): <frozen importlib._bootstrap_external>(103): <frozen importlib._bootstrap_external>(104): <frozen importlib._bootstrap_external>(105): <frozen importlib._bootstrap_external>(106): <frozen importlib._bootstrap_external>(107): <frozen importlib._bootstrap_external>(104): <frozen importlib._bootstrap_external>(105): <frozen importlib._bootstrap_external>(108): <frozen importlib._bootstrap_external>(117): <frozen importlib._bootstrap_external>(118): <frozen importlib._bootstrap_external>(104): <frozen importlib._bootstrap_external>(119):  --- modulename: _bootstrap_external, funcname: <listcomp>
<frozen importlib._bootstrap_external>(119): <frozen importlib._bootstrap_external>(119): <frozen importlib._bootstrap_external>(119): <frozen importlib._bootstrap_external>(120): <frozen importlib._bootstrap_external>(123): <frozen importlib._bootstrap_external>(1643):  --- modulename: _bootstrap, funcname: _verbose_message
<frozen importlib._bootstrap>(246): <frozen importlib._bootstrap_external>(1644): <frozen importlib._bootstrap_external>(1638): <frozen importlib._bootstrap_external>(1639): <frozen importlib._bootstrap_external>(1640):  --- modulename: _bootstrap_external, funcname: _path_join
<frozen importlib._bootstrap_external>(98): <frozen importlib._bootstrap_external>(100): <frozen importlib._bootstrap_external>(102): <frozen importlib._bootstrap_external>(103): <frozen importlib._bootstrap_external>(104): <frozen importlib._bootstrap_external>(105): <frozen importlib._bootstrap_external>(106): <frozen importlib._bootstrap_external>(107): <frozen importlib._bootstrap_external>(104): <frozen importlib._bootstrap_external>(105): <frozen importlib._bootstrap_external>(108): <frozen importlib._bootstrap_external>(117): <frozen importlib._bootstrap_external>(118): <frozen importlib._bootstrap_external>(104): <frozen importlib._bootstrap_external>(119):  --- modulename: _bootstrap_external, funcname: <listcomp>
<frozen importlib._bootstrap_external>(119): <frozen importlib._bootstrap_external>(119): <frozen importlib._bootstrap_external>(119): <frozen importlib._bootstrap_external>(120): <frozen importlib._bootstrap_external>(123): <frozen importlib._bootstrap_external>(1643):  --- modulename: _bootstrap, funcname: _verbose_message
<frozen importlib._bootstrap>(246): <frozen importlib._bootstrap_external>(1644): <frozen importlib._bootstrap_external>(1638): <frozen importlib._bootstrap_external>(1639): <frozen importlib._bootstrap_external>(1640):  --- modulename: _bootstrap_external, funcname: _path_join
<frozen importlib._bootstrap_external>(98): <frozen importlib._bootstrap_external>(100): <frozen importlib._bootstrap_external>(102): <frozen importlib._bootstrap_external>(103): <frozen importlib._bootstrap_external>(104): <frozen importlib._bootstrap_external>(105): <frozen importlib._bootstrap_external>(106): <frozen importlib._bootstrap_external>(107): <frozen importlib._bootstrap_external>(104): <frozen importlib._bootstrap_external>(105): <frozen importlib._bootstrap_external>(108): <frozen importlib._bootstrap_external>(117): <frozen importlib._bootstrap_external>(118): <frozen importlib._bootstrap_external>(104): <frozen importlib._bootstrap_external>(119):  --- modulename: _bootstrap_external, funcname: <listcomp>
<frozen importlib._bootstrap_external>(119): <frozen importlib._bootstrap_external>(119): <frozen importlib._bootstrap_external>(119): <frozen importlib._bootstrap_external>(120): <frozen importlib._bootstrap_external>(123): <frozen importlib._bootstrap_external>(1643):  --- modulename: _bootstrap, funcname: _verbose_message
<frozen importlib._bootstrap>(246): <frozen importlib._bootstrap_external>(1644): <frozen importlib._bootstrap_external>(1638): <frozen importlib._bootstrap_external>(1648): <frozen importlib._bootstrap_external>(1653): <frozen importlib._bootstrap_external>(1479): <frozen importlib._bootstrap_external>(1480): <frozen importlib._bootstrap_external>(1470): <frozen importlib._bootstrap_external>(1471): <frozen importlib._bootstrap_external>(1473):  --- modulename: _bootstrap_external, funcname: _path_importer_cache
<frozen importlib._bootstrap_external>(1429): <frozen importlib._bootstrap_external>(1436): <frozen importlib._bootstrap_external>(1437): <frozen importlib._bootstrap_external>(1441): <frozen importlib._bootstrap_external>(1474): <frozen importlib._bootstrap_external>(1470): <frozen importlib._bootstrap_external>(1471): <frozen importlib._bootstrap_external>(1473):  --- modulename: _bootstrap_external, funcname: _path_importer_cache
<frozen importlib._bootstrap_external>(1429): <frozen importlib._bootstrap_external>(1436): <frozen importlib._bootstrap_external>(1437): <frozen importlib._bootstrap_external>(1441): <frozen importlib._bootstrap_external>(1474): <frozen importlib._bootstrap_external>(1475): <frozen importlib._bootstrap_external>(1476):  --- modulename: _bootstrap_external, funcname: find_spec
<frozen importlib._bootstrap_external>(1609): <frozen importlib._bootstrap_external>(1610): <frozen importlib._bootstrap_external>(1611): <frozen importlib._bootstrap_external>(1612):  --- modulename: _bootstrap_external, funcname: _path_stat
<frozen importlib._bootstrap_external>(147): <frozen importlib._bootstrap_external>(1615): <frozen importlib._bootstrap_external>(1619):  --- modulename: _bootstrap_external, funcname: _relax_case
<frozen importlib._bootstrap_external>(69): <frozen importlib._bootstrap_external>(1623): <frozen importlib._bootstrap_external>(1624): <frozen importlib._bootstrap_external>(1626): <frozen importlib._bootstrap_external>(1638): <frozen importlib._bootstrap_external>(1639): <frozen importlib._bootstrap_external>(1640):  --- modulename: _bootstrap_external, funcname: _path_join
<frozen importlib._bootstrap_external>(98): <frozen importlib._bootstrap_external>(100): <frozen importlib._bootstrap_external>(102): <frozen importlib._bootstrap_external>(103): <frozen importlib._bootstrap_external>(104): <frozen importlib._bootstrap_external>(105): <frozen importlib._bootstrap_external>(106): <frozen importlib._bootstrap_external>(107): <frozen importlib._bootstrap_external>(104): <frozen importlib._bootstrap_external>(105): <frozen importlib._bootstrap_external>(108): <frozen importlib._bootstrap_external>(117): <frozen importlib._bootstrap_external>(118): <frozen importlib._bootstrap_external>(104): <frozen importlib._bootstrap_external>(119):  --- modulename: _bootstrap_external, funcname: <listcomp>
<frozen importlib._bootstrap_external>(119): <frozen importlib._bootstrap_external>(119): <frozen importlib._bootstrap_external>(119): <frozen importlib._bootstrap_external>(120): <frozen importlib._bootstrap_external>(123): <frozen importlib._bootstrap_external>(1643):  --- modulename: _bootstrap, funcname: _verbose_message
<frozen importlib._bootstrap>(246): <frozen importlib._bootstrap_external>(1644): <frozen importlib._bootstrap_external>(1638): <frozen importlib._bootstrap_external>(1639): <frozen importlib._bootstrap_external>(1640):  --- modulename: _bootstrap_external, funcname: _path_join
<frozen importlib._bootstrap_external>(98): <frozen importlib._bootstrap_external>(100): <frozen importlib._bootstrap_external>(102): <frozen importlib._bootstrap_external>(103): <frozen importlib._bootstrap_external>(104): <frozen importlib._bootstrap_external>(105): <frozen importlib._bootstrap_external>(106): <frozen importlib._bootstrap_external>(107): <frozen importlib._bootstrap_external>(104): <frozen importlib._bootstrap_external>(105): <frozen importlib._bootstrap_external>(108): <frozen importlib._bootstrap_external>(117): <frozen importlib._bootstrap_external>(118): <frozen importlib._bootstrap_external>(104): <frozen importlib._bootstrap_external>(119):  --- modulename: _bootstrap_external, funcname: <listcomp>
<frozen importlib._bootstrap_external>(119): <frozen importlib._bootstrap_external>(119): <frozen importlib._bootstrap_external>(119): <frozen importlib._bootstrap_external>(120): <frozen importlib._bootstrap_external>(123): <frozen importlib._bootstrap_external>(1643):  --- modulename: _bootstrap, funcname: _verbose_message
<frozen importlib._bootstrap>(246): <frozen importlib._bootstrap_external>(1644): <frozen importlib._bootstrap_external>(1645):  --- modulename: _bootstrap_external, funcname: _path_isfile
<frozen importlib._bootstrap_external>(161):  --- modulename: _bootstrap_external, funcname: _path_is_mode_type
<frozen importlib._bootstrap_external>(152): <frozen importlib._bootstrap_external>(153):  --- modulename: _bootstrap_external, funcname: _path_stat
<frozen importlib._bootstrap_external>(147): <frozen importlib._bootstrap_external>(156): <frozen importlib._bootstrap_external>(1646): <frozen importlib._bootstrap_external>(1647): <frozen importlib._bootstrap_external>(1646):  --- modulename: _bootstrap_external, funcname: _get_spec
<frozen importlib._bootstrap_external>(1600):  --- modulename: _bootstrap_external, funcname: __init__
<frozen importlib._bootstrap_external>(1221): <frozen importlib._bootstrap_external>(1222): <frozen importlib._bootstrap_external>(1601): <frozen importlib._bootstrap_external>(1602): <frozen importlib._bootstrap_external>(1601):  --- modulename: _bootstrap_external, funcname: spec_from_file_location
<frozen importlib._bootstrap_external>(790): <frozen importlib._bootstrap_external>(802): <frozen importlib._bootstrap_external>(803):  --- modulename: _bootstrap_external, funcname: _path_isabs
<frozen importlib._bootstrap_external>(174): <frozen importlib._bootstrap_external>(176): <frozen importlib._bootstrap_external>(177): <frozen importlib._bootstrap_external>(815):  --- modulename: _bootstrap, funcname: __init__
<frozen importlib._bootstrap>(359): <frozen importlib._bootstrap>(360): <frozen importlib._bootstrap>(361): <frozen importlib._bootstrap>(362): <frozen importlib._bootstrap>(363): <frozen importlib._bootstrap>(364): <frozen importlib._bootstrap>(367): <frozen importlib._bootstrap>(368): <frozen importlib._bootstrap_external>(816): <frozen importlib._bootstrap_external>(819): <frozen importlib._bootstrap_external>(829): <frozen importlib._bootstrap_external>(840): <frozen importlib._bootstrap_external>(841): <frozen importlib._bootstrap_external>(846): <frozen importlib._bootstrap_external>(1479): <frozen importlib._bootstrap_external>(1481): <frozen importlib._bootstrap_external>(1482): <frozen importlib._bootstrap_external>(1505): <frozen importlib._bootstrap_external>(1507): <frozen importlib._bootstrap_external>(1518): <frozen importlib._bootstrap>(1072):  --- modulename: _bootstrap, funcname: __exit__
<frozen importlib._bootstrap>(1034): <frozen importlib._bootstrap>(1081): <frozen importlib._bootstrap>(1083): <frozen importlib._bootstrap>(1098): <frozen importlib._bootstrap>(1141): <frozen importlib._bootstrap>(1144): <frozen importlib._bootstrap>(1148): <frozen importlib._bootstrap>(1149):  --- modulename: _bootstrap, funcname: _load_unlocked
<frozen importlib._bootstrap>(668): <frozen importlib._bootstrap>(670): <frozen importlib._bootstrap>(676):  --- modulename: _bootstrap, funcname: module_from_spec
<frozen importlib._bootstrap>(569): <frozen importlib._bootstrap>(570): <frozen importlib._bootstrap>(573):  --- modulename: _bootstrap_external, funcname: create_module
<frozen importlib._bootstrap_external>(1233): <frozen importlib._bootstrap_external>(1234): <frozen importlib._bootstrap_external>(1233):  --- modulename: _bootstrap, funcname: _call_with_frames_removed
<frozen importlib._bootstrap>(241): <frozen importlib._bootstrap_external>(1235): <frozen importlib._bootstrap_external>(1236): <frozen importlib._bootstrap_external>(1235):  --- modulename: _bootstrap, funcname: _verbose_message
<frozen importlib._bootstrap>(246): <frozen importlib._bootstrap_external>(1237): <frozen importlib._bootstrap>(577): <frozen importlib._bootstrap>(579):  --- modulename: _bootstrap, funcname: _init_module_attrs
<frozen importlib._bootstrap>(497): <frozen importlib._bootstrap>(503): <frozen importlib._bootstrap>(504): <frozen importlib._bootstrap>(505): <frozen importlib._bootstrap>(526): <frozen importlib._bootstrap>(527): <frozen importlib._bootstrap>(531): <frozen importlib._bootstrap>(532): <frozen importlib._bootstrap>(533):  --- modulename: _bootstrap, funcname: parent
<frozen importlib._bootstrap>(408): <frozen importlib._bootstrap>(409): <frozen importlib._bootstrap>(537): <frozen importlib._bootstrap>(538): <frozen importlib._bootstrap>(542): <frozen importlib._bootstrap>(543): <frozen importlib._bootstrap>(550):  --- modulename: _bootstrap, funcname: has_location
<frozen importlib._bootstrap>(415): <frozen importlib._bootstrap>(551): <frozen importlib._bootstrap>(557): <frozen importlib._bootstrap>(558):  --- modulename: _bootstrap, funcname: cached
<frozen importlib._bootstrap>(394): <frozen importlib._bootstrap>(395): <frozen importlib._bootstrap>(396): <frozen importlib._bootstrap>(398):  --- modulename: _bootstrap_external, funcname: _get_cached
<frozen importlib._bootstrap_external>(568): <frozen importlib._bootstrap_external>(573): <frozen importlib._bootstrap_external>(576): <frozen importlib._bootstrap>(399): <frozen importlib._bootstrap>(563): <frozen importlib._bootstrap>(580): <frozen importlib._bootstrap>(681): <frozen importlib._bootstrap>(682): <frozen importlib._bootstrap>(683): <frozen importlib._bootstrap>(684): <frozen importlib._bootstrap>(685): <frozen importlib._bootstrap>(690):  --- modulename: _bootstrap_external, funcname: exec_module
<frozen importlib._bootstrap_external>(1241):  --- modulename: _bootstrap, funcname: _call_with_frames_removed
<frozen importlib._bootstrap>(241): <frozen importlib._bootstrap_external>(1242): <frozen importlib._bootstrap_external>(1243): <frozen importlib._bootstrap_external>(1242):  --- modulename: _bootstrap, funcname: _verbose_message
<frozen importlib._bootstrap>(246): <frozen importlib._bootstrap>(701): <frozen importlib._bootstrap>(702): <frozen importlib._bootstrap>(703):  --- modulename: _bootstrap, funcname: _verbose_message
<frozen importlib._bootstrap>(246): <frozen importlib._bootstrap>(705): <frozen importlib._bootstrap>(707): <frozen importlib._bootstrap>(1151): <frozen importlib._bootstrap>(1153): <frozen importlib._bootstrap>(1161): <frozen importlib._bootstrap>(1175):  --- modulename: _bootstrap, funcname: __exit__
<frozen importlib._bootstrap>(174):  --- modulename: _bootstrap, funcname: release
<frozen importlib._bootstrap>(126): <frozen importlib._bootstrap>(127): <frozen importlib._bootstrap>(128): <frozen importlib._bootstrap>(130): <frozen importlib._bootstrap>(131): <frozen importlib._bootstrap>(132): <frozen importlib._bootstrap>(133): <frozen importlib._bootstrap>(134): <frozen importlib._bootstrap>(127):  --- modulename: _bootstrap, funcname: cb
<frozen importlib._bootstrap>(199): <frozen importlib._bootstrap>(200): <frozen importlib._bootstrap>(204): <frozen importlib._bootstrap>(205): <frozen importlib._bootstrap>(207): socket.py(52): from _socket import *
socket.py(54): import os, sys, io, selectors
 --- modulename: _bootstrap, funcname: _find_and_load
<frozen importlib._bootstrap>(1172): <frozen importlib._bootstrap>(1173): <frozen importlib._bootstrap>(1175):  --- modulename: _bootstrap, funcname: __init__
<frozen importlib._bootstrap>(166): <frozen importlib._bootstrap>(167):  --- modulename: _bootstrap, funcname: __enter__
<frozen importlib._bootstrap>(170):  --- modulename: _bootstrap, funcname: _get_module_lock
<frozen importlib._bootstrap>(185): <frozen importlib._bootstrap>(186): <frozen importlib._bootstrap>(187): <frozen importlib._bootstrap>(188): <frozen importlib._bootstrap>(189): <frozen importlib._bootstrap>(190): <frozen importlib._bootstrap>(192): <frozen importlib._bootstrap>(193): <frozen importlib._bootstrap>(196):  --- modulename: _bootstrap, funcname: __init__
<frozen importlib._bootstrap>(72): <frozen importlib._bootstrap>(73): <frozen importlib._bootstrap>(74): <frozen importlib._bootstrap>(75): <frozen importlib._bootstrap>(76): <frozen importlib._bootstrap>(77): <frozen importlib._bootstrap>(198): <frozen importlib._bootstrap>(209): <frozen importlib._bootstrap>(211): <frozen importlib._bootstrap>(213): <frozen importlib._bootstrap>(171):  --- modulename: _bootstrap, funcname: acquire
<frozen importlib._bootstrap>(106): <frozen importlib._bootstrap>(107): <frozen importlib._bootstrap>(108): <frozen importlib._bootstrap>(109): <frozen importlib._bootstrap>(110): <frozen importlib._bootstrap>(111): <frozen importlib._bootstrap>(112): <frozen importlib._bootstrap>(113): <frozen importlib._bootstrap>(114): <frozen importlib._bootstrap>(110): <frozen importlib._bootstrap>(123): <frozen importlib._bootstrap>(1176): <frozen importlib._bootstrap>(1177): <frozen importlib._bootstrap>(1178):  --- modulename: _bootstrap, funcname: _find_and_load_unlocked
<frozen importlib._bootstrap>(1123): <frozen importlib._bootstrap>(1124): <frozen importlib._bootstrap>(1125): <frozen importlib._bootstrap>(1126): <frozen importlib._bootstrap>(1140):  --- modulename: _bootstrap, funcname: _find_spec
<frozen importlib._bootstrap>(1058): <frozen importlib._bootstrap>(1059): <frozen importlib._bootstrap>(1064): <frozen importlib._bootstrap>(1070): <frozen importlib._bootstrap>(1071): <frozen importlib._bootstrap>(1072):  --- modulename: _bootstrap, funcname: __enter__
<frozen importlib._bootstrap>(1030): <frozen importlib._bootstrap>(1073): <frozen importlib._bootstrap>(1074): <frozen importlib._bootstrap>(1080): <frozen importlib._bootstrap>(1072):  --- modulename: _bootstrap, funcname: __exit__
<frozen importlib._bootstrap>(1034): <frozen importlib._bootstrap>(1081): <frozen importlib._bootstrap>(1071): <frozen importlib._bootstrap>(1072):  --- modulename: _bootstrap, funcname: __enter__
<frozen importlib._bootstrap>(1030): <frozen importlib._bootstrap>(1073): <frozen importlib._bootstrap>(1074): <frozen importlib._bootstrap>(1080): <frozen importlib._bootstrap>(1072):  --- modulename: _bootstrap, funcname: __exit__
<frozen importlib._bootstrap>(1034): <frozen importlib._bootstrap>(1081): <frozen importlib._bootstrap>(1071): <frozen importlib._bootstrap>(1072):  --- modulename: _bootstrap, funcname: __enter__
<frozen importlib._bootstrap>(1030): <frozen importlib._bootstrap>(1073): <frozen importlib._bootstrap>(1074): <frozen importlib._bootstrap>(1080):  --- modulename: _bootstrap, funcname: find_spec
<frozen importlib._bootstrap>(750): <frozen importlib._bootstrap>(752): <frozen importlib._bootstrap>(755): <frozen importlib._bootstrap>(1072):  --- modulename: _bootstrap, funcname: __exit__
<frozen importlib._bootstrap>(1034): <frozen importlib._bootstrap>(1081): <frozen importlib._bootstrap>(1071): <frozen importlib._bootstrap>(1072):  --- modulename: _bootstrap, funcname: __enter__
<frozen importlib._bootstrap>(1030): <frozen importlib._bootstrap>(1073): <frozen importlib._bootstrap>(1074): <frozen importlib._bootstrap>(1080):  --- modulename: _bootstrap, funcname: find_spec
<frozen importlib._bootstrap>(924):  --- modulename: _bootstrap, funcname: _call_with_frames_removed
<frozen importlib._bootstrap>(241): <frozen importlib._bootstrap>(925): <frozen importlib._bootstrap>(926): <frozen importlib._bootstrap>(1072):  --- modulename: _bootstrap, funcname: __exit__
<frozen importlib._bootstrap>(1034): <frozen importlib._bootstrap>(1081): <frozen importlib._bootstrap>(1071): <frozen importlib._bootstrap>(1072):  --- modulename: _bootstrap, funcname: __enter__
<frozen importlib._bootstrap>(1030): <frozen importlib._bootstrap>(1073): <frozen importlib._bootstrap>(1074): <frozen importlib._bootstrap>(1080):  --- modulename: _bootstrap_external, funcname: find_spec
<frozen importlib._bootstrap_external>(1502): <frozen importlib._bootstrap_external>(1503): <frozen importlib._bootstrap_external>(1504):  --- modulename: _bootstrap_external, funcname: _get_spec
<frozen importlib._bootstrap_external>(1469): <frozen importlib._bootstrap_external>(1470): <frozen importlib._bootstrap_external>(1471): <frozen importlib._bootstrap_external>(1473):  --- modulename: _bootstrap_external, funcname: _path_importer_cache
<frozen importlib._bootstrap_external>(1429): <frozen importlib._bootstrap_external>(1436): <frozen importlib._bootstrap_external>(1437): <frozen importlib._bootstrap_external>(1441): <frozen importlib._bootstrap_external>(1474): <frozen importlib._bootstrap_external>(1475): <frozen importlib._bootstrap_external>(1476):  --- modulename: _bootstrap_external, funcname: find_spec
<frozen importlib._bootstrap_external>(1609): <frozen importlib._bootstrap_external>(1610): <frozen importlib._bootstrap_external>(1611): <frozen importlib._bootstrap_external>(1612):  --- modulename: _bootstrap_external, funcname: _path_stat
<frozen importlib._bootstrap_external>(147): <frozen importlib._bootstrap_external>(1615): <frozen importlib._bootstrap_external>(1619):  --- modulename: _bootstrap_external, funcname: _relax_case
<frozen importlib._bootstrap_external>(69): <frozen importlib._bootstrap_external>(1623): <frozen importlib._bootstrap_external>(1624): <frozen importlib._bootstrap_external>(1626): <frozen importlib._bootstrap_external>(1638): <frozen importlib._bootstrap_external>(1639): <frozen importlib._bootstrap_external>(1640):  --- modulename: _bootstrap_external, funcname: _path_join
<frozen importlib._bootstrap_external>(98): <frozen importlib._bootstrap_external>(100): <frozen importlib._bootstrap_external>(102): <frozen importlib._bootstrap_external>(103): <frozen importlib._bootstrap_external>(104): <frozen importlib._bootstrap_external>(105): <frozen importlib._bootstrap_external>(106): <frozen importlib._bootstrap_external>(107): <frozen importlib._bootstrap_external>(104): <frozen importlib._bootstrap_external>(105): <frozen importlib._bootstrap_external>(108): <frozen importlib._bootstrap_external>(117): <frozen importlib._bootstrap_external>(118): <frozen importlib._bootstrap_external>(104): <frozen importlib._bootstrap_external>(119):  --- modulename: _bootstrap_external, funcname: <listcomp>
<frozen importlib._bootstrap_external>(119): <frozen importlib._bootstrap_external>(119): <frozen importlib._bootstrap_external>(119): <frozen importlib._bootstrap_external>(120): <frozen importlib._bootstrap_external>(123): <frozen importlib._bootstrap_external>(1643):  --- modulename: _bootstrap, funcname: _verbose_message
<frozen importlib._bootstrap>(246): <frozen importlib._bootstrap_external>(1644): <frozen importlib._bootstrap_external>(1638): <frozen importlib._bootstrap_external>(1639): <frozen importlib._bootstrap_external>(1640):  --- modulename: _bootstrap_external, funcname: _path_join
<frozen importlib._bootstrap_external>(98): <frozen importlib._bootstrap_external>(100): <frozen importlib._bootstrap_external>(102): <frozen importlib._bootstrap_external>(103): <frozen importlib._bootstrap_external>(104): <frozen importlib._bootstrap_external>(105): <frozen importlib._bootstrap_external>(106): <frozen importlib._bootstrap_external>(107): <frozen importlib._bootstrap_external>(104): <frozen importlib._bootstrap_external>(105): <frozen importlib._bootstrap_external>(108): <frozen importlib._bootstrap_external>(117): <frozen importlib._bootstrap_external>(118): <frozen importlib._bootstrap_external>(104): <frozen importlib._bootstrap_external>(119):  --- modulename: _bootstrap_external, funcname: <listcomp>
<frozen importlib._bootstrap_external>(119): <frozen importlib._bootstrap_external>(119): <frozen importlib._bootstrap_external>(119): <frozen importlib._bootstrap_external>(120): <frozen importlib._bootstrap_external>(123): <frozen importlib._bootstrap_external>(1643):  --- modulename: _bootstrap, funcname: _verbose_message
<frozen importlib._bootstrap>(246): <frozen importlib._bootstrap_external>(1644): <frozen importlib._bootstrap_external>(1638): <frozen importlib._bootstrap_external>(1639): <frozen importlib._bootstrap_external>(1640):  --- modulename: _bootstrap_external, funcname: _path_join
<frozen importlib._bootstrap_external>(98): <frozen importlib._bootstrap_external>(100): <frozen importlib._bootstrap_external>(102): <frozen importlib._bootstrap_external>(103): <frozen importlib._bootstrap_external>(104): <frozen importlib._bootstrap_external>(105): <frozen importlib._bootstrap_external>(106): <frozen importlib._bootstrap_external>(107): <frozen importlib._bootstrap_external>(104): <frozen importlib._bootstrap_external>(105): <frozen importlib._bootstrap_external>(108): <frozen importlib._bootstrap_external>(117): <frozen importlib._bootstrap_external>(118): <frozen importlib._bootstrap_external>(104): <frozen importlib._bootstrap_external>(119):  --- modulename: _bootstrap_external, funcname: <listcomp>
<frozen importlib._bootstrap_external>(119): <frozen importlib._bootstrap_external>(119): <frozen importlib._bootstrap_external>(119): <frozen importlib._bootstrap_external>(120): <frozen importlib._bootstrap_external>(123): <frozen importlib._bootstrap_external>(1643):  --- modulename: _bootstrap, funcname: _verbose_message
<frozen importlib._bootstrap>(246): <frozen importlib._bootstrap_external>(1644): <frozen importlib._bootstrap_external>(1638): <frozen importlib._bootstrap_external>(1639): <frozen importlib._bootstrap_external>(1640):  --- modulename: _bootstrap_external, funcname: _path_join
<frozen importlib._bootstrap_external>(98): <frozen importlib._bootstrap_external>(100): <frozen importlib._bootstrap_external>(102): <frozen importlib._bootstrap_external>(103): <frozen importlib._bootstrap_external>(104): <frozen importlib._bootstrap_external>(105): <frozen importlib._bootstrap_external>(106): <frozen importlib._bootstrap_external>(107): <frozen importlib._bootstrap_external>(104): <frozen importlib._bootstrap_external>(105): <frozen importlib._bootstrap_external>(108): <frozen importlib._bootstrap_external>(117): <frozen importlib._bootstrap_external>(118): <frozen importlib._bootstrap_external>(104): <frozen importlib._bootstrap_external>(119):  --- modulename: _bootstrap_external, funcname: <listcomp>
<frozen importlib._bootstrap_external>(119): <frozen importlib._bootstrap_external>(119): <frozen importlib._bootstrap_external>(119): <frozen importlib._bootstrap_external>(120): <frozen importlib._bootstrap_external>(123): <frozen importlib._bootstrap_external>(1643):  --- modulename: _bootstrap, funcname: _verbose_message
<frozen importlib._bootstrap>(246): <frozen importlib._bootstrap_external>(1644): <frozen importlib._bootstrap_external>(1638): <frozen importlib._bootstrap_external>(1639): <frozen importlib._bootstrap_external>(1640):  --- modulename: _bootstrap_external, funcname: _path_join
<frozen importlib._bootstrap_external>(98): <frozen importlib._bootstrap_external>(100): <frozen importlib._bootstrap_external>(102): <frozen importlib._bootstrap_external>(103): <frozen importlib._bootstrap_external>(104): <frozen importlib._bootstrap_external>(105): <frozen importlib._bootstrap_external>(106): <frozen importlib._bootstrap_external>(107): <frozen importlib._bootstrap_external>(104): <frozen importlib._bootstrap_external>(105): <frozen importlib._bootstrap_external>(108): <frozen importlib._bootstrap_external>(117): <frozen importlib._bootstrap_external>(118): <frozen importlib._bootstrap_external>(104): <frozen importlib._bootstrap_external>(119):  --- modulename: _bootstrap_external, funcname: <listcomp>
<frozen importlib._bootstrap_external>(119): <frozen importlib._bootstrap_external>(119): <frozen importlib._bootstrap_external>(119): <frozen importlib._bootstrap_external>(120): <frozen importlib._bootstrap_external>(123): <frozen importlib._bootstrap_external>(1643):  --- modulename: _bootstrap, funcname: _verbose_message
<frozen importlib._bootstrap>(246): <frozen importlib._bootstrap_external>(1644): <frozen importlib._bootstrap_external>(1638): <frozen importlib._bootstrap_external>(1648): <frozen importlib._bootstrap_external>(1653): <frozen importlib._bootstrap_external>(1479): <frozen importlib._bootstrap_external>(1480): <frozen importlib._bootstrap_external>(1470): <frozen importlib._bootstrap_external>(1471): <frozen importlib._bootstrap_external>(1473):  --- modulename: _bootstrap_external, funcname: _path_importer_cache
<frozen importlib._bootstrap_external>(1429): <frozen importlib._bootstrap_external>(1436): <frozen importlib._bootstrap_external>(1437): <frozen importlib._bootstrap_external>(1441): <frozen importlib._bootstrap_external>(1474): <frozen importlib._bootstrap_external>(1470): <frozen importlib._bootstrap_external>(1471): <frozen importlib._bootstrap_external>(1473):  --- modulename: _bootstrap_external, funcname: _path_importer_cache
<frozen importlib._bootstrap_external>(1429): <frozen importlib._bootstrap_external>(1436): <frozen importlib._bootstrap_external>(1437): <frozen importlib._bootstrap_external>(1441): <frozen importlib._bootstrap_external>(1474): <frozen importlib._bootstrap_external>(1475): <frozen importlib._bootstrap_external>(1476):  --- modulename: _bootstrap_external, funcname: find_spec
<frozen importlib._bootstrap_external>(1609): <frozen importlib._bootstrap_external>(1610): <frozen importlib._bootstrap_external>(1611): <frozen importlib._bootstrap_external>(1612):  --- modulename: _bootstrap_external, funcname: _path_stat
<frozen importlib._bootstrap_external>(147): <frozen importlib._bootstrap_external>(1615): <frozen importlib._bootstrap_external>(1619):  --- modulename: _bootstrap_external, funcname: _relax_case
<frozen importlib._bootstrap_external>(69): <frozen importlib._bootstrap_external>(1623): <frozen importlib._bootstrap_external>(1624): <frozen importlib._bootstrap_external>(1626): <frozen importlib._bootstrap_external>(1638): <frozen importlib._bootstrap_external>(1639): <frozen importlib._bootstrap_external>(1640):  --- modulename: _bootstrap_external, funcname: _path_join
<frozen importlib._bootstrap_external>(98): <frozen importlib._bootstrap_external>(100): <frozen importlib._bootstrap_external>(102): <frozen importlib._bootstrap_external>(103): <frozen importlib._bootstrap_external>(104): <frozen importlib._bootstrap_external>(105): <frozen importlib._bootstrap_external>(106): <frozen importlib._bootstrap_external>(107): <frozen importlib._bootstrap_external>(104): <frozen importlib._bootstrap_external>(105): <frozen importlib._bootstrap_external>(108): <frozen importlib._bootstrap_external>(117): <frozen importlib._bootstrap_external>(118): <frozen importlib._bootstrap_external>(104): <frozen importlib._bootstrap_external>(119):  --- modulename: _bootstrap_external, funcname: <listcomp>
<frozen importlib._bootstrap_external>(119): <frozen importlib._bootstrap_external>(119): <frozen importlib._bootstrap_external>(119): <frozen importlib._bootstrap_external>(120): <frozen importlib._bootstrap_external>(123): <frozen importlib._bootstrap_external>(1643):  --- modulename: _bootstrap, funcname: _verbose_message
<frozen importlib._bootstrap>(246): <frozen importlib._bootstrap_external>(1644): <frozen importlib._bootstrap_external>(1638): <frozen importlib._bootstrap_external>(1639): <frozen importlib._bootstrap_external>(1640):  --- modulename: _bootstrap_external, funcname: _path_join
<frozen importlib._bootstrap_external>(98): <frozen importlib._bootstrap_external>(100): <frozen importlib._bootstrap_external>(102): <frozen importlib._bootstrap_external>(103): <frozen importlib._bootstrap_external>(104): <frozen importlib._bootstrap_external>(105): <frozen importlib._bootstrap_external>(106): <frozen importlib._bootstrap_external>(107): <frozen importlib._bootstrap_external>(104): <frozen importlib._bootstrap_external>(105): <frozen importlib._bootstrap_external>(108): <frozen importlib._bootstrap_external>(117): <frozen importlib._bootstrap_external>(118): <frozen importlib._bootstrap_external>(104): <frozen importlib._bootstrap_external>(119):  --- modulename: _bootstrap_external, funcname: <listcomp>
<frozen importlib._bootstrap_external>(119): <frozen importlib._bootstrap_external>(119): <frozen importlib._bootstrap_external>(119): <frozen importlib._bootstrap_external>(120): <frozen importlib._bootstrap_external>(123): <frozen importlib._bootstrap_external>(1643):  --- modulename: _bootstrap, funcname: _verbose_message
<frozen importlib._bootstrap>(246): <frozen importlib._bootstrap_external>(1644): <frozen importlib._bootstrap_external>(1638): <frozen importlib._bootstrap_external>(1639): <frozen importlib._bootstrap_external>(1640):  --- modulename: _bootstrap_external, funcname: _path_join
<frozen importlib._bootstrap_external>(98): <frozen importlib._bootstrap_external>(100): <frozen importlib._bootstrap_external>(102): <frozen importlib._bootstrap_external>(103): <frozen importlib._bootstrap_external>(104): <frozen importlib._bootstrap_external>(105): <frozen importlib._bootstrap_external>(106): <frozen importlib._bootstrap_external>(107): <frozen importlib._bootstrap_external>(104): <frozen importlib._bootstrap_external>(105): <frozen importlib._bootstrap_external>(108): <frozen importlib._bootstrap_external>(117): <frozen importlib._bootstrap_external>(118): <frozen importlib._bootstrap_external>(104): <frozen importlib._bootstrap_external>(119):  --- modulename: _bootstrap_external, funcname: <listcomp>
<frozen importlib._bootstrap_external>(119): <frozen importlib._bootstrap_external>(119): <frozen importlib._bootstrap_external>(119): <frozen importlib._bootstrap_external>(120): <frozen importlib._bootstrap_external>(123): <frozen importlib._bootstrap_external>(1643):  --- modulename: _bootstrap, funcname: _verbose_message
<frozen importlib._bootstrap>(246): <frozen importlib._bootstrap_external>(1644): <frozen importlib._bootstrap_external>(1638): <frozen importlib._bootstrap_external>(1639): <frozen importlib._bootstrap_external>(1640):  --- modulename: _bootstrap_external, funcname: _path_join
<frozen importlib._bootstrap_external>(98): <frozen importlib._bootstrap_external>(100): <frozen importlib._bootstrap_external>(102): <frozen importlib._bootstrap_external>(103): <frozen importlib._bootstrap_external>(104): <frozen importlib._bootstrap_external>(105): <frozen importlib._bootstrap_external>(106): <frozen importlib._bootstrap_external>(107): <frozen importlib._bootstrap_external>(104): <frozen importlib._bootstrap_external>(105): <frozen importlib._bootstrap_external>(108): <frozen importlib._bootstrap_external>(117): <frozen importlib._bootstrap_external>(118): <frozen importlib._bootstrap_external>(104): <frozen importlib._bootstrap_external>(119):  --- modulename: _bootstrap_external, funcname: <listcomp>
<frozen importlib._bootstrap_external>(119): <frozen importlib._bootstrap_external>(119): <frozen importlib._bootstrap_external>(119): <frozen importlib._bootstrap_external>(120): <frozen importlib._bootstrap_external>(123): <frozen importlib._bootstrap_external>(1643):  --- modulename: _bootstrap, funcname: _verbose_message
<frozen importlib._bootstrap>(246): <frozen importlib._bootstrap_external>(1644): <frozen importlib._bootstrap_external>(1638): <frozen importlib._bootstrap_external>(1639): <frozen importlib._bootstrap_external>(1640):  --- modulename: _bootstrap_external, funcname: _path_join
<frozen importlib._bootstrap_external>(98): <frozen importlib._bootstrap_external>(100): <frozen importlib._bootstrap_external>(102): <frozen importlib._bootstrap_external>(103): <frozen importlib._bootstrap_external>(104): <frozen importlib._bootstrap_external>(105): <frozen importlib._bootstrap_external>(106): <frozen importlib._bootstrap_external>(107): <frozen importlib._bootstrap_external>(104): <frozen importlib._bootstrap_external>(105): <frozen importlib._bootstrap_external>(108): <frozen importlib._bootstrap_external>(117): <frozen importlib._bootstrap_external>(118): <frozen importlib._bootstrap_external>(104): <frozen importlib._bootstrap_external>(119):  --- modulename: _bootstrap_external, funcname: <listcomp>
<frozen importlib._bootstrap_external>(119): <frozen importlib._bootstrap_external>(119): <frozen importlib._bootstrap_external>(119): <frozen importlib._bootstrap_external>(120): <frozen importlib._bootstrap_external>(123): <frozen importlib._bootstrap_external>(1643):  --- modulename: _bootstrap, funcname: _verbose_message
<frozen importlib._bootstrap>(246): <frozen importlib._bootstrap_external>(1644): <frozen importlib._bootstrap_external>(1638): <frozen importlib._bootstrap_external>(1648): <frozen importlib._bootstrap_external>(1653): <frozen importlib._bootstrap_external>(1479): <frozen importlib._bootstrap_external>(1480): <frozen importlib._bootstrap_external>(1470): <frozen importlib._bootstrap_external>(1471): <frozen importlib._bootstrap_external>(1473):  --- modulename: _bootstrap_external, funcname: _path_importer_cache
<frozen importlib._bootstrap_external>(1429): <frozen importlib._bootstrap_external>(1436): <frozen importlib._bootstrap_external>(1437): <frozen importlib._bootstrap_external>(1441): <frozen importlib._bootstrap_external>(1474): <frozen importlib._bootstrap_external>(1475): <frozen importlib._bootstrap_external>(1476):  --- modulename: _bootstrap_external, funcname: find_spec
<frozen importlib._bootstrap_external>(1609): <frozen importlib._bootstrap_external>(1610): <frozen importlib._bootstrap_external>(1611): <frozen importlib._bootstrap_external>(1612):  --- modulename: _bootstrap_external, funcname: _path_stat
<frozen importlib._bootstrap_external>(147): <frozen importlib._bootstrap_external>(1615): <frozen importlib._bootstrap_external>(1619):  --- modulename: _bootstrap_external, funcname: _relax_case
<frozen importlib._bootstrap_external>(69): <frozen importlib._bootstrap_external>(1623): <frozen importlib._bootstrap_external>(1624): <frozen importlib._bootstrap_external>(1626): <frozen importlib._bootstrap_external>(1638): <frozen importlib._bootstrap_external>(1639): <frozen importlib._bootstrap_external>(1640):  --- modulename: _bootstrap_external, funcname: _path_join
<frozen importlib._bootstrap_external>(98): <frozen importlib._bootstrap_external>(100): <frozen importlib._bootstrap_external>(102): <frozen importlib._bootstrap_external>(103): <frozen importlib._bootstrap_external>(104): <frozen importlib._bootstrap_external>(105): <frozen importlib._bootstrap_external>(106): <frozen importlib._bootstrap_external>(107): <frozen importlib._bootstrap_external>(104): <frozen importlib._bootstrap_external>(105): <frozen importlib._bootstrap_external>(108): <frozen importlib._bootstrap_external>(117): <frozen importlib._bootstrap_external>(118): <frozen importlib._bootstrap_external>(104): <frozen importlib._bootstrap_external>(119):  --- modulename: _bootstrap_external, funcname: <listcomp>
<frozen importlib._bootstrap_external>(119): <frozen importlib._bootstrap_external>(119): <frozen importlib._bootstrap_external>(119): <frozen importlib._bootstrap_external>(120): <frozen importlib._bootstrap_external>(123): <frozen importlib._bootstrap_external>(1643):  --- modulename: _bootstrap, funcname: _verbose_message
<frozen importlib._bootstrap>(246): <frozen importlib._bootstrap_external>(1644): <frozen importlib._bootstrap_external>(1638): <frozen importlib._bootstrap_external>(1639): <frozen importlib._bootstrap_external>(1640):  --- modulename: _bootstrap_external, funcname: _path_join
<frozen importlib._bootstrap_external>(98): <frozen importlib._bootstrap_external>(100): <frozen importlib._bootstrap_external>(102): <frozen importlib._bootstrap_external>(103): <frozen importlib._bootstrap_external>(104): <frozen importlib._bootstrap_external>(105): <frozen importlib._bootstrap_external>(106): <frozen importlib._bootstrap_external>(107): <frozen importlib._bootstrap_external>(104): <frozen importlib._bootstrap_external>(105): <frozen importlib._bootstrap_external>(108): <frozen importlib._bootstrap_external>(117): <frozen importlib._bootstrap_external>(118): <frozen importlib._bootstrap_external>(104): <frozen importlib._bootstrap_external>(119):  --- modulename: _bootstrap_external, funcname: <listcomp>
<frozen importlib._bootstrap_external>(119): <frozen importlib._bootstrap_external>(119): <frozen importlib._bootstrap_external>(119): <frozen importlib._bootstrap_external>(120): <frozen importlib._bootstrap_external>(123): <frozen importlib._bootstrap_external>(1643):  --- modulename: _bootstrap, funcname: _verbose_message
<frozen importlib._bootstrap>(246): <frozen importlib._bootstrap_external>(1644): <frozen importlib._bootstrap_external>(1638): <frozen importlib._bootstrap_external>(1639): <frozen importlib._bootstrap_external>(1640):  --- modulename: _bootstrap_external, funcname: _path_join
<frozen importlib._bootstrap_external>(98): <frozen importlib._bootstrap_external>(100): <frozen importlib._bootstrap_external>(102): <frozen importlib._bootstrap_external>(103): <frozen importlib._bootstrap_external>(104): <frozen importlib._bootstrap_external>(105): <frozen importlib._bootstrap_external>(106): <frozen importlib._bootstrap_external>(107): <frozen importlib._bootstrap_external>(104): <frozen importlib._bootstrap_external>(105): <frozen importlib._bootstrap_external>(108): <frozen importlib._bootstrap_external>(117): <frozen importlib._bootstrap_external>(118): <frozen importlib._bootstrap_external>(104): <frozen importlib._bootstrap_external>(119):  --- modulename: _bootstrap_external, funcname: <listcomp>
<frozen importlib._bootstrap_external>(119): <frozen importlib._bootstrap_external>(119): <frozen importlib._bootstrap_external>(119): <frozen importlib._bootstrap_external>(120): <frozen importlib._bootstrap_external>(123): <frozen importlib._bootstrap_external>(1643):  --- modulename: _bootstrap, funcname: _verbose_message
<frozen importlib._bootstrap>(246): <frozen importlib._bootstrap_external>(1644): <frozen importlib._bootstrap_external>(1645):  --- modulename: _bootstrap_external, funcname: _path_isfile
<frozen importlib._bootstrap_external>(161):  --- modulename: _bootstrap_external, funcname: _path_is_mode_type
<frozen importlib._bootstrap_external>(152): <frozen importlib._bootstrap_external>(153):  --- modulename: _bootstrap_external, funcname: _path_stat
<frozen importlib._bootstrap_external>(147): <frozen importlib._bootstrap_external>(156): <frozen importlib._bootstrap_external>(1646): <frozen importlib._bootstrap_external>(1647): <frozen importlib._bootstrap_external>(1646):  --- modulename: _bootstrap_external, funcname: _get_spec
<frozen importlib._bootstrap_external>(1600):  --- modulename: _bootstrap_external, funcname: __init__
<frozen importlib._bootstrap_external>(1100): <frozen importlib._bootstrap_external>(1101): <frozen importlib._bootstrap_external>(1601): <frozen importlib._bootstrap_external>(1602): <frozen importlib._bootstrap_external>(1601):  --- modulename: _bootstrap_external, funcname: spec_from_file_location
<frozen importlib._bootstrap_external>(790): <frozen importlib._bootstrap_external>(802): <frozen importlib._bootstrap_external>(803):  --- modulename: _bootstrap_external, funcname: _path_isabs
<frozen importlib._bootstrap_external>(174): <frozen importlib._bootstrap_external>(176): <frozen importlib._bootstrap_external>(177): <frozen importlib._bootstrap_external>(815):  --- modulename: _bootstrap, funcname: __init__
<frozen importlib._bootstrap>(359): <frozen importlib._bootstrap>(360): <frozen importlib._bootstrap>(361): <frozen importlib._bootstrap>(362): <frozen importlib._bootstrap>(363): <frozen importlib._bootstrap>(364): <frozen importlib._bootstrap>(367): <frozen importlib._bootstrap>(368): <frozen importlib._bootstrap_external>(816): <frozen importlib._bootstrap_external>(819): <frozen importlib._bootstrap_external>(829): <frozen importlib._bootstrap_external>(840): <frozen importlib._bootstrap_external>(841): <frozen importlib._bootstrap_external>(846): <frozen importlib._bootstrap_external>(1479): <frozen importlib._bootstrap_external>(1481): <frozen importlib._bootstrap_external>(1482): <frozen importlib._bootstrap_external>(1505): <frozen importlib._bootstrap_external>(1507): <frozen importlib._bootstrap_external>(1518): <frozen importlib._bootstrap>(1072):  --- modulename: _bootstrap, funcname: __exit__
<frozen importlib._bootstrap>(1034): <frozen importlib._bootstrap>(1081): <frozen importlib._bootstrap>(1083): <frozen importlib._bootstrap>(1098): <frozen importlib._bootstrap>(1141): <frozen importlib._bootstrap>(1144): <frozen importlib._bootstrap>(1148): <frozen importlib._bootstrap>(1149):  --- modulename: _bootstrap, funcname: _load_unlocked
<frozen importlib._bootstrap>(668): <frozen importlib._bootstrap>(670): <frozen importlib._bootstrap>(676):  --- modulename: _bootstrap, funcname: module_from_spec
<frozen importlib._bootstrap>(569): <frozen importlib._bootstrap>(570): <frozen importlib._bootstrap>(573):  --- modulename: _bootstrap_external, funcname: create_module
<frozen importlib._bootstrap_external>(931): <frozen importlib._bootstrap>(577): <frozen importlib._bootstrap>(578):  --- modulename: _bootstrap, funcname: _new_module
<frozen importlib._bootstrap>(49): <frozen importlib._bootstrap>(579):  --- modulename: _bootstrap, funcname: _init_module_attrs
<frozen importlib._bootstrap>(497): <frozen importlib._bootstrap>(503): <frozen importlib._bootstrap>(504): <frozen importlib._bootstrap>(505): <frozen importlib._bootstrap>(526): <frozen importlib._bootstrap>(527): <frozen importlib._bootstrap>(531): <frozen importlib._bootstrap>(532): <frozen importlib._bootstrap>(533):  --- modulename: _bootstrap, funcname: parent
<frozen importlib._bootstrap>(408): <frozen importlib._bootstrap>(409): <frozen importlib._bootstrap>(537): <frozen importlib._bootstrap>(538): <frozen importlib._bootstrap>(542): <frozen importlib._bootstrap>(543): <frozen importlib._bootstrap>(550):  --- modulename: _bootstrap, funcname: has_location
<frozen importlib._bootstrap>(415): <frozen importlib._bootstrap>(551): <frozen importlib._bootstrap>(552): <frozen importlib._bootstrap>(553): <frozen importlib._bootstrap>(557): <frozen importlib._bootstrap>(558):  --- modulename: _bootstrap, funcname: cached
<frozen importlib._bootstrap>(394): <frozen importlib._bootstrap>(395): <frozen importlib._bootstrap>(396): <frozen importlib._bootstrap>(398):  --- modulename: _bootstrap_external, funcname: _get_cached
<frozen importlib._bootstrap_external>(568): <frozen importlib._bootstrap_external>(569): <frozen importlib._bootstrap_external>(570):  --- modulename: _bootstrap_external, funcname: cache_from_source
<frozen importlib._bootstrap_external>(455): <frozen importlib._bootstrap_external>(462): <frozen importlib._bootstrap_external>(463):  --- modulename: _bootstrap_external, funcname: _path_split
<frozen importlib._bootstrap_external>(134):  --- modulename: _bootstrap_external, funcname: <genexpr>
<frozen importlib._bootstrap_external>(134):  --- modulename: _bootstrap_external, funcname: <genexpr>
<frozen importlib._bootstrap_external>(134):  --- modulename: _bootstrap_external, funcname: <genexpr>
<frozen importlib._bootstrap_external>(134): <frozen importlib._bootstrap_external>(135): <frozen importlib._bootstrap_external>(137): <frozen importlib._bootstrap_external>(464): <frozen importlib._bootstrap_external>(465): <frozen importlib._bootstrap_external>(466): <frozen importlib._bootstrap_external>(468): <frozen importlib._bootstrap_external>(469): <frozen importlib._bootstrap_external>(470): <frozen importlib._bootstrap_external>(471): <frozen importlib._bootstrap_external>(474): <frozen importlib._bootstrap_external>(475): <frozen importlib._bootstrap_external>(479): <frozen importlib._bootstrap_external>(480): <frozen importlib._bootstrap_external>(505):  --- modulename: _bootstrap_external, funcname: _path_join
<frozen importlib._bootstrap_external>(98): <frozen importlib._bootstrap_external>(100): <frozen importlib._bootstrap_external>(102): <frozen importlib._bootstrap_external>(103): <frozen importlib._bootstrap_external>(104): <frozen importlib._bootstrap_external>(105): <frozen importlib._bootstrap_external>(106): <frozen importlib._bootstrap_external>(107): <frozen importlib._bootstrap_external>(104): <frozen importlib._bootstrap_external>(105): <frozen importlib._bootstrap_external>(108): <frozen importlib._bootstrap_external>(117): <frozen importlib._bootstrap_external>(118): <frozen importlib._bootstrap_external>(104): <frozen importlib._bootstrap_external>(105): <frozen importlib._bootstrap_external>(108): <frozen importlib._bootstrap_external>(117): <frozen importlib._bootstrap_external>(118): <frozen importlib._bootstrap_external>(104): <frozen importlib._bootstrap_external>(119):  --- modulename: _bootstrap_external, funcname: <listcomp>
<frozen importlib._bootstrap_external>(119): <frozen importlib._bootstrap_external>(119): <frozen importlib._bootstrap_external>(119): <frozen importlib._bootstrap_external>(119): <frozen importlib._bootstrap_external>(120): <frozen importlib._bootstrap_external>(123): <frozen importlib._bootstrap>(399): <frozen importlib._bootstrap>(559): <frozen importlib._bootstrap>(560):  --- modulename: _bootstrap, funcname: cached
<frozen importlib._bootstrap>(394): <frozen importlib._bootstrap>(399): <frozen importlib._bootstrap>(563): <frozen importlib._bootstrap>(580): <frozen importlib._bootstrap>(681): <frozen importlib._bootstrap>(682): <frozen importlib._bootstrap>(683): <frozen importlib._bootstrap>(684): <frozen importlib._bootstrap>(685): <frozen importlib._bootstrap>(690):  --- modulename: _bootstrap_external, funcname: exec_module
<frozen importlib._bootstrap_external>(936):  --- modulename: _bootstrap_external, funcname: get_code
<frozen importlib._bootstrap_external>(1014):  --- modulename: _bootstrap_external, funcname: _check_name_wrapper
<frozen importlib._bootstrap_external>(600): <frozen importlib._bootstrap_external>(602): <frozen importlib._bootstrap_external>(605):  --- modulename: _bootstrap_external, funcname: get_filename
<frozen importlib._bootstrap_external>(1125): <frozen importlib._bootstrap_external>(1015): <frozen importlib._bootstrap_external>(1016): <frozen importlib._bootstrap_external>(1017): <frozen importlib._bootstrap_external>(1018): <frozen importlib._bootstrap_external>(1019): <frozen importlib._bootstrap_external>(1020): <frozen importlib._bootstrap_external>(1021):  --- modulename: _bootstrap_external, funcname: cache_from_source
<frozen importlib._bootstrap_external>(455): <frozen importlib._bootstrap_external>(462): <frozen importlib._bootstrap_external>(463):  --- modulename: _bootstrap_external, funcname: _path_split
<frozen importlib._bootstrap_external>(134):  --- modulename: _bootstrap_external, funcname: <genexpr>
<frozen importlib._bootstrap_external>(134):  --- modulename: _bootstrap_external, funcname: <genexpr>
<frozen importlib._bootstrap_external>(134):  --- modulename: _bootstrap_external, funcname: <genexpr>
<frozen importlib._bootstrap_external>(134): <frozen importlib._bootstrap_external>(135): <frozen importlib._bootstrap_external>(137): <frozen importlib._bootstrap_external>(464): <frozen importlib._bootstrap_external>(465): <frozen importlib._bootstrap_external>(466): <frozen importlib._bootstrap_external>(468): <frozen importlib._bootstrap_external>(469): <frozen importlib._bootstrap_external>(470): <frozen importlib._bootstrap_external>(471): <frozen importlib._bootstrap_external>(474): <frozen importlib._bootstrap_external>(475): <frozen importlib._bootstrap_external>(479): <frozen importlib._bootstrap_external>(480): <frozen importlib._bootstrap_external>(505):  --- modulename: _bootstrap_external, funcname: _path_join
<frozen importlib._bootstrap_external>(98): <frozen importlib._bootstrap_external>(100): <frozen importlib._bootstrap_external>(102): <frozen importlib._bootstrap_external>(103): <frozen importlib._bootstrap_external>(104): <frozen importlib._bootstrap_external>(105): <frozen importlib._bootstrap_external>(106): <frozen importlib._bootstrap_external>(107): <frozen importlib._bootstrap_external>(104): <frozen importlib._bootstrap_external>(105): <frozen importlib._bootstrap_external>(108): <frozen importlib._bootstrap_external>(117): <frozen importlib._bootstrap_external>(118): <frozen importlib._bootstrap_external>(104): <frozen importlib._bootstrap_external>(105): <frozen importlib._bootstrap_external>(108): <frozen importlib._bootstrap_external>(117): <frozen importlib._bootstrap_external>(118): <frozen importlib._bootstrap_external>(104): <frozen importlib._bootstrap_external>(119):  --- modulename: _bootstrap_external, funcname: <listcomp>
<frozen importlib._bootstrap_external>(119): <frozen importlib._bootstrap_external>(119): <frozen importlib._bootstrap_external>(119): <frozen importlib._bootstrap_external>(119): <frozen importlib._bootstrap_external>(120): <frozen importlib._bootstrap_external>(123): <frozen importlib._bootstrap_external>(1025): <frozen importlib._bootstrap_external>(1026):  --- modulename: _bootstrap_external, funcname: path_stats
<frozen importlib._bootstrap_external>(1148):  --- modulename: _bootstrap_external, funcname: _path_stat
<frozen importlib._bootstrap_external>(147): <frozen importlib._bootstrap_external>(1149): <frozen importlib._bootstrap_external>(1030): <frozen importlib._bootstrap_external>(1031): <frozen importlib._bootstrap_external>(1032):  --- modulename: _bootstrap_external, funcname: get_data
<frozen importlib._bootstrap_external>(1129): <frozen importlib._bootstrap_external>(1130): <frozen importlib._bootstrap_external>(1131): <frozen importlib._bootstrap_external>(1130): <frozen importlib._bootstrap_external>(1037): <frozen importlib._bootstrap_external>(1038): <frozen importlib._bootstrap_external>(1036): <frozen importlib._bootstrap_external>(1040): <frozen importlib._bootstrap_external>(1041):  --- modulename: _bootstrap_external, funcname: _classify_pyc
<frozen importlib._bootstrap_external>(658): <frozen importlib._bootstrap_external>(659): <frozen importlib._bootstrap_external>(663): <frozen importlib._bootstrap_external>(667):  --- modulename: _bootstrap_external, funcname: _unpack_uint32
<frozen importlib._bootstrap_external>(86): <frozen importlib._bootstrap_external>(87): <frozen importlib._bootstrap_external>(669): <frozen importlib._bootstrap_external>(672): <frozen importlib._bootstrap_external>(1042): <frozen importlib._bootstrap_external>(1043): <frozen importlib._bootstrap_external>(1044): <frozen importlib._bootstrap_external>(1057): <frozen importlib._bootstrap_external>(1058): <frozen importlib._bootstrap_external>(1059): <frozen importlib._bootstrap_external>(1060): <frozen importlib._bootstrap_external>(1061): <frozen importlib._bootstrap_external>(1062): <frozen importlib._bootstrap_external>(1057):  --- modulename: _bootstrap_external, funcname: _validate_timestamp_pyc
<frozen importlib._bootstrap_external>(694):  --- modulename: _bootstrap_external, funcname: _unpack_uint32
<frozen importlib._bootstrap_external>(86): <frozen importlib._bootstrap_external>(87): <frozen importlib._bootstrap_external>(698): <frozen importlib._bootstrap_external>(699):  --- modulename: _bootstrap_external, funcname: _unpack_uint32
<frozen importlib._bootstrap_external>(86): <frozen importlib._bootstrap_external>(87): <frozen importlib._bootstrap_external>(698): <frozen importlib._bootstrap_external>(1067): <frozen importlib._bootstrap_external>(1068): <frozen importlib._bootstrap_external>(1067):  --- modulename: _bootstrap, funcname: _verbose_message
<frozen importlib._bootstrap>(246): <frozen importlib._bootstrap_external>(1069): <frozen importlib._bootstrap_external>(1070): <frozen importlib._bootstrap_external>(1071): <frozen importlib._bootstrap_external>(1069):  --- modulename: _bootstrap_external, funcname: _compile_bytecode
<frozen importlib._bootstrap_external>(729): <frozen importlib._bootstrap_external>(730): <frozen importlib._bootstrap_external>(731):  --- modulename: _bootstrap, funcname: _verbose_message
<frozen importlib._bootstrap>(246): <frozen importlib._bootstrap_external>(732): <frozen importlib._bootstrap_external>(733): <frozen importlib._bootstrap_external>(734): <frozen importlib._bootstrap_external>(937): <frozen importlib._bootstrap_external>(940):  --- modulename: _bootstrap, funcname: _call_with_frames_removed
<frozen importlib._bootstrap>(241):  --- modulename: selectors, funcname: <module>
selectors.py(1): """Selectors module.
selectors.py(8): from abc import ABCMeta, abstractmethod
selectors.py(9): from collections import namedtuple
 --- modulename: _bootstrap, funcname: _handle_fromlist
<frozen importlib._bootstrap>(1219): <frozen importlib._bootstrap>(1220): <frozen importlib._bootstrap>(1227): <frozen importlib._bootstrap>(1231): <frozen importlib._bootstrap>(1219): <frozen importlib._bootstrap>(1243): selectors.py(10): from collections.abc import Mapping
selectors.py(11): import math
selectors.py(12): import select
 --- modulename: _bootstrap, funcname: _find_and_load
<frozen importlib._bootstrap>(1172): <frozen importlib._bootstrap>(1173): <frozen importlib._bootstrap>(1175):  --- modulename: _bootstrap, funcname: __init__
<frozen importlib._bootstrap>(166): <frozen importlib._bootstrap>(167):  --- modulename: _bootstrap, funcname: __enter__
<frozen importlib._bootstrap>(170):  --- modulename: _bootstrap, funcname: _get_module_lock
<frozen importlib._bootstrap>(185): <frozen importlib._bootstrap>(186): <frozen importlib._bootstrap>(187): <frozen importlib._bootstrap>(188): <frozen importlib._bootstrap>(189): <frozen importlib._bootstrap>(190): <frozen importlib._bootstrap>(192): <frozen importlib._bootstrap>(193): <frozen importlib._bootstrap>(196):  --- modulename: _bootstrap, funcname: __init__
<frozen importlib._bootstrap>(72): <frozen importlib._bootstrap>(73): <frozen importlib._bootstrap>(74): <frozen importlib._bootstrap>(75): <frozen importlib._bootstrap>(76): <frozen importlib._bootstrap>(77): <frozen importlib._bootstrap>(198): <frozen importlib._bootstrap>(209): <frozen importlib._bootstrap>(211): <frozen importlib._bootstrap>(213): <frozen importlib._bootstrap>(171):  --- modulename: _bootstrap, funcname: acquire
<frozen importlib._bootstrap>(106): <frozen importlib._bootstrap>(107): <frozen importlib._bootstrap>(108): <frozen importlib._bootstrap>(109): <frozen importlib._bootstrap>(110): <frozen importlib._bootstrap>(111): <frozen importlib._bootstrap>(112): <frozen importlib._bootstrap>(113): <frozen importlib._bootstrap>(114): <frozen importlib._bootstrap>(110): <frozen importlib._bootstrap>(123): <frozen importlib._bootstrap>(1176): <frozen importlib._bootstrap>(1177): <frozen importlib._bootstrap>(1178):  --- modulename: _bootstrap, funcname: _find_and_load_unlocked
<frozen importlib._bootstrap>(1123): <frozen importlib._bootstrap>(1124): <frozen importlib._bootstrap>(1125): <frozen importlib._bootstrap>(1126): <frozen importlib._bootstrap>(1140):  --- modulename: _bootstrap, funcname: _find_spec
<frozen importlib._bootstrap>(1058): <frozen importlib._bootstrap>(1059): <frozen importlib._bootstrap>(1064): <frozen importlib._bootstrap>(1070): <frozen importlib._bootstrap>(1071): <frozen importlib._bootstrap>(1072):  --- modulename: _bootstrap, funcname: __enter__
<frozen importlib._bootstrap>(1030): <frozen importlib._bootstrap>(1073): <frozen importlib._bootstrap>(1074): <frozen importlib._bootstrap>(1080): <frozen importlib._bootstrap>(1072):  --- modulename: _bootstrap, funcname: __exit__
<frozen importlib._bootstrap>(1034): <frozen importlib._bootstrap>(1081): <frozen importlib._bootstrap>(1071): <frozen importlib._bootstrap>(1072):  --- modulename: _bootstrap, funcname: __enter__
<frozen importlib._bootstrap>(1030): <frozen importlib._bootstrap>(1073): <frozen importlib._bootstrap>(1074): <frozen importlib._bootstrap>(1080): <frozen importlib._bootstrap>(1072):  --- modulename: _bootstrap, funcname: __exit__
<frozen importlib._bootstrap>(1034): <frozen importlib._bootstrap>(1081): <frozen importlib._bootstrap>(1071): <frozen importlib._bootstrap>(1072):  --- modulename: _bootstrap, funcname: __enter__
<frozen importlib._bootstrap>(1030): <frozen importlib._bootstrap>(1073): <frozen importlib._bootstrap>(1074): <frozen importlib._bootstrap>(1080):  --- modulename: _bootstrap, funcname: find_spec
<frozen importlib._bootstrap>(750): <frozen importlib._bootstrap>(752): <frozen importlib._bootstrap>(755): <frozen importlib._bootstrap>(1072):  --- modulename: _bootstrap, funcname: __exit__
<frozen importlib._bootstrap>(1034): <frozen importlib._bootstrap>(1081): <frozen importlib._bootstrap>(1071): <frozen importlib._bootstrap>(1072):  --- modulename: _bootstrap, funcname: __enter__
<frozen importlib._bootstrap>(1030): <frozen importlib._bootstrap>(1073): <frozen importlib._bootstrap>(1074): <frozen importlib._bootstrap>(1080):  --- modulename: _bootstrap, funcname: find_spec
<frozen importlib._bootstrap>(924):  --- modulename: _bootstrap, funcname: _call_with_frames_removed
<frozen importlib._bootstrap>(241): <frozen importlib._bootstrap>(925): <frozen importlib._bootstrap>(926): <frozen importlib._bootstrap>(1072):  --- modulename: _bootstrap, funcname: __exit__
<frozen importlib._bootstrap>(1034): <frozen importlib._bootstrap>(1081): <frozen importlib._bootstrap>(1071): <frozen importlib._bootstrap>(1072):  --- modulename: _bootstrap, funcname: __enter__
<frozen importlib._bootstrap>(1030): <frozen importlib._bootstrap>(1073): <frozen importlib._bootstrap>(1074): <frozen importlib._bootstrap>(1080):  --- modulename: _bootstrap_external, funcname: find_spec
<frozen importlib._bootstrap_external>(1502): <frozen importlib._bootstrap_external>(1503): <frozen importlib._bootstrap_external>(1504):  --- modulename: _bootstrap_external, funcname: _get_spec
<frozen importlib._bootstrap_external>(1469): <frozen importlib._bootstrap_external>(1470): <frozen importlib._bootstrap_external>(1471): <frozen importlib._bootstrap_external>(1473):  --- modulename: _bootstrap_external, funcname: _path_importer_cache
<frozen importlib._bootstrap_external>(1429): <frozen importlib._bootstrap_external>(1436): <frozen importlib._bootstrap_external>(1437): <frozen importlib._bootstrap_external>(1441): <frozen importlib._bootstrap_external>(1474): <frozen importlib._bootstrap_external>(1475): <frozen importlib._bootstrap_external>(1476):  --- modulename: _bootstrap_external, funcname: find_spec
<frozen importlib._bootstrap_external>(1609): <frozen importlib._bootstrap_external>(1610): <frozen importlib._bootstrap_external>(1611): <frozen importlib._bootstrap_external>(1612):  --- modulename: _bootstrap_external, funcname: _path_stat
<frozen importlib._bootstrap_external>(147): <frozen importlib._bootstrap_external>(1615): <frozen importlib._bootstrap_external>(1619):  --- modulename: _bootstrap_external, funcname: _relax_case
<frozen importlib._bootstrap_external>(69): <frozen importlib._bootstrap_external>(1623): <frozen importlib._bootstrap_external>(1624): <frozen importlib._bootstrap_external>(1626): <frozen importlib._bootstrap_external>(1638): <frozen importlib._bootstrap_external>(1639): <frozen importlib._bootstrap_external>(1640):  --- modulename: _bootstrap_external, funcname: _path_join
<frozen importlib._bootstrap_external>(98): <frozen importlib._bootstrap_external>(100): <frozen importlib._bootstrap_external>(102): <frozen importlib._bootstrap_external>(103): <frozen importlib._bootstrap_external>(104): <frozen importlib._bootstrap_external>(105): <frozen importlib._bootstrap_external>(106): <frozen importlib._bootstrap_external>(107): <frozen importlib._bootstrap_external>(104): <frozen importlib._bootstrap_external>(105): <frozen importlib._bootstrap_external>(108): <frozen importlib._bootstrap_external>(117): <frozen importlib._bootstrap_external>(118): <frozen importlib._bootstrap_external>(104): <frozen importlib._bootstrap_external>(119):  --- modulename: _bootstrap_external, funcname: <listcomp>
<frozen importlib._bootstrap_external>(119): <frozen importlib._bootstrap_external>(119): <frozen importlib._bootstrap_external>(119): <frozen importlib._bootstrap_external>(120): <frozen importlib._bootstrap_external>(123): <frozen importlib._bootstrap_external>(1643):  --- modulename: _bootstrap, funcname: _verbose_message
<frozen importlib._bootstrap>(246): <frozen importlib._bootstrap_external>(1644): <frozen importlib._bootstrap_external>(1638): <frozen importlib._bootstrap_external>(1639): <frozen importlib._bootstrap_external>(1640):  --- modulename: _bootstrap_external, funcname: _path_join
<frozen importlib._bootstrap_external>(98): <frozen importlib._bootstrap_external>(100): <frozen importlib._bootstrap_external>(102): <frozen importlib._bootstrap_external>(103): <frozen importlib._bootstrap_external>(104): <frozen importlib._bootstrap_external>(105): <frozen importlib._bootstrap_external>(106): <frozen importlib._bootstrap_external>(107): <frozen importlib._bootstrap_external>(104): <frozen importlib._bootstrap_external>(105): <frozen importlib._bootstrap_external>(108): <frozen importlib._bootstrap_external>(117): <frozen importlib._bootstrap_external>(118): <frozen importlib._bootstrap_external>(104): <frozen importlib._bootstrap_external>(119):  --- modulename: _bootstrap_external, funcname: <listcomp>
<frozen importlib._bootstrap_external>(119): <frozen importlib._bootstrap_external>(119): <frozen importlib._bootstrap_external>(119): <frozen importlib._bootstrap_external>(120): <frozen importlib._bootstrap_external>(123): <frozen importlib._bootstrap_external>(1643):  --- modulename: _bootstrap, funcname: _verbose_message
<frozen importlib._bootstrap>(246): <frozen importlib._bootstrap_external>(1644): <frozen importlib._bootstrap_external>(1638): <frozen importlib._bootstrap_external>(1639): <frozen importlib._bootstrap_external>(1640):  --- modulename: _bootstrap_external, funcname: _path_join
<frozen importlib._bootstrap_external>(98): <frozen importlib._bootstrap_external>(100): <frozen importlib._bootstrap_external>(102): <frozen importlib._bootstrap_external>(103): <frozen importlib._bootstrap_external>(104): <frozen importlib._bootstrap_external>(105): <frozen importlib._bootstrap_external>(106): <frozen importlib._bootstrap_external>(107): <frozen importlib._bootstrap_external>(104): <frozen importlib._bootstrap_external>(105): <frozen importlib._bootstrap_external>(108): <frozen importlib._bootstrap_external>(117): <frozen importlib._bootstrap_external>(118): <frozen importlib._bootstrap_external>(104): <frozen importlib._bootstrap_external>(119):  --- modulename: _bootstrap_external, funcname: <listcomp>
<frozen importlib._bootstrap_external>(119): <frozen importlib._bootstrap_external>(119): <frozen importlib._bootstrap_external>(119): <frozen importlib._bootstrap_external>(120): <frozen importlib._bootstrap_external>(123): <frozen importlib._bootstrap_external>(1643):  --- modulename: _bootstrap, funcname: _verbose_message
<frozen importlib._bootstrap>(246): <frozen importlib._bootstrap_external>(1644): <frozen importlib._bootstrap_external>(1638): <frozen importlib._bootstrap_external>(1639): <frozen importlib._bootstrap_external>(1640):  --- modulename: _bootstrap_external, funcname: _path_join
<frozen importlib._bootstrap_external>(98): <frozen importlib._bootstrap_external>(100): <frozen importlib._bootstrap_external>(102): <frozen importlib._bootstrap_external>(103): <frozen importlib._bootstrap_external>(104): <frozen importlib._bootstrap_external>(105): <frozen importlib._bootstrap_external>(106): <frozen importlib._bootstrap_external>(107): <frozen importlib._bootstrap_external>(104): <frozen importlib._bootstrap_external>(105): <frozen importlib._bootstrap_external>(108): <frozen importlib._bootstrap_external>(117): <frozen importlib._bootstrap_external>(118): <frozen importlib._bootstrap_external>(104): <frozen importlib._bootstrap_external>(119):  --- modulename: _bootstrap_external, funcname: <listcomp>
<frozen importlib._bootstrap_external>(119): <frozen importlib._bootstrap_external>(119): <frozen importlib._bootstrap_external>(119): <frozen importlib._bootstrap_external>(120): <frozen importlib._bootstrap_external>(123): <frozen importlib._bootstrap_external>(1643):  --- modulename: _bootstrap, funcname: _verbose_message
<frozen importlib._bootstrap>(246): <frozen importlib._bootstrap_external>(1644): <frozen importlib._bootstrap_external>(1638): <frozen importlib._bootstrap_external>(1639): <frozen importlib._bootstrap_external>(1640):  --- modulename: _bootstrap_external, funcname: _path_join
<frozen importlib._bootstrap_external>(98): <frozen importlib._bootstrap_external>(100): <frozen importlib._bootstrap_external>(102): <frozen importlib._bootstrap_external>(103): <frozen importlib._bootstrap_external>(104): <frozen importlib._bootstrap_external>(105): <frozen importlib._bootstrap_external>(106): <frozen importlib._bootstrap_external>(107): <frozen importlib._bootstrap_external>(104): <frozen importlib._bootstrap_external>(105): <frozen importlib._bootstrap_external>(108): <frozen importlib._bootstrap_external>(117): <frozen importlib._bootstrap_external>(118): <frozen importlib._bootstrap_external>(104): <frozen importlib._bootstrap_external>(119):  --- modulename: _bootstrap_external, funcname: <listcomp>
<frozen importlib._bootstrap_external>(119): <frozen importlib._bootstrap_external>(119): <frozen importlib._bootstrap_external>(119): <frozen importlib._bootstrap_external>(120): <frozen importlib._bootstrap_external>(123): <frozen importlib._bootstrap_external>(1643):  --- modulename: _bootstrap, funcname: _verbose_message
<frozen importlib._bootstrap>(246): <frozen importlib._bootstrap_external>(1644): <frozen importlib._bootstrap_external>(1638): <frozen importlib._bootstrap_external>(1648): <frozen importlib._bootstrap_external>(1653): <frozen importlib._bootstrap_external>(1479): <frozen importlib._bootstrap_external>(1480): <frozen importlib._bootstrap_external>(1470): <frozen importlib._bootstrap_external>(1471): <frozen importlib._bootstrap_external>(1473):  --- modulename: _bootstrap_external, funcname: _path_importer_cache
<frozen importlib._bootstrap_external>(1429): <frozen importlib._bootstrap_external>(1436): <frozen importlib._bootstrap_external>(1437): <frozen importlib._bootstrap_external>(1441): <frozen importlib._bootstrap_external>(1474): <frozen importlib._bootstrap_external>(1470): <frozen importlib._bootstrap_external>(1471): <frozen importlib._bootstrap_external>(1473):  --- modulename: _bootstrap_external, funcname: _path_importer_cache
<frozen importlib._bootstrap_external>(1429): <frozen importlib._bootstrap_external>(1436): <frozen importlib._bootstrap_external>(1437): <frozen importlib._bootstrap_external>(1441): <frozen importlib._bootstrap_external>(1474): <frozen importlib._bootstrap_external>(1475): <frozen importlib._bootstrap_external>(1476):  --- modulename: _bootstrap_external, funcname: find_spec
<frozen importlib._bootstrap_external>(1609): <frozen importlib._bootstrap_external>(1610): <frozen importlib._bootstrap_external>(1611): <frozen importlib._bootstrap_external>(1612):  --- modulename: _bootstrap_external, funcname: _path_stat
<frozen importlib._bootstrap_external>(147): <frozen importlib._bootstrap_external>(1615): <frozen importlib._bootstrap_external>(1619):  --- modulename: _bootstrap_external, funcname: _relax_case
<frozen importlib._bootstrap_external>(69): <frozen importlib._bootstrap_external>(1623): <frozen importlib._bootstrap_external>(1624): <frozen importlib._bootstrap_external>(1626): <frozen importlib._bootstrap_external>(1638): <frozen importlib._bootstrap_external>(1639): <frozen importlib._bootstrap_external>(1640):  --- modulename: _bootstrap_external, funcname: _path_join
<frozen importlib._bootstrap_external>(98): <frozen importlib._bootstrap_external>(100): <frozen importlib._bootstrap_external>(102): <frozen importlib._bootstrap_external>(103): <frozen importlib._bootstrap_external>(104): <frozen importlib._bootstrap_external>(105): <frozen importlib._bootstrap_external>(106): <frozen importlib._bootstrap_external>(107): <frozen importlib._bootstrap_external>(104): <frozen importlib._bootstrap_external>(105): <frozen importlib._bootstrap_external>(108): <frozen importlib._bootstrap_external>(117): <frozen importlib._bootstrap_external>(118): <frozen importlib._bootstrap_external>(104): <frozen importlib._bootstrap_external>(119):  --- modulename: _bootstrap_external, funcname: <listcomp>
<frozen importlib._bootstrap_external>(119): <frozen importlib._bootstrap_external>(119): <frozen importlib._bootstrap_external>(119): <frozen importlib._bootstrap_external>(120): <frozen importlib._bootstrap_external>(123): <frozen importlib._bootstrap_external>(1643):  --- modulename: _bootstrap, funcname: _verbose_message
<frozen importlib._bootstrap>(246): <frozen importlib._bootstrap_external>(1644): <frozen importlib._bootstrap_external>(1638): <frozen importlib._bootstrap_external>(1639): <frozen importlib._bootstrap_external>(1640):  --- modulename: _bootstrap_external, funcname: _path_join
<frozen importlib._bootstrap_external>(98): <frozen importlib._bootstrap_external>(100): <frozen importlib._bootstrap_external>(102): <frozen importlib._bootstrap_external>(103): <frozen importlib._bootstrap_external>(104): <frozen importlib._bootstrap_external>(105): <frozen importlib._bootstrap_external>(106): <frozen importlib._bootstrap_external>(107): <frozen importlib._bootstrap_external>(104): <frozen importlib._bootstrap_external>(105): <frozen importlib._bootstrap_external>(108): <frozen importlib._bootstrap_external>(117): <frozen importlib._bootstrap_external>(118): <frozen importlib._bootstrap_external>(104): <frozen importlib._bootstrap_external>(119):  --- modulename: _bootstrap_external, funcname: <listcomp>
<frozen importlib._bootstrap_external>(119): <frozen importlib._bootstrap_external>(119): <frozen importlib._bootstrap_external>(119): <frozen importlib._bootstrap_external>(120): <frozen importlib._bootstrap_external>(123): <frozen importlib._bootstrap_external>(1643):  --- modulename: _bootstrap, funcname: _verbose_message
<frozen importlib._bootstrap>(246): <frozen importlib._bootstrap_external>(1644): <frozen importlib._bootstrap_external>(1645):  --- modulename: _bootstrap_external, funcname: _path_isfile
<frozen importlib._bootstrap_external>(161):  --- modulename: _bootstrap_external, funcname: _path_is_mode_type
<frozen importlib._bootstrap_external>(152): <frozen importlib._bootstrap_external>(153):  --- modulename: _bootstrap_external, funcname: _path_stat
<frozen importlib._bootstrap_external>(147): <frozen importlib._bootstrap_external>(156): <frozen importlib._bootstrap_external>(1646): <frozen importlib._bootstrap_external>(1647): <frozen importlib._bootstrap_external>(1646):  --- modulename: _bootstrap_external, funcname: _get_spec
<frozen importlib._bootstrap_external>(1600):  --- modulename: _bootstrap_external, funcname: __init__
<frozen importlib._bootstrap_external>(1221): <frozen importlib._bootstrap_external>(1222): <frozen importlib._bootstrap_external>(1601): <frozen importlib._bootstrap_external>(1602): <frozen importlib._bootstrap_external>(1601):  --- modulename: _bootstrap_external, funcname: spec_from_file_location
<frozen importlib._bootstrap_external>(790): <frozen importlib._bootstrap_external>(802): <frozen importlib._bootstrap_external>(803):  --- modulename: _bootstrap_external, funcname: _path_isabs
<frozen importlib._bootstrap_external>(174): <frozen importlib._bootstrap_external>(176): <frozen importlib._bootstrap_external>(177): <frozen importlib._bootstrap_external>(815):  --- modulename: _bootstrap, funcname: __init__
<frozen importlib._bootstrap>(359): <frozen importlib._bootstrap>(360): <frozen importlib._bootstrap>(361): <frozen importlib._bootstrap>(362): <frozen importlib._bootstrap>(363): <frozen importlib._bootstrap>(364): <frozen importlib._bootstrap>(367): <frozen importlib._bootstrap>(368): <frozen importlib._bootstrap_external>(816): <frozen importlib._bootstrap_external>(819): <frozen importlib._bootstrap_external>(829): <frozen importlib._bootstrap_external>(840): <frozen importlib._bootstrap_external>(841): <frozen importlib._bootstrap_external>(846): <frozen importlib._bootstrap_external>(1479): <frozen importlib._bootstrap_external>(1481): <frozen importlib._bootstrap_external>(1482): <frozen importlib._bootstrap_external>(1505): <frozen importlib._bootstrap_external>(1507): <frozen importlib._bootstrap_external>(1518): <frozen importlib._bootstrap>(1072):  --- modulename: _bootstrap, funcname: __exit__
<frozen importlib._bootstrap>(1034): <frozen importlib._bootstrap>(1081): <frozen importlib._bootstrap>(1083): <frozen importlib._bootstrap>(1098): <frozen importlib._bootstrap>(1141): <frozen importlib._bootstrap>(1144): <frozen importlib._bootstrap>(1148): <frozen importlib._bootstrap>(1149):  --- modulename: _bootstrap, funcname: _load_unlocked
<frozen importlib._bootstrap>(668): <frozen importlib._bootstrap>(670): <frozen importlib._bootstrap>(676):  --- modulename: _bootstrap, funcname: module_from_spec
<frozen importlib._bootstrap>(569): <frozen importlib._bootstrap>(570): <frozen importlib._bootstrap>(573):  --- modulename: _bootstrap_external, funcname: create_module
<frozen importlib._bootstrap_external>(1233): <frozen importlib._bootstrap_external>(1234): <frozen importlib._bootstrap_external>(1233):  --- modulename: _bootstrap, funcname: _call_with_frames_removed
<frozen importlib._bootstrap>(241): <frozen importlib._bootstrap_external>(1235): <frozen importlib._bootstrap_external>(1236): <frozen importlib._bootstrap_external>(1235):  --- modulename: _bootstrap, funcname: _verbose_message
<frozen importlib._bootstrap>(246): <frozen importlib._bootstrap_external>(1237): <frozen importlib._bootstrap>(577): <frozen importlib._bootstrap>(579):  --- modulename: _bootstrap, funcname: _init_module_attrs
<frozen importlib._bootstrap>(497): <frozen importlib._bootstrap>(503): <frozen importlib._bootstrap>(504): <frozen importlib._bootstrap>(505): <frozen importlib._bootstrap>(526): <frozen importlib._bootstrap>(527): <frozen importlib._bootstrap>(531): <frozen importlib._bootstrap>(532): <frozen importlib._bootstrap>(533):  --- modulename: _bootstrap, funcname: parent
<frozen importlib._bootstrap>(408): <frozen importlib._bootstrap>(409): <frozen importlib._bootstrap>(537): <frozen importlib._bootstrap>(538): <frozen importlib._bootstrap>(542): <frozen importlib._bootstrap>(543): <frozen importlib._bootstrap>(550):  --- modulename: _bootstrap, funcname: has_location
<frozen importlib._bootstrap>(415): <frozen importlib._bootstrap>(551): <frozen importlib._bootstrap>(552): <frozen importlib._bootstrap>(553): <frozen importlib._bootstrap>(557): <frozen importlib._bootstrap>(558):  --- modulename: _bootstrap, funcname: cached
<frozen importlib._bootstrap>(394): <frozen importlib._bootstrap>(395): <frozen importlib._bootstrap>(396): <frozen importlib._bootstrap>(398):  --- modulename: _bootstrap_external, funcname: _get_cached
<frozen importlib._bootstrap_external>(568): <frozen importlib._bootstrap_external>(573): <frozen importlib._bootstrap_external>(576): <frozen importlib._bootstrap>(399): <frozen importlib._bootstrap>(563): <frozen importlib._bootstrap>(580): <frozen importlib._bootstrap>(681): <frozen importlib._bootstrap>(682): <frozen importlib._bootstrap>(683): <frozen importlib._bootstrap>(684): <frozen importlib._bootstrap>(685): <frozen importlib._bootstrap>(690):  --- modulename: _bootstrap_external, funcname: exec_module
<frozen importlib._bootstrap_external>(1241):  --- modulename: _bootstrap, funcname: _call_with_frames_removed
<frozen importlib._bootstrap>(241): <frozen importlib._bootstrap_external>(1242): <frozen importlib._bootstrap_external>(1243): <frozen importlib._bootstrap_external>(1242):  --- modulename: _bootstrap, funcname: _verbose_message
<frozen importlib._bootstrap>(246): <frozen importlib._bootstrap>(701): <frozen importlib._bootstrap>(702): <frozen importlib._bootstrap>(703):  --- modulename: _bootstrap, funcname: _verbose_message
<frozen importlib._bootstrap>(246): <frozen importlib._bootstrap>(705): <frozen importlib._bootstrap>(707): <frozen importlib._bootstrap>(1151): <frozen importlib._bootstrap>(1153): <frozen importlib._bootstrap>(1161): <frozen importlib._bootstrap>(1175):  --- modulename: _bootstrap, funcname: __exit__
<frozen importlib._bootstrap>(174):  --- modulename: _bootstrap, funcname: release
<frozen importlib._bootstrap>(126): <frozen importlib._bootstrap>(127): <frozen importlib._bootstrap>(128): <frozen importlib._bootstrap>(130): <frozen importlib._bootstrap>(131): <frozen importlib._bootstrap>(132): <frozen importlib._bootstrap>(133): <frozen importlib._bootstrap>(134): <frozen importlib._bootstrap>(127):  --- modulename: _bootstrap, funcname: cb
<frozen importlib._bootstrap>(199): <frozen importlib._bootstrap>(200): <frozen importlib._bootstrap>(204): <frozen importlib._bootstrap>(205): <frozen importlib._bootstrap>(207): selectors.py(13): import sys
selectors.py(17): EVENT_READ = (1 << 0)
selectors.py(18): EVENT_WRITE = (1 << 1)
selectors.py(21): def _fileobj_to_fd(fileobj):
selectors.py(46): SelectorKey = namedtuple('SelectorKey', ['fileobj', 'fd', 'events', 'data'])
selectors.py(48): SelectorKey.__doc__ = """SelectorKey(fileobj, fd, events, data)
selectors.py(53): SelectorKey.fileobj.__doc__ = 'File object registered.'
selectors.py(54): SelectorKey.fd.__doc__ = 'Underlying file descriptor.'
selectors.py(55): SelectorKey.events.__doc__ = 'Events that must be waited for on this file object.'
selectors.py(56): SelectorKey.data.__doc__ = ('''Optional opaque data associated to this file object.
selectors.py(60): class _SelectorMapping(Mapping):
 --- modulename: selectors, funcname: _SelectorMapping
selectors.py(60): class _SelectorMapping(Mapping):
selectors.py(61):     """Mapping of file objects to selector keys."""
selectors.py(63):     def __init__(self, selector):
selectors.py(66):     def __len__(self):
selectors.py(69):     def __getitem__(self, fileobj):
selectors.py(76):     def __iter__(self):
 --- modulename: abc, funcname: __new__
<frozen abc>(106): <frozen abc>(107): <frozen abc>(108): selectors.py(80): class BaseSelector(metaclass=ABCMeta):
 --- modulename: selectors, funcname: BaseSelector
selectors.py(80): class BaseSelector(metaclass=ABCMeta):
selectors.py(81):     """Selector abstract base class.
selectors.py(95):     @abstractmethod
selectors.py(96):     def register(self, fileobj, events, data=None):
selectors.py(95):     @abstractmethod
 --- modulename: abc, funcname: abstractmethod
<frozen abc>(24): <frozen abc>(25): selectors.py(96):     def register(self, fileobj, events, data=None):
selectors.py(118):     @abstractmethod
selectors.py(119):     def unregister(self, fileobj):
selectors.py(118):     @abstractmethod
 --- modulename: abc, funcname: abstractmethod
<frozen abc>(24): <frozen abc>(25): selectors.py(119):     def unregister(self, fileobj):
selectors.py(137):     def modify(self, fileobj, events, data=None):
selectors.py(154):     @abstractmethod
selectors.py(155):     def select(self, timeout=None):
selectors.py(154):     @abstractmethod
 --- modulename: abc, funcname: abstractmethod
<frozen abc>(24): <frozen abc>(25): selectors.py(155):     def select(self, timeout=None):
selectors.py(173):     def close(self):
selectors.py(180):     def get_key(self, fileobj):
selectors.py(194):     @abstractmethod
selectors.py(195):     def get_map(self):
selectors.py(194):     @abstractmethod
 --- modulename: abc, funcname: abstractmethod
<frozen abc>(24): <frozen abc>(25): selectors.py(195):     def get_map(self):
selectors.py(199):     def __enter__(self):
selectors.py(202):     def __exit__(self, *args):
 --- modulename: abc, funcname: __new__
<frozen abc>(106): <frozen abc>(107): <frozen abc>(108): selectors.py(206): class _BaseSelectorImpl(BaseSelector):
 --- modulename: selectors, funcname: _BaseSelectorImpl
selectors.py(206): class _BaseSelectorImpl(BaseSelector):
selectors.py(207):     """Base selector implementation."""
selectors.py(209):     def __init__(self):
selectors.py(215):     def _fileobj_lookup(self, fileobj):
selectors.py(234):     def register(self, fileobj, events, data=None):
selectors.py(247):     def unregister(self, fileobj):
selectors.py(254):     def modify(self, fileobj, events, data=None):
selectors.py(268):     def close(self):
selectors.py(272):     def get_map(self):
selectors.py(275):     def _key_from_fd(self, fd):
 --- modulename: abc, funcname: __new__
<frozen abc>(106): <frozen abc>(107): <frozen abc>(108): selectors.py(290): class SelectSelector(_BaseSelectorImpl):
 --- modulename: selectors, funcname: SelectSelector
selectors.py(290): class SelectSelector(_BaseSelectorImpl):
selectors.py(291):     """Select-based selector."""
selectors.py(293):     def __init__(self):
selectors.py(298):     def register(self, fileobj, events, data=None):
selectors.py(306):     def unregister(self, fileobj):
selectors.py(312):     if sys.platform == 'win32':
selectors.py(313):         def _select(self, r, w, _, timeout=None):
selectors.py(319):     def select(self, timeout=None):
 --- modulename: abc, funcname: __new__
<frozen abc>(106): <frozen abc>(107): <frozen abc>(108): selectors.py(341): class _PollLikeSelector(_BaseSelectorImpl):
 --- modulename: selectors, funcname: _PollLikeSelector
selectors.py(341): class _PollLikeSelector(_BaseSelectorImpl):
selectors.py(342):     """Base class shared between poll, epoll and devpoll selectors."""
selectors.py(343):     _selector_cls = None
selectors.py(344):     _EVENT_READ = None
selectors.py(345):     _EVENT_WRITE = None
selectors.py(347):     def __init__(self):
selectors.py(351):     def register(self, fileobj, events, data=None):
selectors.py(365):     def unregister(self, fileobj):
selectors.py(375):     def modify(self, fileobj, events, data=None):
selectors.py(402):     def select(self, timeout=None):
 --- modulename: abc, funcname: __new__
<frozen abc>(106): <frozen abc>(107): <frozen abc>(108): selectors.py(431): if hasattr(select, 'poll'):
selectors.py(440): if hasattr(select, 'epoll'):
selectors.py(488): if hasattr(select, 'devpoll'):
selectors.py(504): if hasattr(select, 'kqueue'):
selectors.py(583): def _can_use(method):
selectors.py(609): if _can_use('kqueue'):
 --- modulename: selectors, funcname: _can_use
selectors.py(587):     selector = getattr(select, method, None)
selectors.py(588):     if selector is None:
selectors.py(590):         return False
selectors.py(611): elif _can_use('epoll'):
 --- modulename: selectors, funcname: _can_use
selectors.py(587):     selector = getattr(select, method, None)
selectors.py(588):     if selector is None:
selectors.py(590):         return False
selectors.py(613): elif _can_use('devpoll'):
 --- modulename: selectors, funcname: _can_use
selectors.py(587):     selector = getattr(select, method, None)
selectors.py(588):     if selector is None:
selectors.py(590):         return False
selectors.py(615): elif _can_use('poll'):
 --- modulename: selectors, funcname: _can_use
selectors.py(587):     selector = getattr(select, method, None)
selectors.py(588):     if selector is None:
selectors.py(590):         return False
selectors.py(618):     DefaultSelector = SelectSelector
<frozen importlib._bootstrap>(701): <frozen importlib._bootstrap>(702): <frozen importlib._bootstrap>(703):  --- modulename: _bootstrap, funcname: _verbose_message
<frozen importlib._bootstrap>(246): <frozen importlib._bootstrap>(705): <frozen importlib._bootstrap>(707): <frozen importlib._bootstrap>(1151): <frozen importlib._bootstrap>(1153): <frozen importlib._bootstrap>(1161): <frozen importlib._bootstrap>(1175):  --- modulename: _bootstrap, funcname: __exit__
<frozen importlib._bootstrap>(174):  --- modulename: _bootstrap, funcname: release
<frozen importlib._bootstrap>(126): <frozen importlib._bootstrap>(127): <frozen importlib._bootstrap>(128): <frozen importlib._bootstrap>(130): <frozen importlib._bootstrap>(131): <frozen importlib._bootstrap>(132): <frozen importlib._bootstrap>(133): <frozen importlib._bootstrap>(134): <frozen importlib._bootstrap>(127):  --- modulename: _bootstrap, funcname: cb
<frozen importlib._bootstrap>(199): <frozen importlib._bootstrap>(200): <frozen importlib._bootstrap>(204): <frozen importlib._bootstrap>(205): <frozen importlib._bootstrap>(207): socket.py(55): from enum import IntEnum, IntFlag
socket.py(57): try:
socket.py(58):     import errno
 --- modulename: _bootstrap, funcname: _find_and_load
<frozen importlib._bootstrap>(1172): <frozen importlib._bootstrap>(1173): <frozen importlib._bootstrap>(1175):  --- modulename: _bootstrap, funcname: __init__
<frozen importlib._bootstrap>(166): <frozen importlib._bootstrap>(167):  --- modulename: _bootstrap, funcname: __enter__
<frozen importlib._bootstrap>(170):  --- modulename: _bootstrap, funcname: _get_module_lock
<frozen importlib._bootstrap>(185): <frozen importlib._bootstrap>(186): <frozen importlib._bootstrap>(187): <frozen importlib._bootstrap>(188): <frozen importlib._bootstrap>(189): <frozen importlib._bootstrap>(190): <frozen importlib._bootstrap>(192): <frozen importlib._bootstrap>(193): <frozen importlib._bootstrap>(196):  --- modulename: _bootstrap, funcname: __init__
<frozen importlib._bootstrap>(72): <frozen importlib._bootstrap>(73): <frozen importlib._bootstrap>(74): <frozen importlib._bootstrap>(75): <frozen importlib._bootstrap>(76): <frozen importlib._bootstrap>(77): <frozen importlib._bootstrap>(198): <frozen importlib._bootstrap>(209): <frozen importlib._bootstrap>(211): <frozen importlib._bootstrap>(213): <frozen importlib._bootstrap>(171):  --- modulename: _bootstrap, funcname: acquire
<frozen importlib._bootstrap>(106): <frozen importlib._bootstrap>(107): <frozen importlib._bootstrap>(108): <frozen importlib._bootstrap>(109): <frozen importlib._bootstrap>(110): <frozen importlib._bootstrap>(111): <frozen importlib._bootstrap>(112): <frozen importlib._bootstrap>(113): <frozen importlib._bootstrap>(114): <frozen importlib._bootstrap>(110): <frozen importlib._bootstrap>(123): <frozen importlib._bootstrap>(1176): <frozen importlib._bootstrap>(1177): <frozen importlib._bootstrap>(1178):  --- modulename: _bootstrap, funcname: _find_and_load_unlocked
<frozen importlib._bootstrap>(1123): <frozen importlib._bootstrap>(1124): <frozen importlib._bootstrap>(1125): <frozen importlib._bootstrap>(1126): <frozen importlib._bootstrap>(1140):  --- modulename: _bootstrap, funcname: _find_spec
<frozen importlib._bootstrap>(1058): <frozen importlib._bootstrap>(1059): <frozen importlib._bootstrap>(1064): <frozen importlib._bootstrap>(1070): <frozen importlib._bootstrap>(1071): <frozen importlib._bootstrap>(1072):  --- modulename: _bootstrap, funcname: __enter__
<frozen importlib._bootstrap>(1030): <frozen importlib._bootstrap>(1073): <frozen importlib._bootstrap>(1074): <frozen importlib._bootstrap>(1080): <frozen importlib._bootstrap>(1072):  --- modulename: _bootstrap, funcname: __exit__
<frozen importlib._bootstrap>(1034): <frozen importlib._bootstrap>(1081): <frozen importlib._bootstrap>(1071): <frozen importlib._bootstrap>(1072):  --- modulename: _bootstrap, funcname: __enter__
<frozen importlib._bootstrap>(1030): <frozen importlib._bootstrap>(1073): <frozen importlib._bootstrap>(1074): <frozen importlib._bootstrap>(1080): <frozen importlib._bootstrap>(1072):  --- modulename: _bootstrap, funcname: __exit__
<frozen importlib._bootstrap>(1034): <frozen importlib._bootstrap>(1081): <frozen importlib._bootstrap>(1071): <frozen importlib._bootstrap>(1072):  --- modulename: _bootstrap, funcname: __enter__
<frozen importlib._bootstrap>(1030): <frozen importlib._bootstrap>(1073): <frozen importlib._bootstrap>(1074): <frozen importlib._bootstrap>(1080):  --- modulename: _bootstrap, funcname: find_spec
<frozen importlib._bootstrap>(750): <frozen importlib._bootstrap>(752): <frozen importlib._bootstrap>(753):  --- modulename: _bootstrap, funcname: spec_from_loader
<frozen importlib._bootstrap>(424): <frozen importlib._bootstrap>(427): <frozen importlib._bootstrap>(438): <frozen importlib._bootstrap>(439): <frozen importlib._bootstrap>(440): <frozen importlib._bootstrap>(441):  --- modulename: _bootstrap, funcname: _requires_builtin_wrapper
<frozen importlib._bootstrap>(255): <frozen importlib._bootstrap>(258):  --- modulename: _bootstrap, funcname: is_package
<frozen importlib._bootstrap>(801): <frozen importlib._bootstrap>(448):  --- modulename: _bootstrap, funcname: __init__
<frozen importlib._bootstrap>(359): <frozen importlib._bootstrap>(360): <frozen importlib._bootstrap>(361): <frozen importlib._bootstrap>(362): <frozen importlib._bootstrap>(363): <frozen importlib._bootstrap>(364): <frozen importlib._bootstrap>(367): <frozen importlib._bootstrap>(368): <frozen importlib._bootstrap>(1072):  --- modulename: _bootstrap, funcname: __exit__
<frozen importlib._bootstrap>(1034): <frozen importlib._bootstrap>(1081): <frozen importlib._bootstrap>(1083): <frozen importlib._bootstrap>(1098): <frozen importlib._bootstrap>(1141): <frozen importlib._bootstrap>(1144): <frozen importlib._bootstrap>(1148): <frozen importlib._bootstrap>(1149):  --- modulename: _bootstrap, funcname: _load_unlocked
<frozen importlib._bootstrap>(668): <frozen importlib._bootstrap>(670): <frozen importlib._bootstrap>(676):  --- modulename: _bootstrap, funcname: module_from_spec
<frozen importlib._bootstrap>(569): <frozen importlib._bootstrap>(570): <frozen importlib._bootstrap>(573):  --- modulename: _bootstrap, funcname: create_module
<frozen importlib._bootstrap>(775): <frozen importlib._bootstrap>(778):  --- modulename: _bootstrap, funcname: _call_with_frames_removed
<frozen importlib._bootstrap>(241): <frozen importlib._bootstrap>(577): <frozen importlib._bootstrap>(579):  --- modulename: _bootstrap, funcname: _init_module_attrs
<frozen importlib._bootstrap>(497): <frozen importlib._bootstrap>(503): <frozen importlib._bootstrap>(504): <frozen importlib._bootstrap>(505): <frozen importlib._bootstrap>(526): <frozen importlib._bootstrap>(527): <frozen importlib._bootstrap>(531): <frozen importlib._bootstrap>(532): <frozen importlib._bootstrap>(533):  --- modulename: _bootstrap, funcname: parent
<frozen importlib._bootstrap>(408): <frozen importlib._bootstrap>(409): <frozen importlib._bootstrap>(537): <frozen importlib._bootstrap>(538): <frozen importlib._bootstrap>(542): <frozen importlib._bootstrap>(543): <frozen importlib._bootstrap>(550):  --- modulename: _bootstrap, funcname: has_location
<frozen importlib._bootstrap>(415): <frozen importlib._bootstrap>(563): <frozen importlib._bootstrap>(580): <frozen importlib._bootstrap>(681): <frozen importlib._bootstrap>(682): <frozen importlib._bootstrap>(683): <frozen importlib._bootstrap>(684): <frozen importlib._bootstrap>(685): <frozen importlib._bootstrap>(690):  --- modulename: _bootstrap, funcname: exec_module
<frozen importlib._bootstrap>(783):  --- modulename: _bootstrap, funcname: _call_with_frames_removed
<frozen importlib._bootstrap>(241): <frozen importlib._bootstrap>(701): <frozen importlib._bootstrap>(702): <frozen importlib._bootstrap>(703):  --- modulename: _bootstrap, funcname: _verbose_message
<frozen importlib._bootstrap>(246): <frozen importlib._bootstrap>(705): <frozen importlib._bootstrap>(707): <frozen importlib._bootstrap>(1151): <frozen importlib._bootstrap>(1153): <frozen importlib._bootstrap>(1161): <frozen importlib._bootstrap>(1175):  --- modulename: _bootstrap, funcname: __exit__
<frozen importlib._bootstrap>(174):  --- modulename: _bootstrap, funcname: release
<frozen importlib._bootstrap>(126): <frozen importlib._bootstrap>(127): <frozen importlib._bootstrap>(128): <frozen importlib._bootstrap>(130): <frozen importlib._bootstrap>(131): <frozen importlib._bootstrap>(132): <frozen importlib._bootstrap>(133): <frozen importlib._bootstrap>(134): <frozen importlib._bootstrap>(127):  --- modulename: _bootstrap, funcname: cb
<frozen importlib._bootstrap>(199): <frozen importlib._bootstrap>(200): <frozen importlib._bootstrap>(204): <frozen importlib._bootstrap>(205): <frozen importlib._bootstrap>(207): socket.py(61): EBADF = getattr(errno, 'EBADF', 9)
socket.py(62): EAGAIN = getattr(errno, 'EAGAIN', 11)
socket.py(63): EWOULDBLOCK = getattr(errno, 'EWOULDBLOCK', 11)
socket.py(65): __all__ = ["fromfd", "getfqdn", "create_connection", "create_server",
socket.py(67): __all__.extend(os._get_exports_list(_socket))
 --- modulename: os, funcname: _get_exports_list
<frozen os>(45): <frozen os>(46): <frozen os>(47): <frozen os>(48):  --- modulename: os, funcname: <listcomp>
<frozen os>(48): <frozen os>(48): <frozen os>(48): <frozen os>(48): <frozen os>(48): <frozen os>(48): <frozen os>(48): <frozen os>(48): <frozen os>(48): <frozen os>(48): <frozen os>(48): <frozen os>(48): <frozen os>(48): <frozen os>(48): <frozen os>(48): <frozen os>(48): <frozen os>(48): <frozen os>(48): <frozen os>(48): <frozen os>(48): <frozen os>(48): <frozen os>(48): <frozen os>(48): <frozen os>(48): <frozen os>(48): <frozen os>(48): <frozen os>(48): <frozen os>(48): <frozen os>(48): <frozen os>(48): <frozen os>(48): <frozen os>(48): <frozen os>(48): <frozen os>(48): <frozen os>(48): <frozen os>(48): <frozen os>(48): <frozen os>(48): <frozen os>(48): <frozen os>(48): <frozen os>(48): <frozen os>(48): <frozen os>(48): <frozen os>(48): <frozen os>(48): <frozen os>(48): <frozen os>(48): <frozen os>(48): <frozen os>(48): <frozen os>(48): <frozen os>(48): <frozen os>(48): <frozen os>(48): <frozen os>(48): <frozen os>(48): <frozen os>(48): <frozen os>(48): <frozen os>(48): <frozen os>(48): <frozen os>(48): <frozen os>(48): <frozen os>(48): <frozen os>(48): <frozen os>(48): <frozen os>(48): <frozen os>(48): <frozen os>(48): <frozen os>(48): <frozen os>(48): <frozen os>(48): <frozen os>(48): <frozen os>(48): <frozen os>(48): <frozen os>(48): <frozen os>(48): <frozen os>(48): <frozen os>(48): <frozen os>(48): <frozen os>(48): <frozen os>(48): <frozen os>(48): <frozen os>(48): <frozen os>(48): <frozen os>(48): <frozen os>(48): <frozen os>(48): <frozen os>(48): <frozen os>(48): <frozen os>(48): <frozen os>(48): <frozen os>(48): <frozen os>(48): <frozen os>(48): <frozen os>(48): <frozen os>(48): <frozen os>(48): <frozen os>(48): <frozen os>(48): <frozen os>(48): <frozen os>(48): <frozen os>(48): <frozen os>(48): <frozen os>(48): <frozen os>(48): <frozen os>(48): <frozen os>(48): <frozen os>(48): <frozen os>(48): <frozen os>(48): <frozen os>(48): <frozen os>(48): <frozen os>(48): <frozen os>(48): <frozen os>(48): <frozen os>(48): <frozen os>(48): <frozen os>(48): <frozen os>(48): <frozen os>(48): <frozen os>(48): <frozen os>(48): <frozen os>(48): <frozen os>(48): <frozen os>(48): <frozen os>(48): <frozen os>(48): <frozen os>(48): <frozen os>(48): <frozen os>(48): <frozen os>(48): <frozen os>(48): <frozen os>(48): <frozen os>(48): <frozen os>(48): <frozen os>(48): <frozen os>(48): <frozen os>(48): <frozen os>(48): <frozen os>(48): <frozen os>(48): <frozen os>(48): <frozen os>(48): <frozen os>(48): <frozen os>(48): <frozen os>(48): <frozen os>(48): <frozen os>(48): <frozen os>(48): <frozen os>(48): <frozen os>(48): <frozen os>(48): <frozen os>(48): <frozen os>(48): <frozen os>(48): <frozen os>(48): <frozen os>(48): <frozen os>(48): <frozen os>(48): <frozen os>(48): <frozen os>(48): <frozen os>(48): <frozen os>(48): <frozen os>(48): <frozen os>(48): <frozen os>(48): <frozen os>(48): <frozen os>(48): <frozen os>(48): <frozen os>(48): <frozen os>(48): <frozen os>(48): <frozen os>(48): <frozen os>(48): <frozen os>(48): <frozen os>(48): <frozen os>(48): <frozen os>(48): <frozen os>(48): <frozen os>(48): <frozen os>(48): <frozen os>(48): <frozen os>(48): <frozen os>(48): <frozen os>(48): <frozen os>(48): <frozen os>(48): <frozen os>(48): <frozen os>(48): <frozen os>(48): <frozen os>(48): <frozen os>(48): <frozen os>(48): <frozen os>(48): <frozen os>(48): <frozen os>(48): socket.py(75): IntEnum._convert_(
socket.py(76):         'AddressFamily',
socket.py(77):         __name__,
socket.py(78):         lambda C: C.isupper() and C.startswith('AF_'))
socket.py(75): IntEnum._convert_(
 --- modulename: enum, funcname: _convert_
enum.py(883):         module_globals = sys.modules[module].__dict__
enum.py(884):         if source:
enum.py(887):             source = module_globals
enum.py(891):         members = [
enum.py(893):                 for name, value in source.items()
enum.py(891):         members = [
 --- modulename: enum, funcname: <listcomp>
enum.py(891):         members = [
enum.py(893):                 for name, value in source.items()
enum.py(894):                 if filter(name)]
 --- modulename: socket, funcname: <lambda>
socket.py(78):         lambda C: C.isupper() and C.startswith('AF_'))
enum.py(891):         members = [
enum.py(891):         members = [
enum.py(893):                 for name, value in source.items()
enum.py(894):                 if filter(name)]
 --- modulename: socket, funcname: <lambda>
socket.py(78):         lambda C: C.isupper() and C.startswith('AF_'))
enum.py(891):         members = [
enum.py(891):         members = [
enum.py(893):                 for name, value in source.items()
enum.py(894):                 if filter(name)]
 --- modulename: socket, funcname: <lambda>
socket.py(78):         lambda C: C.isupper() and C.startswith('AF_'))
enum.py(891):         members = [
enum.py(891):         members = [
enum.py(893):                 for name, value in source.items()
enum.py(894):                 if filter(name)]
 --- modulename: socket, funcname: <lambda>
socket.py(78):         lambda C: C.isupper() and C.startswith('AF_'))
enum.py(891):         members = [
enum.py(891):         members = [
enum.py(893):                 for name, value in source.items()
enum.py(894):                 if filter(name)]
 --- modulename: socket, funcname: <lambda>
socket.py(78):         lambda C: C.isupper() and C.startswith('AF_'))
enum.py(891):         members = [
enum.py(891):         members = [
enum.py(893):                 for name, value in source.items()
enum.py(894):                 if filter(name)]
 --- modulename: socket, funcname: <lambda>
socket.py(78):         lambda C: C.isupper() and C.startswith('AF_'))
enum.py(891):         members = [
enum.py(891):         members = [
enum.py(893):                 for name, value in source.items()
enum.py(894):                 if filter(name)]
 --- modulename: socket, funcname: <lambda>
socket.py(78):         lambda C: C.isupper() and C.startswith('AF_'))
enum.py(891):         members = [
enum.py(891):         members = [
enum.py(893):                 for name, value in source.items()
enum.py(894):                 if filter(name)]
 --- modulename: socket, funcname: <lambda>
socket.py(78):         lambda C: C.isupper() and C.startswith('AF_'))
enum.py(891):         members = [
enum.py(891):         members = [
enum.py(893):                 for name, value in source.items()
enum.py(894):                 if filter(name)]
 --- modulename: socket, funcname: <lambda>
socket.py(78):         lambda C: C.isupper() and C.startswith('AF_'))
enum.py(891):         members = [
enum.py(891):         members = [
enum.py(893):                 for name, value in source.items()
enum.py(894):                 if filter(name)]
 --- modulename: socket, funcname: <lambda>
socket.py(78):         lambda C: C.isupper() and C.startswith('AF_'))
enum.py(891):         members = [
enum.py(891):         members = [
enum.py(893):                 for name, value in source.items()
enum.py(894):                 if filter(name)]
 --- modulename: socket, funcname: <lambda>
socket.py(78):         lambda C: C.isupper() and C.startswith('AF_'))
enum.py(891):         members = [
enum.py(891):         members = [
enum.py(893):                 for name, value in source.items()
enum.py(894):                 if filter(name)]
 --- modulename: socket, funcname: <lambda>
socket.py(78):         lambda C: C.isupper() and C.startswith('AF_'))
enum.py(891):         members = [
enum.py(891):         members = [
enum.py(893):                 for name, value in source.items()
enum.py(894):                 if filter(name)]
 --- modulename: socket, funcname: <lambda>
socket.py(78):         lambda C: C.isupper() and C.startswith('AF_'))
enum.py(891):         members = [
enum.py(891):         members = [
enum.py(893):                 for name, value in source.items()
enum.py(894):                 if filter(name)]
 --- modulename: socket, funcname: <lambda>
socket.py(78):         lambda C: C.isupper() and C.startswith('AF_'))
enum.py(891):         members = [
enum.py(891):         members = [
enum.py(893):                 for name, value in source.items()
enum.py(894):                 if filter(name)]
 --- modulename: socket, funcname: <lambda>
socket.py(78):         lambda C: C.isupper() and C.startswith('AF_'))
enum.py(891):         members = [
enum.py(891):         members = [
enum.py(893):                 for name, value in source.items()
enum.py(894):                 if filter(name)]
 --- modulename: socket, funcname: <lambda>
socket.py(78):         lambda C: C.isupper() and C.startswith('AF_'))
enum.py(891):         members = [
enum.py(891):         members = [
enum.py(893):                 for name, value in source.items()
enum.py(894):                 if filter(name)]
 --- modulename: socket, funcname: <lambda>
socket.py(78):         lambda C: C.isupper() and C.startswith('AF_'))
enum.py(891):         members = [
enum.py(891):         members = [
enum.py(893):                 for name, value in source.items()
enum.py(894):                 if filter(name)]
 --- modulename: socket, funcname: <lambda>
socket.py(78):         lambda C: C.isupper() and C.startswith('AF_'))
enum.py(891):         members = [
enum.py(891):         members = [
enum.py(893):                 for name, value in source.items()
enum.py(894):                 if filter(name)]
 --- modulename: socket, funcname: <lambda>
socket.py(78):         lambda C: C.isupper() and C.startswith('AF_'))
enum.py(891):         members = [
enum.py(891):         members = [
enum.py(893):                 for name, value in source.items()
enum.py(894):                 if filter(name)]
 --- modulename: socket, funcname: <lambda>
socket.py(78):         lambda C: C.isupper() and C.startswith('AF_'))
enum.py(891):         members = [
enum.py(891):         members = [
enum.py(893):                 for name, value in source.items()
enum.py(894):                 if filter(name)]
 --- modulename: socket, funcname: <lambda>
socket.py(78):         lambda C: C.isupper() and C.startswith('AF_'))
enum.py(891):         members = [
enum.py(891):         members = [
enum.py(893):                 for name, value in source.items()
enum.py(894):                 if filter(name)]
 --- modulename: socket, funcname: <lambda>
socket.py(78):         lambda C: C.isupper() and C.startswith('AF_'))
enum.py(891):         members = [
enum.py(891):         members = [
enum.py(893):                 for name, value in source.items()
enum.py(894):                 if filter(name)]
 --- modulename: socket, funcname: <lambda>
socket.py(78):         lambda C: C.isupper() and C.startswith('AF_'))
enum.py(891):         members = [
enum.py(891):         members = [
enum.py(893):                 for name, value in source.items()
enum.py(894):                 if filter(name)]
 --- modulename: socket, funcname: <lambda>
socket.py(78):         lambda C: C.isupper() and C.startswith('AF_'))
enum.py(891):         members = [
enum.py(891):         members = [
enum.py(893):                 for name, value in source.items()
enum.py(894):                 if filter(name)]
 --- modulename: socket, funcname: <lambda>
socket.py(78):         lambda C: C.isupper() and C.startswith('AF_'))
enum.py(891):         members = [
enum.py(891):         members = [
enum.py(893):                 for name, value in source.items()
enum.py(894):                 if filter(name)]
 --- modulename: socket, funcname: <lambda>
socket.py(78):         lambda C: C.isupper() and C.startswith('AF_'))
enum.py(891):         members = [
enum.py(891):         members = [
enum.py(893):                 for name, value in source.items()
enum.py(894):                 if filter(name)]
 --- modulename: socket, funcname: <lambda>
socket.py(78):         lambda C: C.isupper() and C.startswith('AF_'))
enum.py(891):         members = [
enum.py(891):         members = [
enum.py(893):                 for name, value in source.items()
enum.py(894):                 if filter(name)]
 --- modulename: socket, funcname: <lambda>
socket.py(78):         lambda C: C.isupper() and C.startswith('AF_'))
enum.py(891):         members = [
enum.py(891):         members = [
enum.py(893):                 for name, value in source.items()
enum.py(894):                 if filter(name)]
 --- modulename: socket, funcname: <lambda>
socket.py(78):         lambda C: C.isupper() and C.startswith('AF_'))
enum.py(891):         members = [
enum.py(891):         members = [
enum.py(893):                 for name, value in source.items()
enum.py(894):                 if filter(name)]
 --- modulename: socket, funcname: <lambda>
socket.py(78):         lambda C: C.isupper() and C.startswith('AF_'))
enum.py(891):         members = [
enum.py(891):         members = [
enum.py(893):                 for name, value in source.items()
enum.py(894):                 if filter(name)]
 --- modulename: socket, funcname: <lambda>
socket.py(78):         lambda C: C.isupper() and C.startswith('AF_'))
enum.py(891):         members = [
enum.py(891):         members = [
enum.py(893):                 for name, value in source.items()
enum.py(894):                 if filter(name)]
 --- modulename: socket, funcname: <lambda>
socket.py(78):         lambda C: C.isupper() and C.startswith('AF_'))
enum.py(891):         members = [
enum.py(891):         members = [
enum.py(893):                 for name, value in source.items()
enum.py(894):                 if filter(name)]
 --- modulename: socket, funcname: <lambda>
socket.py(78):         lambda C: C.isupper() and C.startswith('AF_'))
enum.py(891):         members = [
enum.py(891):         members = [
enum.py(893):                 for name, value in source.items()
enum.py(894):                 if filter(name)]
 --- modulename: socket, funcname: <lambda>
socket.py(78):         lambda C: C.isupper() and C.startswith('AF_'))
enum.py(891):         members = [
enum.py(891):         members = [
enum.py(893):                 for name, value in source.items()
enum.py(894):                 if filter(name)]
 --- modulename: socket, funcname: <lambda>
socket.py(78):         lambda C: C.isupper() and C.startswith('AF_'))
enum.py(891):         members = [
enum.py(891):         members = [
enum.py(893):                 for name, value in source.items()
enum.py(894):                 if filter(name)]
 --- modulename: socket, funcname: <lambda>
socket.py(78):         lambda C: C.isupper() and C.startswith('AF_'))
enum.py(891):         members = [
enum.py(891):         members = [
enum.py(893):                 for name, value in source.items()
enum.py(894):                 if filter(name)]
 --- modulename: socket, funcname: <lambda>
socket.py(78):         lambda C: C.isupper() and C.startswith('AF_'))
enum.py(891):         members = [
enum.py(891):         members = [
enum.py(893):                 for name, value in source.items()
enum.py(894):                 if filter(name)]
 --- modulename: socket, funcname: <lambda>
socket.py(78):         lambda C: C.isupper() and C.startswith('AF_'))
enum.py(891):         members = [
enum.py(891):         members = [
enum.py(893):                 for name, value in source.items()
enum.py(894):                 if filter(name)]
 --- modulename: socket, funcname: <lambda>
socket.py(78):         lambda C: C.isupper() and C.startswith('AF_'))
enum.py(891):         members = [
enum.py(891):         members = [
enum.py(893):                 for name, value in source.items()
enum.py(894):                 if filter(name)]
 --- modulename: socket, funcname: <lambda>
socket.py(78):         lambda C: C.isupper() and C.startswith('AF_'))
enum.py(891):         members = [
enum.py(891):         members = [
enum.py(893):                 for name, value in source.items()
enum.py(894):                 if filter(name)]
 --- modulename: socket, funcname: <lambda>
socket.py(78):         lambda C: C.isupper() and C.startswith('AF_'))
enum.py(891):         members = [
enum.py(891):         members = [
enum.py(893):                 for name, value in source.items()
enum.py(894):                 if filter(name)]
 --- modulename: socket, funcname: <lambda>
socket.py(78):         lambda C: C.isupper() and C.startswith('AF_'))
enum.py(891):         members = [
enum.py(892):                 (name, value)
enum.py(891):         members = [
enum.py(891):         members = [
enum.py(893):                 for name, value in source.items()
enum.py(894):                 if filter(name)]
 --- modulename: socket, funcname: <lambda>
socket.py(78):         lambda C: C.isupper() and C.startswith('AF_'))
enum.py(891):         members = [
enum.py(892):                 (name, value)
enum.py(891):         members = [
enum.py(891):         members = [
enum.py(893):                 for name, value in source.items()
enum.py(894):                 if filter(name)]
 --- modulename: socket, funcname: <lambda>
socket.py(78):         lambda C: C.isupper() and C.startswith('AF_'))
enum.py(891):         members = [
enum.py(892):                 (name, value)
enum.py(891):         members = [
enum.py(891):         members = [
enum.py(893):                 for name, value in source.items()
enum.py(894):                 if filter(name)]
 --- modulename: socket, funcname: <lambda>
socket.py(78):         lambda C: C.isupper() and C.startswith('AF_'))
enum.py(891):         members = [
enum.py(892):                 (name, value)
enum.py(891):         members = [
enum.py(891):         members = [
enum.py(893):                 for name, value in source.items()
enum.py(894):                 if filter(name)]
 --- modulename: socket, funcname: <lambda>
socket.py(78):         lambda C: C.isupper() and C.startswith('AF_'))
enum.py(891):         members = [
enum.py(892):                 (name, value)
enum.py(891):         members = [
enum.py(891):         members = [
enum.py(893):                 for name, value in source.items()
enum.py(894):                 if filter(name)]
 --- modulename: socket, funcname: <lambda>
socket.py(78):         lambda C: C.isupper() and C.startswith('AF_'))
enum.py(891):         members = [
enum.py(891):         members = [
enum.py(893):                 for name, value in source.items()
enum.py(894):                 if filter(name)]
 --- modulename: socket, funcname: <lambda>
socket.py(78):         lambda C: C.isupper() and C.startswith('AF_'))
enum.py(891):         members = [
enum.py(892):                 (name, value)
enum.py(891):         members = [
enum.py(891):         members = [
enum.py(893):                 for name, value in source.items()
enum.py(894):                 if filter(name)]
 --- modulename: socket, funcname: <lambda>
socket.py(78):         lambda C: C.isupper() and C.startswith('AF_'))
enum.py(891):         members = [
enum.py(892):                 (name, value)
enum.py(891):         members = [
enum.py(891):         members = [
enum.py(893):                 for name, value in source.items()
enum.py(894):                 if filter(name)]
 --- modulename: socket, funcname: <lambda>
socket.py(78):         lambda C: C.isupper() and C.startswith('AF_'))
enum.py(891):         members = [
enum.py(892):                 (name, value)
enum.py(891):         members = [
enum.py(891):         members = [
enum.py(893):                 for name, value in source.items()
enum.py(894):                 if filter(name)]
 --- modulename: socket, funcname: <lambda>
socket.py(78):         lambda C: C.isupper() and C.startswith('AF_'))
enum.py(891):         members = [
enum.py(892):                 (name, value)
enum.py(891):         members = [
enum.py(891):         members = [
enum.py(893):                 for name, value in source.items()
enum.py(894):                 if filter(name)]
 --- modulename: socket, funcname: <lambda>
socket.py(78):         lambda C: C.isupper() and C.startswith('AF_'))
enum.py(891):         members = [
enum.py(891):         members = [
enum.py(893):                 for name, value in source.items()
enum.py(894):                 if filter(name)]
 --- modulename: socket, funcname: <lambda>
socket.py(78):         lambda C: C.isupper() and C.startswith('AF_'))
enum.py(891):         members = [
enum.py(891):         members = [
enum.py(893):                 for name, value in source.items()
enum.py(894):                 if filter(name)]
 --- modulename: socket, funcname: <lambda>
socket.py(78):         lambda C: C.isupper() and C.startswith('AF_'))
enum.py(891):         members = [
enum.py(891):         members = [
enum.py(893):                 for name, value in source.items()
enum.py(894):                 if filter(name)]
 --- modulename: socket, funcname: <lambda>
socket.py(78):         lambda C: C.isupper() and C.startswith('AF_'))
enum.py(891):         members = [
enum.py(891):         members = [
enum.py(893):                 for name, value in source.items()
enum.py(894):                 if filter(name)]
 --- modulename: socket, funcname: <lambda>
socket.py(78):         lambda C: C.isupper() and C.startswith('AF_'))
enum.py(891):         members = [
enum.py(891):         members = [
enum.py(893):                 for name, value in source.items()
enum.py(894):                 if filter(name)]
 --- modulename: socket, funcname: <lambda>
socket.py(78):         lambda C: C.isupper() and C.startswith('AF_'))
enum.py(891):         members = [
enum.py(891):         members = [
enum.py(893):                 for name, value in source.items()
enum.py(894):                 if filter(name)]
 --- modulename: socket, funcname: <lambda>
socket.py(78):         lambda C: C.isupper() and C.startswith('AF_'))
enum.py(891):         members = [
enum.py(891):         members = [
enum.py(893):                 for name, value in source.items()
enum.py(894):                 if filter(name)]
 --- modulename: socket, funcname: <lambda>
socket.py(78):         lambda C: C.isupper() and C.startswith('AF_'))
enum.py(891):         members = [
enum.py(891):         members = [
enum.py(893):                 for name, value in source.items()
enum.py(894):                 if filter(name)]
 --- modulename: socket, funcname: <lambda>
socket.py(78):         lambda C: C.isupper() and C.startswith('AF_'))
enum.py(891):         members = [
enum.py(891):         members = [
enum.py(893):                 for name, value in source.items()
enum.py(894):                 if filter(name)]
 --- modulename: socket, funcname: <lambda>
socket.py(78):         lambda C: C.isupper() and C.startswith('AF_'))
enum.py(891):         members = [
enum.py(891):         members = [
enum.py(893):                 for name, value in source.items()
enum.py(894):                 if filter(name)]
 --- modulename: socket, funcname: <lambda>
socket.py(78):         lambda C: C.isupper() and C.startswith('AF_'))
enum.py(891):         members = [
enum.py(891):         members = [
enum.py(893):                 for name, value in source.items()
enum.py(894):                 if filter(name)]
 --- modulename: socket, funcname: <lambda>
socket.py(78):         lambda C: C.isupper() and C.startswith('AF_'))
enum.py(891):         members = [
enum.py(891):         members = [
enum.py(893):                 for name, value in source.items()
enum.py(894):                 if filter(name)]
 --- modulename: socket, funcname: <lambda>
socket.py(78):         lambda C: C.isupper() and C.startswith('AF_'))
enum.py(891):         members = [
enum.py(891):         members = [
enum.py(893):                 for name, value in source.items()
enum.py(894):                 if filter(name)]
 --- modulename: socket, funcname: <lambda>
socket.py(78):         lambda C: C.isupper() and C.startswith('AF_'))
enum.py(891):         members = [
enum.py(891):         members = [
enum.py(893):                 for name, value in source.items()
enum.py(894):                 if filter(name)]
 --- modulename: socket, funcname: <lambda>
socket.py(78):         lambda C: C.isupper() and C.startswith('AF_'))
enum.py(891):         members = [
enum.py(891):         members = [
enum.py(893):                 for name, value in source.items()
enum.py(894):                 if filter(name)]
 --- modulename: socket, funcname: <lambda>
socket.py(78):         lambda C: C.isupper() and C.startswith('AF_'))
enum.py(891):         members = [
enum.py(891):         members = [
enum.py(893):                 for name, value in source.items()
enum.py(894):                 if filter(name)]
 --- modulename: socket, funcname: <lambda>
socket.py(78):         lambda C: C.isupper() and C.startswith('AF_'))
enum.py(891):         members = [
enum.py(891):         members = [
enum.py(893):                 for name, value in source.items()
enum.py(894):                 if filter(name)]
 --- modulename: socket, funcname: <lambda>
socket.py(78):         lambda C: C.isupper() and C.startswith('AF_'))
enum.py(891):         members = [
enum.py(891):         members = [
enum.py(893):                 for name, value in source.items()
enum.py(894):                 if filter(name)]
 --- modulename: socket, funcname: <lambda>
socket.py(78):         lambda C: C.isupper() and C.startswith('AF_'))
enum.py(891):         members = [
enum.py(891):         members = [
enum.py(893):                 for name, value in source.items()
enum.py(894):                 if filter(name)]
 --- modulename: socket, funcname: <lambda>
socket.py(78):         lambda C: C.isupper() and C.startswith('AF_'))
enum.py(891):         members = [
enum.py(891):         members = [
enum.py(893):                 for name, value in source.items()
enum.py(894):                 if filter(name)]
 --- modulename: socket, funcname: <lambda>
socket.py(78):         lambda C: C.isupper() and C.startswith('AF_'))
enum.py(891):         members = [
enum.py(891):         members = [
enum.py(893):                 for name, value in source.items()
enum.py(894):                 if filter(name)]
 --- modulename: socket, funcname: <lambda>
socket.py(78):         lambda C: C.isupper() and C.startswith('AF_'))
enum.py(891):         members = [
enum.py(891):         members = [
enum.py(893):                 for name, value in source.items()
enum.py(894):                 if filter(name)]
 --- modulename: socket, funcname: <lambda>
socket.py(78):         lambda C: C.isupper() and C.startswith('AF_'))
enum.py(891):         members = [
enum.py(891):         members = [
enum.py(893):                 for name, value in source.items()
enum.py(894):                 if filter(name)]
 --- modulename: socket, funcname: <lambda>
socket.py(78):         lambda C: C.isupper() and C.startswith('AF_'))
enum.py(891):         members = [
enum.py(891):         members = [
enum.py(893):                 for name, value in source.items()
enum.py(894):                 if filter(name)]
 --- modulename: socket, funcname: <lambda>
socket.py(78):         lambda C: C.isupper() and C.startswith('AF_'))
enum.py(891):         members = [
enum.py(891):         members = [
enum.py(893):                 for name, value in source.items()
enum.py(894):                 if filter(name)]
 --- modulename: socket, funcname: <lambda>
socket.py(78):         lambda C: C.isupper() and C.startswith('AF_'))
enum.py(891):         members = [
enum.py(891):         members = [
enum.py(893):                 for name, value in source.items()
enum.py(894):                 if filter(name)]
 --- modulename: socket, funcname: <lambda>
socket.py(78):         lambda C: C.isupper() and C.startswith('AF_'))
enum.py(891):         members = [
enum.py(891):         members = [
enum.py(893):                 for name, value in source.items()
enum.py(894):                 if filter(name)]
 --- modulename: socket, funcname: <lambda>
socket.py(78):         lambda C: C.isupper() and C.startswith('AF_'))
enum.py(891):         members = [
enum.py(891):         members = [
enum.py(893):                 for name, value in source.items()
enum.py(894):                 if filter(name)]
 --- modulename: socket, funcname: <lambda>
socket.py(78):         lambda C: C.isupper() and C.startswith('AF_'))
enum.py(891):         members = [
enum.py(891):         members = [
enum.py(893):                 for name, value in source.items()
enum.py(894):                 if filter(name)]
 --- modulename: socket, funcname: <lambda>
socket.py(78):         lambda C: C.isupper() and C.startswith('AF_'))
enum.py(891):         members = [
enum.py(891):         members = [
enum.py(893):                 for name, value in source.items()
enum.py(894):                 if filter(name)]
 --- modulename: socket, funcname: <lambda>
socket.py(78):         lambda C: C.isupper() and C.startswith('AF_'))
enum.py(891):         members = [
enum.py(891):         members = [
enum.py(893):                 for name, value in source.items()
enum.py(894):                 if filter(name)]
 --- modulename: socket, funcname: <lambda>
socket.py(78):         lambda C: C.isupper() and C.startswith('AF_'))
enum.py(891):         members = [
enum.py(891):         members = [
enum.py(893):                 for name, value in source.items()
enum.py(894):                 if filter(name)]
 --- modulename: socket, funcname: <lambda>
socket.py(78):         lambda C: C.isupper() and C.startswith('AF_'))
enum.py(891):         members = [
enum.py(891):         members = [
enum.py(893):                 for name, value in source.items()
enum.py(894):                 if filter(name)]
 --- modulename: socket, funcname: <lambda>
socket.py(78):         lambda C: C.isupper() and C.startswith('AF_'))
enum.py(891):         members = [
enum.py(891):         members = [
enum.py(893):                 for name, value in source.items()
enum.py(894):                 if filter(name)]
 --- modulename: socket, funcname: <lambda>
socket.py(78):         lambda C: C.isupper() and C.startswith('AF_'))
enum.py(891):         members = [
enum.py(891):         members = [
enum.py(893):                 for name, value in source.items()
enum.py(894):                 if filter(name)]
 --- modulename: socket, funcname: <lambda>
socket.py(78):         lambda C: C.isupper() and C.startswith('AF_'))
enum.py(891):         members = [
enum.py(891):         members = [
enum.py(893):                 for name, value in source.items()
enum.py(894):                 if filter(name)]
 --- modulename: socket, funcname: <lambda>
socket.py(78):         lambda C: C.isupper() and C.startswith('AF_'))
enum.py(891):         members = [
enum.py(891):         members = [
enum.py(893):                 for name, value in source.items()
enum.py(894):                 if filter(name)]
 --- modulename: socket, funcname: <lambda>
socket.py(78):         lambda C: C.isupper() and C.startswith('AF_'))
enum.py(891):         members = [
enum.py(891):         members = [
enum.py(893):                 for name, value in source.items()
enum.py(894):                 if filter(name)]
 --- modulename: socket, funcname: <lambda>
socket.py(78):         lambda C: C.isupper() and C.startswith('AF_'))
enum.py(891):         members = [
enum.py(891):         members = [
enum.py(893):                 for name, value in source.items()
enum.py(894):                 if filter(name)]
 --- modulename: socket, funcname: <lambda>
socket.py(78):         lambda C: C.isupper() and C.startswith('AF_'))
enum.py(891):         members = [
enum.py(891):         members = [
enum.py(893):                 for name, value in source.items()
enum.py(894):                 if filter(name)]
 --- modulename: socket, funcname: <lambda>
socket.py(78):         lambda C: C.isupper() and C.startswith('AF_'))
enum.py(891):         members = [
enum.py(891):         members = [
enum.py(893):                 for name, value in source.items()
enum.py(894):                 if filter(name)]
 --- modulename: socket, funcname: <lambda>
socket.py(78):         lambda C: C.isupper() and C.startswith('AF_'))
enum.py(891):         members = [
enum.py(891):         members = [
enum.py(893):                 for name, value in source.items()
enum.py(894):                 if filter(name)]
 --- modulename: socket, funcname: <lambda>
socket.py(78):         lambda C: C.isupper() and C.startswith('AF_'))
enum.py(891):         members = [
enum.py(891):         members = [
enum.py(893):                 for name, value in source.items()
enum.py(894):                 if filter(name)]
 --- modulename: socket, funcname: <lambda>
socket.py(78):         lambda C: C.isupper() and C.startswith('AF_'))
enum.py(891):         members = [
enum.py(891):         members = [
enum.py(893):                 for name, value in source.items()
enum.py(894):                 if filter(name)]
 --- modulename: socket, funcname: <lambda>
socket.py(78):         lambda C: C.isupper() and C.startswith('AF_'))
enum.py(891):         members = [
enum.py(891):         members = [
enum.py(893):                 for name, value in source.items()
enum.py(894):                 if filter(name)]
 --- modulename: socket, funcname: <lambda>
socket.py(78):         lambda C: C.isupper() and C.startswith('AF_'))
enum.py(891):         members = [
enum.py(891):         members = [
enum.py(893):                 for name, value in source.items()
enum.py(894):                 if filter(name)]
 --- modulename: socket, funcname: <lambda>
socket.py(78):         lambda C: C.isupper() and C.startswith('AF_'))
enum.py(891):         members = [
enum.py(891):         members = [
enum.py(893):                 for name, value in source.items()
enum.py(894):                 if filter(name)]
 --- modulename: socket, funcname: <lambda>
socket.py(78):         lambda C: C.isupper() and C.startswith('AF_'))
enum.py(891):         members = [
enum.py(891):         members = [
enum.py(893):                 for name, value in source.items()
enum.py(894):                 if filter(name)]
 --- modulename: socket, funcname: <lambda>
socket.py(78):         lambda C: C.isupper() and C.startswith('AF_'))
enum.py(891):         members = [
enum.py(891):         members = [
enum.py(893):                 for name, value in source.items()
enum.py(894):                 if filter(name)]
 --- modulename: socket, funcname: <lambda>
socket.py(78):         lambda C: C.isupper() and C.startswith('AF_'))
enum.py(891):         members = [
enum.py(891):         members = [
enum.py(893):                 for name, value in source.items()
enum.py(894):                 if filter(name)]
 --- modulename: socket, funcname: <lambda>
socket.py(78):         lambda C: C.isupper() and C.startswith('AF_'))
enum.py(891):         members = [
enum.py(891):         members = [
enum.py(893):                 for name, value in source.items()
enum.py(894):                 if filter(name)]
 --- modulename: socket, funcname: <lambda>
socket.py(78):         lambda C: C.isupper() and C.startswith('AF_'))
enum.py(891):         members = [
enum.py(891):         members = [
enum.py(893):                 for name, value in source.items()
enum.py(894):                 if filter(name)]
 --- modulename: socket, funcname: <lambda>
socket.py(78):         lambda C: C.isupper() and C.startswith('AF_'))
enum.py(891):         members = [
enum.py(891):         members = [
enum.py(893):                 for name, value in source.items()
enum.py(894):                 if filter(name)]
 --- modulename: socket, funcname: <lambda>
socket.py(78):         lambda C: C.isupper() and C.startswith('AF_'))
enum.py(891):         members = [
enum.py(891):         members = [
enum.py(893):                 for name, value in source.items()
enum.py(894):                 if filter(name)]
 --- modulename: socket, funcname: <lambda>
socket.py(78):         lambda C: C.isupper() and C.startswith('AF_'))
enum.py(891):         members = [
enum.py(891):         members = [
enum.py(893):                 for name, value in source.items()
enum.py(894):                 if filter(name)]
 --- modulename: socket, funcname: <lambda>
socket.py(78):         lambda C: C.isupper() and C.startswith('AF_'))
enum.py(891):         members = [
enum.py(891):         members = [
enum.py(893):                 for name, value in source.items()
enum.py(894):                 if filter(name)]
 --- modulename: socket, funcname: <lambda>
socket.py(78):         lambda C: C.isupper() and C.startswith('AF_'))
enum.py(891):         members = [
enum.py(891):         members = [
enum.py(893):                 for name, value in source.items()
enum.py(894):                 if filter(name)]
 --- modulename: socket, funcname: <lambda>
socket.py(78):         lambda C: C.isupper() and C.startswith('AF_'))
enum.py(891):         members = [
enum.py(891):         members = [
enum.py(893):                 for name, value in source.items()
enum.py(894):                 if filter(name)]
 --- modulename: socket, funcname: <lambda>
socket.py(78):         lambda C: C.isupper() and C.startswith('AF_'))
enum.py(891):         members = [
enum.py(891):         members = [
enum.py(893):                 for name, value in source.items()
enum.py(894):                 if filter(name)]
 --- modulename: socket, funcname: <lambda>
socket.py(78):         lambda C: C.isupper() and C.startswith('AF_'))
enum.py(891):         members = [
enum.py(891):         members = [
enum.py(893):                 for name, value in source.items()
enum.py(894):                 if filter(name)]
 --- modulename: socket, funcname: <lambda>
socket.py(78):         lambda C: C.isupper() and C.startswith('AF_'))
enum.py(891):         members = [
enum.py(891):         members = [
enum.py(893):                 for name, value in source.items()
enum.py(894):                 if filter(name)]
 --- modulename: socket, funcname: <lambda>
socket.py(78):         lambda C: C.isupper() and C.startswith('AF_'))
enum.py(891):         members = [
enum.py(891):         members = [
enum.py(893):                 for name, value in source.items()
enum.py(894):                 if filter(name)]
 --- modulename: socket, funcname: <lambda>
socket.py(78):         lambda C: C.isupper() and C.startswith('AF_'))
enum.py(891):         members = [
enum.py(891):         members = [
enum.py(893):                 for name, value in source.items()
enum.py(894):                 if filter(name)]
 --- modulename: socket, funcname: <lambda>
socket.py(78):         lambda C: C.isupper() and C.startswith('AF_'))
enum.py(891):         members = [
enum.py(891):         members = [
enum.py(893):                 for name, value in source.items()
enum.py(894):                 if filter(name)]
 --- modulename: socket, funcname: <lambda>
socket.py(78):         lambda C: C.isupper() and C.startswith('AF_'))
enum.py(891):         members = [
enum.py(891):         members = [
enum.py(893):                 for name, value in source.items()
enum.py(894):                 if filter(name)]
 --- modulename: socket, funcname: <lambda>
socket.py(78):         lambda C: C.isupper() and C.startswith('AF_'))
enum.py(891):         members = [
enum.py(891):         members = [
enum.py(893):                 for name, value in source.items()
enum.py(894):                 if filter(name)]
 --- modulename: socket, funcname: <lambda>
socket.py(78):         lambda C: C.isupper() and C.startswith('AF_'))
enum.py(891):         members = [
enum.py(891):         members = [
enum.py(893):                 for name, value in source.items()
enum.py(894):                 if filter(name)]
 --- modulename: socket, funcname: <lambda>
socket.py(78):         lambda C: C.isupper() and C.startswith('AF_'))
enum.py(891):         members = [
enum.py(891):         members = [
enum.py(893):                 for name, value in source.items()
enum.py(894):                 if filter(name)]
 --- modulename: socket, funcname: <lambda>
socket.py(78):         lambda C: C.isupper() and C.startswith('AF_'))
enum.py(891):         members = [
enum.py(891):         members = [
enum.py(893):                 for name, value in source.items()
enum.py(894):                 if filter(name)]
 --- modulename: socket, funcname: <lambda>
socket.py(78):         lambda C: C.isupper() and C.startswith('AF_'))
enum.py(891):         members = [
enum.py(891):         members = [
enum.py(893):                 for name, value in source.items()
enum.py(894):                 if filter(name)]
 --- modulename: socket, funcname: <lambda>
socket.py(78):         lambda C: C.isupper() and C.startswith('AF_'))
enum.py(891):         members = [
enum.py(891):         members = [
enum.py(893):                 for name, value in source.items()
enum.py(894):                 if filter(name)]
 --- modulename: socket, funcname: <lambda>
socket.py(78):         lambda C: C.isupper() and C.startswith('AF_'))
enum.py(891):         members = [
enum.py(891):         members = [
enum.py(893):                 for name, value in source.items()
enum.py(894):                 if filter(name)]
 --- modulename: socket, funcname: <lambda>
socket.py(78):         lambda C: C.isupper() and C.startswith('AF_'))
enum.py(891):         members = [
enum.py(891):         members = [
enum.py(893):                 for name, value in source.items()
enum.py(894):                 if filter(name)]
 --- modulename: socket, funcname: <lambda>
socket.py(78):         lambda C: C.isupper() and C.startswith('AF_'))
enum.py(891):         members = [
enum.py(891):         members = [
enum.py(893):                 for name, value in source.items()
enum.py(894):                 if filter(name)]
 --- modulename: socket, funcname: <lambda>
socket.py(78):         lambda C: C.isupper() and C.startswith('AF_'))
enum.py(891):         members = [
enum.py(891):         members = [
enum.py(893):                 for name, value in source.items()
enum.py(894):                 if filter(name)]
 --- modulename: socket, funcname: <lambda>
socket.py(78):         lambda C: C.isupper() and C.startswith('AF_'))
enum.py(891):         members = [
enum.py(891):         members = [
enum.py(893):                 for name, value in source.items()
enum.py(894):                 if filter(name)]
 --- modulename: socket, funcname: <lambda>
socket.py(78):         lambda C: C.isupper() and C.startswith('AF_'))
enum.py(891):         members = [
enum.py(891):         members = [
enum.py(893):                 for name, value in source.items()
enum.py(894):                 if filter(name)]
 --- modulename: socket, funcname: <lambda>
socket.py(78):         lambda C: C.isupper() and C.startswith('AF_'))
enum.py(891):         members = [
enum.py(891):         members = [
enum.py(893):                 for name, value in source.items()
enum.py(894):                 if filter(name)]
 --- modulename: socket, funcname: <lambda>
socket.py(78):         lambda C: C.isupper() and C.startswith('AF_'))
enum.py(891):         members = [
enum.py(891):         members = [
enum.py(893):                 for name, value in source.items()
enum.py(894):                 if filter(name)]
 --- modulename: socket, funcname: <lambda>
socket.py(78):         lambda C: C.isupper() and C.startswith('AF_'))
enum.py(891):         members = [
enum.py(891):         members = [
enum.py(893):                 for name, value in source.items()
enum.py(894):                 if filter(name)]
 --- modulename: socket, funcname: <lambda>
socket.py(78):         lambda C: C.isupper() and C.startswith('AF_'))
enum.py(891):         members = [
enum.py(891):         members = [
enum.py(893):                 for name, value in source.items()
enum.py(894):                 if filter(name)]
 --- modulename: socket, funcname: <lambda>
socket.py(78):         lambda C: C.isupper() and C.startswith('AF_'))
enum.py(891):         members = [
enum.py(891):         members = [
enum.py(893):                 for name, value in source.items()
enum.py(894):                 if filter(name)]
 --- modulename: socket, funcname: <lambda>
socket.py(78):         lambda C: C.isupper() and C.startswith('AF_'))
enum.py(891):         members = [
enum.py(891):         members = [
enum.py(893):                 for name, value in source.items()
enum.py(894):                 if filter(name)]
 --- modulename: socket, funcname: <lambda>
socket.py(78):         lambda C: C.isupper() and C.startswith('AF_'))
enum.py(891):         members = [
enum.py(891):         members = [
enum.py(893):                 for name, value in source.items()
enum.py(894):                 if filter(name)]
 --- modulename: socket, funcname: <lambda>
socket.py(78):         lambda C: C.isupper() and C.startswith('AF_'))
enum.py(891):         members = [
enum.py(891):         members = [
enum.py(893):                 for name, value in source.items()
enum.py(894):                 if filter(name)]
 --- modulename: socket, funcname: <lambda>
socket.py(78):         lambda C: C.isupper() and C.startswith('AF_'))
enum.py(891):         members = [
enum.py(891):         members = [
enum.py(893):                 for name, value in source.items()
enum.py(894):                 if filter(name)]
 --- modulename: socket, funcname: <lambda>
socket.py(78):         lambda C: C.isupper() and C.startswith('AF_'))
enum.py(891):         members = [
enum.py(891):         members = [
enum.py(893):                 for name, value in source.items()
enum.py(894):                 if filter(name)]
 --- modulename: socket, funcname: <lambda>
socket.py(78):         lambda C: C.isupper() and C.startswith('AF_'))
enum.py(891):         members = [
enum.py(891):         members = [
enum.py(893):                 for name, value in source.items()
enum.py(894):                 if filter(name)]
 --- modulename: socket, funcname: <lambda>
socket.py(78):         lambda C: C.isupper() and C.startswith('AF_'))
enum.py(891):         members = [
enum.py(891):         members = [
enum.py(893):                 for name, value in source.items()
enum.py(894):                 if filter(name)]
 --- modulename: socket, funcname: <lambda>
socket.py(78):         lambda C: C.isupper() and C.startswith('AF_'))
enum.py(891):         members = [
enum.py(891):         members = [
enum.py(893):                 for name, value in source.items()
enum.py(894):                 if filter(name)]
 --- modulename: socket, funcname: <lambda>
socket.py(78):         lambda C: C.isupper() and C.startswith('AF_'))
enum.py(891):         members = [
enum.py(891):         members = [
enum.py(893):                 for name, value in source.items()
enum.py(894):                 if filter(name)]
 --- modulename: socket, funcname: <lambda>
socket.py(78):         lambda C: C.isupper() and C.startswith('AF_'))
enum.py(891):         members = [
enum.py(891):         members = [
enum.py(893):                 for name, value in source.items()
enum.py(894):                 if filter(name)]
 --- modulename: socket, funcname: <lambda>
socket.py(78):         lambda C: C.isupper() and C.startswith('AF_'))
enum.py(891):         members = [
enum.py(891):         members = [
enum.py(893):                 for name, value in source.items()
enum.py(894):                 if filter(name)]
 --- modulename: socket, funcname: <lambda>
socket.py(78):         lambda C: C.isupper() and C.startswith('AF_'))
enum.py(891):         members = [
enum.py(891):         members = [
enum.py(893):                 for name, value in source.items()
enum.py(894):                 if filter(name)]
 --- modulename: socket, funcname: <lambda>
socket.py(78):         lambda C: C.isupper() and C.startswith('AF_'))
enum.py(891):         members = [
enum.py(891):         members = [
enum.py(893):                 for name, value in source.items()
enum.py(894):                 if filter(name)]
 --- modulename: socket, funcname: <lambda>
socket.py(78):         lambda C: C.isupper() and C.startswith('AF_'))
enum.py(891):         members = [
enum.py(891):         members = [
enum.py(893):                 for name, value in source.items()
enum.py(894):                 if filter(name)]
 --- modulename: socket, funcname: <lambda>
socket.py(78):         lambda C: C.isupper() and C.startswith('AF_'))
enum.py(891):         members = [
enum.py(891):         members = [
enum.py(893):                 for name, value in source.items()
enum.py(894):                 if filter(name)]
 --- modulename: socket, funcname: <lambda>
socket.py(78):         lambda C: C.isupper() and C.startswith('AF_'))
enum.py(891):         members = [
enum.py(891):         members = [
enum.py(893):                 for name, value in source.items()
enum.py(894):                 if filter(name)]
 --- modulename: socket, funcname: <lambda>
socket.py(78):         lambda C: C.isupper() and C.startswith('AF_'))
enum.py(891):         members = [
enum.py(891):         members = [
enum.py(893):                 for name, value in source.items()
enum.py(894):                 if filter(name)]
 --- modulename: socket, funcname: <lambda>
socket.py(78):         lambda C: C.isupper() and C.startswith('AF_'))
enum.py(891):         members = [
enum.py(891):         members = [
enum.py(893):                 for name, value in source.items()
enum.py(894):                 if filter(name)]
 --- modulename: socket, funcname: <lambda>
socket.py(78):         lambda C: C.isupper() and C.startswith('AF_'))
enum.py(891):         members = [
enum.py(891):         members = [
enum.py(893):                 for name, value in source.items()
enum.py(894):                 if filter(name)]
 --- modulename: socket, funcname: <lambda>
socket.py(78):         lambda C: C.isupper() and C.startswith('AF_'))
enum.py(891):         members = [
enum.py(891):         members = [
enum.py(893):                 for name, value in source.items()
enum.py(894):                 if filter(name)]
 --- modulename: socket, funcname: <lambda>
socket.py(78):         lambda C: C.isupper() and C.startswith('AF_'))
enum.py(891):         members = [
enum.py(891):         members = [
enum.py(893):                 for name, value in source.items()
enum.py(894):                 if filter(name)]
 --- modulename: socket, funcname: <lambda>
socket.py(78):         lambda C: C.isupper() and C.startswith('AF_'))
enum.py(891):         members = [
enum.py(891):         members = [
enum.py(893):                 for name, value in source.items()
enum.py(894):                 if filter(name)]
 --- modulename: socket, funcname: <lambda>
socket.py(78):         lambda C: C.isupper() and C.startswith('AF_'))
enum.py(891):         members = [
enum.py(891):         members = [
enum.py(893):                 for name, value in source.items()
enum.py(894):                 if filter(name)]
 --- modulename: socket, funcname: <lambda>
socket.py(78):         lambda C: C.isupper() and C.startswith('AF_'))
enum.py(891):         members = [
enum.py(891):         members = [
enum.py(893):                 for name, value in source.items()
enum.py(894):                 if filter(name)]
 --- modulename: socket, funcname: <lambda>
socket.py(78):         lambda C: C.isupper() and C.startswith('AF_'))
enum.py(891):         members = [
enum.py(891):         members = [
enum.py(893):                 for name, value in source.items()
enum.py(894):                 if filter(name)]
 --- modulename: socket, funcname: <lambda>
socket.py(78):         lambda C: C.isupper() and C.startswith('AF_'))
enum.py(891):         members = [
enum.py(891):         members = [
enum.py(893):                 for name, value in source.items()
enum.py(894):                 if filter(name)]
 --- modulename: socket, funcname: <lambda>
socket.py(78):         lambda C: C.isupper() and C.startswith('AF_'))
enum.py(891):         members = [
enum.py(891):         members = [
enum.py(893):                 for name, value in source.items()
enum.py(894):                 if filter(name)]
 --- modulename: socket, funcname: <lambda>
socket.py(78):         lambda C: C.isupper() and C.startswith('AF_'))
enum.py(891):         members = [
enum.py(891):         members = [
enum.py(893):                 for name, value in source.items()
enum.py(894):                 if filter(name)]
 --- modulename: socket, funcname: <lambda>
socket.py(78):         lambda C: C.isupper() and C.startswith('AF_'))
enum.py(891):         members = [
enum.py(891):         members = [
enum.py(893):                 for name, value in source.items()
enum.py(894):                 if filter(name)]
 --- modulename: socket, funcname: <lambda>
socket.py(78):         lambda C: C.isupper() and C.startswith('AF_'))
enum.py(891):         members = [
enum.py(891):         members = [
enum.py(893):                 for name, value in source.items()
enum.py(894):                 if filter(name)]
 --- modulename: socket, funcname: <lambda>
socket.py(78):         lambda C: C.isupper() and C.startswith('AF_'))
enum.py(891):         members = [
enum.py(891):         members = [
enum.py(893):                 for name, value in source.items()
enum.py(894):                 if filter(name)]
 --- modulename: socket, funcname: <lambda>
socket.py(78):         lambda C: C.isupper() and C.startswith('AF_'))
enum.py(891):         members = [
enum.py(891):         members = [
enum.py(893):                 for name, value in source.items()
enum.py(894):                 if filter(name)]
 --- modulename: socket, funcname: <lambda>
socket.py(78):         lambda C: C.isupper() and C.startswith('AF_'))
enum.py(891):         members = [
enum.py(891):         members = [
enum.py(893):                 for name, value in source.items()
enum.py(894):                 if filter(name)]
 --- modulename: socket, funcname: <lambda>
socket.py(78):         lambda C: C.isupper() and C.startswith('AF_'))
enum.py(891):         members = [
enum.py(891):         members = [
enum.py(893):                 for name, value in source.items()
enum.py(894):                 if filter(name)]
 --- modulename: socket, funcname: <lambda>
socket.py(78):         lambda C: C.isupper() and C.startswith('AF_'))
enum.py(891):         members = [
enum.py(891):         members = [
enum.py(893):                 for name, value in source.items()
enum.py(894):                 if filter(name)]
 --- modulename: socket, funcname: <lambda>
socket.py(78):         lambda C: C.isupper() and C.startswith('AF_'))
enum.py(891):         members = [
enum.py(891):         members = [
enum.py(893):                 for name, value in source.items()
enum.py(894):                 if filter(name)]
 --- modulename: socket, funcname: <lambda>
socket.py(78):         lambda C: C.isupper() and C.startswith('AF_'))
enum.py(891):         members = [
enum.py(891):         members = [
enum.py(893):                 for name, value in source.items()
enum.py(894):                 if filter(name)]
 --- modulename: socket, funcname: <lambda>
socket.py(78):         lambda C: C.isupper() and C.startswith('AF_'))
enum.py(891):         members = [
enum.py(891):         members = [
enum.py(893):                 for name, value in source.items()
enum.py(894):                 if filter(name)]
 --- modulename: socket, funcname: <lambda>
socket.py(78):         lambda C: C.isupper() and C.startswith('AF_'))
enum.py(891):         members = [
enum.py(891):         members = [
enum.py(893):                 for name, value in source.items()
enum.py(894):                 if filter(name)]
 --- modulename: socket, funcname: <lambda>
socket.py(78):         lambda C: C.isupper() and C.startswith('AF_'))
enum.py(891):         members = [
enum.py(891):         members = [
enum.py(893):                 for name, value in source.items()
enum.py(894):                 if filter(name)]
 --- modulename: socket, funcname: <lambda>
socket.py(78):         lambda C: C.isupper() and C.startswith('AF_'))
enum.py(891):         members = [
enum.py(891):         members = [
enum.py(893):                 for name, value in source.items()
enum.py(894):                 if filter(name)]
 --- modulename: socket, funcname: <lambda>
socket.py(78):         lambda C: C.isupper() and C.startswith('AF_'))
enum.py(891):         members = [
enum.py(891):         members = [
enum.py(893):                 for name, value in source.items()
enum.py(894):                 if filter(name)]
 --- modulename: socket, funcname: <lambda>
socket.py(78):         lambda C: C.isupper() and C.startswith('AF_'))
enum.py(891):         members = [
enum.py(891):         members = [
enum.py(893):                 for name, value in source.items()
enum.py(894):                 if filter(name)]
 --- modulename: socket, funcname: <lambda>
socket.py(78):         lambda C: C.isupper() and C.startswith('AF_'))
enum.py(891):         members = [
enum.py(891):         members = [
enum.py(893):                 for name, value in source.items()
enum.py(894):                 if filter(name)]
 --- modulename: socket, funcname: <lambda>
socket.py(78):         lambda C: C.isupper() and C.startswith('AF_'))
enum.py(891):         members = [
enum.py(891):         members = [
enum.py(893):                 for name, value in source.items()
enum.py(894):                 if filter(name)]
 --- modulename: socket, funcname: <lambda>
socket.py(78):         lambda C: C.isupper() and C.startswith('AF_'))
enum.py(891):         members = [
enum.py(891):         members = [
enum.py(893):                 for name, value in source.items()
enum.py(894):                 if filter(name)]
 --- modulename: socket, funcname: <lambda>
socket.py(78):         lambda C: C.isupper() and C.startswith('AF_'))
enum.py(891):         members = [
enum.py(891):         members = [
enum.py(893):                 for name, value in source.items()
enum.py(894):                 if filter(name)]
 --- modulename: socket, funcname: <lambda>
socket.py(78):         lambda C: C.isupper() and C.startswith('AF_'))
enum.py(891):         members = [
enum.py(891):         members = [
enum.py(893):                 for name, value in source.items()
enum.py(894):                 if filter(name)]
 --- modulename: socket, funcname: <lambda>
socket.py(78):         lambda C: C.isupper() and C.startswith('AF_'))
enum.py(891):         members = [
enum.py(891):         members = [
enum.py(893):                 for name, value in source.items()
enum.py(894):                 if filter(name)]
 --- modulename: socket, funcname: <lambda>
socket.py(78):         lambda C: C.isupper() and C.startswith('AF_'))
enum.py(891):         members = [
enum.py(891):         members = [
enum.py(893):                 for name, value in source.items()
enum.py(894):                 if filter(name)]
 --- modulename: socket, funcname: <lambda>
socket.py(78):         lambda C: C.isupper() and C.startswith('AF_'))
enum.py(891):         members = [
enum.py(891):         members = [
enum.py(893):                 for name, value in source.items()
enum.py(894):                 if filter(name)]
 --- modulename: socket, funcname: <lambda>
socket.py(78):         lambda C: C.isupper() and C.startswith('AF_'))
enum.py(891):         members = [
enum.py(891):         members = [
enum.py(893):                 for name, value in source.items()
enum.py(894):                 if filter(name)]
 --- modulename: socket, funcname: <lambda>
socket.py(78):         lambda C: C.isupper() and C.startswith('AF_'))
enum.py(891):         members = [
enum.py(891):         members = [
enum.py(893):                 for name, value in source.items()
enum.py(894):                 if filter(name)]
 --- modulename: socket, funcname: <lambda>
socket.py(78):         lambda C: C.isupper() and C.startswith('AF_'))
enum.py(891):         members = [
enum.py(891):         members = [
enum.py(893):                 for name, value in source.items()
enum.py(894):                 if filter(name)]
 --- modulename: socket, funcname: <lambda>
socket.py(78):         lambda C: C.isupper() and C.startswith('AF_'))
enum.py(891):         members = [
enum.py(891):         members = [
enum.py(893):                 for name, value in source.items()
enum.py(894):                 if filter(name)]
 --- modulename: socket, funcname: <lambda>
socket.py(78):         lambda C: C.isupper() and C.startswith('AF_'))
enum.py(891):         members = [
enum.py(891):         members = [
enum.py(893):                 for name, value in source.items()
enum.py(894):                 if filter(name)]
 --- modulename: socket, funcname: <lambda>
socket.py(78):         lambda C: C.isupper() and C.startswith('AF_'))
enum.py(891):         members = [
enum.py(891):         members = [
enum.py(893):                 for name, value in source.items()
enum.py(894):                 if filter(name)]
 --- modulename: socket, funcname: <lambda>
socket.py(78):         lambda C: C.isupper() and C.startswith('AF_'))
enum.py(891):         members = [
enum.py(891):         members = [
enum.py(893):                 for name, value in source.items()
enum.py(894):                 if filter(name)]
 --- modulename: socket, funcname: <lambda>
socket.py(78):         lambda C: C.isupper() and C.startswith('AF_'))
enum.py(891):         members = [
enum.py(891):         members = [
enum.py(893):                 for name, value in source.items()
enum.py(894):                 if filter(name)]
 --- modulename: socket, funcname: <lambda>
socket.py(78):         lambda C: C.isupper() and C.startswith('AF_'))
enum.py(891):         members = [
enum.py(891):         members = [
enum.py(893):                 for name, value in source.items()
enum.py(894):                 if filter(name)]
 --- modulename: socket, funcname: <lambda>
socket.py(78):         lambda C: C.isupper() and C.startswith('AF_'))
enum.py(891):         members = [
enum.py(891):         members = [
enum.py(893):                 for name, value in source.items()
enum.py(894):                 if filter(name)]
 --- modulename: socket, funcname: <lambda>
socket.py(78):         lambda C: C.isupper() and C.startswith('AF_'))
enum.py(891):         members = [
enum.py(891):         members = [
enum.py(893):                 for name, value in source.items()
enum.py(894):                 if filter(name)]
 --- modulename: socket, funcname: <lambda>
socket.py(78):         lambda C: C.isupper() and C.startswith('AF_'))
enum.py(891):         members = [
enum.py(891):         members = [
enum.py(893):                 for name, value in source.items()
enum.py(894):                 if filter(name)]
 --- modulename: socket, funcname: <lambda>
socket.py(78):         lambda C: C.isupper() and C.startswith('AF_'))
enum.py(891):         members = [
enum.py(891):         members = [
enum.py(893):                 for name, value in source.items()
enum.py(894):                 if filter(name)]
 --- modulename: socket, funcname: <lambda>
socket.py(78):         lambda C: C.isupper() and C.startswith('AF_'))
enum.py(891):         members = [
enum.py(891):         members = [
enum.py(893):                 for name, value in source.items()
enum.py(894):                 if filter(name)]
 --- modulename: socket, funcname: <lambda>
socket.py(78):         lambda C: C.isupper() and C.startswith('AF_'))
enum.py(891):         members = [
enum.py(891):         members = [
enum.py(893):                 for name, value in source.items()
enum.py(894):                 if filter(name)]
 --- modulename: socket, funcname: <lambda>
socket.py(78):         lambda C: C.isupper() and C.startswith('AF_'))
enum.py(891):         members = [
enum.py(891):         members = [
enum.py(893):                 for name, value in source.items()
enum.py(894):                 if filter(name)]
 --- modulename: socket, funcname: <lambda>
socket.py(78):         lambda C: C.isupper() and C.startswith('AF_'))
enum.py(891):         members = [
enum.py(891):         members = [
enum.py(893):                 for name, value in source.items()
enum.py(894):                 if filter(name)]
 --- modulename: socket, funcname: <lambda>
socket.py(78):         lambda C: C.isupper() and C.startswith('AF_'))
enum.py(891):         members = [
enum.py(891):         members = [
enum.py(893):                 for name, value in source.items()
enum.py(894):                 if filter(name)]
 --- modulename: socket, funcname: <lambda>
socket.py(78):         lambda C: C.isupper() and C.startswith('AF_'))
enum.py(891):         members = [
enum.py(891):         members = [
enum.py(893):                 for name, value in source.items()
enum.py(894):                 if filter(name)]
 --- modulename: socket, funcname: <lambda>
socket.py(78):         lambda C: C.isupper() and C.startswith('AF_'))
enum.py(891):         members = [
enum.py(891):         members = [
enum.py(893):                 for name, value in source.items()
enum.py(894):                 if filter(name)]
 --- modulename: socket, funcname: <lambda>
socket.py(78):         lambda C: C.isupper() and C.startswith('AF_'))
enum.py(891):         members = [
enum.py(891):         members = [
enum.py(893):                 for name, value in source.items()
enum.py(894):                 if filter(name)]
 --- modulename: socket, funcname: <lambda>
socket.py(78):         lambda C: C.isupper() and C.startswith('AF_'))
enum.py(891):         members = [
enum.py(891):         members = [
enum.py(893):                 for name, value in source.items()
enum.py(894):                 if filter(name)]
 --- modulename: socket, funcname: <lambda>
socket.py(78):         lambda C: C.isupper() and C.startswith('AF_'))
enum.py(891):         members = [
enum.py(891):         members = [
enum.py(893):                 for name, value in source.items()
enum.py(894):                 if filter(name)]
 --- modulename: socket, funcname: <lambda>
socket.py(78):         lambda C: C.isupper() and C.startswith('AF_'))
enum.py(891):         members = [
enum.py(891):         members = [
enum.py(895):         try:
enum.py(897):             members.sort(key=lambda t: (t[1], t[0]))
 --- modulename: enum, funcname: <lambda>
enum.py(897):             members.sort(key=lambda t: (t[1], t[0]))
 --- modulename: enum, funcname: <lambda>
enum.py(897):             members.sort(key=lambda t: (t[1], t[0]))
 --- modulename: enum, funcname: <lambda>
enum.py(897):             members.sort(key=lambda t: (t[1], t[0]))
 --- modulename: enum, funcname: <lambda>
enum.py(897):             members.sort(key=lambda t: (t[1], t[0]))
 --- modulename: enum, funcname: <lambda>
enum.py(897):             members.sort(key=lambda t: (t[1], t[0]))
 --- modulename: enum, funcname: <lambda>
enum.py(897):             members.sort(key=lambda t: (t[1], t[0]))
 --- modulename: enum, funcname: <lambda>
enum.py(897):             members.sort(key=lambda t: (t[1], t[0]))
 --- modulename: enum, funcname: <lambda>
enum.py(897):             members.sort(key=lambda t: (t[1], t[0]))
 --- modulename: enum, funcname: <lambda>
enum.py(897):             members.sort(key=lambda t: (t[1], t[0]))
enum.py(901):         body = {t[0]: t[1] for t in members}
 --- modulename: enum, funcname: <dictcomp>
enum.py(901):         body = {t[0]: t[1] for t in members}
enum.py(901):         body = {t[0]: t[1] for t in members}
enum.py(901):         body = {t[0]: t[1] for t in members}
enum.py(901):         body = {t[0]: t[1] for t in members}
enum.py(901):         body = {t[0]: t[1] for t in members}
enum.py(901):         body = {t[0]: t[1] for t in members}
enum.py(901):         body = {t[0]: t[1] for t in members}
enum.py(901):         body = {t[0]: t[1] for t in members}
enum.py(901):         body = {t[0]: t[1] for t in members}
enum.py(901):         body = {t[0]: t[1] for t in members}
enum.py(902):         body['__module__'] = module
enum.py(903):         tmp_cls = type(name, (object, ), body)
enum.py(904):         cls = _simple_enum(etype=cls, boundary=boundary or KEEP)(tmp_cls)
 --- modulename: enum, funcname: _simple_enum
enum.py(1625):     def convert_class(cls):
enum.py(1769):     return convert_class
 --- modulename: enum, funcname: convert_class
enum.py(1627):         cls_name = cls.__name__
enum.py(1628):         if use_args is None:
enum.py(1629):             use_args = etype._use_args_
enum.py(1630):         __new__ = cls.__dict__.get('__new__')
enum.py(1631):         if __new__ is not None:
enum.py(1634):             new_member = etype._member_type_.__new__
enum.py(1635):         attrs = {}
enum.py(1636):         body = {}
enum.py(1637):         if __new__ is not None:
enum.py(1639):         body['_new_member_'] = new_member
enum.py(1640):         body['_use_args_'] = use_args
enum.py(1641):         body['_generate_next_value_'] = gnv = etype._generate_next_value_
enum.py(1642):         body['_member_names_'] = member_names = []
enum.py(1643):         body['_member_map_'] = member_map = {}
enum.py(1644):         body['_value2member_map_'] = value2member_map = {}
enum.py(1645):         body['_unhashable_values_'] = []
enum.py(1646):         body['_member_type_'] = member_type = etype._member_type_
enum.py(1647):         body['_value_repr_'] = etype._value_repr_
enum.py(1648):         if issubclass(etype, Flag):
enum.py(1660):         for name, obj in cls.__dict__.items():
enum.py(1661):             if name in ('__dict__', '__weakref__'):
enum.py(1663):             if _is_dunder(name) or _is_private(cls_name, name) or _is_sunder(name) or _is_descriptor(obj):
 --- modulename: enum, funcname: _is_dunder
enum.py(52):             len(name) > 4 and
enum.py(53):             name[:2] == name[-2:] == '__' and
enum.py(52):             len(name) > 4 and
enum.py(51):     return (
 --- modulename: enum, funcname: _is_private
enum.py(78): def _is_private(cls_name, name):
enum.py(80):     pattern = '_%s__' % (cls_name, )
enum.py(81):     pat_len = len(pattern)
enum.py(83):             len(name) > pat_len
enum.py(82):     if (
enum.py(90):         return False
 --- modulename: enum, funcname: _is_sunder
enum.py(63):             len(name) > 2 and
enum.py(64):             name[0] == name[-1] == '_' and
enum.py(63):             len(name) > 2 and
enum.py(62):     return (
 --- modulename: enum, funcname: _is_descriptor
enum.py(42):             hasattr(obj, '__get__') or
enum.py(43):             hasattr(obj, '__set__') or
enum.py(42):             hasattr(obj, '__get__') or
enum.py(44):             hasattr(obj, '__delete__')
enum.py(41):     return (
enum.py(1666):                 attrs[name] = obj
enum.py(1660):         for name, obj in cls.__dict__.items():
enum.py(1661):             if name in ('__dict__', '__weakref__'):
enum.py(1663):             if _is_dunder(name) or _is_private(cls_name, name) or _is_sunder(name) or _is_descriptor(obj):
 --- modulename: enum, funcname: _is_dunder
enum.py(52):             len(name) > 4 and
enum.py(53):             name[:2] == name[-2:] == '__' and
enum.py(52):             len(name) > 4 and
enum.py(51):     return (
 --- modulename: enum, funcname: _is_private
enum.py(78): def _is_private(cls_name, name):
enum.py(80):     pattern = '_%s__' % (cls_name, )
enum.py(81):     pat_len = len(pattern)
enum.py(83):             len(name) > pat_len
enum.py(82):     if (
enum.py(90):         return False
 --- modulename: enum, funcname: _is_sunder
enum.py(63):             len(name) > 2 and
enum.py(64):             name[0] == name[-1] == '_' and
enum.py(63):             len(name) > 2 and
enum.py(62):     return (
 --- modulename: enum, funcname: _is_descriptor
enum.py(42):             hasattr(obj, '__get__') or
enum.py(43):             hasattr(obj, '__set__') or
enum.py(42):             hasattr(obj, '__get__') or
enum.py(44):             hasattr(obj, '__delete__')
enum.py(41):     return (
enum.py(1666):                 attrs[name] = obj
enum.py(1660):         for name, obj in cls.__dict__.items():
enum.py(1661):             if name in ('__dict__', '__weakref__'):
enum.py(1663):             if _is_dunder(name) or _is_private(cls_name, name) or _is_sunder(name) or _is_descriptor(obj):
 --- modulename: enum, funcname: _is_dunder
enum.py(52):             len(name) > 4 and
enum.py(53):             name[:2] == name[-2:] == '__' and
enum.py(52):             len(name) > 4 and
enum.py(51):     return (
 --- modulename: enum, funcname: _is_private
enum.py(78): def _is_private(cls_name, name):
enum.py(80):     pattern = '_%s__' % (cls_name, )
enum.py(81):     pat_len = len(pattern)
enum.py(83):             len(name) > pat_len
enum.py(82):     if (
enum.py(90):         return False
 --- modulename: enum, funcname: _is_sunder
enum.py(63):             len(name) > 2 and
enum.py(64):             name[0] == name[-1] == '_' and
enum.py(63):             len(name) > 2 and
enum.py(62):     return (
 --- modulename: enum, funcname: _is_descriptor
enum.py(42):             hasattr(obj, '__get__') or
enum.py(43):             hasattr(obj, '__set__') or
enum.py(42):             hasattr(obj, '__get__') or
enum.py(44):             hasattr(obj, '__delete__')
enum.py(41):     return (
enum.py(1666):                 attrs[name] = obj
enum.py(1660):         for name, obj in cls.__dict__.items():
enum.py(1661):             if name in ('__dict__', '__weakref__'):
enum.py(1663):             if _is_dunder(name) or _is_private(cls_name, name) or _is_sunder(name) or _is_descriptor(obj):
 --- modulename: enum, funcname: _is_dunder
enum.py(52):             len(name) > 4 and
enum.py(53):             name[:2] == name[-2:] == '__' and
enum.py(52):             len(name) > 4 and
enum.py(51):     return (
 --- modulename: enum, funcname: _is_private
enum.py(78): def _is_private(cls_name, name):
enum.py(80):     pattern = '_%s__' % (cls_name, )
enum.py(81):     pat_len = len(pattern)
enum.py(83):             len(name) > pat_len
enum.py(82):     if (
enum.py(90):         return False
 --- modulename: enum, funcname: _is_sunder
enum.py(63):             len(name) > 2 and
enum.py(64):             name[0] == name[-1] == '_' and
enum.py(63):             len(name) > 2 and
enum.py(62):     return (
 --- modulename: enum, funcname: _is_descriptor
enum.py(42):             hasattr(obj, '__get__') or
enum.py(43):             hasattr(obj, '__set__') or
enum.py(42):             hasattr(obj, '__get__') or
enum.py(44):             hasattr(obj, '__delete__')
enum.py(41):     return (
enum.py(1666):                 attrs[name] = obj
enum.py(1660):         for name, obj in cls.__dict__.items():
enum.py(1661):             if name in ('__dict__', '__weakref__'):
enum.py(1663):             if _is_dunder(name) or _is_private(cls_name, name) or _is_sunder(name) or _is_descriptor(obj):
 --- modulename: enum, funcname: _is_dunder
enum.py(52):             len(name) > 4 and
enum.py(53):             name[:2] == name[-2:] == '__' and
enum.py(52):             len(name) > 4 and
enum.py(51):     return (
 --- modulename: enum, funcname: _is_private
enum.py(78): def _is_private(cls_name, name):
enum.py(80):     pattern = '_%s__' % (cls_name, )
enum.py(81):     pat_len = len(pattern)
enum.py(83):             len(name) > pat_len
enum.py(82):     if (
enum.py(90):         return False
 --- modulename: enum, funcname: _is_sunder
enum.py(63):             len(name) > 2 and
enum.py(64):             name[0] == name[-1] == '_' and
enum.py(63):             len(name) > 2 and
enum.py(62):     return (
 --- modulename: enum, funcname: _is_descriptor
enum.py(42):             hasattr(obj, '__get__') or
enum.py(43):             hasattr(obj, '__set__') or
enum.py(42):             hasattr(obj, '__get__') or
enum.py(44):             hasattr(obj, '__delete__')
enum.py(41):     return (
enum.py(1666):                 attrs[name] = obj
enum.py(1660):         for name, obj in cls.__dict__.items():
enum.py(1661):             if name in ('__dict__', '__weakref__'):
enum.py(1663):             if _is_dunder(name) or _is_private(cls_name, name) or _is_sunder(name) or _is_descriptor(obj):
 --- modulename: enum, funcname: _is_dunder
enum.py(52):             len(name) > 4 and
enum.py(53):             name[:2] == name[-2:] == '__' and
enum.py(52):             len(name) > 4 and
enum.py(51):     return (
 --- modulename: enum, funcname: _is_private
enum.py(78): def _is_private(cls_name, name):
enum.py(80):     pattern = '_%s__' % (cls_name, )
enum.py(81):     pat_len = len(pattern)
enum.py(83):             len(name) > pat_len
enum.py(82):     if (
enum.py(90):         return False
 --- modulename: enum, funcname: _is_sunder
enum.py(63):             len(name) > 2 and
enum.py(64):             name[0] == name[-1] == '_' and
enum.py(63):             len(name) > 2 and
enum.py(62):     return (
 --- modulename: enum, funcname: _is_descriptor
enum.py(42):             hasattr(obj, '__get__') or
enum.py(43):             hasattr(obj, '__set__') or
enum.py(42):             hasattr(obj, '__get__') or
enum.py(44):             hasattr(obj, '__delete__')
enum.py(41):     return (
enum.py(1666):                 attrs[name] = obj
enum.py(1660):         for name, obj in cls.__dict__.items():
enum.py(1661):             if name in ('__dict__', '__weakref__'):
enum.py(1663):             if _is_dunder(name) or _is_private(cls_name, name) or _is_sunder(name) or _is_descriptor(obj):
 --- modulename: enum, funcname: _is_dunder
enum.py(52):             len(name) > 4 and
enum.py(53):             name[:2] == name[-2:] == '__' and
enum.py(52):             len(name) > 4 and
enum.py(51):     return (
 --- modulename: enum, funcname: _is_private
enum.py(78): def _is_private(cls_name, name):
enum.py(80):     pattern = '_%s__' % (cls_name, )
enum.py(81):     pat_len = len(pattern)
enum.py(83):             len(name) > pat_len
enum.py(82):     if (
enum.py(90):         return False
 --- modulename: enum, funcname: _is_sunder
enum.py(63):             len(name) > 2 and
enum.py(64):             name[0] == name[-1] == '_' and
enum.py(63):             len(name) > 2 and
enum.py(62):     return (
 --- modulename: enum, funcname: _is_descriptor
enum.py(42):             hasattr(obj, '__get__') or
enum.py(43):             hasattr(obj, '__set__') or
enum.py(42):             hasattr(obj, '__get__') or
enum.py(44):             hasattr(obj, '__delete__')
enum.py(41):     return (
enum.py(1666):                 attrs[name] = obj
enum.py(1660):         for name, obj in cls.__dict__.items():
enum.py(1661):             if name in ('__dict__', '__weakref__'):
enum.py(1663):             if _is_dunder(name) or _is_private(cls_name, name) or _is_sunder(name) or _is_descriptor(obj):
 --- modulename: enum, funcname: _is_dunder
enum.py(52):             len(name) > 4 and
enum.py(53):             name[:2] == name[-2:] == '__' and
enum.py(52):             len(name) > 4 and
enum.py(51):     return (
 --- modulename: enum, funcname: _is_private
enum.py(78): def _is_private(cls_name, name):
enum.py(80):     pattern = '_%s__' % (cls_name, )
enum.py(81):     pat_len = len(pattern)
enum.py(83):             len(name) > pat_len
enum.py(82):     if (
enum.py(90):         return False
 --- modulename: enum, funcname: _is_sunder
enum.py(63):             len(name) > 2 and
enum.py(64):             name[0] == name[-1] == '_' and
enum.py(63):             len(name) > 2 and
enum.py(62):     return (
 --- modulename: enum, funcname: _is_descriptor
enum.py(42):             hasattr(obj, '__get__') or
enum.py(43):             hasattr(obj, '__set__') or
enum.py(42):             hasattr(obj, '__get__') or
enum.py(44):             hasattr(obj, '__delete__')
enum.py(41):     return (
enum.py(1666):                 attrs[name] = obj
enum.py(1660):         for name, obj in cls.__dict__.items():
enum.py(1661):             if name in ('__dict__', '__weakref__'):
enum.py(1663):             if _is_dunder(name) or _is_private(cls_name, name) or _is_sunder(name) or _is_descriptor(obj):
 --- modulename: enum, funcname: _is_dunder
enum.py(52):             len(name) > 4 and
enum.py(53):             name[:2] == name[-2:] == '__' and
enum.py(52):             len(name) > 4 and
enum.py(51):     return (
 --- modulename: enum, funcname: _is_private
enum.py(78): def _is_private(cls_name, name):
enum.py(80):     pattern = '_%s__' % (cls_name, )
enum.py(81):     pat_len = len(pattern)
enum.py(83):             len(name) > pat_len
enum.py(82):     if (
enum.py(90):         return False
 --- modulename: enum, funcname: _is_sunder
enum.py(63):             len(name) > 2 and
enum.py(64):             name[0] == name[-1] == '_' and
enum.py(63):             len(name) > 2 and
enum.py(62):     return (
 --- modulename: enum, funcname: _is_descriptor
enum.py(42):             hasattr(obj, '__get__') or
enum.py(43):             hasattr(obj, '__set__') or
enum.py(42):             hasattr(obj, '__get__') or
enum.py(44):             hasattr(obj, '__delete__')
enum.py(41):     return (
enum.py(1666):                 attrs[name] = obj
enum.py(1660):         for name, obj in cls.__dict__.items():
enum.py(1661):             if name in ('__dict__', '__weakref__'):
enum.py(1663):             if _is_dunder(name) or _is_private(cls_name, name) or _is_sunder(name) or _is_descriptor(obj):
 --- modulename: enum, funcname: _is_dunder
enum.py(52):             len(name) > 4 and
enum.py(53):             name[:2] == name[-2:] == '__' and
enum.py(52):             len(name) > 4 and
enum.py(54):             name[2] != '_' and
enum.py(52):             len(name) > 4 and
enum.py(55):             name[-3] != '_'
enum.py(51):     return (
enum.py(1664):                 body[name] = obj
enum.py(1660):         for name, obj in cls.__dict__.items():
enum.py(1661):             if name in ('__dict__', '__weakref__'):
enum.py(1662):                 continue
enum.py(1660):         for name, obj in cls.__dict__.items():
enum.py(1661):             if name in ('__dict__', '__weakref__'):
enum.py(1662):                 continue
enum.py(1660):         for name, obj in cls.__dict__.items():
enum.py(1661):             if name in ('__dict__', '__weakref__'):
enum.py(1663):             if _is_dunder(name) or _is_private(cls_name, name) or _is_sunder(name) or _is_descriptor(obj):
 --- modulename: enum, funcname: _is_dunder
enum.py(52):             len(name) > 4 and
enum.py(53):             name[:2] == name[-2:] == '__' and
enum.py(52):             len(name) > 4 and
enum.py(54):             name[2] != '_' and
enum.py(52):             len(name) > 4 and
enum.py(55):             name[-3] != '_'
enum.py(51):     return (
enum.py(1664):                 body[name] = obj
enum.py(1660):         for name, obj in cls.__dict__.items():
enum.py(1667):         if cls.__dict__.get('__doc__') is None:
enum.py(1668):             body['__doc__'] = 'An enumeration.'
enum.py(1674):         enum_class = type(cls_name, (etype, ), body, boundary=boundary, _simple=True)
 --- modulename: enum, funcname: __new__
enum.py(472):         if _simple:
enum.py(473):             return super().__new__(metacls, cls, bases, classdict, **kwds)
enum.py(1675):         for name in ('__repr__', '__str__', '__format__', '__reduce_ex__'):
enum.py(1676):             if name not in body:
enum.py(1678):                 enum_method = getattr(etype, name)
enum.py(1679):                 found_method = getattr(enum_class, name)
enum.py(1680):                 object_method = getattr(object, name)
enum.py(1681):                 data_type_method = getattr(member_type, name)
enum.py(1682):                 if found_method in (data_type_method, object_method):
enum.py(1675):         for name in ('__repr__', '__str__', '__format__', '__reduce_ex__'):
enum.py(1676):             if name not in body:
enum.py(1678):                 enum_method = getattr(etype, name)
enum.py(1679):                 found_method = getattr(enum_class, name)
enum.py(1680):                 object_method = getattr(object, name)
enum.py(1681):                 data_type_method = getattr(member_type, name)
enum.py(1682):                 if found_method in (data_type_method, object_method):
enum.py(1675):         for name in ('__repr__', '__str__', '__format__', '__reduce_ex__'):
enum.py(1676):             if name not in body:
enum.py(1678):                 enum_method = getattr(etype, name)
enum.py(1679):                 found_method = getattr(enum_class, name)
enum.py(1680):                 object_method = getattr(object, name)
enum.py(1681):                 data_type_method = getattr(member_type, name)
enum.py(1682):                 if found_method in (data_type_method, object_method):
enum.py(1683):                     setattr(enum_class, name, enum_method)
 --- modulename: enum, funcname: __setattr__
enum.py(817):         member_map = cls.__dict__.get('_member_map_', {})
enum.py(818):         if name in member_map:
enum.py(820):         super().__setattr__(name, value)
enum.py(1675):         for name in ('__repr__', '__str__', '__format__', '__reduce_ex__'):
enum.py(1676):             if name not in body:
enum.py(1678):                 enum_method = getattr(etype, name)
enum.py(1679):                 found_method = getattr(enum_class, name)
enum.py(1680):                 object_method = getattr(object, name)
enum.py(1681):                 data_type_method = getattr(member_type, name)
enum.py(1682):                 if found_method in (data_type_method, object_method):
enum.py(1675):         for name in ('__repr__', '__str__', '__format__', '__reduce_ex__'):
enum.py(1684):         gnv_last_values = []
enum.py(1685):         if issubclass(enum_class, Flag):
enum.py(1732):             for name, value in attrs.items():
enum.py(1733):                 if isinstance(value, auto):
enum.py(1737):                 if value in value2member_map:
enum.py(1745):                     if use_args:
enum.py(1746):                         if not isinstance(value, tuple):
enum.py(1747):                             value = (value, )
enum.py(1748):                         member = new_member(enum_class, *value)
enum.py(1749):                         value = value[0]
enum.py(1752):                     if __new__ is None:
enum.py(1753):                         member._value_ = value
enum.py(1754):                     member._name_ = name
enum.py(1755):                     member.__objclass__ = enum_class
enum.py(1756):                     member.__init__(value)
 --- modulename: enum, funcname: __init__
enum.py(1126):         pass
enum.py(1757):                     member._sort_order_ = len(member_names)
enum.py(1758):                     redirect = property()
 --- modulename: types, funcname: __init__
types.py(165):         self.fget = fget
types.py(166):         self.fset = fset
types.py(167):         self.fdel = fdel
types.py(169):         self.__doc__ = doc or fget.__doc__
types.py(170):         self.overwrite_doc = doc is None
types.py(172):         self.__isabstractmethod__ = bool(getattr(fget, '__isabstractmethod__', False))
enum.py(1759):                     redirect.__set_name__(enum_class, name)
 --- modulename: enum, funcname: __set_name__
enum.py(221):         self.name = name
enum.py(222):         self.clsname = ownerclass.__name__
enum.py(1760):                     setattr(enum_class, name, redirect)
 --- modulename: enum, funcname: __setattr__
enum.py(817):         member_map = cls.__dict__.get('_member_map_', {})
enum.py(818):         if name in member_map:
enum.py(820):         super().__setattr__(name, value)
enum.py(1761):                     member_map[name] = member
enum.py(1762):                     value2member_map[value] = member
enum.py(1763):                     member_names.append(name)
enum.py(1764):                     gnv_last_values.append(value)
enum.py(1732):             for name, value in attrs.items():
enum.py(1733):                 if isinstance(value, auto):
enum.py(1737):                 if value in value2member_map:
enum.py(1745):                     if use_args:
enum.py(1746):                         if not isinstance(value, tuple):
enum.py(1747):                             value = (value, )
enum.py(1748):                         member = new_member(enum_class, *value)
enum.py(1749):                         value = value[0]
enum.py(1752):                     if __new__ is None:
enum.py(1753):                         member._value_ = value
enum.py(1754):                     member._name_ = name
enum.py(1755):                     member.__objclass__ = enum_class
enum.py(1756):                     member.__init__(value)
 --- modulename: enum, funcname: __init__
enum.py(1126):         pass
enum.py(1757):                     member._sort_order_ = len(member_names)
enum.py(1758):                     redirect = property()
 --- modulename: types, funcname: __init__
types.py(165):         self.fget = fget
types.py(166):         self.fset = fset
types.py(167):         self.fdel = fdel
types.py(169):         self.__doc__ = doc or fget.__doc__
types.py(170):         self.overwrite_doc = doc is None
types.py(172):         self.__isabstractmethod__ = bool(getattr(fget, '__isabstractmethod__', False))
enum.py(1759):                     redirect.__set_name__(enum_class, name)
 --- modulename: enum, funcname: __set_name__
enum.py(221):         self.name = name
enum.py(222):         self.clsname = ownerclass.__name__
enum.py(1760):                     setattr(enum_class, name, redirect)
 --- modulename: enum, funcname: __setattr__
enum.py(817):         member_map = cls.__dict__.get('_member_map_', {})
enum.py(818):         if name in member_map:
enum.py(820):         super().__setattr__(name, value)
enum.py(1761):                     member_map[name] = member
enum.py(1762):                     value2member_map[value] = member
enum.py(1763):                     member_names.append(name)
enum.py(1764):                     gnv_last_values.append(value)
enum.py(1732):             for name, value in attrs.items():
enum.py(1733):                 if isinstance(value, auto):
enum.py(1737):                 if value in value2member_map:
enum.py(1745):                     if use_args:
enum.py(1746):                         if not isinstance(value, tuple):
enum.py(1747):                             value = (value, )
enum.py(1748):                         member = new_member(enum_class, *value)
enum.py(1749):                         value = value[0]
enum.py(1752):                     if __new__ is None:
enum.py(1753):                         member._value_ = value
enum.py(1754):                     member._name_ = name
enum.py(1755):                     member.__objclass__ = enum_class
enum.py(1756):                     member.__init__(value)
 --- modulename: enum, funcname: __init__
enum.py(1126):         pass
enum.py(1757):                     member._sort_order_ = len(member_names)
enum.py(1758):                     redirect = property()
 --- modulename: types, funcname: __init__
types.py(165):         self.fget = fget
types.py(166):         self.fset = fset
types.py(167):         self.fdel = fdel
types.py(169):         self.__doc__ = doc or fget.__doc__
types.py(170):         self.overwrite_doc = doc is None
types.py(172):         self.__isabstractmethod__ = bool(getattr(fget, '__isabstractmethod__', False))
enum.py(1759):                     redirect.__set_name__(enum_class, name)
 --- modulename: enum, funcname: __set_name__
enum.py(221):         self.name = name
enum.py(222):         self.clsname = ownerclass.__name__
enum.py(1760):                     setattr(enum_class, name, redirect)
 --- modulename: enum, funcname: __setattr__
enum.py(817):         member_map = cls.__dict__.get('_member_map_', {})
enum.py(818):         if name in member_map:
enum.py(820):         super().__setattr__(name, value)
enum.py(1761):                     member_map[name] = member
enum.py(1762):                     value2member_map[value] = member
enum.py(1763):                     member_names.append(name)
enum.py(1764):                     gnv_last_values.append(value)
enum.py(1732):             for name, value in attrs.items():
enum.py(1733):                 if isinstance(value, auto):
enum.py(1737):                 if value in value2member_map:
enum.py(1745):                     if use_args:
enum.py(1746):                         if not isinstance(value, tuple):
enum.py(1747):                             value = (value, )
enum.py(1748):                         member = new_member(enum_class, *value)
enum.py(1749):                         value = value[0]
enum.py(1752):                     if __new__ is None:
enum.py(1753):                         member._value_ = value
enum.py(1754):                     member._name_ = name
enum.py(1755):                     member.__objclass__ = enum_class
enum.py(1756):                     member.__init__(value)
 --- modulename: enum, funcname: __init__
enum.py(1126):         pass
enum.py(1757):                     member._sort_order_ = len(member_names)
enum.py(1758):                     redirect = property()
 --- modulename: types, funcname: __init__
types.py(165):         self.fget = fget
types.py(166):         self.fset = fset
types.py(167):         self.fdel = fdel
types.py(169):         self.__doc__ = doc or fget.__doc__
types.py(170):         self.overwrite_doc = doc is None
types.py(172):         self.__isabstractmethod__ = bool(getattr(fget, '__isabstractmethod__', False))
enum.py(1759):                     redirect.__set_name__(enum_class, name)
 --- modulename: enum, funcname: __set_name__
enum.py(221):         self.name = name
enum.py(222):         self.clsname = ownerclass.__name__
enum.py(1760):                     setattr(enum_class, name, redirect)
 --- modulename: enum, funcname: __setattr__
enum.py(817):         member_map = cls.__dict__.get('_member_map_', {})
enum.py(818):         if name in member_map:
enum.py(820):         super().__setattr__(name, value)
enum.py(1761):                     member_map[name] = member
enum.py(1762):                     value2member_map[value] = member
enum.py(1763):                     member_names.append(name)
enum.py(1764):                     gnv_last_values.append(value)
enum.py(1732):             for name, value in attrs.items():
enum.py(1733):                 if isinstance(value, auto):
enum.py(1737):                 if value in value2member_map:
enum.py(1745):                     if use_args:
enum.py(1746):                         if not isinstance(value, tuple):
enum.py(1747):                             value = (value, )
enum.py(1748):                         member = new_member(enum_class, *value)
enum.py(1749):                         value = value[0]
enum.py(1752):                     if __new__ is None:
enum.py(1753):                         member._value_ = value
enum.py(1754):                     member._name_ = name
enum.py(1755):                     member.__objclass__ = enum_class
enum.py(1756):                     member.__init__(value)
 --- modulename: enum, funcname: __init__
enum.py(1126):         pass
enum.py(1757):                     member._sort_order_ = len(member_names)
enum.py(1758):                     redirect = property()
 --- modulename: types, funcname: __init__
types.py(165):         self.fget = fget
types.py(166):         self.fset = fset
types.py(167):         self.fdel = fdel
types.py(169):         self.__doc__ = doc or fget.__doc__
types.py(170):         self.overwrite_doc = doc is None
types.py(172):         self.__isabstractmethod__ = bool(getattr(fget, '__isabstractmethod__', False))
enum.py(1759):                     redirect.__set_name__(enum_class, name)
 --- modulename: enum, funcname: __set_name__
enum.py(221):         self.name = name
enum.py(222):         self.clsname = ownerclass.__name__
enum.py(1760):                     setattr(enum_class, name, redirect)
 --- modulename: enum, funcname: __setattr__
enum.py(817):         member_map = cls.__dict__.get('_member_map_', {})
enum.py(818):         if name in member_map:
enum.py(820):         super().__setattr__(name, value)
enum.py(1761):                     member_map[name] = member
enum.py(1762):                     value2member_map[value] = member
enum.py(1763):                     member_names.append(name)
enum.py(1764):                     gnv_last_values.append(value)
enum.py(1732):             for name, value in attrs.items():
enum.py(1733):                 if isinstance(value, auto):
enum.py(1737):                 if value in value2member_map:
enum.py(1745):                     if use_args:
enum.py(1746):                         if not isinstance(value, tuple):
enum.py(1747):                             value = (value, )
enum.py(1748):                         member = new_member(enum_class, *value)
enum.py(1749):                         value = value[0]
enum.py(1752):                     if __new__ is None:
enum.py(1753):                         member._value_ = value
enum.py(1754):                     member._name_ = name
enum.py(1755):                     member.__objclass__ = enum_class
enum.py(1756):                     member.__init__(value)
 --- modulename: enum, funcname: __init__
enum.py(1126):         pass
enum.py(1757):                     member._sort_order_ = len(member_names)
enum.py(1758):                     redirect = property()
 --- modulename: types, funcname: __init__
types.py(165):         self.fget = fget
types.py(166):         self.fset = fset
types.py(167):         self.fdel = fdel
types.py(169):         self.__doc__ = doc or fget.__doc__
types.py(170):         self.overwrite_doc = doc is None
types.py(172):         self.__isabstractmethod__ = bool(getattr(fget, '__isabstractmethod__', False))
enum.py(1759):                     redirect.__set_name__(enum_class, name)
 --- modulename: enum, funcname: __set_name__
enum.py(221):         self.name = name
enum.py(222):         self.clsname = ownerclass.__name__
enum.py(1760):                     setattr(enum_class, name, redirect)
 --- modulename: enum, funcname: __setattr__
enum.py(817):         member_map = cls.__dict__.get('_member_map_', {})
enum.py(818):         if name in member_map:
enum.py(820):         super().__setattr__(name, value)
enum.py(1761):                     member_map[name] = member
enum.py(1762):                     value2member_map[value] = member
enum.py(1763):                     member_names.append(name)
enum.py(1764):                     gnv_last_values.append(value)
enum.py(1732):             for name, value in attrs.items():
enum.py(1733):                 if isinstance(value, auto):
enum.py(1737):                 if value in value2member_map:
enum.py(1745):                     if use_args:
enum.py(1746):                         if not isinstance(value, tuple):
enum.py(1747):                             value = (value, )
enum.py(1748):                         member = new_member(enum_class, *value)
enum.py(1749):                         value = value[0]
enum.py(1752):                     if __new__ is None:
enum.py(1753):                         member._value_ = value
enum.py(1754):                     member._name_ = name
enum.py(1755):                     member.__objclass__ = enum_class
enum.py(1756):                     member.__init__(value)
 --- modulename: enum, funcname: __init__
enum.py(1126):         pass
enum.py(1757):                     member._sort_order_ = len(member_names)
enum.py(1758):                     redirect = property()
 --- modulename: types, funcname: __init__
types.py(165):         self.fget = fget
types.py(166):         self.fset = fset
types.py(167):         self.fdel = fdel
types.py(169):         self.__doc__ = doc or fget.__doc__
types.py(170):         self.overwrite_doc = doc is None
types.py(172):         self.__isabstractmethod__ = bool(getattr(fget, '__isabstractmethod__', False))
enum.py(1759):                     redirect.__set_name__(enum_class, name)
 --- modulename: enum, funcname: __set_name__
enum.py(221):         self.name = name
enum.py(222):         self.clsname = ownerclass.__name__
enum.py(1760):                     setattr(enum_class, name, redirect)
 --- modulename: enum, funcname: __setattr__
enum.py(817):         member_map = cls.__dict__.get('_member_map_', {})
enum.py(818):         if name in member_map:
enum.py(820):         super().__setattr__(name, value)
enum.py(1761):                     member_map[name] = member
enum.py(1762):                     value2member_map[value] = member
enum.py(1763):                     member_names.append(name)
enum.py(1764):                     gnv_last_values.append(value)
enum.py(1732):             for name, value in attrs.items():
enum.py(1733):                 if isinstance(value, auto):
enum.py(1737):                 if value in value2member_map:
enum.py(1745):                     if use_args:
enum.py(1746):                         if not isinstance(value, tuple):
enum.py(1747):                             value = (value, )
enum.py(1748):                         member = new_member(enum_class, *value)
enum.py(1749):                         value = value[0]
enum.py(1752):                     if __new__ is None:
enum.py(1753):                         member._value_ = value
enum.py(1754):                     member._name_ = name
enum.py(1755):                     member.__objclass__ = enum_class
enum.py(1756):                     member.__init__(value)
 --- modulename: enum, funcname: __init__
enum.py(1126):         pass
enum.py(1757):                     member._sort_order_ = len(member_names)
enum.py(1758):                     redirect = property()
 --- modulename: types, funcname: __init__
types.py(165):         self.fget = fget
types.py(166):         self.fset = fset
types.py(167):         self.fdel = fdel
types.py(169):         self.__doc__ = doc or fget.__doc__
types.py(170):         self.overwrite_doc = doc is None
types.py(172):         self.__isabstractmethod__ = bool(getattr(fget, '__isabstractmethod__', False))
enum.py(1759):                     redirect.__set_name__(enum_class, name)
 --- modulename: enum, funcname: __set_name__
enum.py(221):         self.name = name
enum.py(222):         self.clsname = ownerclass.__name__
enum.py(1760):                     setattr(enum_class, name, redirect)
 --- modulename: enum, funcname: __setattr__
enum.py(817):         member_map = cls.__dict__.get('_member_map_', {})
enum.py(818):         if name in member_map:
enum.py(820):         super().__setattr__(name, value)
enum.py(1761):                     member_map[name] = member
enum.py(1762):                     value2member_map[value] = member
enum.py(1763):                     member_names.append(name)
enum.py(1764):                     gnv_last_values.append(value)
enum.py(1732):             for name, value in attrs.items():
enum.py(1733):                 if isinstance(value, auto):
enum.py(1737):                 if value in value2member_map:
enum.py(1745):                     if use_args:
enum.py(1746):                         if not isinstance(value, tuple):
enum.py(1747):                             value = (value, )
enum.py(1748):                         member = new_member(enum_class, *value)
enum.py(1749):                         value = value[0]
enum.py(1752):                     if __new__ is None:
enum.py(1753):                         member._value_ = value
enum.py(1754):                     member._name_ = name
enum.py(1755):                     member.__objclass__ = enum_class
enum.py(1756):                     member.__init__(value)
 --- modulename: enum, funcname: __init__
enum.py(1126):         pass
enum.py(1757):                     member._sort_order_ = len(member_names)
enum.py(1758):                     redirect = property()
 --- modulename: types, funcname: __init__
types.py(165):         self.fget = fget
types.py(166):         self.fset = fset
types.py(167):         self.fdel = fdel
types.py(169):         self.__doc__ = doc or fget.__doc__
types.py(170):         self.overwrite_doc = doc is None
types.py(172):         self.__isabstractmethod__ = bool(getattr(fget, '__isabstractmethod__', False))
enum.py(1759):                     redirect.__set_name__(enum_class, name)
 --- modulename: enum, funcname: __set_name__
enum.py(221):         self.name = name
enum.py(222):         self.clsname = ownerclass.__name__
enum.py(1760):                     setattr(enum_class, name, redirect)
 --- modulename: enum, funcname: __setattr__
enum.py(817):         member_map = cls.__dict__.get('_member_map_', {})
enum.py(818):         if name in member_map:
enum.py(820):         super().__setattr__(name, value)
enum.py(1761):                     member_map[name] = member
enum.py(1762):                     value2member_map[value] = member
enum.py(1763):                     member_names.append(name)
enum.py(1764):                     gnv_last_values.append(value)
enum.py(1732):             for name, value in attrs.items():
enum.py(1765):         if '__new__' in body:
enum.py(1767):         enum_class.__new__ = Enum.__new__
 --- modulename: enum, funcname: __setattr__
enum.py(817):         member_map = cls.__dict__.get('_member_map_', {})
enum.py(818):         if name in member_map:
enum.py(820):         super().__setattr__(name, value)
enum.py(1768):         return enum_class
enum.py(905):         cls.__reduce_ex__ = _reduce_ex_by_global_name
 --- modulename: enum, funcname: __setattr__
enum.py(817):         member_map = cls.__dict__.get('_member_map_', {})
enum.py(818):         if name in member_map:
enum.py(820):         super().__setattr__(name, value)
enum.py(906):         if as_global:
enum.py(909):             sys.modules[cls.__module__].__dict__.update(cls.__members__)
 --- modulename: enum, funcname: __members__
enum.py(795):         return MappingProxyType(cls._member_map_)
enum.py(910):         module_globals[name] = cls
enum.py(911):         return cls
socket.py(80): IntEnum._convert_(
socket.py(81):         'SocketKind',
socket.py(82):         __name__,
socket.py(83):         lambda C: C.isupper() and C.startswith('SOCK_'))
socket.py(80): IntEnum._convert_(
 --- modulename: enum, funcname: _convert_
enum.py(883):         module_globals = sys.modules[module].__dict__
enum.py(884):         if source:
enum.py(887):             source = module_globals
enum.py(891):         members = [
enum.py(893):                 for name, value in source.items()
enum.py(891):         members = [
 --- modulename: enum, funcname: <listcomp>
enum.py(891):         members = [
enum.py(893):                 for name, value in source.items()
enum.py(894):                 if filter(name)]
 --- modulename: socket, funcname: <lambda>
socket.py(83):         lambda C: C.isupper() and C.startswith('SOCK_'))
enum.py(891):         members = [
enum.py(891):         members = [
enum.py(893):                 for name, value in source.items()
enum.py(894):                 if filter(name)]
 --- modulename: socket, funcname: <lambda>
socket.py(83):         lambda C: C.isupper() and C.startswith('SOCK_'))
enum.py(891):         members = [
enum.py(891):         members = [
enum.py(893):                 for name, value in source.items()
enum.py(894):                 if filter(name)]
 --- modulename: socket, funcname: <lambda>
socket.py(83):         lambda C: C.isupper() and C.startswith('SOCK_'))
enum.py(891):         members = [
enum.py(891):         members = [
enum.py(893):                 for name, value in source.items()
enum.py(894):                 if filter(name)]
 --- modulename: socket, funcname: <lambda>
socket.py(83):         lambda C: C.isupper() and C.startswith('SOCK_'))
enum.py(891):         members = [
enum.py(891):         members = [
enum.py(893):                 for name, value in source.items()
enum.py(894):                 if filter(name)]
 --- modulename: socket, funcname: <lambda>
socket.py(83):         lambda C: C.isupper() and C.startswith('SOCK_'))
enum.py(891):         members = [
enum.py(891):         members = [
enum.py(893):                 for name, value in source.items()
enum.py(894):                 if filter(name)]
 --- modulename: socket, funcname: <lambda>
socket.py(83):         lambda C: C.isupper() and C.startswith('SOCK_'))
enum.py(891):         members = [
enum.py(891):         members = [
enum.py(893):                 for name, value in source.items()
enum.py(894):                 if filter(name)]
 --- modulename: socket, funcname: <lambda>
socket.py(83):         lambda C: C.isupper() and C.startswith('SOCK_'))
enum.py(891):         members = [
enum.py(891):         members = [
enum.py(893):                 for name, value in source.items()
enum.py(894):                 if filter(name)]
 --- modulename: socket, funcname: <lambda>
socket.py(83):         lambda C: C.isupper() and C.startswith('SOCK_'))
enum.py(891):         members = [
enum.py(891):         members = [
enum.py(893):                 for name, value in source.items()
enum.py(894):                 if filter(name)]
 --- modulename: socket, funcname: <lambda>
socket.py(83):         lambda C: C.isupper() and C.startswith('SOCK_'))
enum.py(891):         members = [
enum.py(891):         members = [
enum.py(893):                 for name, value in source.items()
enum.py(894):                 if filter(name)]
 --- modulename: socket, funcname: <lambda>
socket.py(83):         lambda C: C.isupper() and C.startswith('SOCK_'))
enum.py(891):         members = [
enum.py(891):         members = [
enum.py(893):                 for name, value in source.items()
enum.py(894):                 if filter(name)]
 --- modulename: socket, funcname: <lambda>
socket.py(83):         lambda C: C.isupper() and C.startswith('SOCK_'))
enum.py(891):         members = [
enum.py(891):         members = [
enum.py(893):                 for name, value in source.items()
enum.py(894):                 if filter(name)]
 --- modulename: socket, funcname: <lambda>
socket.py(83):         lambda C: C.isupper() and C.startswith('SOCK_'))
enum.py(891):         members = [
enum.py(891):         members = [
enum.py(893):                 for name, value in source.items()
enum.py(894):                 if filter(name)]
 --- modulename: socket, funcname: <lambda>
socket.py(83):         lambda C: C.isupper() and C.startswith('SOCK_'))
enum.py(891):         members = [
enum.py(891):         members = [
enum.py(893):                 for name, value in source.items()
enum.py(894):                 if filter(name)]
 --- modulename: socket, funcname: <lambda>
socket.py(83):         lambda C: C.isupper() and C.startswith('SOCK_'))
enum.py(891):         members = [
enum.py(891):         members = [
enum.py(893):                 for name, value in source.items()
enum.py(894):                 if filter(name)]
 --- modulename: socket, funcname: <lambda>
socket.py(83):         lambda C: C.isupper() and C.startswith('SOCK_'))
enum.py(891):         members = [
enum.py(891):         members = [
enum.py(893):                 for name, value in source.items()
enum.py(894):                 if filter(name)]
 --- modulename: socket, funcname: <lambda>
socket.py(83):         lambda C: C.isupper() and C.startswith('SOCK_'))
enum.py(891):         members = [
enum.py(891):         members = [
enum.py(893):                 for name, value in source.items()
enum.py(894):                 if filter(name)]
 --- modulename: socket, funcname: <lambda>
socket.py(83):         lambda C: C.isupper() and C.startswith('SOCK_'))
enum.py(891):         members = [
enum.py(891):         members = [
enum.py(893):                 for name, value in source.items()
enum.py(894):                 if filter(name)]
 --- modulename: socket, funcname: <lambda>
socket.py(83):         lambda C: C.isupper() and C.startswith('SOCK_'))
enum.py(891):         members = [
enum.py(891):         members = [
enum.py(893):                 for name, value in source.items()
enum.py(894):                 if filter(name)]
 --- modulename: socket, funcname: <lambda>
socket.py(83):         lambda C: C.isupper() and C.startswith('SOCK_'))
enum.py(891):         members = [
enum.py(891):         members = [
enum.py(893):                 for name, value in source.items()
enum.py(894):                 if filter(name)]
 --- modulename: socket, funcname: <lambda>
socket.py(83):         lambda C: C.isupper() and C.startswith('SOCK_'))
enum.py(891):         members = [
enum.py(891):         members = [
enum.py(893):                 for name, value in source.items()
enum.py(894):                 if filter(name)]
 --- modulename: socket, funcname: <lambda>
socket.py(83):         lambda C: C.isupper() and C.startswith('SOCK_'))
enum.py(891):         members = [
enum.py(891):         members = [
enum.py(893):                 for name, value in source.items()
enum.py(894):                 if filter(name)]
 --- modulename: socket, funcname: <lambda>
socket.py(83):         lambda C: C.isupper() and C.startswith('SOCK_'))
enum.py(891):         members = [
enum.py(891):         members = [
enum.py(893):                 for name, value in source.items()
enum.py(894):                 if filter(name)]
 --- modulename: socket, funcname: <lambda>
socket.py(83):         lambda C: C.isupper() and C.startswith('SOCK_'))
enum.py(891):         members = [
enum.py(891):         members = [
enum.py(893):                 for name, value in source.items()
enum.py(894):                 if filter(name)]
 --- modulename: socket, funcname: <lambda>
socket.py(83):         lambda C: C.isupper() and C.startswith('SOCK_'))
enum.py(891):         members = [
enum.py(891):         members = [
enum.py(893):                 for name, value in source.items()
enum.py(894):                 if filter(name)]
 --- modulename: socket, funcname: <lambda>
socket.py(83):         lambda C: C.isupper() and C.startswith('SOCK_'))
enum.py(891):         members = [
enum.py(891):         members = [
enum.py(893):                 for name, value in source.items()
enum.py(894):                 if filter(name)]
 --- modulename: socket, funcname: <lambda>
socket.py(83):         lambda C: C.isupper() and C.startswith('SOCK_'))
enum.py(891):         members = [
enum.py(891):         members = [
enum.py(893):                 for name, value in source.items()
enum.py(894):                 if filter(name)]
 --- modulename: socket, funcname: <lambda>
socket.py(83):         lambda C: C.isupper() and C.startswith('SOCK_'))
enum.py(891):         members = [
enum.py(891):         members = [
enum.py(893):                 for name, value in source.items()
enum.py(894):                 if filter(name)]
 --- modulename: socket, funcname: <lambda>
socket.py(83):         lambda C: C.isupper() and C.startswith('SOCK_'))
enum.py(891):         members = [
enum.py(891):         members = [
enum.py(893):                 for name, value in source.items()
enum.py(894):                 if filter(name)]
 --- modulename: socket, funcname: <lambda>
socket.py(83):         lambda C: C.isupper() and C.startswith('SOCK_'))
enum.py(891):         members = [
enum.py(891):         members = [
enum.py(893):                 for name, value in source.items()
enum.py(894):                 if filter(name)]
 --- modulename: socket, funcname: <lambda>
socket.py(83):         lambda C: C.isupper() and C.startswith('SOCK_'))
enum.py(891):         members = [
enum.py(891):         members = [
enum.py(893):                 for name, value in source.items()
enum.py(894):                 if filter(name)]
 --- modulename: socket, funcname: <lambda>
socket.py(83):         lambda C: C.isupper() and C.startswith('SOCK_'))
enum.py(891):         members = [
enum.py(891):         members = [
enum.py(893):                 for name, value in source.items()
enum.py(894):                 if filter(name)]
 --- modulename: socket, funcname: <lambda>
socket.py(83):         lambda C: C.isupper() and C.startswith('SOCK_'))
enum.py(891):         members = [
enum.py(891):         members = [
enum.py(893):                 for name, value in source.items()
enum.py(894):                 if filter(name)]
 --- modulename: socket, funcname: <lambda>
socket.py(83):         lambda C: C.isupper() and C.startswith('SOCK_'))
enum.py(891):         members = [
enum.py(891):         members = [
enum.py(893):                 for name, value in source.items()
enum.py(894):                 if filter(name)]
 --- modulename: socket, funcname: <lambda>
socket.py(83):         lambda C: C.isupper() and C.startswith('SOCK_'))
enum.py(891):         members = [
enum.py(891):         members = [
enum.py(893):                 for name, value in source.items()
enum.py(894):                 if filter(name)]
 --- modulename: socket, funcname: <lambda>
socket.py(83):         lambda C: C.isupper() and C.startswith('SOCK_'))
enum.py(891):         members = [
enum.py(891):         members = [
enum.py(893):                 for name, value in source.items()
enum.py(894):                 if filter(name)]
 --- modulename: socket, funcname: <lambda>
socket.py(83):         lambda C: C.isupper() and C.startswith('SOCK_'))
enum.py(891):         members = [
enum.py(891):         members = [
enum.py(893):                 for name, value in source.items()
enum.py(894):                 if filter(name)]
 --- modulename: socket, funcname: <lambda>
socket.py(83):         lambda C: C.isupper() and C.startswith('SOCK_'))
enum.py(891):         members = [
enum.py(891):         members = [
enum.py(893):                 for name, value in source.items()
enum.py(894):                 if filter(name)]
 --- modulename: socket, funcname: <lambda>
socket.py(83):         lambda C: C.isupper() and C.startswith('SOCK_'))
enum.py(891):         members = [
enum.py(891):         members = [
enum.py(893):                 for name, value in source.items()
enum.py(894):                 if filter(name)]
 --- modulename: socket, funcname: <lambda>
socket.py(83):         lambda C: C.isupper() and C.startswith('SOCK_'))
enum.py(891):         members = [
enum.py(891):         members = [
enum.py(893):                 for name, value in source.items()
enum.py(894):                 if filter(name)]
 --- modulename: socket, funcname: <lambda>
socket.py(83):         lambda C: C.isupper() and C.startswith('SOCK_'))
enum.py(891):         members = [
enum.py(891):         members = [
enum.py(893):                 for name, value in source.items()
enum.py(894):                 if filter(name)]
 --- modulename: socket, funcname: <lambda>
socket.py(83):         lambda C: C.isupper() and C.startswith('SOCK_'))
enum.py(891):         members = [
enum.py(891):         members = [
enum.py(893):                 for name, value in source.items()
enum.py(894):                 if filter(name)]
 --- modulename: socket, funcname: <lambda>
socket.py(83):         lambda C: C.isupper() and C.startswith('SOCK_'))
enum.py(891):         members = [
enum.py(891):         members = [
enum.py(893):                 for name, value in source.items()
enum.py(894):                 if filter(name)]
 --- modulename: socket, funcname: <lambda>
socket.py(83):         lambda C: C.isupper() and C.startswith('SOCK_'))
enum.py(891):         members = [
enum.py(891):         members = [
enum.py(893):                 for name, value in source.items()
enum.py(894):                 if filter(name)]
 --- modulename: socket, funcname: <lambda>
socket.py(83):         lambda C: C.isupper() and C.startswith('SOCK_'))
enum.py(891):         members = [
enum.py(891):         members = [
enum.py(893):                 for name, value in source.items()
enum.py(894):                 if filter(name)]
 --- modulename: socket, funcname: <lambda>
socket.py(83):         lambda C: C.isupper() and C.startswith('SOCK_'))
enum.py(891):         members = [
enum.py(891):         members = [
enum.py(893):                 for name, value in source.items()
enum.py(894):                 if filter(name)]
 --- modulename: socket, funcname: <lambda>
socket.py(83):         lambda C: C.isupper() and C.startswith('SOCK_'))
enum.py(891):         members = [
enum.py(891):         members = [
enum.py(893):                 for name, value in source.items()
enum.py(894):                 if filter(name)]
 --- modulename: socket, funcname: <lambda>
socket.py(83):         lambda C: C.isupper() and C.startswith('SOCK_'))
enum.py(891):         members = [
enum.py(891):         members = [
enum.py(893):                 for name, value in source.items()
enum.py(894):                 if filter(name)]
 --- modulename: socket, funcname: <lambda>
socket.py(83):         lambda C: C.isupper() and C.startswith('SOCK_'))
enum.py(891):         members = [
enum.py(891):         members = [
enum.py(893):                 for name, value in source.items()
enum.py(894):                 if filter(name)]
 --- modulename: socket, funcname: <lambda>
socket.py(83):         lambda C: C.isupper() and C.startswith('SOCK_'))
enum.py(891):         members = [
enum.py(891):         members = [
enum.py(893):                 for name, value in source.items()
enum.py(894):                 if filter(name)]
 --- modulename: socket, funcname: <lambda>
socket.py(83):         lambda C: C.isupper() and C.startswith('SOCK_'))
enum.py(891):         members = [
enum.py(891):         members = [
enum.py(893):                 for name, value in source.items()
enum.py(894):                 if filter(name)]
 --- modulename: socket, funcname: <lambda>
socket.py(83):         lambda C: C.isupper() and C.startswith('SOCK_'))
enum.py(891):         members = [
enum.py(891):         members = [
enum.py(893):                 for name, value in source.items()
enum.py(894):                 if filter(name)]
 --- modulename: socket, funcname: <lambda>
socket.py(83):         lambda C: C.isupper() and C.startswith('SOCK_'))
enum.py(891):         members = [
enum.py(891):         members = [
enum.py(893):                 for name, value in source.items()
enum.py(894):                 if filter(name)]
 --- modulename: socket, funcname: <lambda>
socket.py(83):         lambda C: C.isupper() and C.startswith('SOCK_'))
enum.py(891):         members = [
enum.py(891):         members = [
enum.py(893):                 for name, value in source.items()
enum.py(894):                 if filter(name)]
 --- modulename: socket, funcname: <lambda>
socket.py(83):         lambda C: C.isupper() and C.startswith('SOCK_'))
enum.py(891):         members = [
enum.py(891):         members = [
enum.py(893):                 for name, value in source.items()
enum.py(894):                 if filter(name)]
 --- modulename: socket, funcname: <lambda>
socket.py(83):         lambda C: C.isupper() and C.startswith('SOCK_'))
enum.py(891):         members = [
enum.py(892):                 (name, value)
enum.py(891):         members = [
enum.py(891):         members = [
enum.py(893):                 for name, value in source.items()
enum.py(894):                 if filter(name)]
 --- modulename: socket, funcname: <lambda>
socket.py(83):         lambda C: C.isupper() and C.startswith('SOCK_'))
enum.py(891):         members = [
enum.py(892):                 (name, value)
enum.py(891):         members = [
enum.py(891):         members = [
enum.py(893):                 for name, value in source.items()
enum.py(894):                 if filter(name)]
 --- modulename: socket, funcname: <lambda>
socket.py(83):         lambda C: C.isupper() and C.startswith('SOCK_'))
enum.py(891):         members = [
enum.py(892):                 (name, value)
enum.py(891):         members = [
enum.py(891):         members = [
enum.py(893):                 for name, value in source.items()
enum.py(894):                 if filter(name)]
 --- modulename: socket, funcname: <lambda>
socket.py(83):         lambda C: C.isupper() and C.startswith('SOCK_'))
enum.py(891):         members = [
enum.py(892):                 (name, value)
enum.py(891):         members = [
enum.py(891):         members = [
enum.py(893):                 for name, value in source.items()
enum.py(894):                 if filter(name)]
 --- modulename: socket, funcname: <lambda>
socket.py(83):         lambda C: C.isupper() and C.startswith('SOCK_'))
enum.py(891):         members = [
enum.py(892):                 (name, value)
enum.py(891):         members = [
enum.py(891):         members = [
enum.py(893):                 for name, value in source.items()
enum.py(894):                 if filter(name)]
 --- modulename: socket, funcname: <lambda>
socket.py(83):         lambda C: C.isupper() and C.startswith('SOCK_'))
enum.py(891):         members = [
enum.py(891):         members = [
enum.py(893):                 for name, value in source.items()
enum.py(894):                 if filter(name)]
 --- modulename: socket, funcname: <lambda>
socket.py(83):         lambda C: C.isupper() and C.startswith('SOCK_'))
enum.py(891):         members = [
enum.py(891):         members = [
enum.py(893):                 for name, value in source.items()
enum.py(894):                 if filter(name)]
 --- modulename: socket, funcname: <lambda>
socket.py(83):         lambda C: C.isupper() and C.startswith('SOCK_'))
enum.py(891):         members = [
enum.py(891):         members = [
enum.py(893):                 for name, value in source.items()
enum.py(894):                 if filter(name)]
 --- modulename: socket, funcname: <lambda>
socket.py(83):         lambda C: C.isupper() and C.startswith('SOCK_'))
enum.py(891):         members = [
enum.py(891):         members = [
enum.py(893):                 for name, value in source.items()
enum.py(894):                 if filter(name)]
 --- modulename: socket, funcname: <lambda>
socket.py(83):         lambda C: C.isupper() and C.startswith('SOCK_'))
enum.py(891):         members = [
enum.py(891):         members = [
enum.py(893):                 for name, value in source.items()
enum.py(894):                 if filter(name)]
 --- modulename: socket, funcname: <lambda>
socket.py(83):         lambda C: C.isupper() and C.startswith('SOCK_'))
enum.py(891):         members = [
enum.py(891):         members = [
enum.py(893):                 for name, value in source.items()
enum.py(894):                 if filter(name)]
 --- modulename: socket, funcname: <lambda>
socket.py(83):         lambda C: C.isupper() and C.startswith('SOCK_'))
enum.py(891):         members = [
enum.py(891):         members = [
enum.py(893):                 for name, value in source.items()
enum.py(894):                 if filter(name)]
 --- modulename: socket, funcname: <lambda>
socket.py(83):         lambda C: C.isupper() and C.startswith('SOCK_'))
enum.py(891):         members = [
enum.py(891):         members = [
enum.py(893):                 for name, value in source.items()
enum.py(894):                 if filter(name)]
 --- modulename: socket, funcname: <lambda>
socket.py(83):         lambda C: C.isupper() and C.startswith('SOCK_'))
enum.py(891):         members = [
enum.py(891):         members = [
enum.py(893):                 for name, value in source.items()
enum.py(894):                 if filter(name)]
 --- modulename: socket, funcname: <lambda>
socket.py(83):         lambda C: C.isupper() and C.startswith('SOCK_'))
enum.py(891):         members = [
enum.py(891):         members = [
enum.py(893):                 for name, value in source.items()
enum.py(894):                 if filter(name)]
 --- modulename: socket, funcname: <lambda>
socket.py(83):         lambda C: C.isupper() and C.startswith('SOCK_'))
enum.py(891):         members = [
enum.py(891):         members = [
enum.py(893):                 for name, value in source.items()
enum.py(894):                 if filter(name)]
 --- modulename: socket, funcname: <lambda>
socket.py(83):         lambda C: C.isupper() and C.startswith('SOCK_'))
enum.py(891):         members = [
enum.py(891):         members = [
enum.py(893):                 for name, value in source.items()
enum.py(894):                 if filter(name)]
 --- modulename: socket, funcname: <lambda>
socket.py(83):         lambda C: C.isupper() and C.startswith('SOCK_'))
enum.py(891):         members = [
enum.py(891):         members = [
enum.py(893):                 for name, value in source.items()
enum.py(894):                 if filter(name)]
 --- modulename: socket, funcname: <lambda>
socket.py(83):         lambda C: C.isupper() and C.startswith('SOCK_'))
enum.py(891):         members = [
enum.py(891):         members = [
enum.py(893):                 for name, value in source.items()
enum.py(894):                 if filter(name)]
 --- modulename: socket, funcname: <lambda>
socket.py(83):         lambda C: C.isupper() and C.startswith('SOCK_'))
enum.py(891):         members = [
enum.py(891):         members = [
enum.py(893):                 for name, value in source.items()
enum.py(894):                 if filter(name)]
 --- modulename: socket, funcname: <lambda>
socket.py(83):         lambda C: C.isupper() and C.startswith('SOCK_'))
enum.py(891):         members = [
enum.py(891):         members = [
enum.py(893):                 for name, value in source.items()
enum.py(894):                 if filter(name)]
 --- modulename: socket, funcname: <lambda>
socket.py(83):         lambda C: C.isupper() and C.startswith('SOCK_'))
enum.py(891):         members = [
enum.py(891):         members = [
enum.py(893):                 for name, value in source.items()
enum.py(894):                 if filter(name)]
 --- modulename: socket, funcname: <lambda>
socket.py(83):         lambda C: C.isupper() and C.startswith('SOCK_'))
enum.py(891):         members = [
enum.py(891):         members = [
enum.py(893):                 for name, value in source.items()
enum.py(894):                 if filter(name)]
 --- modulename: socket, funcname: <lambda>
socket.py(83):         lambda C: C.isupper() and C.startswith('SOCK_'))
enum.py(891):         members = [
enum.py(891):         members = [
enum.py(893):                 for name, value in source.items()
enum.py(894):                 if filter(name)]
 --- modulename: socket, funcname: <lambda>
socket.py(83):         lambda C: C.isupper() and C.startswith('SOCK_'))
enum.py(891):         members = [
enum.py(891):         members = [
enum.py(893):                 for name, value in source.items()
enum.py(894):                 if filter(name)]
 --- modulename: socket, funcname: <lambda>
socket.py(83):         lambda C: C.isupper() and C.startswith('SOCK_'))
enum.py(891):         members = [
enum.py(891):         members = [
enum.py(893):                 for name, value in source.items()
enum.py(894):                 if filter(name)]
 --- modulename: socket, funcname: <lambda>
socket.py(83):         lambda C: C.isupper() and C.startswith('SOCK_'))
enum.py(891):         members = [
enum.py(891):         members = [
enum.py(893):                 for name, value in source.items()
enum.py(894):                 if filter(name)]
 --- modulename: socket, funcname: <lambda>
socket.py(83):         lambda C: C.isupper() and C.startswith('SOCK_'))
enum.py(891):         members = [
enum.py(891):         members = [
enum.py(893):                 for name, value in source.items()
enum.py(894):                 if filter(name)]
 --- modulename: socket, funcname: <lambda>
socket.py(83):         lambda C: C.isupper() and C.startswith('SOCK_'))
enum.py(891):         members = [
enum.py(891):         members = [
enum.py(893):                 for name, value in source.items()
enum.py(894):                 if filter(name)]
 --- modulename: socket, funcname: <lambda>
socket.py(83):         lambda C: C.isupper() and C.startswith('SOCK_'))
enum.py(891):         members = [
enum.py(891):         members = [
enum.py(893):                 for name, value in source.items()
enum.py(894):                 if filter(name)]
 --- modulename: socket, funcname: <lambda>
socket.py(83):         lambda C: C.isupper() and C.startswith('SOCK_'))
enum.py(891):         members = [
enum.py(891):         members = [
enum.py(893):                 for name, value in source.items()
enum.py(894):                 if filter(name)]
 --- modulename: socket, funcname: <lambda>
socket.py(83):         lambda C: C.isupper() and C.startswith('SOCK_'))
enum.py(891):         members = [
enum.py(891):         members = [
enum.py(893):                 for name, value in source.items()
enum.py(894):                 if filter(name)]
 --- modulename: socket, funcname: <lambda>
socket.py(83):         lambda C: C.isupper() and C.startswith('SOCK_'))
enum.py(891):         members = [
enum.py(891):         members = [
enum.py(893):                 for name, value in source.items()
enum.py(894):                 if filter(name)]
 --- modulename: socket, funcname: <lambda>
socket.py(83):         lambda C: C.isupper() and C.startswith('SOCK_'))
enum.py(891):         members = [
enum.py(891):         members = [
enum.py(893):                 for name, value in source.items()
enum.py(894):                 if filter(name)]
 --- modulename: socket, funcname: <lambda>
socket.py(83):         lambda C: C.isupper() and C.startswith('SOCK_'))
enum.py(891):         members = [
enum.py(891):         members = [
enum.py(893):                 for name, value in source.items()
enum.py(894):                 if filter(name)]
 --- modulename: socket, funcname: <lambda>
socket.py(83):         lambda C: C.isupper() and C.startswith('SOCK_'))
enum.py(891):         members = [
enum.py(891):         members = [
enum.py(893):                 for name, value in source.items()
enum.py(894):                 if filter(name)]
 --- modulename: socket, funcname: <lambda>
socket.py(83):         lambda C: C.isupper() and C.startswith('SOCK_'))
enum.py(891):         members = [
enum.py(891):         members = [
enum.py(893):                 for name, value in source.items()
enum.py(894):                 if filter(name)]
 --- modulename: socket, funcname: <lambda>
socket.py(83):         lambda C: C.isupper() and C.startswith('SOCK_'))
enum.py(891):         members = [
enum.py(891):         members = [
enum.py(893):                 for name, value in source.items()
enum.py(894):                 if filter(name)]
 --- modulename: socket, funcname: <lambda>
socket.py(83):         lambda C: C.isupper() and C.startswith('SOCK_'))
enum.py(891):         members = [
enum.py(891):         members = [
enum.py(893):                 for name, value in source.items()
enum.py(894):                 if filter(name)]
 --- modulename: socket, funcname: <lambda>
socket.py(83):         lambda C: C.isupper() and C.startswith('SOCK_'))
enum.py(891):         members = [
enum.py(891):         members = [
enum.py(893):                 for name, value in source.items()
enum.py(894):                 if filter(name)]
 --- modulename: socket, funcname: <lambda>
socket.py(83):         lambda C: C.isupper() and C.startswith('SOCK_'))
enum.py(891):         members = [
enum.py(891):         members = [
enum.py(893):                 for name, value in source.items()
enum.py(894):                 if filter(name)]
 --- modulename: socket, funcname: <lambda>
socket.py(83):         lambda C: C.isupper() and C.startswith('SOCK_'))
enum.py(891):         members = [
enum.py(891):         members = [
enum.py(893):                 for name, value in source.items()
enum.py(894):                 if filter(name)]
 --- modulename: socket, funcname: <lambda>
socket.py(83):         lambda C: C.isupper() and C.startswith('SOCK_'))
enum.py(891):         members = [
enum.py(891):         members = [
enum.py(893):                 for name, value in source.items()
enum.py(894):                 if filter(name)]
 --- modulename: socket, funcname: <lambda>
socket.py(83):         lambda C: C.isupper() and C.startswith('SOCK_'))
enum.py(891):         members = [
enum.py(891):         members = [
enum.py(893):                 for name, value in source.items()
enum.py(894):                 if filter(name)]
 --- modulename: socket, funcname: <lambda>
socket.py(83):         lambda C: C.isupper() and C.startswith('SOCK_'))
enum.py(891):         members = [
enum.py(891):         members = [
enum.py(893):                 for name, value in source.items()
enum.py(894):                 if filter(name)]
 --- modulename: socket, funcname: <lambda>
socket.py(83):         lambda C: C.isupper() and C.startswith('SOCK_'))
enum.py(891):         members = [
enum.py(891):         members = [
enum.py(893):                 for name, value in source.items()
enum.py(894):                 if filter(name)]
 --- modulename: socket, funcname: <lambda>
socket.py(83):         lambda C: C.isupper() and C.startswith('SOCK_'))
enum.py(891):         members = [
enum.py(891):         members = [
enum.py(893):                 for name, value in source.items()
enum.py(894):                 if filter(name)]
 --- modulename: socket, funcname: <lambda>
socket.py(83):         lambda C: C.isupper() and C.startswith('SOCK_'))
enum.py(891):         members = [
enum.py(891):         members = [
enum.py(893):                 for name, value in source.items()
enum.py(894):                 if filter(name)]
 --- modulename: socket, funcname: <lambda>
socket.py(83):         lambda C: C.isupper() and C.startswith('SOCK_'))
enum.py(891):         members = [
enum.py(891):         members = [
enum.py(893):                 for name, value in source.items()
enum.py(894):                 if filter(name)]
 --- modulename: socket, funcname: <lambda>
socket.py(83):         lambda C: C.isupper() and C.startswith('SOCK_'))
enum.py(891):         members = [
enum.py(891):         members = [
enum.py(893):                 for name, value in source.items()
enum.py(894):                 if filter(name)]
 --- modulename: socket, funcname: <lambda>
socket.py(83):         lambda C: C.isupper() and C.startswith('SOCK_'))
enum.py(891):         members = [
enum.py(891):         members = [
enum.py(893):                 for name, value in source.items()
enum.py(894):                 if filter(name)]
 --- modulename: socket, funcname: <lambda>
socket.py(83):         lambda C: C.isupper() and C.startswith('SOCK_'))
enum.py(891):         members = [
enum.py(891):         members = [
enum.py(893):                 for name, value in source.items()
enum.py(894):                 if filter(name)]
 --- modulename: socket, funcname: <lambda>
socket.py(83):         lambda C: C.isupper() and C.startswith('SOCK_'))
enum.py(891):         members = [
enum.py(891):         members = [
enum.py(893):                 for name, value in source.items()
enum.py(894):                 if filter(name)]
 --- modulename: socket, funcname: <lambda>
socket.py(83):         lambda C: C.isupper() and C.startswith('SOCK_'))
enum.py(891):         members = [
enum.py(891):         members = [
enum.py(893):                 for name, value in source.items()
enum.py(894):                 if filter(name)]
 --- modulename: socket, funcname: <lambda>
socket.py(83):         lambda C: C.isupper() and C.startswith('SOCK_'))
enum.py(891):         members = [
enum.py(891):         members = [
enum.py(893):                 for name, value in source.items()
enum.py(894):                 if filter(name)]
 --- modulename: socket, funcname: <lambda>
socket.py(83):         lambda C: C.isupper() and C.startswith('SOCK_'))
enum.py(891):         members = [
enum.py(891):         members = [
enum.py(893):                 for name, value in source.items()
enum.py(894):                 if filter(name)]
 --- modulename: socket, funcname: <lambda>
socket.py(83):         lambda C: C.isupper() and C.startswith('SOCK_'))
enum.py(891):         members = [
enum.py(891):         members = [
enum.py(893):                 for name, value in source.items()
enum.py(894):                 if filter(name)]
 --- modulename: socket, funcname: <lambda>
socket.py(83):         lambda C: C.isupper() and C.startswith('SOCK_'))
enum.py(891):         members = [
enum.py(891):         members = [
enum.py(893):                 for name, value in source.items()
enum.py(894):                 if filter(name)]
 --- modulename: socket, funcname: <lambda>
socket.py(83):         lambda C: C.isupper() and C.startswith('SOCK_'))
enum.py(891):         members = [
enum.py(891):         members = [
enum.py(893):                 for name, value in source.items()
enum.py(894):                 if filter(name)]
 --- modulename: socket, funcname: <lambda>
socket.py(83):         lambda C: C.isupper() and C.startswith('SOCK_'))
enum.py(891):         members = [
enum.py(891):         members = [
enum.py(893):                 for name, value in source.items()
enum.py(894):                 if filter(name)]
 --- modulename: socket, funcname: <lambda>
socket.py(83):         lambda C: C.isupper() and C.startswith('SOCK_'))
enum.py(891):         members = [
enum.py(891):         members = [
enum.py(893):                 for name, value in source.items()
enum.py(894):                 if filter(name)]
 --- modulename: socket, funcname: <lambda>
socket.py(83):         lambda C: C.isupper() and C.startswith('SOCK_'))
enum.py(891):         members = [
enum.py(891):         members = [
enum.py(893):                 for name, value in source.items()
enum.py(894):                 if filter(name)]
 --- modulename: socket, funcname: <lambda>
socket.py(83):         lambda C: C.isupper() and C.startswith('SOCK_'))
enum.py(891):         members = [
enum.py(891):         members = [
enum.py(893):                 for name, value in source.items()
enum.py(894):                 if filter(name)]
 --- modulename: socket, funcname: <lambda>
socket.py(83):         lambda C: C.isupper() and C.startswith('SOCK_'))
enum.py(891):         members = [
enum.py(891):         members = [
enum.py(893):                 for name, value in source.items()
enum.py(894):                 if filter(name)]
 --- modulename: socket, funcname: <lambda>
socket.py(83):         lambda C: C.isupper() and C.startswith('SOCK_'))
enum.py(891):         members = [
enum.py(891):         members = [
enum.py(893):                 for name, value in source.items()
enum.py(894):                 if filter(name)]
 --- modulename: socket, funcname: <lambda>
socket.py(83):         lambda C: C.isupper() and C.startswith('SOCK_'))
enum.py(891):         members = [
enum.py(891):         members = [
enum.py(893):                 for name, value in source.items()
enum.py(894):                 if filter(name)]
 --- modulename: socket, funcname: <lambda>
socket.py(83):         lambda C: C.isupper() and C.startswith('SOCK_'))
enum.py(891):         members = [
enum.py(891):         members = [
enum.py(893):                 for name, value in source.items()
enum.py(894):                 if filter(name)]
 --- modulename: socket, funcname: <lambda>
socket.py(83):         lambda C: C.isupper() and C.startswith('SOCK_'))
enum.py(891):         members = [
enum.py(891):         members = [
enum.py(893):                 for name, value in source.items()
enum.py(894):                 if filter(name)]
 --- modulename: socket, funcname: <lambda>
socket.py(83):         lambda C: C.isupper() and C.startswith('SOCK_'))
enum.py(891):         members = [
enum.py(891):         members = [
enum.py(893):                 for name, value in source.items()
enum.py(894):                 if filter(name)]
 --- modulename: socket, funcname: <lambda>
socket.py(83):         lambda C: C.isupper() and C.startswith('SOCK_'))
enum.py(891):         members = [
enum.py(891):         members = [
enum.py(893):                 for name, value in source.items()
enum.py(894):                 if filter(name)]
 --- modulename: socket, funcname: <lambda>
socket.py(83):         lambda C: C.isupper() and C.startswith('SOCK_'))
enum.py(891):         members = [
enum.py(891):         members = [
enum.py(893):                 for name, value in source.items()
enum.py(894):                 if filter(name)]
 --- modulename: socket, funcname: <lambda>
socket.py(83):         lambda C: C.isupper() and C.startswith('SOCK_'))
enum.py(891):         members = [
enum.py(891):         members = [
enum.py(893):                 for name, value in source.items()
enum.py(894):                 if filter(name)]
 --- modulename: socket, funcname: <lambda>
socket.py(83):         lambda C: C.isupper() and C.startswith('SOCK_'))
enum.py(891):         members = [
enum.py(891):         members = [
enum.py(893):                 for name, value in source.items()
enum.py(894):                 if filter(name)]
 --- modulename: socket, funcname: <lambda>
socket.py(83):         lambda C: C.isupper() and C.startswith('SOCK_'))
enum.py(891):         members = [
enum.py(891):         members = [
enum.py(893):                 for name, value in source.items()
enum.py(894):                 if filter(name)]
 --- modulename: socket, funcname: <lambda>
socket.py(83):         lambda C: C.isupper() and C.startswith('SOCK_'))
enum.py(891):         members = [
enum.py(891):         members = [
enum.py(893):                 for name, value in source.items()
enum.py(894):                 if filter(name)]
 --- modulename: socket, funcname: <lambda>
socket.py(83):         lambda C: C.isupper() and C.startswith('SOCK_'))
enum.py(891):         members = [
enum.py(891):         members = [
enum.py(893):                 for name, value in source.items()
enum.py(894):                 if filter(name)]
 --- modulename: socket, funcname: <lambda>
socket.py(83):         lambda C: C.isupper() and C.startswith('SOCK_'))
enum.py(891):         members = [
enum.py(891):         members = [
enum.py(893):                 for name, value in source.items()
enum.py(894):                 if filter(name)]
 --- modulename: socket, funcname: <lambda>
socket.py(83):         lambda C: C.isupper() and C.startswith('SOCK_'))
enum.py(891):         members = [
enum.py(891):         members = [
enum.py(893):                 for name, value in source.items()
enum.py(894):                 if filter(name)]
 --- modulename: socket, funcname: <lambda>
socket.py(83):         lambda C: C.isupper() and C.startswith('SOCK_'))
enum.py(891):         members = [
enum.py(891):         members = [
enum.py(893):                 for name, value in source.items()
enum.py(894):                 if filter(name)]
 --- modulename: socket, funcname: <lambda>
socket.py(83):         lambda C: C.isupper() and C.startswith('SOCK_'))
enum.py(891):         members = [
enum.py(891):         members = [
enum.py(893):                 for name, value in source.items()
enum.py(894):                 if filter(name)]
 --- modulename: socket, funcname: <lambda>
socket.py(83):         lambda C: C.isupper() and C.startswith('SOCK_'))
enum.py(891):         members = [
enum.py(891):         members = [
enum.py(893):                 for name, value in source.items()
enum.py(894):                 if filter(name)]
 --- modulename: socket, funcname: <lambda>
socket.py(83):         lambda C: C.isupper() and C.startswith('SOCK_'))
enum.py(891):         members = [
enum.py(891):         members = [
enum.py(893):                 for name, value in source.items()
enum.py(894):                 if filter(name)]
 --- modulename: socket, funcname: <lambda>
socket.py(83):         lambda C: C.isupper() and C.startswith('SOCK_'))
enum.py(891):         members = [
enum.py(891):         members = [
enum.py(893):                 for name, value in source.items()
enum.py(894):                 if filter(name)]
 --- modulename: socket, funcname: <lambda>
socket.py(83):         lambda C: C.isupper() and C.startswith('SOCK_'))
enum.py(891):         members = [
enum.py(891):         members = [
enum.py(893):                 for name, value in source.items()
enum.py(894):                 if filter(name)]
 --- modulename: socket, funcname: <lambda>
socket.py(83):         lambda C: C.isupper() and C.startswith('SOCK_'))
enum.py(891):         members = [
enum.py(891):         members = [
enum.py(893):                 for name, value in source.items()
enum.py(894):                 if filter(name)]
 --- modulename: socket, funcname: <lambda>
socket.py(83):         lambda C: C.isupper() and C.startswith('SOCK_'))
enum.py(891):         members = [
enum.py(891):         members = [
enum.py(893):                 for name, value in source.items()
enum.py(894):                 if filter(name)]
 --- modulename: socket, funcname: <lambda>
socket.py(83):         lambda C: C.isupper() and C.startswith('SOCK_'))
enum.py(891):         members = [
enum.py(891):         members = [
enum.py(893):                 for name, value in source.items()
enum.py(894):                 if filter(name)]
 --- modulename: socket, funcname: <lambda>
socket.py(83):         lambda C: C.isupper() and C.startswith('SOCK_'))
enum.py(891):         members = [
enum.py(891):         members = [
enum.py(893):                 for name, value in source.items()
enum.py(894):                 if filter(name)]
 --- modulename: socket, funcname: <lambda>
socket.py(83):         lambda C: C.isupper() and C.startswith('SOCK_'))
enum.py(891):         members = [
enum.py(891):         members = [
enum.py(893):                 for name, value in source.items()
enum.py(894):                 if filter(name)]
 --- modulename: socket, funcname: <lambda>
socket.py(83):         lambda C: C.isupper() and C.startswith('SOCK_'))
enum.py(891):         members = [
enum.py(891):         members = [
enum.py(893):                 for name, value in source.items()
enum.py(894):                 if filter(name)]
 --- modulename: socket, funcname: <lambda>
socket.py(83):         lambda C: C.isupper() and C.startswith('SOCK_'))
enum.py(891):         members = [
enum.py(891):         members = [
enum.py(893):                 for name, value in source.items()
enum.py(894):                 if filter(name)]
 --- modulename: socket, funcname: <lambda>
socket.py(83):         lambda C: C.isupper() and C.startswith('SOCK_'))
enum.py(891):         members = [
enum.py(891):         members = [
enum.py(893):                 for name, value in source.items()
enum.py(894):                 if filter(name)]
 --- modulename: socket, funcname: <lambda>
socket.py(83):         lambda C: C.isupper() and C.startswith('SOCK_'))
enum.py(891):         members = [
enum.py(891):         members = [
enum.py(893):                 for name, value in source.items()
enum.py(894):                 if filter(name)]
 --- modulename: socket, funcname: <lambda>
socket.py(83):         lambda C: C.isupper() and C.startswith('SOCK_'))
enum.py(891):         members = [
enum.py(891):         members = [
enum.py(893):                 for name, value in source.items()
enum.py(894):                 if filter(name)]
 --- modulename: socket, funcname: <lambda>
socket.py(83):         lambda C: C.isupper() and C.startswith('SOCK_'))
enum.py(891):         members = [
enum.py(891):         members = [
enum.py(893):                 for name, value in source.items()
enum.py(894):                 if filter(name)]
 --- modulename: socket, funcname: <lambda>
socket.py(83):         lambda C: C.isupper() and C.startswith('SOCK_'))
enum.py(891):         members = [
enum.py(891):         members = [
enum.py(893):                 for name, value in source.items()
enum.py(894):                 if filter(name)]
 --- modulename: socket, funcname: <lambda>
socket.py(83):         lambda C: C.isupper() and C.startswith('SOCK_'))
enum.py(891):         members = [
enum.py(891):         members = [
enum.py(893):                 for name, value in source.items()
enum.py(894):                 if filter(name)]
 --- modulename: socket, funcname: <lambda>
socket.py(83):         lambda C: C.isupper() and C.startswith('SOCK_'))
enum.py(891):         members = [
enum.py(891):         members = [
enum.py(893):                 for name, value in source.items()
enum.py(894):                 if filter(name)]
 --- modulename: socket, funcname: <lambda>
socket.py(83):         lambda C: C.isupper() and C.startswith('SOCK_'))
enum.py(891):         members = [
enum.py(891):         members = [
enum.py(893):                 for name, value in source.items()
enum.py(894):                 if filter(name)]
 --- modulename: socket, funcname: <lambda>
socket.py(83):         lambda C: C.isupper() and C.startswith('SOCK_'))
enum.py(891):         members = [
enum.py(891):         members = [
enum.py(893):                 for name, value in source.items()
enum.py(894):                 if filter(name)]
 --- modulename: socket, funcname: <lambda>
socket.py(83):         lambda C: C.isupper() and C.startswith('SOCK_'))
enum.py(891):         members = [
enum.py(891):         members = [
enum.py(893):                 for name, value in source.items()
enum.py(894):                 if filter(name)]
 --- modulename: socket, funcname: <lambda>
socket.py(83):         lambda C: C.isupper() and C.startswith('SOCK_'))
enum.py(891):         members = [
enum.py(891):         members = [
enum.py(893):                 for name, value in source.items()
enum.py(894):                 if filter(name)]
 --- modulename: socket, funcname: <lambda>
socket.py(83):         lambda C: C.isupper() and C.startswith('SOCK_'))
enum.py(891):         members = [
enum.py(891):         members = [
enum.py(893):                 for name, value in source.items()
enum.py(894):                 if filter(name)]
 --- modulename: socket, funcname: <lambda>
socket.py(83):         lambda C: C.isupper() and C.startswith('SOCK_'))
enum.py(891):         members = [
enum.py(891):         members = [
enum.py(893):                 for name, value in source.items()
enum.py(894):                 if filter(name)]
 --- modulename: socket, funcname: <lambda>
socket.py(83):         lambda C: C.isupper() and C.startswith('SOCK_'))
enum.py(891):         members = [
enum.py(891):         members = [
enum.py(893):                 for name, value in source.items()
enum.py(894):                 if filter(name)]
 --- modulename: socket, funcname: <lambda>
socket.py(83):         lambda C: C.isupper() and C.startswith('SOCK_'))
enum.py(891):         members = [
enum.py(891):         members = [
enum.py(893):                 for name, value in source.items()
enum.py(894):                 if filter(name)]
 --- modulename: socket, funcname: <lambda>
socket.py(83):         lambda C: C.isupper() and C.startswith('SOCK_'))
enum.py(891):         members = [
enum.py(891):         members = [
enum.py(893):                 for name, value in source.items()
enum.py(894):                 if filter(name)]
 --- modulename: socket, funcname: <lambda>
socket.py(83):         lambda C: C.isupper() and C.startswith('SOCK_'))
enum.py(891):         members = [
enum.py(891):         members = [
enum.py(893):                 for name, value in source.items()
enum.py(894):                 if filter(name)]
 --- modulename: socket, funcname: <lambda>
socket.py(83):         lambda C: C.isupper() and C.startswith('SOCK_'))
enum.py(891):         members = [
enum.py(891):         members = [
enum.py(893):                 for name, value in source.items()
enum.py(894):                 if filter(name)]
 --- modulename: socket, funcname: <lambda>
socket.py(83):         lambda C: C.isupper() and C.startswith('SOCK_'))
enum.py(891):         members = [
enum.py(891):         members = [
enum.py(893):                 for name, value in source.items()
enum.py(894):                 if filter(name)]
 --- modulename: socket, funcname: <lambda>
socket.py(83):         lambda C: C.isupper() and C.startswith('SOCK_'))
enum.py(891):         members = [
enum.py(891):         members = [
enum.py(893):                 for name, value in source.items()
enum.py(894):                 if filter(name)]
 --- modulename: socket, funcname: <lambda>
socket.py(83):         lambda C: C.isupper() and C.startswith('SOCK_'))
enum.py(891):         members = [
enum.py(891):         members = [
enum.py(893):                 for name, value in source.items()
enum.py(894):                 if filter(name)]
 --- modulename: socket, funcname: <lambda>
socket.py(83):         lambda C: C.isupper() and C.startswith('SOCK_'))
enum.py(891):         members = [
enum.py(891):         members = [
enum.py(893):                 for name, value in source.items()
enum.py(894):                 if filter(name)]
 --- modulename: socket, funcname: <lambda>
socket.py(83):         lambda C: C.isupper() and C.startswith('SOCK_'))
enum.py(891):         members = [
enum.py(891):         members = [
enum.py(893):                 for name, value in source.items()
enum.py(894):                 if filter(name)]
 --- modulename: socket, funcname: <lambda>
socket.py(83):         lambda C: C.isupper() and C.startswith('SOCK_'))
enum.py(891):         members = [
enum.py(891):         members = [
enum.py(893):                 for name, value in source.items()
enum.py(894):                 if filter(name)]
 --- modulename: socket, funcname: <lambda>
socket.py(83):         lambda C: C.isupper() and C.startswith('SOCK_'))
enum.py(891):         members = [
enum.py(891):         members = [
enum.py(893):                 for name, value in source.items()
enum.py(894):                 if filter(name)]
 --- modulename: socket, funcname: <lambda>
socket.py(83):         lambda C: C.isupper() and C.startswith('SOCK_'))
enum.py(891):         members = [
enum.py(891):         members = [
enum.py(893):                 for name, value in source.items()
enum.py(894):                 if filter(name)]
 --- modulename: socket, funcname: <lambda>
socket.py(83):         lambda C: C.isupper() and C.startswith('SOCK_'))
enum.py(891):         members = [
enum.py(891):         members = [
enum.py(893):                 for name, value in source.items()
enum.py(894):                 if filter(name)]
 --- modulename: socket, funcname: <lambda>
socket.py(83):         lambda C: C.isupper() and C.startswith('SOCK_'))
enum.py(891):         members = [
enum.py(891):         members = [
enum.py(893):                 for name, value in source.items()
enum.py(894):                 if filter(name)]
 --- modulename: socket, funcname: <lambda>
socket.py(83):         lambda C: C.isupper() and C.startswith('SOCK_'))
enum.py(891):         members = [
enum.py(891):         members = [
enum.py(893):                 for name, value in source.items()
enum.py(894):                 if filter(name)]
 --- modulename: socket, funcname: <lambda>
socket.py(83):         lambda C: C.isupper() and C.startswith('SOCK_'))
enum.py(891):         members = [
enum.py(891):         members = [
enum.py(893):                 for name, value in source.items()
enum.py(894):                 if filter(name)]
 --- modulename: socket, funcname: <lambda>
socket.py(83):         lambda C: C.isupper() and C.startswith('SOCK_'))
enum.py(891):         members = [
enum.py(891):         members = [
enum.py(893):                 for name, value in source.items()
enum.py(894):                 if filter(name)]
 --- modulename: socket, funcname: <lambda>
socket.py(83):         lambda C: C.isupper() and C.startswith('SOCK_'))
enum.py(891):         members = [
enum.py(891):         members = [
enum.py(893):                 for name, value in source.items()
enum.py(894):                 if filter(name)]
 --- modulename: socket, funcname: <lambda>
socket.py(83):         lambda C: C.isupper() and C.startswith('SOCK_'))
enum.py(891):         members = [
enum.py(891):         members = [
enum.py(893):                 for name, value in source.items()
enum.py(894):                 if filter(name)]
 --- modulename: socket, funcname: <lambda>
socket.py(83):         lambda C: C.isupper() and C.startswith('SOCK_'))
enum.py(891):         members = [
enum.py(891):         members = [
enum.py(893):                 for name, value in source.items()
enum.py(894):                 if filter(name)]
 --- modulename: socket, funcname: <lambda>
socket.py(83):         lambda C: C.isupper() and C.startswith('SOCK_'))
enum.py(891):         members = [
enum.py(891):         members = [
enum.py(893):                 for name, value in source.items()
enum.py(894):                 if filter(name)]
 --- modulename: socket, funcname: <lambda>
socket.py(83):         lambda C: C.isupper() and C.startswith('SOCK_'))
enum.py(891):         members = [
enum.py(891):         members = [
enum.py(893):                 for name, value in source.items()
enum.py(894):                 if filter(name)]
 --- modulename: socket, funcname: <lambda>
socket.py(83):         lambda C: C.isupper() and C.startswith('SOCK_'))
enum.py(891):         members = [
enum.py(891):         members = [
enum.py(893):                 for name, value in source.items()
enum.py(894):                 if filter(name)]
 --- modulename: socket, funcname: <lambda>
socket.py(83):         lambda C: C.isupper() and C.startswith('SOCK_'))
enum.py(891):         members = [
enum.py(891):         members = [
enum.py(893):                 for name, value in source.items()
enum.py(894):                 if filter(name)]
 --- modulename: socket, funcname: <lambda>
socket.py(83):         lambda C: C.isupper() and C.startswith('SOCK_'))
enum.py(891):         members = [
enum.py(891):         members = [
enum.py(893):                 for name, value in source.items()
enum.py(894):                 if filter(name)]
 --- modulename: socket, funcname: <lambda>
socket.py(83):         lambda C: C.isupper() and C.startswith('SOCK_'))
enum.py(891):         members = [
enum.py(891):         members = [
enum.py(893):                 for name, value in source.items()
enum.py(894):                 if filter(name)]
 --- modulename: socket, funcname: <lambda>
socket.py(83):         lambda C: C.isupper() and C.startswith('SOCK_'))
enum.py(891):         members = [
enum.py(891):         members = [
enum.py(893):                 for name, value in source.items()
enum.py(894):                 if filter(name)]
 --- modulename: socket, funcname: <lambda>
socket.py(83):         lambda C: C.isupper() and C.startswith('SOCK_'))
enum.py(891):         members = [
enum.py(891):         members = [
enum.py(893):                 for name, value in source.items()
enum.py(894):                 if filter(name)]
 --- modulename: socket, funcname: <lambda>
socket.py(83):         lambda C: C.isupper() and C.startswith('SOCK_'))
enum.py(891):         members = [
enum.py(891):         members = [
enum.py(893):                 for name, value in source.items()
enum.py(894):                 if filter(name)]
 --- modulename: socket, funcname: <lambda>
socket.py(83):         lambda C: C.isupper() and C.startswith('SOCK_'))
enum.py(891):         members = [
enum.py(891):         members = [
enum.py(893):                 for name, value in source.items()
enum.py(894):                 if filter(name)]
 --- modulename: socket, funcname: <lambda>
socket.py(83):         lambda C: C.isupper() and C.startswith('SOCK_'))
enum.py(891):         members = [
enum.py(891):         members = [
enum.py(893):                 for name, value in source.items()
enum.py(894):                 if filter(name)]
 --- modulename: socket, funcname: <lambda>
socket.py(83):         lambda C: C.isupper() and C.startswith('SOCK_'))
enum.py(891):         members = [
enum.py(891):         members = [
enum.py(893):                 for name, value in source.items()
enum.py(894):                 if filter(name)]
 --- modulename: socket, funcname: <lambda>
socket.py(83):         lambda C: C.isupper() and C.startswith('SOCK_'))
enum.py(891):         members = [
enum.py(891):         members = [
enum.py(893):                 for name, value in source.items()
enum.py(894):                 if filter(name)]
 --- modulename: socket, funcname: <lambda>
socket.py(83):         lambda C: C.isupper() and C.startswith('SOCK_'))
enum.py(891):         members = [
enum.py(891):         members = [
enum.py(893):                 for name, value in source.items()
enum.py(894):                 if filter(name)]
 --- modulename: socket, funcname: <lambda>
socket.py(83):         lambda C: C.isupper() and C.startswith('SOCK_'))
enum.py(891):         members = [
enum.py(891):         members = [
enum.py(893):                 for name, value in source.items()
enum.py(894):                 if filter(name)]
 --- modulename: socket, funcname: <lambda>
socket.py(83):         lambda C: C.isupper() and C.startswith('SOCK_'))
enum.py(891):         members = [
enum.py(891):         members = [
enum.py(893):                 for name, value in source.items()
enum.py(894):                 if filter(name)]
 --- modulename: socket, funcname: <lambda>
socket.py(83):         lambda C: C.isupper() and C.startswith('SOCK_'))
enum.py(891):         members = [
enum.py(891):         members = [
enum.py(893):                 for name, value in source.items()
enum.py(894):                 if filter(name)]
 --- modulename: socket, funcname: <lambda>
socket.py(83):         lambda C: C.isupper() and C.startswith('SOCK_'))
enum.py(891):         members = [
enum.py(891):         members = [
enum.py(893):                 for name, value in source.items()
enum.py(894):                 if filter(name)]
 --- modulename: socket, funcname: <lambda>
socket.py(83):         lambda C: C.isupper() and C.startswith('SOCK_'))
enum.py(891):         members = [
enum.py(891):         members = [
enum.py(893):                 for name, value in source.items()
enum.py(894):                 if filter(name)]
 --- modulename: socket, funcname: <lambda>
socket.py(83):         lambda C: C.isupper() and C.startswith('SOCK_'))
enum.py(891):         members = [
enum.py(891):         members = [
enum.py(893):                 for name, value in source.items()
enum.py(894):                 if filter(name)]
 --- modulename: socket, funcname: <lambda>
socket.py(83):         lambda C: C.isupper() and C.startswith('SOCK_'))
enum.py(891):         members = [
enum.py(891):         members = [
enum.py(893):                 for name, value in source.items()
enum.py(894):                 if filter(name)]
 --- modulename: socket, funcname: <lambda>
socket.py(83):         lambda C: C.isupper() and C.startswith('SOCK_'))
enum.py(891):         members = [
enum.py(891):         members = [
enum.py(893):                 for name, value in source.items()
enum.py(894):                 if filter(name)]
 --- modulename: socket, funcname: <lambda>
socket.py(83):         lambda C: C.isupper() and C.startswith('SOCK_'))
enum.py(891):         members = [
enum.py(891):         members = [
enum.py(893):                 for name, value in source.items()
enum.py(894):                 if filter(name)]
 --- modulename: socket, funcname: <lambda>
socket.py(83):         lambda C: C.isupper() and C.startswith('SOCK_'))
enum.py(891):         members = [
enum.py(891):         members = [
enum.py(893):                 for name, value in source.items()
enum.py(894):                 if filter(name)]
 --- modulename: socket, funcname: <lambda>
socket.py(83):         lambda C: C.isupper() and C.startswith('SOCK_'))
enum.py(891):         members = [
enum.py(891):         members = [
enum.py(893):                 for name, value in source.items()
enum.py(894):                 if filter(name)]
 --- modulename: socket, funcname: <lambda>
socket.py(83):         lambda C: C.isupper() and C.startswith('SOCK_'))
enum.py(891):         members = [
enum.py(891):         members = [
enum.py(893):                 for name, value in source.items()
enum.py(894):                 if filter(name)]
 --- modulename: socket, funcname: <lambda>
socket.py(83):         lambda C: C.isupper() and C.startswith('SOCK_'))
enum.py(891):         members = [
enum.py(891):         members = [
enum.py(893):                 for name, value in source.items()
enum.py(894):                 if filter(name)]
 --- modulename: socket, funcname: <lambda>
socket.py(83):         lambda C: C.isupper() and C.startswith('SOCK_'))
enum.py(891):         members = [
enum.py(891):         members = [
enum.py(893):                 for name, value in source.items()
enum.py(894):                 if filter(name)]
 --- modulename: socket, funcname: <lambda>
socket.py(83):         lambda C: C.isupper() and C.startswith('SOCK_'))
enum.py(891):         members = [
enum.py(891):         members = [
enum.py(893):                 for name, value in source.items()
enum.py(894):                 if filter(name)]
 --- modulename: socket, funcname: <lambda>
socket.py(83):         lambda C: C.isupper() and C.startswith('SOCK_'))
enum.py(891):         members = [
enum.py(891):         members = [
enum.py(895):         try:
enum.py(897):             members.sort(key=lambda t: (t[1], t[0]))
 --- modulename: enum, funcname: <lambda>
enum.py(897):             members.sort(key=lambda t: (t[1], t[0]))
 --- modulename: enum, funcname: <lambda>
enum.py(897):             members.sort(key=lambda t: (t[1], t[0]))
 --- modulename: enum, funcname: <lambda>
enum.py(897):             members.sort(key=lambda t: (t[1], t[0]))
 --- modulename: enum, funcname: <lambda>
enum.py(897):             members.sort(key=lambda t: (t[1], t[0]))
 --- modulename: enum, funcname: <lambda>
enum.py(897):             members.sort(key=lambda t: (t[1], t[0]))
enum.py(901):         body = {t[0]: t[1] for t in members}
 --- modulename: enum, funcname: <dictcomp>
enum.py(901):         body = {t[0]: t[1] for t in members}
enum.py(901):         body = {t[0]: t[1] for t in members}
enum.py(901):         body = {t[0]: t[1] for t in members}
enum.py(901):         body = {t[0]: t[1] for t in members}
enum.py(901):         body = {t[0]: t[1] for t in members}
enum.py(901):         body = {t[0]: t[1] for t in members}
enum.py(902):         body['__module__'] = module
enum.py(903):         tmp_cls = type(name, (object, ), body)
enum.py(904):         cls = _simple_enum(etype=cls, boundary=boundary or KEEP)(tmp_cls)
 --- modulename: enum, funcname: _simple_enum
enum.py(1625):     def convert_class(cls):
enum.py(1769):     return convert_class
 --- modulename: enum, funcname: convert_class
enum.py(1627):         cls_name = cls.__name__
enum.py(1628):         if use_args is None:
enum.py(1629):             use_args = etype._use_args_
enum.py(1630):         __new__ = cls.__dict__.get('__new__')
enum.py(1631):         if __new__ is not None:
enum.py(1634):             new_member = etype._member_type_.__new__
enum.py(1635):         attrs = {}
enum.py(1636):         body = {}
enum.py(1637):         if __new__ is not None:
enum.py(1639):         body['_new_member_'] = new_member
enum.py(1640):         body['_use_args_'] = use_args
enum.py(1641):         body['_generate_next_value_'] = gnv = etype._generate_next_value_
enum.py(1642):         body['_member_names_'] = member_names = []
enum.py(1643):         body['_member_map_'] = member_map = {}
enum.py(1644):         body['_value2member_map_'] = value2member_map = {}
enum.py(1645):         body['_unhashable_values_'] = []
enum.py(1646):         body['_member_type_'] = member_type = etype._member_type_
enum.py(1647):         body['_value_repr_'] = etype._value_repr_
enum.py(1648):         if issubclass(etype, Flag):
enum.py(1660):         for name, obj in cls.__dict__.items():
enum.py(1661):             if name in ('__dict__', '__weakref__'):
enum.py(1663):             if _is_dunder(name) or _is_private(cls_name, name) or _is_sunder(name) or _is_descriptor(obj):
 --- modulename: enum, funcname: _is_dunder
enum.py(52):             len(name) > 4 and
enum.py(53):             name[:2] == name[-2:] == '__' and
enum.py(52):             len(name) > 4 and
enum.py(51):     return (
 --- modulename: enum, funcname: _is_private
enum.py(78): def _is_private(cls_name, name):
enum.py(80):     pattern = '_%s__' % (cls_name, )
enum.py(81):     pat_len = len(pattern)
enum.py(83):             len(name) > pat_len
enum.py(82):     if (
enum.py(90):         return False
 --- modulename: enum, funcname: _is_sunder
enum.py(63):             len(name) > 2 and
enum.py(64):             name[0] == name[-1] == '_' and
enum.py(63):             len(name) > 2 and
enum.py(62):     return (
 --- modulename: enum, funcname: _is_descriptor
enum.py(42):             hasattr(obj, '__get__') or
enum.py(43):             hasattr(obj, '__set__') or
enum.py(42):             hasattr(obj, '__get__') or
enum.py(44):             hasattr(obj, '__delete__')
enum.py(41):     return (
enum.py(1666):                 attrs[name] = obj
enum.py(1660):         for name, obj in cls.__dict__.items():
enum.py(1661):             if name in ('__dict__', '__weakref__'):
enum.py(1663):             if _is_dunder(name) or _is_private(cls_name, name) or _is_sunder(name) or _is_descriptor(obj):
 --- modulename: enum, funcname: _is_dunder
enum.py(52):             len(name) > 4 and
enum.py(53):             name[:2] == name[-2:] == '__' and
enum.py(52):             len(name) > 4 and
enum.py(51):     return (
 --- modulename: enum, funcname: _is_private
enum.py(78): def _is_private(cls_name, name):
enum.py(80):     pattern = '_%s__' % (cls_name, )
enum.py(81):     pat_len = len(pattern)
enum.py(83):             len(name) > pat_len
enum.py(82):     if (
enum.py(90):         return False
 --- modulename: enum, funcname: _is_sunder
enum.py(63):             len(name) > 2 and
enum.py(64):             name[0] == name[-1] == '_' and
enum.py(63):             len(name) > 2 and
enum.py(62):     return (
 --- modulename: enum, funcname: _is_descriptor
enum.py(42):             hasattr(obj, '__get__') or
enum.py(43):             hasattr(obj, '__set__') or
enum.py(42):             hasattr(obj, '__get__') or
enum.py(44):             hasattr(obj, '__delete__')
enum.py(41):     return (
enum.py(1666):                 attrs[name] = obj
enum.py(1660):         for name, obj in cls.__dict__.items():
enum.py(1661):             if name in ('__dict__', '__weakref__'):
enum.py(1663):             if _is_dunder(name) or _is_private(cls_name, name) or _is_sunder(name) or _is_descriptor(obj):
 --- modulename: enum, funcname: _is_dunder
enum.py(52):             len(name) > 4 and
enum.py(53):             name[:2] == name[-2:] == '__' and
enum.py(52):             len(name) > 4 and
enum.py(51):     return (
 --- modulename: enum, funcname: _is_private
enum.py(78): def _is_private(cls_name, name):
enum.py(80):     pattern = '_%s__' % (cls_name, )
enum.py(81):     pat_len = len(pattern)
enum.py(83):             len(name) > pat_len
enum.py(82):     if (
enum.py(90):         return False
 --- modulename: enum, funcname: _is_sunder
enum.py(63):             len(name) > 2 and
enum.py(64):             name[0] == name[-1] == '_' and
enum.py(63):             len(name) > 2 and
enum.py(62):     return (
 --- modulename: enum, funcname: _is_descriptor
enum.py(42):             hasattr(obj, '__get__') or
enum.py(43):             hasattr(obj, '__set__') or
enum.py(42):             hasattr(obj, '__get__') or
enum.py(44):             hasattr(obj, '__delete__')
enum.py(41):     return (
enum.py(1666):                 attrs[name] = obj
enum.py(1660):         for name, obj in cls.__dict__.items():
enum.py(1661):             if name in ('__dict__', '__weakref__'):
enum.py(1663):             if _is_dunder(name) or _is_private(cls_name, name) or _is_sunder(name) or _is_descriptor(obj):
 --- modulename: enum, funcname: _is_dunder
enum.py(52):             len(name) > 4 and
enum.py(53):             name[:2] == name[-2:] == '__' and
enum.py(52):             len(name) > 4 and
enum.py(51):     return (
 --- modulename: enum, funcname: _is_private
enum.py(78): def _is_private(cls_name, name):
enum.py(80):     pattern = '_%s__' % (cls_name, )
enum.py(81):     pat_len = len(pattern)
enum.py(83):             len(name) > pat_len
enum.py(82):     if (
enum.py(90):         return False
 --- modulename: enum, funcname: _is_sunder
enum.py(63):             len(name) > 2 and
enum.py(64):             name[0] == name[-1] == '_' and
enum.py(63):             len(name) > 2 and
enum.py(62):     return (
 --- modulename: enum, funcname: _is_descriptor
enum.py(42):             hasattr(obj, '__get__') or
enum.py(43):             hasattr(obj, '__set__') or
enum.py(42):             hasattr(obj, '__get__') or
enum.py(44):             hasattr(obj, '__delete__')
enum.py(41):     return (
enum.py(1666):                 attrs[name] = obj
enum.py(1660):         for name, obj in cls.__dict__.items():
enum.py(1661):             if name in ('__dict__', '__weakref__'):
enum.py(1663):             if _is_dunder(name) or _is_private(cls_name, name) or _is_sunder(name) or _is_descriptor(obj):
 --- modulename: enum, funcname: _is_dunder
enum.py(52):             len(name) > 4 and
enum.py(53):             name[:2] == name[-2:] == '__' and
enum.py(52):             len(name) > 4 and
enum.py(51):     return (
 --- modulename: enum, funcname: _is_private
enum.py(78): def _is_private(cls_name, name):
enum.py(80):     pattern = '_%s__' % (cls_name, )
enum.py(81):     pat_len = len(pattern)
enum.py(83):             len(name) > pat_len
enum.py(82):     if (
enum.py(84):             and name.startswith(pattern)
enum.py(82):     if (
enum.py(90):         return False
 --- modulename: enum, funcname: _is_sunder
enum.py(63):             len(name) > 2 and
enum.py(64):             name[0] == name[-1] == '_' and
enum.py(63):             len(name) > 2 and
enum.py(62):     return (
 --- modulename: enum, funcname: _is_descriptor
enum.py(42):             hasattr(obj, '__get__') or
enum.py(43):             hasattr(obj, '__set__') or
enum.py(42):             hasattr(obj, '__get__') or
enum.py(44):             hasattr(obj, '__delete__')
enum.py(41):     return (
enum.py(1666):                 attrs[name] = obj
enum.py(1660):         for name, obj in cls.__dict__.items():
enum.py(1661):             if name in ('__dict__', '__weakref__'):
enum.py(1663):             if _is_dunder(name) or _is_private(cls_name, name) or _is_sunder(name) or _is_descriptor(obj):
 --- modulename: enum, funcname: _is_dunder
enum.py(52):             len(name) > 4 and
enum.py(53):             name[:2] == name[-2:] == '__' and
enum.py(52):             len(name) > 4 and
enum.py(54):             name[2] != '_' and
enum.py(52):             len(name) > 4 and
enum.py(55):             name[-3] != '_'
enum.py(51):     return (
enum.py(1664):                 body[name] = obj
enum.py(1660):         for name, obj in cls.__dict__.items():
enum.py(1661):             if name in ('__dict__', '__weakref__'):
enum.py(1662):                 continue
enum.py(1660):         for name, obj in cls.__dict__.items():
enum.py(1661):             if name in ('__dict__', '__weakref__'):
enum.py(1662):                 continue
enum.py(1660):         for name, obj in cls.__dict__.items():
enum.py(1661):             if name in ('__dict__', '__weakref__'):
enum.py(1663):             if _is_dunder(name) or _is_private(cls_name, name) or _is_sunder(name) or _is_descriptor(obj):
 --- modulename: enum, funcname: _is_dunder
enum.py(52):             len(name) > 4 and
enum.py(53):             name[:2] == name[-2:] == '__' and
enum.py(52):             len(name) > 4 and
enum.py(54):             name[2] != '_' and
enum.py(52):             len(name) > 4 and
enum.py(55):             name[-3] != '_'
enum.py(51):     return (
enum.py(1664):                 body[name] = obj
enum.py(1660):         for name, obj in cls.__dict__.items():
enum.py(1667):         if cls.__dict__.get('__doc__') is None:
enum.py(1668):             body['__doc__'] = 'An enumeration.'
enum.py(1674):         enum_class = type(cls_name, (etype, ), body, boundary=boundary, _simple=True)
 --- modulename: enum, funcname: __new__
enum.py(472):         if _simple:
enum.py(473):             return super().__new__(metacls, cls, bases, classdict, **kwds)
enum.py(1675):         for name in ('__repr__', '__str__', '__format__', '__reduce_ex__'):
enum.py(1676):             if name not in body:
enum.py(1678):                 enum_method = getattr(etype, name)
enum.py(1679):                 found_method = getattr(enum_class, name)
enum.py(1680):                 object_method = getattr(object, name)
enum.py(1681):                 data_type_method = getattr(member_type, name)
enum.py(1682):                 if found_method in (data_type_method, object_method):
enum.py(1675):         for name in ('__repr__', '__str__', '__format__', '__reduce_ex__'):
enum.py(1676):             if name not in body:
enum.py(1678):                 enum_method = getattr(etype, name)
enum.py(1679):                 found_method = getattr(enum_class, name)
enum.py(1680):                 object_method = getattr(object, name)
enum.py(1681):                 data_type_method = getattr(member_type, name)
enum.py(1682):                 if found_method in (data_type_method, object_method):
enum.py(1675):         for name in ('__repr__', '__str__', '__format__', '__reduce_ex__'):
enum.py(1676):             if name not in body:
enum.py(1678):                 enum_method = getattr(etype, name)
enum.py(1679):                 found_method = getattr(enum_class, name)
enum.py(1680):                 object_method = getattr(object, name)
enum.py(1681):                 data_type_method = getattr(member_type, name)
enum.py(1682):                 if found_method in (data_type_method, object_method):
enum.py(1683):                     setattr(enum_class, name, enum_method)
 --- modulename: enum, funcname: __setattr__
enum.py(817):         member_map = cls.__dict__.get('_member_map_', {})
enum.py(818):         if name in member_map:
enum.py(820):         super().__setattr__(name, value)
enum.py(1675):         for name in ('__repr__', '__str__', '__format__', '__reduce_ex__'):
enum.py(1676):             if name not in body:
enum.py(1678):                 enum_method = getattr(etype, name)
enum.py(1679):                 found_method = getattr(enum_class, name)
enum.py(1680):                 object_method = getattr(object, name)
enum.py(1681):                 data_type_method = getattr(member_type, name)
enum.py(1682):                 if found_method in (data_type_method, object_method):
enum.py(1675):         for name in ('__repr__', '__str__', '__format__', '__reduce_ex__'):
enum.py(1684):         gnv_last_values = []
enum.py(1685):         if issubclass(enum_class, Flag):
enum.py(1732):             for name, value in attrs.items():
enum.py(1733):                 if isinstance(value, auto):
enum.py(1737):                 if value in value2member_map:
enum.py(1745):                     if use_args:
enum.py(1746):                         if not isinstance(value, tuple):
enum.py(1747):                             value = (value, )
enum.py(1748):                         member = new_member(enum_class, *value)
enum.py(1749):                         value = value[0]
enum.py(1752):                     if __new__ is None:
enum.py(1753):                         member._value_ = value
enum.py(1754):                     member._name_ = name
enum.py(1755):                     member.__objclass__ = enum_class
enum.py(1756):                     member.__init__(value)
 --- modulename: enum, funcname: __init__
enum.py(1126):         pass
enum.py(1757):                     member._sort_order_ = len(member_names)
enum.py(1758):                     redirect = property()
 --- modulename: types, funcname: __init__
types.py(165):         self.fget = fget
types.py(166):         self.fset = fset
types.py(167):         self.fdel = fdel
types.py(169):         self.__doc__ = doc or fget.__doc__
types.py(170):         self.overwrite_doc = doc is None
types.py(172):         self.__isabstractmethod__ = bool(getattr(fget, '__isabstractmethod__', False))
enum.py(1759):                     redirect.__set_name__(enum_class, name)
 --- modulename: enum, funcname: __set_name__
enum.py(221):         self.name = name
enum.py(222):         self.clsname = ownerclass.__name__
enum.py(1760):                     setattr(enum_class, name, redirect)
 --- modulename: enum, funcname: __setattr__
enum.py(817):         member_map = cls.__dict__.get('_member_map_', {})
enum.py(818):         if name in member_map:
enum.py(820):         super().__setattr__(name, value)
enum.py(1761):                     member_map[name] = member
enum.py(1762):                     value2member_map[value] = member
enum.py(1763):                     member_names.append(name)
enum.py(1764):                     gnv_last_values.append(value)
enum.py(1732):             for name, value in attrs.items():
enum.py(1733):                 if isinstance(value, auto):
enum.py(1737):                 if value in value2member_map:
enum.py(1745):                     if use_args:
enum.py(1746):                         if not isinstance(value, tuple):
enum.py(1747):                             value = (value, )
enum.py(1748):                         member = new_member(enum_class, *value)
enum.py(1749):                         value = value[0]
enum.py(1752):                     if __new__ is None:
enum.py(1753):                         member._value_ = value
enum.py(1754):                     member._name_ = name
enum.py(1755):                     member.__objclass__ = enum_class
enum.py(1756):                     member.__init__(value)
 --- modulename: enum, funcname: __init__
enum.py(1126):         pass
enum.py(1757):                     member._sort_order_ = len(member_names)
enum.py(1758):                     redirect = property()
 --- modulename: types, funcname: __init__
types.py(165):         self.fget = fget
types.py(166):         self.fset = fset
types.py(167):         self.fdel = fdel
types.py(169):         self.__doc__ = doc or fget.__doc__
types.py(170):         self.overwrite_doc = doc is None
types.py(172):         self.__isabstractmethod__ = bool(getattr(fget, '__isabstractmethod__', False))
enum.py(1759):                     redirect.__set_name__(enum_class, name)
 --- modulename: enum, funcname: __set_name__
enum.py(221):         self.name = name
enum.py(222):         self.clsname = ownerclass.__name__
enum.py(1760):                     setattr(enum_class, name, redirect)
 --- modulename: enum, funcname: __setattr__
enum.py(817):         member_map = cls.__dict__.get('_member_map_', {})
enum.py(818):         if name in member_map:
enum.py(820):         super().__setattr__(name, value)
enum.py(1761):                     member_map[name] = member
enum.py(1762):                     value2member_map[value] = member
enum.py(1763):                     member_names.append(name)
enum.py(1764):                     gnv_last_values.append(value)
enum.py(1732):             for name, value in attrs.items():
enum.py(1733):                 if isinstance(value, auto):
enum.py(1737):                 if value in value2member_map:
enum.py(1745):                     if use_args:
enum.py(1746):                         if not isinstance(value, tuple):
enum.py(1747):                             value = (value, )
enum.py(1748):                         member = new_member(enum_class, *value)
enum.py(1749):                         value = value[0]
enum.py(1752):                     if __new__ is None:
enum.py(1753):                         member._value_ = value
enum.py(1754):                     member._name_ = name
enum.py(1755):                     member.__objclass__ = enum_class
enum.py(1756):                     member.__init__(value)
 --- modulename: enum, funcname: __init__
enum.py(1126):         pass
enum.py(1757):                     member._sort_order_ = len(member_names)
enum.py(1758):                     redirect = property()
 --- modulename: types, funcname: __init__
types.py(165):         self.fget = fget
types.py(166):         self.fset = fset
types.py(167):         self.fdel = fdel
types.py(169):         self.__doc__ = doc or fget.__doc__
types.py(170):         self.overwrite_doc = doc is None
types.py(172):         self.__isabstractmethod__ = bool(getattr(fget, '__isabstractmethod__', False))
enum.py(1759):                     redirect.__set_name__(enum_class, name)
 --- modulename: enum, funcname: __set_name__
enum.py(221):         self.name = name
enum.py(222):         self.clsname = ownerclass.__name__
enum.py(1760):                     setattr(enum_class, name, redirect)
 --- modulename: enum, funcname: __setattr__
enum.py(817):         member_map = cls.__dict__.get('_member_map_', {})
enum.py(818):         if name in member_map:
enum.py(820):         super().__setattr__(name, value)
enum.py(1761):                     member_map[name] = member
enum.py(1762):                     value2member_map[value] = member
enum.py(1763):                     member_names.append(name)
enum.py(1764):                     gnv_last_values.append(value)
enum.py(1732):             for name, value in attrs.items():
enum.py(1733):                 if isinstance(value, auto):
enum.py(1737):                 if value in value2member_map:
enum.py(1745):                     if use_args:
enum.py(1746):                         if not isinstance(value, tuple):
enum.py(1747):                             value = (value, )
enum.py(1748):                         member = new_member(enum_class, *value)
enum.py(1749):                         value = value[0]
enum.py(1752):                     if __new__ is None:
enum.py(1753):                         member._value_ = value
enum.py(1754):                     member._name_ = name
enum.py(1755):                     member.__objclass__ = enum_class
enum.py(1756):                     member.__init__(value)
 --- modulename: enum, funcname: __init__
enum.py(1126):         pass
enum.py(1757):                     member._sort_order_ = len(member_names)
enum.py(1758):                     redirect = property()
 --- modulename: types, funcname: __init__
types.py(165):         self.fget = fget
types.py(166):         self.fset = fset
types.py(167):         self.fdel = fdel
types.py(169):         self.__doc__ = doc or fget.__doc__
types.py(170):         self.overwrite_doc = doc is None
types.py(172):         self.__isabstractmethod__ = bool(getattr(fget, '__isabstractmethod__', False))
enum.py(1759):                     redirect.__set_name__(enum_class, name)
 --- modulename: enum, funcname: __set_name__
enum.py(221):         self.name = name
enum.py(222):         self.clsname = ownerclass.__name__
enum.py(1760):                     setattr(enum_class, name, redirect)
 --- modulename: enum, funcname: __setattr__
enum.py(817):         member_map = cls.__dict__.get('_member_map_', {})
enum.py(818):         if name in member_map:
enum.py(820):         super().__setattr__(name, value)
enum.py(1761):                     member_map[name] = member
enum.py(1762):                     value2member_map[value] = member
enum.py(1763):                     member_names.append(name)
enum.py(1764):                     gnv_last_values.append(value)
enum.py(1732):             for name, value in attrs.items():
enum.py(1733):                 if isinstance(value, auto):
enum.py(1737):                 if value in value2member_map:
enum.py(1745):                     if use_args:
enum.py(1746):                         if not isinstance(value, tuple):
enum.py(1747):                             value = (value, )
enum.py(1748):                         member = new_member(enum_class, *value)
enum.py(1749):                         value = value[0]
enum.py(1752):                     if __new__ is None:
enum.py(1753):                         member._value_ = value
enum.py(1754):                     member._name_ = name
enum.py(1755):                     member.__objclass__ = enum_class
enum.py(1756):                     member.__init__(value)
 --- modulename: enum, funcname: __init__
enum.py(1126):         pass
enum.py(1757):                     member._sort_order_ = len(member_names)
enum.py(1758):                     redirect = property()
 --- modulename: types, funcname: __init__
types.py(165):         self.fget = fget
types.py(166):         self.fset = fset
types.py(167):         self.fdel = fdel
types.py(169):         self.__doc__ = doc or fget.__doc__
types.py(170):         self.overwrite_doc = doc is None
types.py(172):         self.__isabstractmethod__ = bool(getattr(fget, '__isabstractmethod__', False))
enum.py(1759):                     redirect.__set_name__(enum_class, name)
 --- modulename: enum, funcname: __set_name__
enum.py(221):         self.name = name
enum.py(222):         self.clsname = ownerclass.__name__
enum.py(1760):                     setattr(enum_class, name, redirect)
 --- modulename: enum, funcname: __setattr__
enum.py(817):         member_map = cls.__dict__.get('_member_map_', {})
enum.py(818):         if name in member_map:
enum.py(820):         super().__setattr__(name, value)
enum.py(1761):                     member_map[name] = member
enum.py(1762):                     value2member_map[value] = member
enum.py(1763):                     member_names.append(name)
enum.py(1764):                     gnv_last_values.append(value)
enum.py(1732):             for name, value in attrs.items():
enum.py(1765):         if '__new__' in body:
enum.py(1767):         enum_class.__new__ = Enum.__new__
 --- modulename: enum, funcname: __setattr__
enum.py(817):         member_map = cls.__dict__.get('_member_map_', {})
enum.py(818):         if name in member_map:
enum.py(820):         super().__setattr__(name, value)
enum.py(1768):         return enum_class
enum.py(905):         cls.__reduce_ex__ = _reduce_ex_by_global_name
 --- modulename: enum, funcname: __setattr__
enum.py(817):         member_map = cls.__dict__.get('_member_map_', {})
enum.py(818):         if name in member_map:
enum.py(820):         super().__setattr__(name, value)
enum.py(906):         if as_global:
enum.py(909):             sys.modules[cls.__module__].__dict__.update(cls.__members__)
 --- modulename: enum, funcname: __members__
enum.py(795):         return MappingProxyType(cls._member_map_)
enum.py(910):         module_globals[name] = cls
enum.py(911):         return cls
socket.py(85): IntFlag._convert_(
socket.py(86):         'MsgFlag',
socket.py(87):         __name__,
socket.py(88):         lambda C: C.isupper() and C.startswith('MSG_'))
socket.py(85): IntFlag._convert_(
 --- modulename: enum, funcname: _convert_
enum.py(883):         module_globals = sys.modules[module].__dict__
enum.py(884):         if source:
enum.py(887):             source = module_globals
enum.py(891):         members = [
enum.py(893):                 for name, value in source.items()
enum.py(891):         members = [
 --- modulename: enum, funcname: <listcomp>
enum.py(891):         members = [
enum.py(893):                 for name, value in source.items()
enum.py(894):                 if filter(name)]
 --- modulename: socket, funcname: <lambda>
socket.py(88):         lambda C: C.isupper() and C.startswith('MSG_'))
enum.py(891):         members = [
enum.py(891):         members = [
enum.py(893):                 for name, value in source.items()
enum.py(894):                 if filter(name)]
 --- modulename: socket, funcname: <lambda>
socket.py(88):         lambda C: C.isupper() and C.startswith('MSG_'))
enum.py(891):         members = [
enum.py(891):         members = [
enum.py(893):                 for name, value in source.items()
enum.py(894):                 if filter(name)]
 --- modulename: socket, funcname: <lambda>
socket.py(88):         lambda C: C.isupper() and C.startswith('MSG_'))
enum.py(891):         members = [
enum.py(891):         members = [
enum.py(893):                 for name, value in source.items()
enum.py(894):                 if filter(name)]
 --- modulename: socket, funcname: <lambda>
socket.py(88):         lambda C: C.isupper() and C.startswith('MSG_'))
enum.py(891):         members = [
enum.py(891):         members = [
enum.py(893):                 for name, value in source.items()
enum.py(894):                 if filter(name)]
 --- modulename: socket, funcname: <lambda>
socket.py(88):         lambda C: C.isupper() and C.startswith('MSG_'))
enum.py(891):         members = [
enum.py(891):         members = [
enum.py(893):                 for name, value in source.items()
enum.py(894):                 if filter(name)]
 --- modulename: socket, funcname: <lambda>
socket.py(88):         lambda C: C.isupper() and C.startswith('MSG_'))
enum.py(891):         members = [
enum.py(891):         members = [
enum.py(893):                 for name, value in source.items()
enum.py(894):                 if filter(name)]
 --- modulename: socket, funcname: <lambda>
socket.py(88):         lambda C: C.isupper() and C.startswith('MSG_'))
enum.py(891):         members = [
enum.py(891):         members = [
enum.py(893):                 for name, value in source.items()
enum.py(894):                 if filter(name)]
 --- modulename: socket, funcname: <lambda>
socket.py(88):         lambda C: C.isupper() and C.startswith('MSG_'))
enum.py(891):         members = [
enum.py(891):         members = [
enum.py(893):                 for name, value in source.items()
enum.py(894):                 if filter(name)]
 --- modulename: socket, funcname: <lambda>
socket.py(88):         lambda C: C.isupper() and C.startswith('MSG_'))
enum.py(891):         members = [
enum.py(891):         members = [
enum.py(893):                 for name, value in source.items()
enum.py(894):                 if filter(name)]
 --- modulename: socket, funcname: <lambda>
socket.py(88):         lambda C: C.isupper() and C.startswith('MSG_'))
enum.py(891):         members = [
enum.py(891):         members = [
enum.py(893):                 for name, value in source.items()
enum.py(894):                 if filter(name)]
 --- modulename: socket, funcname: <lambda>
socket.py(88):         lambda C: C.isupper() and C.startswith('MSG_'))
enum.py(891):         members = [
enum.py(891):         members = [
enum.py(893):                 for name, value in source.items()
enum.py(894):                 if filter(name)]
 --- modulename: socket, funcname: <lambda>
socket.py(88):         lambda C: C.isupper() and C.startswith('MSG_'))
enum.py(891):         members = [
enum.py(891):         members = [
enum.py(893):                 for name, value in source.items()
enum.py(894):                 if filter(name)]
 --- modulename: socket, funcname: <lambda>
socket.py(88):         lambda C: C.isupper() and C.startswith('MSG_'))
enum.py(891):         members = [
enum.py(891):         members = [
enum.py(893):                 for name, value in source.items()
enum.py(894):                 if filter(name)]
 --- modulename: socket, funcname: <lambda>
socket.py(88):         lambda C: C.isupper() and C.startswith('MSG_'))
enum.py(891):         members = [
enum.py(891):         members = [
enum.py(893):                 for name, value in source.items()
enum.py(894):                 if filter(name)]
 --- modulename: socket, funcname: <lambda>
socket.py(88):         lambda C: C.isupper() and C.startswith('MSG_'))
enum.py(891):         members = [
enum.py(891):         members = [
enum.py(893):                 for name, value in source.items()
enum.py(894):                 if filter(name)]
 --- modulename: socket, funcname: <lambda>
socket.py(88):         lambda C: C.isupper() and C.startswith('MSG_'))
enum.py(891):         members = [
enum.py(891):         members = [
enum.py(893):                 for name, value in source.items()
enum.py(894):                 if filter(name)]
 --- modulename: socket, funcname: <lambda>
socket.py(88):         lambda C: C.isupper() and C.startswith('MSG_'))
enum.py(891):         members = [
enum.py(891):         members = [
enum.py(893):                 for name, value in source.items()
enum.py(894):                 if filter(name)]
 --- modulename: socket, funcname: <lambda>
socket.py(88):         lambda C: C.isupper() and C.startswith('MSG_'))
enum.py(891):         members = [
enum.py(891):         members = [
enum.py(893):                 for name, value in source.items()
enum.py(894):                 if filter(name)]
 --- modulename: socket, funcname: <lambda>
socket.py(88):         lambda C: C.isupper() and C.startswith('MSG_'))
enum.py(891):         members = [
enum.py(891):         members = [
enum.py(893):                 for name, value in source.items()
enum.py(894):                 if filter(name)]
 --- modulename: socket, funcname: <lambda>
socket.py(88):         lambda C: C.isupper() and C.startswith('MSG_'))
enum.py(891):         members = [
enum.py(891):         members = [
enum.py(893):                 for name, value in source.items()
enum.py(894):                 if filter(name)]
 --- modulename: socket, funcname: <lambda>
socket.py(88):         lambda C: C.isupper() and C.startswith('MSG_'))
enum.py(891):         members = [
enum.py(891):         members = [
enum.py(893):                 for name, value in source.items()
enum.py(894):                 if filter(name)]
 --- modulename: socket, funcname: <lambda>
socket.py(88):         lambda C: C.isupper() and C.startswith('MSG_'))
enum.py(891):         members = [
enum.py(891):         members = [
enum.py(893):                 for name, value in source.items()
enum.py(894):                 if filter(name)]
 --- modulename: socket, funcname: <lambda>
socket.py(88):         lambda C: C.isupper() and C.startswith('MSG_'))
enum.py(891):         members = [
enum.py(891):         members = [
enum.py(893):                 for name, value in source.items()
enum.py(894):                 if filter(name)]
 --- modulename: socket, funcname: <lambda>
socket.py(88):         lambda C: C.isupper() and C.startswith('MSG_'))
enum.py(891):         members = [
enum.py(891):         members = [
enum.py(893):                 for name, value in source.items()
enum.py(894):                 if filter(name)]
 --- modulename: socket, funcname: <lambda>
socket.py(88):         lambda C: C.isupper() and C.startswith('MSG_'))
enum.py(891):         members = [
enum.py(891):         members = [
enum.py(893):                 for name, value in source.items()
enum.py(894):                 if filter(name)]
 --- modulename: socket, funcname: <lambda>
socket.py(88):         lambda C: C.isupper() and C.startswith('MSG_'))
enum.py(891):         members = [
enum.py(891):         members = [
enum.py(893):                 for name, value in source.items()
enum.py(894):                 if filter(name)]
 --- modulename: socket, funcname: <lambda>
socket.py(88):         lambda C: C.isupper() and C.startswith('MSG_'))
enum.py(891):         members = [
enum.py(891):         members = [
enum.py(893):                 for name, value in source.items()
enum.py(894):                 if filter(name)]
 --- modulename: socket, funcname: <lambda>
socket.py(88):         lambda C: C.isupper() and C.startswith('MSG_'))
enum.py(891):         members = [
enum.py(891):         members = [
enum.py(893):                 for name, value in source.items()
enum.py(894):                 if filter(name)]
 --- modulename: socket, funcname: <lambda>
socket.py(88):         lambda C: C.isupper() and C.startswith('MSG_'))
enum.py(891):         members = [
enum.py(891):         members = [
enum.py(893):                 for name, value in source.items()
enum.py(894):                 if filter(name)]
 --- modulename: socket, funcname: <lambda>
socket.py(88):         lambda C: C.isupper() and C.startswith('MSG_'))
enum.py(891):         members = [
enum.py(891):         members = [
enum.py(893):                 for name, value in source.items()
enum.py(894):                 if filter(name)]
 --- modulename: socket, funcname: <lambda>
socket.py(88):         lambda C: C.isupper() and C.startswith('MSG_'))
enum.py(891):         members = [
enum.py(891):         members = [
enum.py(893):                 for name, value in source.items()
enum.py(894):                 if filter(name)]
 --- modulename: socket, funcname: <lambda>
socket.py(88):         lambda C: C.isupper() and C.startswith('MSG_'))
enum.py(891):         members = [
enum.py(891):         members = [
enum.py(893):                 for name, value in source.items()
enum.py(894):                 if filter(name)]
 --- modulename: socket, funcname: <lambda>
socket.py(88):         lambda C: C.isupper() and C.startswith('MSG_'))
enum.py(891):         members = [
enum.py(891):         members = [
enum.py(893):                 for name, value in source.items()
enum.py(894):                 if filter(name)]
 --- modulename: socket, funcname: <lambda>
socket.py(88):         lambda C: C.isupper() and C.startswith('MSG_'))
enum.py(891):         members = [
enum.py(891):         members = [
enum.py(893):                 for name, value in source.items()
enum.py(894):                 if filter(name)]
 --- modulename: socket, funcname: <lambda>
socket.py(88):         lambda C: C.isupper() and C.startswith('MSG_'))
enum.py(891):         members = [
enum.py(891):         members = [
enum.py(893):                 for name, value in source.items()
enum.py(894):                 if filter(name)]
 --- modulename: socket, funcname: <lambda>
socket.py(88):         lambda C: C.isupper() and C.startswith('MSG_'))
enum.py(891):         members = [
enum.py(891):         members = [
enum.py(893):                 for name, value in source.items()
enum.py(894):                 if filter(name)]
 --- modulename: socket, funcname: <lambda>
socket.py(88):         lambda C: C.isupper() and C.startswith('MSG_'))
enum.py(891):         members = [
enum.py(891):         members = [
enum.py(893):                 for name, value in source.items()
enum.py(894):                 if filter(name)]
 --- modulename: socket, funcname: <lambda>
socket.py(88):         lambda C: C.isupper() and C.startswith('MSG_'))
enum.py(891):         members = [
enum.py(891):         members = [
enum.py(893):                 for name, value in source.items()
enum.py(894):                 if filter(name)]
 --- modulename: socket, funcname: <lambda>
socket.py(88):         lambda C: C.isupper() and C.startswith('MSG_'))
enum.py(891):         members = [
enum.py(891):         members = [
enum.py(893):                 for name, value in source.items()
enum.py(894):                 if filter(name)]
 --- modulename: socket, funcname: <lambda>
socket.py(88):         lambda C: C.isupper() and C.startswith('MSG_'))
enum.py(891):         members = [
enum.py(891):         members = [
enum.py(893):                 for name, value in source.items()
enum.py(894):                 if filter(name)]
 --- modulename: socket, funcname: <lambda>
socket.py(88):         lambda C: C.isupper() and C.startswith('MSG_'))
enum.py(891):         members = [
enum.py(891):         members = [
enum.py(893):                 for name, value in source.items()
enum.py(894):                 if filter(name)]
 --- modulename: socket, funcname: <lambda>
socket.py(88):         lambda C: C.isupper() and C.startswith('MSG_'))
enum.py(891):         members = [
enum.py(891):         members = [
enum.py(893):                 for name, value in source.items()
enum.py(894):                 if filter(name)]
 --- modulename: socket, funcname: <lambda>
socket.py(88):         lambda C: C.isupper() and C.startswith('MSG_'))
enum.py(891):         members = [
enum.py(891):         members = [
enum.py(893):                 for name, value in source.items()
enum.py(894):                 if filter(name)]
 --- modulename: socket, funcname: <lambda>
socket.py(88):         lambda C: C.isupper() and C.startswith('MSG_'))
enum.py(891):         members = [
enum.py(891):         members = [
enum.py(893):                 for name, value in source.items()
enum.py(894):                 if filter(name)]
 --- modulename: socket, funcname: <lambda>
socket.py(88):         lambda C: C.isupper() and C.startswith('MSG_'))
enum.py(891):         members = [
enum.py(891):         members = [
enum.py(893):                 for name, value in source.items()
enum.py(894):                 if filter(name)]
 --- modulename: socket, funcname: <lambda>
socket.py(88):         lambda C: C.isupper() and C.startswith('MSG_'))
enum.py(891):         members = [
enum.py(891):         members = [
enum.py(893):                 for name, value in source.items()
enum.py(894):                 if filter(name)]
 --- modulename: socket, funcname: <lambda>
socket.py(88):         lambda C: C.isupper() and C.startswith('MSG_'))
enum.py(891):         members = [
enum.py(891):         members = [
enum.py(893):                 for name, value in source.items()
enum.py(894):                 if filter(name)]
 --- modulename: socket, funcname: <lambda>
socket.py(88):         lambda C: C.isupper() and C.startswith('MSG_'))
enum.py(891):         members = [
enum.py(891):         members = [
enum.py(893):                 for name, value in source.items()
enum.py(894):                 if filter(name)]
 --- modulename: socket, funcname: <lambda>
socket.py(88):         lambda C: C.isupper() and C.startswith('MSG_'))
enum.py(891):         members = [
enum.py(891):         members = [
enum.py(893):                 for name, value in source.items()
enum.py(894):                 if filter(name)]
 --- modulename: socket, funcname: <lambda>
socket.py(88):         lambda C: C.isupper() and C.startswith('MSG_'))
enum.py(891):         members = [
enum.py(891):         members = [
enum.py(893):                 for name, value in source.items()
enum.py(894):                 if filter(name)]
 --- modulename: socket, funcname: <lambda>
socket.py(88):         lambda C: C.isupper() and C.startswith('MSG_'))
enum.py(891):         members = [
enum.py(891):         members = [
enum.py(893):                 for name, value in source.items()
enum.py(894):                 if filter(name)]
 --- modulename: socket, funcname: <lambda>
socket.py(88):         lambda C: C.isupper() and C.startswith('MSG_'))
enum.py(891):         members = [
enum.py(891):         members = [
enum.py(893):                 for name, value in source.items()
enum.py(894):                 if filter(name)]
 --- modulename: socket, funcname: <lambda>
socket.py(88):         lambda C: C.isupper() and C.startswith('MSG_'))
enum.py(891):         members = [
enum.py(891):         members = [
enum.py(893):                 for name, value in source.items()
enum.py(894):                 if filter(name)]
 --- modulename: socket, funcname: <lambda>
socket.py(88):         lambda C: C.isupper() and C.startswith('MSG_'))
enum.py(891):         members = [
enum.py(891):         members = [
enum.py(893):                 for name, value in source.items()
enum.py(894):                 if filter(name)]
 --- modulename: socket, funcname: <lambda>
socket.py(88):         lambda C: C.isupper() and C.startswith('MSG_'))
enum.py(891):         members = [
enum.py(891):         members = [
enum.py(893):                 for name, value in source.items()
enum.py(894):                 if filter(name)]
 --- modulename: socket, funcname: <lambda>
socket.py(88):         lambda C: C.isupper() and C.startswith('MSG_'))
enum.py(891):         members = [
enum.py(891):         members = [
enum.py(893):                 for name, value in source.items()
enum.py(894):                 if filter(name)]
 --- modulename: socket, funcname: <lambda>
socket.py(88):         lambda C: C.isupper() and C.startswith('MSG_'))
enum.py(891):         members = [
enum.py(891):         members = [
enum.py(893):                 for name, value in source.items()
enum.py(894):                 if filter(name)]
 --- modulename: socket, funcname: <lambda>
socket.py(88):         lambda C: C.isupper() and C.startswith('MSG_'))
enum.py(891):         members = [
enum.py(891):         members = [
enum.py(893):                 for name, value in source.items()
enum.py(894):                 if filter(name)]
 --- modulename: socket, funcname: <lambda>
socket.py(88):         lambda C: C.isupper() and C.startswith('MSG_'))
enum.py(891):         members = [
enum.py(891):         members = [
enum.py(893):                 for name, value in source.items()
enum.py(894):                 if filter(name)]
 --- modulename: socket, funcname: <lambda>
socket.py(88):         lambda C: C.isupper() and C.startswith('MSG_'))
enum.py(891):         members = [
enum.py(891):         members = [
enum.py(893):                 for name, value in source.items()
enum.py(894):                 if filter(name)]
 --- modulename: socket, funcname: <lambda>
socket.py(88):         lambda C: C.isupper() and C.startswith('MSG_'))
enum.py(891):         members = [
enum.py(891):         members = [
enum.py(893):                 for name, value in source.items()
enum.py(894):                 if filter(name)]
 --- modulename: socket, funcname: <lambda>
socket.py(88):         lambda C: C.isupper() and C.startswith('MSG_'))
enum.py(891):         members = [
enum.py(891):         members = [
enum.py(893):                 for name, value in source.items()
enum.py(894):                 if filter(name)]
 --- modulename: socket, funcname: <lambda>
socket.py(88):         lambda C: C.isupper() and C.startswith('MSG_'))
enum.py(891):         members = [
enum.py(891):         members = [
enum.py(893):                 for name, value in source.items()
enum.py(894):                 if filter(name)]
 --- modulename: socket, funcname: <lambda>
socket.py(88):         lambda C: C.isupper() and C.startswith('MSG_'))
enum.py(891):         members = [
enum.py(891):         members = [
enum.py(893):                 for name, value in source.items()
enum.py(894):                 if filter(name)]
 --- modulename: socket, funcname: <lambda>
socket.py(88):         lambda C: C.isupper() and C.startswith('MSG_'))
enum.py(891):         members = [
enum.py(891):         members = [
enum.py(893):                 for name, value in source.items()
enum.py(894):                 if filter(name)]
 --- modulename: socket, funcname: <lambda>
socket.py(88):         lambda C: C.isupper() and C.startswith('MSG_'))
enum.py(891):         members = [
enum.py(891):         members = [
enum.py(893):                 for name, value in source.items()
enum.py(894):                 if filter(name)]
 --- modulename: socket, funcname: <lambda>
socket.py(88):         lambda C: C.isupper() and C.startswith('MSG_'))
enum.py(891):         members = [
enum.py(891):         members = [
enum.py(893):                 for name, value in source.items()
enum.py(894):                 if filter(name)]
 --- modulename: socket, funcname: <lambda>
socket.py(88):         lambda C: C.isupper() and C.startswith('MSG_'))
enum.py(891):         members = [
enum.py(891):         members = [
enum.py(893):                 for name, value in source.items()
enum.py(894):                 if filter(name)]
 --- modulename: socket, funcname: <lambda>
socket.py(88):         lambda C: C.isupper() and C.startswith('MSG_'))
enum.py(891):         members = [
enum.py(891):         members = [
enum.py(893):                 for name, value in source.items()
enum.py(894):                 if filter(name)]
 --- modulename: socket, funcname: <lambda>
socket.py(88):         lambda C: C.isupper() and C.startswith('MSG_'))
enum.py(891):         members = [
enum.py(891):         members = [
enum.py(893):                 for name, value in source.items()
enum.py(894):                 if filter(name)]
 --- modulename: socket, funcname: <lambda>
socket.py(88):         lambda C: C.isupper() and C.startswith('MSG_'))
enum.py(891):         members = [
enum.py(891):         members = [
enum.py(893):                 for name, value in source.items()
enum.py(894):                 if filter(name)]
 --- modulename: socket, funcname: <lambda>
socket.py(88):         lambda C: C.isupper() and C.startswith('MSG_'))
enum.py(891):         members = [
enum.py(891):         members = [
enum.py(893):                 for name, value in source.items()
enum.py(894):                 if filter(name)]
 --- modulename: socket, funcname: <lambda>
socket.py(88):         lambda C: C.isupper() and C.startswith('MSG_'))
enum.py(891):         members = [
enum.py(891):         members = [
enum.py(893):                 for name, value in source.items()
enum.py(894):                 if filter(name)]
 --- modulename: socket, funcname: <lambda>
socket.py(88):         lambda C: C.isupper() and C.startswith('MSG_'))
enum.py(891):         members = [
enum.py(891):         members = [
enum.py(893):                 for name, value in source.items()
enum.py(894):                 if filter(name)]
 --- modulename: socket, funcname: <lambda>
socket.py(88):         lambda C: C.isupper() and C.startswith('MSG_'))
enum.py(891):         members = [
enum.py(891):         members = [
enum.py(893):                 for name, value in source.items()
enum.py(894):                 if filter(name)]
 --- modulename: socket, funcname: <lambda>
socket.py(88):         lambda C: C.isupper() and C.startswith('MSG_'))
enum.py(891):         members = [
enum.py(891):         members = [
enum.py(893):                 for name, value in source.items()
enum.py(894):                 if filter(name)]
 --- modulename: socket, funcname: <lambda>
socket.py(88):         lambda C: C.isupper() and C.startswith('MSG_'))
enum.py(891):         members = [
enum.py(891):         members = [
enum.py(893):                 for name, value in source.items()
enum.py(894):                 if filter(name)]
 --- modulename: socket, funcname: <lambda>
socket.py(88):         lambda C: C.isupper() and C.startswith('MSG_'))
enum.py(891):         members = [
enum.py(891):         members = [
enum.py(893):                 for name, value in source.items()
enum.py(894):                 if filter(name)]
 --- modulename: socket, funcname: <lambda>
socket.py(88):         lambda C: C.isupper() and C.startswith('MSG_'))
enum.py(891):         members = [
enum.py(892):                 (name, value)
enum.py(891):         members = [
enum.py(891):         members = [
enum.py(893):                 for name, value in source.items()
enum.py(894):                 if filter(name)]
 --- modulename: socket, funcname: <lambda>
socket.py(88):         lambda C: C.isupper() and C.startswith('MSG_'))
enum.py(891):         members = [
enum.py(892):                 (name, value)
enum.py(891):         members = [
enum.py(891):         members = [
enum.py(893):                 for name, value in source.items()
enum.py(894):                 if filter(name)]
 --- modulename: socket, funcname: <lambda>
socket.py(88):         lambda C: C.isupper() and C.startswith('MSG_'))
enum.py(891):         members = [
enum.py(892):                 (name, value)
enum.py(891):         members = [
enum.py(891):         members = [
enum.py(893):                 for name, value in source.items()
enum.py(894):                 if filter(name)]
 --- modulename: socket, funcname: <lambda>
socket.py(88):         lambda C: C.isupper() and C.startswith('MSG_'))
enum.py(891):         members = [
enum.py(892):                 (name, value)
enum.py(891):         members = [
enum.py(891):         members = [
enum.py(893):                 for name, value in source.items()
enum.py(894):                 if filter(name)]
 --- modulename: socket, funcname: <lambda>
socket.py(88):         lambda C: C.isupper() and C.startswith('MSG_'))
enum.py(891):         members = [
enum.py(892):                 (name, value)
enum.py(891):         members = [
enum.py(891):         members = [
enum.py(893):                 for name, value in source.items()
enum.py(894):                 if filter(name)]
 --- modulename: socket, funcname: <lambda>
socket.py(88):         lambda C: C.isupper() and C.startswith('MSG_'))
enum.py(891):         members = [
enum.py(892):                 (name, value)
enum.py(891):         members = [
enum.py(891):         members = [
enum.py(893):                 for name, value in source.items()
enum.py(894):                 if filter(name)]
 --- modulename: socket, funcname: <lambda>
socket.py(88):         lambda C: C.isupper() and C.startswith('MSG_'))
enum.py(891):         members = [
enum.py(892):                 (name, value)
enum.py(891):         members = [
enum.py(891):         members = [
enum.py(893):                 for name, value in source.items()
enum.py(894):                 if filter(name)]
 --- modulename: socket, funcname: <lambda>
socket.py(88):         lambda C: C.isupper() and C.startswith('MSG_'))
enum.py(891):         members = [
enum.py(892):                 (name, value)
enum.py(891):         members = [
enum.py(891):         members = [
enum.py(893):                 for name, value in source.items()
enum.py(894):                 if filter(name)]
 --- modulename: socket, funcname: <lambda>
socket.py(88):         lambda C: C.isupper() and C.startswith('MSG_'))
enum.py(891):         members = [
enum.py(892):                 (name, value)
enum.py(891):         members = [
enum.py(891):         members = [
enum.py(893):                 for name, value in source.items()
enum.py(894):                 if filter(name)]
 --- modulename: socket, funcname: <lambda>
socket.py(88):         lambda C: C.isupper() and C.startswith('MSG_'))
enum.py(891):         members = [
enum.py(891):         members = [
enum.py(893):                 for name, value in source.items()
enum.py(894):                 if filter(name)]
 --- modulename: socket, funcname: <lambda>
socket.py(88):         lambda C: C.isupper() and C.startswith('MSG_'))
enum.py(891):         members = [
enum.py(891):         members = [
enum.py(893):                 for name, value in source.items()
enum.py(894):                 if filter(name)]
 --- modulename: socket, funcname: <lambda>
socket.py(88):         lambda C: C.isupper() and C.startswith('MSG_'))
enum.py(891):         members = [
enum.py(891):         members = [
enum.py(893):                 for name, value in source.items()
enum.py(894):                 if filter(name)]
 --- modulename: socket, funcname: <lambda>
socket.py(88):         lambda C: C.isupper() and C.startswith('MSG_'))
enum.py(891):         members = [
enum.py(891):         members = [
enum.py(893):                 for name, value in source.items()
enum.py(894):                 if filter(name)]
 --- modulename: socket, funcname: <lambda>
socket.py(88):         lambda C: C.isupper() and C.startswith('MSG_'))
enum.py(891):         members = [
enum.py(891):         members = [
enum.py(893):                 for name, value in source.items()
enum.py(894):                 if filter(name)]
 --- modulename: socket, funcname: <lambda>
socket.py(88):         lambda C: C.isupper() and C.startswith('MSG_'))
enum.py(891):         members = [
enum.py(891):         members = [
enum.py(893):                 for name, value in source.items()
enum.py(894):                 if filter(name)]
 --- modulename: socket, funcname: <lambda>
socket.py(88):         lambda C: C.isupper() and C.startswith('MSG_'))
enum.py(891):         members = [
enum.py(891):         members = [
enum.py(893):                 for name, value in source.items()
enum.py(894):                 if filter(name)]
 --- modulename: socket, funcname: <lambda>
socket.py(88):         lambda C: C.isupper() and C.startswith('MSG_'))
enum.py(891):         members = [
enum.py(891):         members = [
enum.py(893):                 for name, value in source.items()
enum.py(894):                 if filter(name)]
 --- modulename: socket, funcname: <lambda>
socket.py(88):         lambda C: C.isupper() and C.startswith('MSG_'))
enum.py(891):         members = [
enum.py(891):         members = [
enum.py(893):                 for name, value in source.items()
enum.py(894):                 if filter(name)]
 --- modulename: socket, funcname: <lambda>
socket.py(88):         lambda C: C.isupper() and C.startswith('MSG_'))
enum.py(891):         members = [
enum.py(891):         members = [
enum.py(893):                 for name, value in source.items()
enum.py(894):                 if filter(name)]
 --- modulename: socket, funcname: <lambda>
socket.py(88):         lambda C: C.isupper() and C.startswith('MSG_'))
enum.py(891):         members = [
enum.py(891):         members = [
enum.py(893):                 for name, value in source.items()
enum.py(894):                 if filter(name)]
 --- modulename: socket, funcname: <lambda>
socket.py(88):         lambda C: C.isupper() and C.startswith('MSG_'))
enum.py(891):         members = [
enum.py(891):         members = [
enum.py(893):                 for name, value in source.items()
enum.py(894):                 if filter(name)]
 --- modulename: socket, funcname: <lambda>
socket.py(88):         lambda C: C.isupper() and C.startswith('MSG_'))
enum.py(891):         members = [
enum.py(891):         members = [
enum.py(893):                 for name, value in source.items()
enum.py(894):                 if filter(name)]
 --- modulename: socket, funcname: <lambda>
socket.py(88):         lambda C: C.isupper() and C.startswith('MSG_'))
enum.py(891):         members = [
enum.py(891):         members = [
enum.py(893):                 for name, value in source.items()
enum.py(894):                 if filter(name)]
 --- modulename: socket, funcname: <lambda>
socket.py(88):         lambda C: C.isupper() and C.startswith('MSG_'))
enum.py(891):         members = [
enum.py(891):         members = [
enum.py(893):                 for name, value in source.items()
enum.py(894):                 if filter(name)]
 --- modulename: socket, funcname: <lambda>
socket.py(88):         lambda C: C.isupper() and C.startswith('MSG_'))
enum.py(891):         members = [
enum.py(891):         members = [
enum.py(893):                 for name, value in source.items()
enum.py(894):                 if filter(name)]
 --- modulename: socket, funcname: <lambda>
socket.py(88):         lambda C: C.isupper() and C.startswith('MSG_'))
enum.py(891):         members = [
enum.py(891):         members = [
enum.py(893):                 for name, value in source.items()
enum.py(894):                 if filter(name)]
 --- modulename: socket, funcname: <lambda>
socket.py(88):         lambda C: C.isupper() and C.startswith('MSG_'))
enum.py(891):         members = [
enum.py(891):         members = [
enum.py(893):                 for name, value in source.items()
enum.py(894):                 if filter(name)]
 --- modulename: socket, funcname: <lambda>
socket.py(88):         lambda C: C.isupper() and C.startswith('MSG_'))
enum.py(891):         members = [
enum.py(891):         members = [
enum.py(893):                 for name, value in source.items()
enum.py(894):                 if filter(name)]
 --- modulename: socket, funcname: <lambda>
socket.py(88):         lambda C: C.isupper() and C.startswith('MSG_'))
enum.py(891):         members = [
enum.py(891):         members = [
enum.py(893):                 for name, value in source.items()
enum.py(894):                 if filter(name)]
 --- modulename: socket, funcname: <lambda>
socket.py(88):         lambda C: C.isupper() and C.startswith('MSG_'))
enum.py(891):         members = [
enum.py(891):         members = [
enum.py(893):                 for name, value in source.items()
enum.py(894):                 if filter(name)]
 --- modulename: socket, funcname: <lambda>
socket.py(88):         lambda C: C.isupper() and C.startswith('MSG_'))
enum.py(891):         members = [
enum.py(891):         members = [
enum.py(893):                 for name, value in source.items()
enum.py(894):                 if filter(name)]
 --- modulename: socket, funcname: <lambda>
socket.py(88):         lambda C: C.isupper() and C.startswith('MSG_'))
enum.py(891):         members = [
enum.py(891):         members = [
enum.py(893):                 for name, value in source.items()
enum.py(894):                 if filter(name)]
 --- modulename: socket, funcname: <lambda>
socket.py(88):         lambda C: C.isupper() and C.startswith('MSG_'))
enum.py(891):         members = [
enum.py(891):         members = [
enum.py(893):                 for name, value in source.items()
enum.py(894):                 if filter(name)]
 --- modulename: socket, funcname: <lambda>
socket.py(88):         lambda C: C.isupper() and C.startswith('MSG_'))
enum.py(891):         members = [
enum.py(891):         members = [
enum.py(893):                 for name, value in source.items()
enum.py(894):                 if filter(name)]
 --- modulename: socket, funcname: <lambda>
socket.py(88):         lambda C: C.isupper() and C.startswith('MSG_'))
enum.py(891):         members = [
enum.py(891):         members = [
enum.py(893):                 for name, value in source.items()
enum.py(894):                 if filter(name)]
 --- modulename: socket, funcname: <lambda>
socket.py(88):         lambda C: C.isupper() and C.startswith('MSG_'))
enum.py(891):         members = [
enum.py(891):         members = [
enum.py(893):                 for name, value in source.items()
enum.py(894):                 if filter(name)]
 --- modulename: socket, funcname: <lambda>
socket.py(88):         lambda C: C.isupper() and C.startswith('MSG_'))
enum.py(891):         members = [
enum.py(891):         members = [
enum.py(893):                 for name, value in source.items()
enum.py(894):                 if filter(name)]
 --- modulename: socket, funcname: <lambda>
socket.py(88):         lambda C: C.isupper() and C.startswith('MSG_'))
enum.py(891):         members = [
enum.py(891):         members = [
enum.py(893):                 for name, value in source.items()
enum.py(894):                 if filter(name)]
 --- modulename: socket, funcname: <lambda>
socket.py(88):         lambda C: C.isupper() and C.startswith('MSG_'))
enum.py(891):         members = [
enum.py(891):         members = [
enum.py(893):                 for name, value in source.items()
enum.py(894):                 if filter(name)]
 --- modulename: socket, funcname: <lambda>
socket.py(88):         lambda C: C.isupper() and C.startswith('MSG_'))
enum.py(891):         members = [
enum.py(891):         members = [
enum.py(893):                 for name, value in source.items()
enum.py(894):                 if filter(name)]
 --- modulename: socket, funcname: <lambda>
socket.py(88):         lambda C: C.isupper() and C.startswith('MSG_'))
enum.py(891):         members = [
enum.py(891):         members = [
enum.py(893):                 for name, value in source.items()
enum.py(894):                 if filter(name)]
 --- modulename: socket, funcname: <lambda>
socket.py(88):         lambda C: C.isupper() and C.startswith('MSG_'))
enum.py(891):         members = [
enum.py(891):         members = [
enum.py(893):                 for name, value in source.items()
enum.py(894):                 if filter(name)]
 --- modulename: socket, funcname: <lambda>
socket.py(88):         lambda C: C.isupper() and C.startswith('MSG_'))
enum.py(891):         members = [
enum.py(891):         members = [
enum.py(893):                 for name, value in source.items()
enum.py(894):                 if filter(name)]
 --- modulename: socket, funcname: <lambda>
socket.py(88):         lambda C: C.isupper() and C.startswith('MSG_'))
enum.py(891):         members = [
enum.py(891):         members = [
enum.py(893):                 for name, value in source.items()
enum.py(894):                 if filter(name)]
 --- modulename: socket, funcname: <lambda>
socket.py(88):         lambda C: C.isupper() and C.startswith('MSG_'))
enum.py(891):         members = [
enum.py(891):         members = [
enum.py(893):                 for name, value in source.items()
enum.py(894):                 if filter(name)]
 --- modulename: socket, funcname: <lambda>
socket.py(88):         lambda C: C.isupper() and C.startswith('MSG_'))
enum.py(891):         members = [
enum.py(891):         members = [
enum.py(893):                 for name, value in source.items()
enum.py(894):                 if filter(name)]
 --- modulename: socket, funcname: <lambda>
socket.py(88):         lambda C: C.isupper() and C.startswith('MSG_'))
enum.py(891):         members = [
enum.py(891):         members = [
enum.py(893):                 for name, value in source.items()
enum.py(894):                 if filter(name)]
 --- modulename: socket, funcname: <lambda>
socket.py(88):         lambda C: C.isupper() and C.startswith('MSG_'))
enum.py(891):         members = [
enum.py(891):         members = [
enum.py(893):                 for name, value in source.items()
enum.py(894):                 if filter(name)]
 --- modulename: socket, funcname: <lambda>
socket.py(88):         lambda C: C.isupper() and C.startswith('MSG_'))
enum.py(891):         members = [
enum.py(891):         members = [
enum.py(893):                 for name, value in source.items()
enum.py(894):                 if filter(name)]
 --- modulename: socket, funcname: <lambda>
socket.py(88):         lambda C: C.isupper() and C.startswith('MSG_'))
enum.py(891):         members = [
enum.py(891):         members = [
enum.py(893):                 for name, value in source.items()
enum.py(894):                 if filter(name)]
 --- modulename: socket, funcname: <lambda>
socket.py(88):         lambda C: C.isupper() and C.startswith('MSG_'))
enum.py(891):         members = [
enum.py(891):         members = [
enum.py(893):                 for name, value in source.items()
enum.py(894):                 if filter(name)]
 --- modulename: socket, funcname: <lambda>
socket.py(88):         lambda C: C.isupper() and C.startswith('MSG_'))
enum.py(891):         members = [
enum.py(891):         members = [
enum.py(893):                 for name, value in source.items()
enum.py(894):                 if filter(name)]
 --- modulename: socket, funcname: <lambda>
socket.py(88):         lambda C: C.isupper() and C.startswith('MSG_'))
enum.py(891):         members = [
enum.py(891):         members = [
enum.py(893):                 for name, value in source.items()
enum.py(894):                 if filter(name)]
 --- modulename: socket, funcname: <lambda>
socket.py(88):         lambda C: C.isupper() and C.startswith('MSG_'))
enum.py(891):         members = [
enum.py(891):         members = [
enum.py(893):                 for name, value in source.items()
enum.py(894):                 if filter(name)]
 --- modulename: socket, funcname: <lambda>
socket.py(88):         lambda C: C.isupper() and C.startswith('MSG_'))
enum.py(891):         members = [
enum.py(891):         members = [
enum.py(893):                 for name, value in source.items()
enum.py(894):                 if filter(name)]
 --- modulename: socket, funcname: <lambda>
socket.py(88):         lambda C: C.isupper() and C.startswith('MSG_'))
enum.py(891):         members = [
enum.py(891):         members = [
enum.py(893):                 for name, value in source.items()
enum.py(894):                 if filter(name)]
 --- modulename: socket, funcname: <lambda>
socket.py(88):         lambda C: C.isupper() and C.startswith('MSG_'))
enum.py(891):         members = [
enum.py(891):         members = [
enum.py(893):                 for name, value in source.items()
enum.py(894):                 if filter(name)]
 --- modulename: socket, funcname: <lambda>
socket.py(88):         lambda C: C.isupper() and C.startswith('MSG_'))
enum.py(891):         members = [
enum.py(891):         members = [
enum.py(893):                 for name, value in source.items()
enum.py(894):                 if filter(name)]
 --- modulename: socket, funcname: <lambda>
socket.py(88):         lambda C: C.isupper() and C.startswith('MSG_'))
enum.py(891):         members = [
enum.py(891):         members = [
enum.py(893):                 for name, value in source.items()
enum.py(894):                 if filter(name)]
 --- modulename: socket, funcname: <lambda>
socket.py(88):         lambda C: C.isupper() and C.startswith('MSG_'))
enum.py(891):         members = [
enum.py(891):         members = [
enum.py(893):                 for name, value in source.items()
enum.py(894):                 if filter(name)]
 --- modulename: socket, funcname: <lambda>
socket.py(88):         lambda C: C.isupper() and C.startswith('MSG_'))
enum.py(891):         members = [
enum.py(891):         members = [
enum.py(893):                 for name, value in source.items()
enum.py(894):                 if filter(name)]
 --- modulename: socket, funcname: <lambda>
socket.py(88):         lambda C: C.isupper() and C.startswith('MSG_'))
enum.py(891):         members = [
enum.py(891):         members = [
enum.py(893):                 for name, value in source.items()
enum.py(894):                 if filter(name)]
 --- modulename: socket, funcname: <lambda>
socket.py(88):         lambda C: C.isupper() and C.startswith('MSG_'))
enum.py(891):         members = [
enum.py(891):         members = [
enum.py(893):                 for name, value in source.items()
enum.py(894):                 if filter(name)]
 --- modulename: socket, funcname: <lambda>
socket.py(88):         lambda C: C.isupper() and C.startswith('MSG_'))
enum.py(891):         members = [
enum.py(891):         members = [
enum.py(893):                 for name, value in source.items()
enum.py(894):                 if filter(name)]
 --- modulename: socket, funcname: <lambda>
socket.py(88):         lambda C: C.isupper() and C.startswith('MSG_'))
enum.py(891):         members = [
enum.py(891):         members = [
enum.py(893):                 for name, value in source.items()
enum.py(894):                 if filter(name)]
 --- modulename: socket, funcname: <lambda>
socket.py(88):         lambda C: C.isupper() and C.startswith('MSG_'))
enum.py(891):         members = [
enum.py(891):         members = [
enum.py(893):                 for name, value in source.items()
enum.py(894):                 if filter(name)]
 --- modulename: socket, funcname: <lambda>
socket.py(88):         lambda C: C.isupper() and C.startswith('MSG_'))
enum.py(891):         members = [
enum.py(891):         members = [
enum.py(893):                 for name, value in source.items()
enum.py(894):                 if filter(name)]
 --- modulename: socket, funcname: <lambda>
socket.py(88):         lambda C: C.isupper() and C.startswith('MSG_'))
enum.py(891):         members = [
enum.py(891):         members = [
enum.py(893):                 for name, value in source.items()
enum.py(894):                 if filter(name)]
 --- modulename: socket, funcname: <lambda>
socket.py(88):         lambda C: C.isupper() and C.startswith('MSG_'))
enum.py(891):         members = [
enum.py(891):         members = [
enum.py(893):                 for name, value in source.items()
enum.py(894):                 if filter(name)]
 --- modulename: socket, funcname: <lambda>
socket.py(88):         lambda C: C.isupper() and C.startswith('MSG_'))
enum.py(891):         members = [
enum.py(891):         members = [
enum.py(893):                 for name, value in source.items()
enum.py(894):                 if filter(name)]
 --- modulename: socket, funcname: <lambda>
socket.py(88):         lambda C: C.isupper() and C.startswith('MSG_'))
enum.py(891):         members = [
enum.py(891):         members = [
enum.py(893):                 for name, value in source.items()
enum.py(894):                 if filter(name)]
 --- modulename: socket, funcname: <lambda>
socket.py(88):         lambda C: C.isupper() and C.startswith('MSG_'))
enum.py(891):         members = [
enum.py(891):         members = [
enum.py(893):                 for name, value in source.items()
enum.py(894):                 if filter(name)]
 --- modulename: socket, funcname: <lambda>
socket.py(88):         lambda C: C.isupper() and C.startswith('MSG_'))
enum.py(891):         members = [
enum.py(891):         members = [
enum.py(893):                 for name, value in source.items()
enum.py(894):                 if filter(name)]
 --- modulename: socket, funcname: <lambda>
socket.py(88):         lambda C: C.isupper() and C.startswith('MSG_'))
enum.py(891):         members = [
enum.py(891):         members = [
enum.py(893):                 for name, value in source.items()
enum.py(894):                 if filter(name)]
 --- modulename: socket, funcname: <lambda>
socket.py(88):         lambda C: C.isupper() and C.startswith('MSG_'))
enum.py(891):         members = [
enum.py(891):         members = [
enum.py(893):                 for name, value in source.items()
enum.py(894):                 if filter(name)]
 --- modulename: socket, funcname: <lambda>
socket.py(88):         lambda C: C.isupper() and C.startswith('MSG_'))
enum.py(891):         members = [
enum.py(891):         members = [
enum.py(893):                 for name, value in source.items()
enum.py(894):                 if filter(name)]
 --- modulename: socket, funcname: <lambda>
socket.py(88):         lambda C: C.isupper() and C.startswith('MSG_'))
enum.py(891):         members = [
enum.py(891):         members = [
enum.py(893):                 for name, value in source.items()
enum.py(894):                 if filter(name)]
 --- modulename: socket, funcname: <lambda>
socket.py(88):         lambda C: C.isupper() and C.startswith('MSG_'))
enum.py(891):         members = [
enum.py(891):         members = [
enum.py(893):                 for name, value in source.items()
enum.py(894):                 if filter(name)]
 --- modulename: socket, funcname: <lambda>
socket.py(88):         lambda C: C.isupper() and C.startswith('MSG_'))
enum.py(891):         members = [
enum.py(891):         members = [
enum.py(893):                 for name, value in source.items()
enum.py(894):                 if filter(name)]
 --- modulename: socket, funcname: <lambda>
socket.py(88):         lambda C: C.isupper() and C.startswith('MSG_'))
enum.py(891):         members = [
enum.py(891):         members = [
enum.py(893):                 for name, value in source.items()
enum.py(894):                 if filter(name)]
 --- modulename: socket, funcname: <lambda>
socket.py(88):         lambda C: C.isupper() and C.startswith('MSG_'))
enum.py(891):         members = [
enum.py(891):         members = [
enum.py(893):                 for name, value in source.items()
enum.py(894):                 if filter(name)]
 --- modulename: socket, funcname: <lambda>
socket.py(88):         lambda C: C.isupper() and C.startswith('MSG_'))
enum.py(891):         members = [
enum.py(891):         members = [
enum.py(893):                 for name, value in source.items()
enum.py(894):                 if filter(name)]
 --- modulename: socket, funcname: <lambda>
socket.py(88):         lambda C: C.isupper() and C.startswith('MSG_'))
enum.py(891):         members = [
enum.py(891):         members = [
enum.py(893):                 for name, value in source.items()
enum.py(894):                 if filter(name)]
 --- modulename: socket, funcname: <lambda>
socket.py(88):         lambda C: C.isupper() and C.startswith('MSG_'))
enum.py(891):         members = [
enum.py(891):         members = [
enum.py(893):                 for name, value in source.items()
enum.py(894):                 if filter(name)]
 --- modulename: socket, funcname: <lambda>
socket.py(88):         lambda C: C.isupper() and C.startswith('MSG_'))
enum.py(891):         members = [
enum.py(891):         members = [
enum.py(893):                 for name, value in source.items()
enum.py(894):                 if filter(name)]
 --- modulename: socket, funcname: <lambda>
socket.py(88):         lambda C: C.isupper() and C.startswith('MSG_'))
enum.py(891):         members = [
enum.py(891):         members = [
enum.py(893):                 for name, value in source.items()
enum.py(894):                 if filter(name)]
 --- modulename: socket, funcname: <lambda>
socket.py(88):         lambda C: C.isupper() and C.startswith('MSG_'))
enum.py(891):         members = [
enum.py(891):         members = [
enum.py(893):                 for name, value in source.items()
enum.py(894):                 if filter(name)]
 --- modulename: socket, funcname: <lambda>
socket.py(88):         lambda C: C.isupper() and C.startswith('MSG_'))
enum.py(891):         members = [
enum.py(891):         members = [
enum.py(893):                 for name, value in source.items()
enum.py(894):                 if filter(name)]
 --- modulename: socket, funcname: <lambda>
socket.py(88):         lambda C: C.isupper() and C.startswith('MSG_'))
enum.py(891):         members = [
enum.py(891):         members = [
enum.py(893):                 for name, value in source.items()
enum.py(894):                 if filter(name)]
 --- modulename: socket, funcname: <lambda>
socket.py(88):         lambda C: C.isupper() and C.startswith('MSG_'))
enum.py(891):         members = [
enum.py(891):         members = [
enum.py(893):                 for name, value in source.items()
enum.py(894):                 if filter(name)]
 --- modulename: socket, funcname: <lambda>
socket.py(88):         lambda C: C.isupper() and C.startswith('MSG_'))
enum.py(891):         members = [
enum.py(891):         members = [
enum.py(893):                 for name, value in source.items()
enum.py(894):                 if filter(name)]
 --- modulename: socket, funcname: <lambda>
socket.py(88):         lambda C: C.isupper() and C.startswith('MSG_'))
enum.py(891):         members = [
enum.py(891):         members = [
enum.py(893):                 for name, value in source.items()
enum.py(894):                 if filter(name)]
 --- modulename: socket, funcname: <lambda>
socket.py(88):         lambda C: C.isupper() and C.startswith('MSG_'))
enum.py(891):         members = [
enum.py(891):         members = [
enum.py(893):                 for name, value in source.items()
enum.py(894):                 if filter(name)]
 --- modulename: socket, funcname: <lambda>
socket.py(88):         lambda C: C.isupper() and C.startswith('MSG_'))
enum.py(891):         members = [
enum.py(891):         members = [
enum.py(893):                 for name, value in source.items()
enum.py(894):                 if filter(name)]
 --- modulename: socket, funcname: <lambda>
socket.py(88):         lambda C: C.isupper() and C.startswith('MSG_'))
enum.py(891):         members = [
enum.py(891):         members = [
enum.py(893):                 for name, value in source.items()
enum.py(894):                 if filter(name)]
 --- modulename: socket, funcname: <lambda>
socket.py(88):         lambda C: C.isupper() and C.startswith('MSG_'))
enum.py(891):         members = [
enum.py(891):         members = [
enum.py(893):                 for name, value in source.items()
enum.py(894):                 if filter(name)]
 --- modulename: socket, funcname: <lambda>
socket.py(88):         lambda C: C.isupper() and C.startswith('MSG_'))
enum.py(891):         members = [
enum.py(891):         members = [
enum.py(893):                 for name, value in source.items()
enum.py(894):                 if filter(name)]
 --- modulename: socket, funcname: <lambda>
socket.py(88):         lambda C: C.isupper() and C.startswith('MSG_'))
enum.py(891):         members = [
enum.py(891):         members = [
enum.py(893):                 for name, value in source.items()
enum.py(894):                 if filter(name)]
 --- modulename: socket, funcname: <lambda>
socket.py(88):         lambda C: C.isupper() and C.startswith('MSG_'))
enum.py(891):         members = [
enum.py(891):         members = [
enum.py(893):                 for name, value in source.items()
enum.py(894):                 if filter(name)]
 --- modulename: socket, funcname: <lambda>
socket.py(88):         lambda C: C.isupper() and C.startswith('MSG_'))
enum.py(891):         members = [
enum.py(891):         members = [
enum.py(893):                 for name, value in source.items()
enum.py(894):                 if filter(name)]
 --- modulename: socket, funcname: <lambda>
socket.py(88):         lambda C: C.isupper() and C.startswith('MSG_'))
enum.py(891):         members = [
enum.py(891):         members = [
enum.py(893):                 for name, value in source.items()
enum.py(894):                 if filter(name)]
 --- modulename: socket, funcname: <lambda>
socket.py(88):         lambda C: C.isupper() and C.startswith('MSG_'))
enum.py(891):         members = [
enum.py(891):         members = [
enum.py(893):                 for name, value in source.items()
enum.py(894):                 if filter(name)]
 --- modulename: socket, funcname: <lambda>
socket.py(88):         lambda C: C.isupper() and C.startswith('MSG_'))
enum.py(891):         members = [
enum.py(891):         members = [
enum.py(893):                 for name, value in source.items()
enum.py(894):                 if filter(name)]
 --- modulename: socket, funcname: <lambda>
socket.py(88):         lambda C: C.isupper() and C.startswith('MSG_'))
enum.py(891):         members = [
enum.py(891):         members = [
enum.py(893):                 for name, value in source.items()
enum.py(894):                 if filter(name)]
 --- modulename: socket, funcname: <lambda>
socket.py(88):         lambda C: C.isupper() and C.startswith('MSG_'))
enum.py(891):         members = [
enum.py(891):         members = [
enum.py(893):                 for name, value in source.items()
enum.py(894):                 if filter(name)]
 --- modulename: socket, funcname: <lambda>
socket.py(88):         lambda C: C.isupper() and C.startswith('MSG_'))
enum.py(891):         members = [
enum.py(891):         members = [
enum.py(893):                 for name, value in source.items()
enum.py(894):                 if filter(name)]
 --- modulename: socket, funcname: <lambda>
socket.py(88):         lambda C: C.isupper() and C.startswith('MSG_'))
enum.py(891):         members = [
enum.py(891):         members = [
enum.py(893):                 for name, value in source.items()
enum.py(894):                 if filter(name)]
 --- modulename: socket, funcname: <lambda>
socket.py(88):         lambda C: C.isupper() and C.startswith('MSG_'))
enum.py(891):         members = [
enum.py(891):         members = [
enum.py(893):                 for name, value in source.items()
enum.py(894):                 if filter(name)]
 --- modulename: socket, funcname: <lambda>
socket.py(88):         lambda C: C.isupper() and C.startswith('MSG_'))
enum.py(891):         members = [
enum.py(891):         members = [
enum.py(893):                 for name, value in source.items()
enum.py(894):                 if filter(name)]
 --- modulename: socket, funcname: <lambda>
socket.py(88):         lambda C: C.isupper() and C.startswith('MSG_'))
enum.py(891):         members = [
enum.py(891):         members = [
enum.py(893):                 for name, value in source.items()
enum.py(894):                 if filter(name)]
 --- modulename: socket, funcname: <lambda>
socket.py(88):         lambda C: C.isupper() and C.startswith('MSG_'))
enum.py(891):         members = [
enum.py(891):         members = [
enum.py(893):                 for name, value in source.items()
enum.py(894):                 if filter(name)]
 --- modulename: socket, funcname: <lambda>
socket.py(88):         lambda C: C.isupper() and C.startswith('MSG_'))
enum.py(891):         members = [
enum.py(891):         members = [
enum.py(893):                 for name, value in source.items()
enum.py(894):                 if filter(name)]
 --- modulename: socket, funcname: <lambda>
socket.py(88):         lambda C: C.isupper() and C.startswith('MSG_'))
enum.py(891):         members = [
enum.py(891):         members = [
enum.py(893):                 for name, value in source.items()
enum.py(894):                 if filter(name)]
 --- modulename: socket, funcname: <lambda>
socket.py(88):         lambda C: C.isupper() and C.startswith('MSG_'))
enum.py(891):         members = [
enum.py(891):         members = [
enum.py(893):                 for name, value in source.items()
enum.py(894):                 if filter(name)]
 --- modulename: socket, funcname: <lambda>
socket.py(88):         lambda C: C.isupper() and C.startswith('MSG_'))
enum.py(891):         members = [
enum.py(891):         members = [
enum.py(893):                 for name, value in source.items()
enum.py(894):                 if filter(name)]
 --- modulename: socket, funcname: <lambda>
socket.py(88):         lambda C: C.isupper() and C.startswith('MSG_'))
enum.py(891):         members = [
enum.py(891):         members = [
enum.py(893):                 for name, value in source.items()
enum.py(894):                 if filter(name)]
 --- modulename: socket, funcname: <lambda>
socket.py(88):         lambda C: C.isupper() and C.startswith('MSG_'))
enum.py(891):         members = [
enum.py(891):         members = [
enum.py(893):                 for name, value in source.items()
enum.py(894):                 if filter(name)]
 --- modulename: socket, funcname: <lambda>
socket.py(88):         lambda C: C.isupper() and C.startswith('MSG_'))
enum.py(891):         members = [
enum.py(891):         members = [
enum.py(893):                 for name, value in source.items()
enum.py(894):                 if filter(name)]
 --- modulename: socket, funcname: <lambda>
socket.py(88):         lambda C: C.isupper() and C.startswith('MSG_'))
enum.py(891):         members = [
enum.py(891):         members = [
enum.py(893):                 for name, value in source.items()
enum.py(894):                 if filter(name)]
 --- modulename: socket, funcname: <lambda>
socket.py(88):         lambda C: C.isupper() and C.startswith('MSG_'))
enum.py(891):         members = [
enum.py(891):         members = [
enum.py(893):                 for name, value in source.items()
enum.py(894):                 if filter(name)]
 --- modulename: socket, funcname: <lambda>
socket.py(88):         lambda C: C.isupper() and C.startswith('MSG_'))
enum.py(891):         members = [
enum.py(891):         members = [
enum.py(893):                 for name, value in source.items()
enum.py(894):                 if filter(name)]
 --- modulename: socket, funcname: <lambda>
socket.py(88):         lambda C: C.isupper() and C.startswith('MSG_'))
enum.py(891):         members = [
enum.py(891):         members = [
enum.py(893):                 for name, value in source.items()
enum.py(894):                 if filter(name)]
 --- modulename: socket, funcname: <lambda>
socket.py(88):         lambda C: C.isupper() and C.startswith('MSG_'))
enum.py(891):         members = [
enum.py(891):         members = [
enum.py(893):                 for name, value in source.items()
enum.py(894):                 if filter(name)]
 --- modulename: socket, funcname: <lambda>
socket.py(88):         lambda C: C.isupper() and C.startswith('MSG_'))
enum.py(891):         members = [
enum.py(891):         members = [
enum.py(893):                 for name, value in source.items()
enum.py(894):                 if filter(name)]
 --- modulename: socket, funcname: <lambda>
socket.py(88):         lambda C: C.isupper() and C.startswith('MSG_'))
enum.py(891):         members = [
enum.py(891):         members = [
enum.py(893):                 for name, value in source.items()
enum.py(894):                 if filter(name)]
 --- modulename: socket, funcname: <lambda>
socket.py(88):         lambda C: C.isupper() and C.startswith('MSG_'))
enum.py(891):         members = [
enum.py(891):         members = [
enum.py(893):                 for name, value in source.items()
enum.py(894):                 if filter(name)]
 --- modulename: socket, funcname: <lambda>
socket.py(88):         lambda C: C.isupper() and C.startswith('MSG_'))
enum.py(891):         members = [
enum.py(891):         members = [
enum.py(893):                 for name, value in source.items()
enum.py(894):                 if filter(name)]
 --- modulename: socket, funcname: <lambda>
socket.py(88):         lambda C: C.isupper() and C.startswith('MSG_'))
enum.py(891):         members = [
enum.py(891):         members = [
enum.py(893):                 for name, value in source.items()
enum.py(894):                 if filter(name)]
 --- modulename: socket, funcname: <lambda>
socket.py(88):         lambda C: C.isupper() and C.startswith('MSG_'))
enum.py(891):         members = [
enum.py(891):         members = [
enum.py(893):                 for name, value in source.items()
enum.py(894):                 if filter(name)]
 --- modulename: socket, funcname: <lambda>
socket.py(88):         lambda C: C.isupper() and C.startswith('MSG_'))
enum.py(891):         members = [
enum.py(891):         members = [
enum.py(893):                 for name, value in source.items()
enum.py(894):                 if filter(name)]
 --- modulename: socket, funcname: <lambda>
socket.py(88):         lambda C: C.isupper() and C.startswith('MSG_'))
enum.py(891):         members = [
enum.py(891):         members = [
enum.py(893):                 for name, value in source.items()
enum.py(894):                 if filter(name)]
 --- modulename: socket, funcname: <lambda>
socket.py(88):         lambda C: C.isupper() and C.startswith('MSG_'))
enum.py(891):         members = [
enum.py(891):         members = [
enum.py(895):         try:
enum.py(897):             members.sort(key=lambda t: (t[1], t[0]))
 --- modulename: enum, funcname: <lambda>
enum.py(897):             members.sort(key=lambda t: (t[1], t[0]))
 --- modulename: enum, funcname: <lambda>
enum.py(897):             members.sort(key=lambda t: (t[1], t[0]))
 --- modulename: enum, funcname: <lambda>
enum.py(897):             members.sort(key=lambda t: (t[1], t[0]))
 --- modulename: enum, funcname: <lambda>
enum.py(897):             members.sort(key=lambda t: (t[1], t[0]))
 --- modulename: enum, funcname: <lambda>
enum.py(897):             members.sort(key=lambda t: (t[1], t[0]))
 --- modulename: enum, funcname: <lambda>
enum.py(897):             members.sort(key=lambda t: (t[1], t[0]))
 --- modulename: enum, funcname: <lambda>
enum.py(897):             members.sort(key=lambda t: (t[1], t[0]))
 --- modulename: enum, funcname: <lambda>
enum.py(897):             members.sort(key=lambda t: (t[1], t[0]))
 --- modulename: enum, funcname: <lambda>
enum.py(897):             members.sort(key=lambda t: (t[1], t[0]))
enum.py(901):         body = {t[0]: t[1] for t in members}
 --- modulename: enum, funcname: <dictcomp>
enum.py(901):         body = {t[0]: t[1] for t in members}
enum.py(901):         body = {t[0]: t[1] for t in members}
enum.py(901):         body = {t[0]: t[1] for t in members}
enum.py(901):         body = {t[0]: t[1] for t in members}
enum.py(901):         body = {t[0]: t[1] for t in members}
enum.py(901):         body = {t[0]: t[1] for t in members}
enum.py(901):         body = {t[0]: t[1] for t in members}
enum.py(901):         body = {t[0]: t[1] for t in members}
enum.py(901):         body = {t[0]: t[1] for t in members}
enum.py(901):         body = {t[0]: t[1] for t in members}
enum.py(902):         body['__module__'] = module
enum.py(903):         tmp_cls = type(name, (object, ), body)
enum.py(904):         cls = _simple_enum(etype=cls, boundary=boundary or KEEP)(tmp_cls)
 --- modulename: enum, funcname: _simple_enum
enum.py(1625):     def convert_class(cls):
enum.py(1769):     return convert_class
 --- modulename: enum, funcname: convert_class
enum.py(1627):         cls_name = cls.__name__
enum.py(1628):         if use_args is None:
enum.py(1629):             use_args = etype._use_args_
enum.py(1630):         __new__ = cls.__dict__.get('__new__')
enum.py(1631):         if __new__ is not None:
enum.py(1634):             new_member = etype._member_type_.__new__
enum.py(1635):         attrs = {}
enum.py(1636):         body = {}
enum.py(1637):         if __new__ is not None:
enum.py(1639):         body['_new_member_'] = new_member
enum.py(1640):         body['_use_args_'] = use_args
enum.py(1641):         body['_generate_next_value_'] = gnv = etype._generate_next_value_
enum.py(1642):         body['_member_names_'] = member_names = []
enum.py(1643):         body['_member_map_'] = member_map = {}
enum.py(1644):         body['_value2member_map_'] = value2member_map = {}
enum.py(1645):         body['_unhashable_values_'] = []
enum.py(1646):         body['_member_type_'] = member_type = etype._member_type_
enum.py(1647):         body['_value_repr_'] = etype._value_repr_
enum.py(1648):         if issubclass(etype, Flag):
enum.py(1649):             body['_boundary_'] = boundary or etype._boundary_
enum.py(1650):             body['_flag_mask_'] = None
enum.py(1651):             body['_all_bits_'] = None
enum.py(1652):             body['_inverted_'] = None
enum.py(1653):             body['__or__'] = Flag.__or__
enum.py(1654):             body['__xor__'] = Flag.__xor__
enum.py(1655):             body['__and__'] = Flag.__and__
enum.py(1656):             body['__ror__'] = Flag.__ror__
enum.py(1657):             body['__rxor__'] = Flag.__rxor__
enum.py(1658):             body['__rand__'] = Flag.__rand__
enum.py(1659):             body['__invert__'] = Flag.__invert__
enum.py(1660):         for name, obj in cls.__dict__.items():
enum.py(1661):             if name in ('__dict__', '__weakref__'):
enum.py(1663):             if _is_dunder(name) or _is_private(cls_name, name) or _is_sunder(name) or _is_descriptor(obj):
 --- modulename: enum, funcname: _is_dunder
enum.py(52):             len(name) > 4 and
enum.py(53):             name[:2] == name[-2:] == '__' and
enum.py(52):             len(name) > 4 and
enum.py(51):     return (
 --- modulename: enum, funcname: _is_private
enum.py(78): def _is_private(cls_name, name):
enum.py(80):     pattern = '_%s__' % (cls_name, )
enum.py(81):     pat_len = len(pattern)
enum.py(83):             len(name) > pat_len
enum.py(82):     if (
enum.py(90):         return False
 --- modulename: enum, funcname: _is_sunder
enum.py(63):             len(name) > 2 and
enum.py(64):             name[0] == name[-1] == '_' and
enum.py(63):             len(name) > 2 and
enum.py(62):     return (
 --- modulename: enum, funcname: _is_descriptor
enum.py(42):             hasattr(obj, '__get__') or
enum.py(43):             hasattr(obj, '__set__') or
enum.py(42):             hasattr(obj, '__get__') or
enum.py(44):             hasattr(obj, '__delete__')
enum.py(41):     return (
enum.py(1666):                 attrs[name] = obj
enum.py(1660):         for name, obj in cls.__dict__.items():
enum.py(1661):             if name in ('__dict__', '__weakref__'):
enum.py(1663):             if _is_dunder(name) or _is_private(cls_name, name) or _is_sunder(name) or _is_descriptor(obj):
 --- modulename: enum, funcname: _is_dunder
enum.py(52):             len(name) > 4 and
enum.py(53):             name[:2] == name[-2:] == '__' and
enum.py(52):             len(name) > 4 and
enum.py(51):     return (
 --- modulename: enum, funcname: _is_private
enum.py(78): def _is_private(cls_name, name):
enum.py(80):     pattern = '_%s__' % (cls_name, )
enum.py(81):     pat_len = len(pattern)
enum.py(83):             len(name) > pat_len
enum.py(82):     if (
enum.py(90):         return False
 --- modulename: enum, funcname: _is_sunder
enum.py(63):             len(name) > 2 and
enum.py(64):             name[0] == name[-1] == '_' and
enum.py(63):             len(name) > 2 and
enum.py(62):     return (
 --- modulename: enum, funcname: _is_descriptor
enum.py(42):             hasattr(obj, '__get__') or
enum.py(43):             hasattr(obj, '__set__') or
enum.py(42):             hasattr(obj, '__get__') or
enum.py(44):             hasattr(obj, '__delete__')
enum.py(41):     return (
enum.py(1666):                 attrs[name] = obj
enum.py(1660):         for name, obj in cls.__dict__.items():
enum.py(1661):             if name in ('__dict__', '__weakref__'):
enum.py(1663):             if _is_dunder(name) or _is_private(cls_name, name) or _is_sunder(name) or _is_descriptor(obj):
 --- modulename: enum, funcname: _is_dunder
enum.py(52):             len(name) > 4 and
enum.py(53):             name[:2] == name[-2:] == '__' and
enum.py(52):             len(name) > 4 and
enum.py(51):     return (
 --- modulename: enum, funcname: _is_private
enum.py(78): def _is_private(cls_name, name):
enum.py(80):     pattern = '_%s__' % (cls_name, )
enum.py(81):     pat_len = len(pattern)
enum.py(83):             len(name) > pat_len
enum.py(82):     if (
enum.py(84):             and name.startswith(pattern)
enum.py(82):     if (
enum.py(90):         return False
 --- modulename: enum, funcname: _is_sunder
enum.py(63):             len(name) > 2 and
enum.py(64):             name[0] == name[-1] == '_' and
enum.py(63):             len(name) > 2 and
enum.py(62):     return (
 --- modulename: enum, funcname: _is_descriptor
enum.py(42):             hasattr(obj, '__get__') or
enum.py(43):             hasattr(obj, '__set__') or
enum.py(42):             hasattr(obj, '__get__') or
enum.py(44):             hasattr(obj, '__delete__')
enum.py(41):     return (
enum.py(1666):                 attrs[name] = obj
enum.py(1660):         for name, obj in cls.__dict__.items():
enum.py(1661):             if name in ('__dict__', '__weakref__'):
enum.py(1663):             if _is_dunder(name) or _is_private(cls_name, name) or _is_sunder(name) or _is_descriptor(obj):
 --- modulename: enum, funcname: _is_dunder
enum.py(52):             len(name) > 4 and
enum.py(53):             name[:2] == name[-2:] == '__' and
enum.py(52):             len(name) > 4 and
enum.py(51):     return (
 --- modulename: enum, funcname: _is_private
enum.py(78): def _is_private(cls_name, name):
enum.py(80):     pattern = '_%s__' % (cls_name, )
enum.py(81):     pat_len = len(pattern)
enum.py(83):             len(name) > pat_len
enum.py(82):     if (
enum.py(84):             and name.startswith(pattern)
enum.py(82):     if (
enum.py(90):         return False
 --- modulename: enum, funcname: _is_sunder
enum.py(63):             len(name) > 2 and
enum.py(64):             name[0] == name[-1] == '_' and
enum.py(63):             len(name) > 2 and
enum.py(62):     return (
 --- modulename: enum, funcname: _is_descriptor
enum.py(42):             hasattr(obj, '__get__') or
enum.py(43):             hasattr(obj, '__set__') or
enum.py(42):             hasattr(obj, '__get__') or
enum.py(44):             hasattr(obj, '__delete__')
enum.py(41):     return (
enum.py(1666):                 attrs[name] = obj
enum.py(1660):         for name, obj in cls.__dict__.items():
enum.py(1661):             if name in ('__dict__', '__weakref__'):
enum.py(1663):             if _is_dunder(name) or _is_private(cls_name, name) or _is_sunder(name) or _is_descriptor(obj):
 --- modulename: enum, funcname: _is_dunder
enum.py(52):             len(name) > 4 and
enum.py(53):             name[:2] == name[-2:] == '__' and
enum.py(52):             len(name) > 4 and
enum.py(51):     return (
 --- modulename: enum, funcname: _is_private
enum.py(78): def _is_private(cls_name, name):
enum.py(80):     pattern = '_%s__' % (cls_name, )
enum.py(81):     pat_len = len(pattern)
enum.py(83):             len(name) > pat_len
enum.py(82):     if (
enum.py(90):         return False
 --- modulename: enum, funcname: _is_sunder
enum.py(63):             len(name) > 2 and
enum.py(64):             name[0] == name[-1] == '_' and
enum.py(63):             len(name) > 2 and
enum.py(62):     return (
 --- modulename: enum, funcname: _is_descriptor
enum.py(42):             hasattr(obj, '__get__') or
enum.py(43):             hasattr(obj, '__set__') or
enum.py(42):             hasattr(obj, '__get__') or
enum.py(44):             hasattr(obj, '__delete__')
enum.py(41):     return (
enum.py(1666):                 attrs[name] = obj
enum.py(1660):         for name, obj in cls.__dict__.items():
enum.py(1661):             if name in ('__dict__', '__weakref__'):
enum.py(1663):             if _is_dunder(name) or _is_private(cls_name, name) or _is_sunder(name) or _is_descriptor(obj):
 --- modulename: enum, funcname: _is_dunder
enum.py(52):             len(name) > 4 and
enum.py(53):             name[:2] == name[-2:] == '__' and
enum.py(52):             len(name) > 4 and
enum.py(51):     return (
 --- modulename: enum, funcname: _is_private
enum.py(78): def _is_private(cls_name, name):
enum.py(80):     pattern = '_%s__' % (cls_name, )
enum.py(81):     pat_len = len(pattern)
enum.py(83):             len(name) > pat_len
enum.py(82):     if (
enum.py(90):         return False
 --- modulename: enum, funcname: _is_sunder
enum.py(63):             len(name) > 2 and
enum.py(64):             name[0] == name[-1] == '_' and
enum.py(63):             len(name) > 2 and
enum.py(62):     return (
 --- modulename: enum, funcname: _is_descriptor
enum.py(42):             hasattr(obj, '__get__') or
enum.py(43):             hasattr(obj, '__set__') or
enum.py(42):             hasattr(obj, '__get__') or
enum.py(44):             hasattr(obj, '__delete__')
enum.py(41):     return (
enum.py(1666):                 attrs[name] = obj
enum.py(1660):         for name, obj in cls.__dict__.items():
enum.py(1661):             if name in ('__dict__', '__weakref__'):
enum.py(1663):             if _is_dunder(name) or _is_private(cls_name, name) or _is_sunder(name) or _is_descriptor(obj):
 --- modulename: enum, funcname: _is_dunder
enum.py(52):             len(name) > 4 and
enum.py(53):             name[:2] == name[-2:] == '__' and
enum.py(52):             len(name) > 4 and
enum.py(51):     return (
 --- modulename: enum, funcname: _is_private
enum.py(78): def _is_private(cls_name, name):
enum.py(80):     pattern = '_%s__' % (cls_name, )
enum.py(81):     pat_len = len(pattern)
enum.py(83):             len(name) > pat_len
enum.py(82):     if (
enum.py(90):         return False
 --- modulename: enum, funcname: _is_sunder
enum.py(63):             len(name) > 2 and
enum.py(64):             name[0] == name[-1] == '_' and
enum.py(63):             len(name) > 2 and
enum.py(62):     return (
 --- modulename: enum, funcname: _is_descriptor
enum.py(42):             hasattr(obj, '__get__') or
enum.py(43):             hasattr(obj, '__set__') or
enum.py(42):             hasattr(obj, '__get__') or
enum.py(44):             hasattr(obj, '__delete__')
enum.py(41):     return (
enum.py(1666):                 attrs[name] = obj
enum.py(1660):         for name, obj in cls.__dict__.items():
enum.py(1661):             if name in ('__dict__', '__weakref__'):
enum.py(1663):             if _is_dunder(name) or _is_private(cls_name, name) or _is_sunder(name) or _is_descriptor(obj):
 --- modulename: enum, funcname: _is_dunder
enum.py(52):             len(name) > 4 and
enum.py(53):             name[:2] == name[-2:] == '__' and
enum.py(52):             len(name) > 4 and
enum.py(51):     return (
 --- modulename: enum, funcname: _is_private
enum.py(78): def _is_private(cls_name, name):
enum.py(80):     pattern = '_%s__' % (cls_name, )
enum.py(81):     pat_len = len(pattern)
enum.py(83):             len(name) > pat_len
enum.py(82):     if (
enum.py(90):         return False
 --- modulename: enum, funcname: _is_sunder
enum.py(63):             len(name) > 2 and
enum.py(64):             name[0] == name[-1] == '_' and
enum.py(63):             len(name) > 2 and
enum.py(62):     return (
 --- modulename: enum, funcname: _is_descriptor
enum.py(42):             hasattr(obj, '__get__') or
enum.py(43):             hasattr(obj, '__set__') or
enum.py(42):             hasattr(obj, '__get__') or
enum.py(44):             hasattr(obj, '__delete__')
enum.py(41):     return (
enum.py(1666):                 attrs[name] = obj
enum.py(1660):         for name, obj in cls.__dict__.items():
enum.py(1661):             if name in ('__dict__', '__weakref__'):
enum.py(1663):             if _is_dunder(name) or _is_private(cls_name, name) or _is_sunder(name) or _is_descriptor(obj):
 --- modulename: enum, funcname: _is_dunder
enum.py(52):             len(name) > 4 and
enum.py(53):             name[:2] == name[-2:] == '__' and
enum.py(52):             len(name) > 4 and
enum.py(51):     return (
 --- modulename: enum, funcname: _is_private
enum.py(78): def _is_private(cls_name, name):
enum.py(80):     pattern = '_%s__' % (cls_name, )
enum.py(81):     pat_len = len(pattern)
enum.py(83):             len(name) > pat_len
enum.py(82):     if (
enum.py(84):             and name.startswith(pattern)
enum.py(82):     if (
enum.py(90):         return False
 --- modulename: enum, funcname: _is_sunder
enum.py(63):             len(name) > 2 and
enum.py(64):             name[0] == name[-1] == '_' and
enum.py(63):             len(name) > 2 and
enum.py(62):     return (
 --- modulename: enum, funcname: _is_descriptor
enum.py(42):             hasattr(obj, '__get__') or
enum.py(43):             hasattr(obj, '__set__') or
enum.py(42):             hasattr(obj, '__get__') or
enum.py(44):             hasattr(obj, '__delete__')
enum.py(41):     return (
enum.py(1666):                 attrs[name] = obj
enum.py(1660):         for name, obj in cls.__dict__.items():
enum.py(1661):             if name in ('__dict__', '__weakref__'):
enum.py(1663):             if _is_dunder(name) or _is_private(cls_name, name) or _is_sunder(name) or _is_descriptor(obj):
 --- modulename: enum, funcname: _is_dunder
enum.py(52):             len(name) > 4 and
enum.py(53):             name[:2] == name[-2:] == '__' and
enum.py(52):             len(name) > 4 and
enum.py(54):             name[2] != '_' and
enum.py(52):             len(name) > 4 and
enum.py(55):             name[-3] != '_'
enum.py(51):     return (
enum.py(1664):                 body[name] = obj
enum.py(1660):         for name, obj in cls.__dict__.items():
enum.py(1661):             if name in ('__dict__', '__weakref__'):
enum.py(1662):                 continue
enum.py(1660):         for name, obj in cls.__dict__.items():
enum.py(1661):             if name in ('__dict__', '__weakref__'):
enum.py(1662):                 continue
enum.py(1660):         for name, obj in cls.__dict__.items():
enum.py(1661):             if name in ('__dict__', '__weakref__'):
enum.py(1663):             if _is_dunder(name) or _is_private(cls_name, name) or _is_sunder(name) or _is_descriptor(obj):
 --- modulename: enum, funcname: _is_dunder
enum.py(52):             len(name) > 4 and
enum.py(53):             name[:2] == name[-2:] == '__' and
enum.py(52):             len(name) > 4 and
enum.py(54):             name[2] != '_' and
enum.py(52):             len(name) > 4 and
enum.py(55):             name[-3] != '_'
enum.py(51):     return (
enum.py(1664):                 body[name] = obj
enum.py(1660):         for name, obj in cls.__dict__.items():
enum.py(1667):         if cls.__dict__.get('__doc__') is None:
enum.py(1668):             body['__doc__'] = 'An enumeration.'
enum.py(1674):         enum_class = type(cls_name, (etype, ), body, boundary=boundary, _simple=True)
 --- modulename: enum, funcname: __new__
enum.py(472):         if _simple:
enum.py(473):             return super().__new__(metacls, cls, bases, classdict, **kwds)
enum.py(1675):         for name in ('__repr__', '__str__', '__format__', '__reduce_ex__'):
enum.py(1676):             if name not in body:
enum.py(1678):                 enum_method = getattr(etype, name)
enum.py(1679):                 found_method = getattr(enum_class, name)
enum.py(1680):                 object_method = getattr(object, name)
enum.py(1681):                 data_type_method = getattr(member_type, name)
enum.py(1682):                 if found_method in (data_type_method, object_method):
enum.py(1675):         for name in ('__repr__', '__str__', '__format__', '__reduce_ex__'):
enum.py(1676):             if name not in body:
enum.py(1678):                 enum_method = getattr(etype, name)
enum.py(1679):                 found_method = getattr(enum_class, name)
enum.py(1680):                 object_method = getattr(object, name)
enum.py(1681):                 data_type_method = getattr(member_type, name)
enum.py(1682):                 if found_method in (data_type_method, object_method):
enum.py(1675):         for name in ('__repr__', '__str__', '__format__', '__reduce_ex__'):
enum.py(1676):             if name not in body:
enum.py(1678):                 enum_method = getattr(etype, name)
enum.py(1679):                 found_method = getattr(enum_class, name)
enum.py(1680):                 object_method = getattr(object, name)
enum.py(1681):                 data_type_method = getattr(member_type, name)
enum.py(1682):                 if found_method in (data_type_method, object_method):
enum.py(1683):                     setattr(enum_class, name, enum_method)
 --- modulename: enum, funcname: __setattr__
enum.py(817):         member_map = cls.__dict__.get('_member_map_', {})
enum.py(818):         if name in member_map:
enum.py(820):         super().__setattr__(name, value)
enum.py(1675):         for name in ('__repr__', '__str__', '__format__', '__reduce_ex__'):
enum.py(1676):             if name not in body:
enum.py(1678):                 enum_method = getattr(etype, name)
enum.py(1679):                 found_method = getattr(enum_class, name)
enum.py(1680):                 object_method = getattr(object, name)
enum.py(1681):                 data_type_method = getattr(member_type, name)
enum.py(1682):                 if found_method in (data_type_method, object_method):
enum.py(1675):         for name in ('__repr__', '__str__', '__format__', '__reduce_ex__'):
enum.py(1684):         gnv_last_values = []
enum.py(1685):         if issubclass(enum_class, Flag):
enum.py(1687):             single_bits = multi_bits = 0
enum.py(1688):             for name, value in attrs.items():
enum.py(1689):                 if isinstance(value, auto) and auto.value is _auto_null:
enum.py(1691):                 if value in value2member_map:
enum.py(1699):                     if use_args:
enum.py(1700):                         if not isinstance(value, tuple):
enum.py(1701):                             value = (value, )
enum.py(1702):                         member = new_member(enum_class, *value)
enum.py(1703):                         value = value[0]
enum.py(1706):                     if __new__ is None:
enum.py(1707):                         member._value_ = value
enum.py(1708):                     member._name_ = name
enum.py(1709):                     member.__objclass__ = enum_class
enum.py(1710):                     member.__init__(value)
 --- modulename: enum, funcname: __init__
enum.py(1126):         pass
enum.py(1711):                     redirect = property()
 --- modulename: types, funcname: __init__
types.py(165):         self.fget = fget
types.py(166):         self.fset = fset
types.py(167):         self.fdel = fdel
types.py(169):         self.__doc__ = doc or fget.__doc__
types.py(170):         self.overwrite_doc = doc is None
types.py(172):         self.__isabstractmethod__ = bool(getattr(fget, '__isabstractmethod__', False))
enum.py(1712):                     redirect.__set_name__(enum_class, name)
 --- modulename: enum, funcname: __set_name__
enum.py(221):         self.name = name
enum.py(222):         self.clsname = ownerclass.__name__
enum.py(1713):                     setattr(enum_class, name, redirect)
 --- modulename: enum, funcname: __setattr__
enum.py(817):         member_map = cls.__dict__.get('_member_map_', {})
enum.py(818):         if name in member_map:
enum.py(820):         super().__setattr__(name, value)
enum.py(1714):                     member_map[name] = member
enum.py(1715):                     member._sort_order_ = len(member_names)
enum.py(1716):                     value2member_map[value] = member
enum.py(1717):                     if _is_single_bit(value):
 --- modulename: enum, funcname: _is_single_bit
enum.py(96):     if num == 0:
enum.py(98):     num &= num - 1
enum.py(99):     return num == 0
enum.py(1719):                         member_names.append(name)
enum.py(1720):                         single_bits |= value
enum.py(1723):                     gnv_last_values.append(value)
enum.py(1688):             for name, value in attrs.items():
enum.py(1689):                 if isinstance(value, auto) and auto.value is _auto_null:
enum.py(1691):                 if value in value2member_map:
enum.py(1699):                     if use_args:
enum.py(1700):                         if not isinstance(value, tuple):
enum.py(1701):                             value = (value, )
enum.py(1702):                         member = new_member(enum_class, *value)
enum.py(1703):                         value = value[0]
enum.py(1706):                     if __new__ is None:
enum.py(1707):                         member._value_ = value
enum.py(1708):                     member._name_ = name
enum.py(1709):                     member.__objclass__ = enum_class
enum.py(1710):                     member.__init__(value)
 --- modulename: enum, funcname: __init__
enum.py(1126):         pass
enum.py(1711):                     redirect = property()
 --- modulename: types, funcname: __init__
types.py(165):         self.fget = fget
types.py(166):         self.fset = fset
types.py(167):         self.fdel = fdel
types.py(169):         self.__doc__ = doc or fget.__doc__
types.py(170):         self.overwrite_doc = doc is None
types.py(172):         self.__isabstractmethod__ = bool(getattr(fget, '__isabstractmethod__', False))
enum.py(1712):                     redirect.__set_name__(enum_class, name)
 --- modulename: enum, funcname: __set_name__
enum.py(221):         self.name = name
enum.py(222):         self.clsname = ownerclass.__name__
enum.py(1713):                     setattr(enum_class, name, redirect)
 --- modulename: enum, funcname: __setattr__
enum.py(817):         member_map = cls.__dict__.get('_member_map_', {})
enum.py(818):         if name in member_map:
enum.py(820):         super().__setattr__(name, value)
enum.py(1714):                     member_map[name] = member
enum.py(1715):                     member._sort_order_ = len(member_names)
enum.py(1716):                     value2member_map[value] = member
enum.py(1717):                     if _is_single_bit(value):
 --- modulename: enum, funcname: _is_single_bit
enum.py(96):     if num == 0:
enum.py(98):     num &= num - 1
enum.py(99):     return num == 0
enum.py(1719):                         member_names.append(name)
enum.py(1720):                         single_bits |= value
enum.py(1723):                     gnv_last_values.append(value)
enum.py(1688):             for name, value in attrs.items():
enum.py(1689):                 if isinstance(value, auto) and auto.value is _auto_null:
enum.py(1691):                 if value in value2member_map:
enum.py(1699):                     if use_args:
enum.py(1700):                         if not isinstance(value, tuple):
enum.py(1701):                             value = (value, )
enum.py(1702):                         member = new_member(enum_class, *value)
enum.py(1703):                         value = value[0]
enum.py(1706):                     if __new__ is None:
enum.py(1707):                         member._value_ = value
enum.py(1708):                     member._name_ = name
enum.py(1709):                     member.__objclass__ = enum_class
enum.py(1710):                     member.__init__(value)
 --- modulename: enum, funcname: __init__
enum.py(1126):         pass
enum.py(1711):                     redirect = property()
 --- modulename: types, funcname: __init__
types.py(165):         self.fget = fget
types.py(166):         self.fset = fset
types.py(167):         self.fdel = fdel
types.py(169):         self.__doc__ = doc or fget.__doc__
types.py(170):         self.overwrite_doc = doc is None
types.py(172):         self.__isabstractmethod__ = bool(getattr(fget, '__isabstractmethod__', False))
enum.py(1712):                     redirect.__set_name__(enum_class, name)
 --- modulename: enum, funcname: __set_name__
enum.py(221):         self.name = name
enum.py(222):         self.clsname = ownerclass.__name__
enum.py(1713):                     setattr(enum_class, name, redirect)
 --- modulename: enum, funcname: __setattr__
enum.py(817):         member_map = cls.__dict__.get('_member_map_', {})
enum.py(818):         if name in member_map:
enum.py(820):         super().__setattr__(name, value)
enum.py(1714):                     member_map[name] = member
enum.py(1715):                     member._sort_order_ = len(member_names)
enum.py(1716):                     value2member_map[value] = member
enum.py(1717):                     if _is_single_bit(value):
 --- modulename: enum, funcname: _is_single_bit
enum.py(96):     if num == 0:
enum.py(98):     num &= num - 1
enum.py(99):     return num == 0
enum.py(1719):                         member_names.append(name)
enum.py(1720):                         single_bits |= value
enum.py(1723):                     gnv_last_values.append(value)
enum.py(1688):             for name, value in attrs.items():
enum.py(1689):                 if isinstance(value, auto) and auto.value is _auto_null:
enum.py(1691):                 if value in value2member_map:
enum.py(1699):                     if use_args:
enum.py(1700):                         if not isinstance(value, tuple):
enum.py(1701):                             value = (value, )
enum.py(1702):                         member = new_member(enum_class, *value)
enum.py(1703):                         value = value[0]
enum.py(1706):                     if __new__ is None:
enum.py(1707):                         member._value_ = value
enum.py(1708):                     member._name_ = name
enum.py(1709):                     member.__objclass__ = enum_class
enum.py(1710):                     member.__init__(value)
 --- modulename: enum, funcname: __init__
enum.py(1126):         pass
enum.py(1711):                     redirect = property()
 --- modulename: types, funcname: __init__
types.py(165):         self.fget = fget
types.py(166):         self.fset = fset
types.py(167):         self.fdel = fdel
types.py(169):         self.__doc__ = doc or fget.__doc__
types.py(170):         self.overwrite_doc = doc is None
types.py(172):         self.__isabstractmethod__ = bool(getattr(fget, '__isabstractmethod__', False))
enum.py(1712):                     redirect.__set_name__(enum_class, name)
 --- modulename: enum, funcname: __set_name__
enum.py(221):         self.name = name
enum.py(222):         self.clsname = ownerclass.__name__
enum.py(1713):                     setattr(enum_class, name, redirect)
 --- modulename: enum, funcname: __setattr__
enum.py(817):         member_map = cls.__dict__.get('_member_map_', {})
enum.py(818):         if name in member_map:
enum.py(820):         super().__setattr__(name, value)
enum.py(1714):                     member_map[name] = member
enum.py(1715):                     member._sort_order_ = len(member_names)
enum.py(1716):                     value2member_map[value] = member
enum.py(1717):                     if _is_single_bit(value):
 --- modulename: enum, funcname: _is_single_bit
enum.py(96):     if num == 0:
enum.py(98):     num &= num - 1
enum.py(99):     return num == 0
enum.py(1719):                         member_names.append(name)
enum.py(1720):                         single_bits |= value
enum.py(1723):                     gnv_last_values.append(value)
enum.py(1688):             for name, value in attrs.items():
enum.py(1689):                 if isinstance(value, auto) and auto.value is _auto_null:
enum.py(1691):                 if value in value2member_map:
enum.py(1699):                     if use_args:
enum.py(1700):                         if not isinstance(value, tuple):
enum.py(1701):                             value = (value, )
enum.py(1702):                         member = new_member(enum_class, *value)
enum.py(1703):                         value = value[0]
enum.py(1706):                     if __new__ is None:
enum.py(1707):                         member._value_ = value
enum.py(1708):                     member._name_ = name
enum.py(1709):                     member.__objclass__ = enum_class
enum.py(1710):                     member.__init__(value)
 --- modulename: enum, funcname: __init__
enum.py(1126):         pass
enum.py(1711):                     redirect = property()
 --- modulename: types, funcname: __init__
types.py(165):         self.fget = fget
types.py(166):         self.fset = fset
types.py(167):         self.fdel = fdel
types.py(169):         self.__doc__ = doc or fget.__doc__
types.py(170):         self.overwrite_doc = doc is None
types.py(172):         self.__isabstractmethod__ = bool(getattr(fget, '__isabstractmethod__', False))
enum.py(1712):                     redirect.__set_name__(enum_class, name)
 --- modulename: enum, funcname: __set_name__
enum.py(221):         self.name = name
enum.py(222):         self.clsname = ownerclass.__name__
enum.py(1713):                     setattr(enum_class, name, redirect)
 --- modulename: enum, funcname: __setattr__
enum.py(817):         member_map = cls.__dict__.get('_member_map_', {})
enum.py(818):         if name in member_map:
enum.py(820):         super().__setattr__(name, value)
enum.py(1714):                     member_map[name] = member
enum.py(1715):                     member._sort_order_ = len(member_names)
enum.py(1716):                     value2member_map[value] = member
enum.py(1717):                     if _is_single_bit(value):
 --- modulename: enum, funcname: _is_single_bit
enum.py(96):     if num == 0:
enum.py(98):     num &= num - 1
enum.py(99):     return num == 0
enum.py(1719):                         member_names.append(name)
enum.py(1720):                         single_bits |= value
enum.py(1723):                     gnv_last_values.append(value)
enum.py(1688):             for name, value in attrs.items():
enum.py(1689):                 if isinstance(value, auto) and auto.value is _auto_null:
enum.py(1691):                 if value in value2member_map:
enum.py(1699):                     if use_args:
enum.py(1700):                         if not isinstance(value, tuple):
enum.py(1701):                             value = (value, )
enum.py(1702):                         member = new_member(enum_class, *value)
enum.py(1703):                         value = value[0]
enum.py(1706):                     if __new__ is None:
enum.py(1707):                         member._value_ = value
enum.py(1708):                     member._name_ = name
enum.py(1709):                     member.__objclass__ = enum_class
enum.py(1710):                     member.__init__(value)
 --- modulename: enum, funcname: __init__
enum.py(1126):         pass
enum.py(1711):                     redirect = property()
 --- modulename: types, funcname: __init__
types.py(165):         self.fget = fget
types.py(166):         self.fset = fset
types.py(167):         self.fdel = fdel
types.py(169):         self.__doc__ = doc or fget.__doc__
types.py(170):         self.overwrite_doc = doc is None
types.py(172):         self.__isabstractmethod__ = bool(getattr(fget, '__isabstractmethod__', False))
enum.py(1712):                     redirect.__set_name__(enum_class, name)
 --- modulename: enum, funcname: __set_name__
enum.py(221):         self.name = name
enum.py(222):         self.clsname = ownerclass.__name__
enum.py(1713):                     setattr(enum_class, name, redirect)
 --- modulename: enum, funcname: __setattr__
enum.py(817):         member_map = cls.__dict__.get('_member_map_', {})
enum.py(818):         if name in member_map:
enum.py(820):         super().__setattr__(name, value)
enum.py(1714):                     member_map[name] = member
enum.py(1715):                     member._sort_order_ = len(member_names)
enum.py(1716):                     value2member_map[value] = member
enum.py(1717):                     if _is_single_bit(value):
 --- modulename: enum, funcname: _is_single_bit
enum.py(96):     if num == 0:
enum.py(98):     num &= num - 1
enum.py(99):     return num == 0
enum.py(1719):                         member_names.append(name)
enum.py(1720):                         single_bits |= value
enum.py(1723):                     gnv_last_values.append(value)
enum.py(1688):             for name, value in attrs.items():
enum.py(1689):                 if isinstance(value, auto) and auto.value is _auto_null:
enum.py(1691):                 if value in value2member_map:
enum.py(1699):                     if use_args:
enum.py(1700):                         if not isinstance(value, tuple):
enum.py(1701):                             value = (value, )
enum.py(1702):                         member = new_member(enum_class, *value)
enum.py(1703):                         value = value[0]
enum.py(1706):                     if __new__ is None:
enum.py(1707):                         member._value_ = value
enum.py(1708):                     member._name_ = name
enum.py(1709):                     member.__objclass__ = enum_class
enum.py(1710):                     member.__init__(value)
 --- modulename: enum, funcname: __init__
enum.py(1126):         pass
enum.py(1711):                     redirect = property()
 --- modulename: types, funcname: __init__
types.py(165):         self.fget = fget
types.py(166):         self.fset = fset
types.py(167):         self.fdel = fdel
types.py(169):         self.__doc__ = doc or fget.__doc__
types.py(170):         self.overwrite_doc = doc is None
types.py(172):         self.__isabstractmethod__ = bool(getattr(fget, '__isabstractmethod__', False))
enum.py(1712):                     redirect.__set_name__(enum_class, name)
 --- modulename: enum, funcname: __set_name__
enum.py(221):         self.name = name
enum.py(222):         self.clsname = ownerclass.__name__
enum.py(1713):                     setattr(enum_class, name, redirect)
 --- modulename: enum, funcname: __setattr__
enum.py(817):         member_map = cls.__dict__.get('_member_map_', {})
enum.py(818):         if name in member_map:
enum.py(820):         super().__setattr__(name, value)
enum.py(1714):                     member_map[name] = member
enum.py(1715):                     member._sort_order_ = len(member_names)
enum.py(1716):                     value2member_map[value] = member
enum.py(1717):                     if _is_single_bit(value):
 --- modulename: enum, funcname: _is_single_bit
enum.py(96):     if num == 0:
enum.py(98):     num &= num - 1
enum.py(99):     return num == 0
enum.py(1719):                         member_names.append(name)
enum.py(1720):                         single_bits |= value
enum.py(1723):                     gnv_last_values.append(value)
enum.py(1688):             for name, value in attrs.items():
enum.py(1689):                 if isinstance(value, auto) and auto.value is _auto_null:
enum.py(1691):                 if value in value2member_map:
enum.py(1699):                     if use_args:
enum.py(1700):                         if not isinstance(value, tuple):
enum.py(1701):                             value = (value, )
enum.py(1702):                         member = new_member(enum_class, *value)
enum.py(1703):                         value = value[0]
enum.py(1706):                     if __new__ is None:
enum.py(1707):                         member._value_ = value
enum.py(1708):                     member._name_ = name
enum.py(1709):                     member.__objclass__ = enum_class
enum.py(1710):                     member.__init__(value)
 --- modulename: enum, funcname: __init__
enum.py(1126):         pass
enum.py(1711):                     redirect = property()
 --- modulename: types, funcname: __init__
types.py(165):         self.fget = fget
types.py(166):         self.fset = fset
types.py(167):         self.fdel = fdel
types.py(169):         self.__doc__ = doc or fget.__doc__
types.py(170):         self.overwrite_doc = doc is None
types.py(172):         self.__isabstractmethod__ = bool(getattr(fget, '__isabstractmethod__', False))
enum.py(1712):                     redirect.__set_name__(enum_class, name)
 --- modulename: enum, funcname: __set_name__
enum.py(221):         self.name = name
enum.py(222):         self.clsname = ownerclass.__name__
enum.py(1713):                     setattr(enum_class, name, redirect)
 --- modulename: enum, funcname: __setattr__
enum.py(817):         member_map = cls.__dict__.get('_member_map_', {})
enum.py(818):         if name in member_map:
enum.py(820):         super().__setattr__(name, value)
enum.py(1714):                     member_map[name] = member
enum.py(1715):                     member._sort_order_ = len(member_names)
enum.py(1716):                     value2member_map[value] = member
enum.py(1717):                     if _is_single_bit(value):
 --- modulename: enum, funcname: _is_single_bit
enum.py(96):     if num == 0:
enum.py(98):     num &= num - 1
enum.py(99):     return num == 0
enum.py(1719):                         member_names.append(name)
enum.py(1720):                         single_bits |= value
enum.py(1723):                     gnv_last_values.append(value)
enum.py(1688):             for name, value in attrs.items():
enum.py(1689):                 if isinstance(value, auto) and auto.value is _auto_null:
enum.py(1691):                 if value in value2member_map:
enum.py(1699):                     if use_args:
enum.py(1700):                         if not isinstance(value, tuple):
enum.py(1701):                             value = (value, )
enum.py(1702):                         member = new_member(enum_class, *value)
enum.py(1703):                         value = value[0]
enum.py(1706):                     if __new__ is None:
enum.py(1707):                         member._value_ = value
enum.py(1708):                     member._name_ = name
enum.py(1709):                     member.__objclass__ = enum_class
enum.py(1710):                     member.__init__(value)
 --- modulename: enum, funcname: __init__
enum.py(1126):         pass
enum.py(1711):                     redirect = property()
 --- modulename: types, funcname: __init__
types.py(165):         self.fget = fget
types.py(166):         self.fset = fset
types.py(167):         self.fdel = fdel
types.py(169):         self.__doc__ = doc or fget.__doc__
types.py(170):         self.overwrite_doc = doc is None
types.py(172):         self.__isabstractmethod__ = bool(getattr(fget, '__isabstractmethod__', False))
enum.py(1712):                     redirect.__set_name__(enum_class, name)
 --- modulename: enum, funcname: __set_name__
enum.py(221):         self.name = name
enum.py(222):         self.clsname = ownerclass.__name__
enum.py(1713):                     setattr(enum_class, name, redirect)
 --- modulename: enum, funcname: __setattr__
enum.py(817):         member_map = cls.__dict__.get('_member_map_', {})
enum.py(818):         if name in member_map:
enum.py(820):         super().__setattr__(name, value)
enum.py(1714):                     member_map[name] = member
enum.py(1715):                     member._sort_order_ = len(member_names)
enum.py(1716):                     value2member_map[value] = member
enum.py(1717):                     if _is_single_bit(value):
 --- modulename: enum, funcname: _is_single_bit
enum.py(96):     if num == 0:
enum.py(98):     num &= num - 1
enum.py(99):     return num == 0
enum.py(1719):                         member_names.append(name)
enum.py(1720):                         single_bits |= value
enum.py(1723):                     gnv_last_values.append(value)
enum.py(1688):             for name, value in attrs.items():
enum.py(1724):             enum_class._flag_mask_ = single_bits
 --- modulename: enum, funcname: __setattr__
enum.py(817):         member_map = cls.__dict__.get('_member_map_', {})
enum.py(818):         if name in member_map:
enum.py(820):         super().__setattr__(name, value)
enum.py(1725):             enum_class._all_bits_ = 2 ** ((single_bits|multi_bits).bit_length()) - 1
 --- modulename: enum, funcname: __setattr__
enum.py(817):         member_map = cls.__dict__.get('_member_map_', {})
enum.py(818):         if name in member_map:
enum.py(820):         super().__setattr__(name, value)
enum.py(1727):             member_list = [m._value_ for m in enum_class]
 --- modulename: enum, funcname: __iter__
enum.py(779):         return (cls._member_map_[name] for name in cls._member_names_)
 --- modulename: enum, funcname: <listcomp>
enum.py(1727):             member_list = [m._value_ for m in enum_class]
 --- modulename: enum, funcname: <genexpr>
enum.py(779):         return (cls._member_map_[name] for name in cls._member_names_)
enum.py(1727):             member_list = [m._value_ for m in enum_class]
 --- modulename: enum, funcname: <genexpr>
enum.py(779):         return (cls._member_map_[name] for name in cls._member_names_)
enum.py(1727):             member_list = [m._value_ for m in enum_class]
 --- modulename: enum, funcname: <genexpr>
enum.py(779):         return (cls._member_map_[name] for name in cls._member_names_)
enum.py(1727):             member_list = [m._value_ for m in enum_class]
 --- modulename: enum, funcname: <genexpr>
enum.py(779):         return (cls._member_map_[name] for name in cls._member_names_)
enum.py(1727):             member_list = [m._value_ for m in enum_class]
 --- modulename: enum, funcname: <genexpr>
enum.py(779):         return (cls._member_map_[name] for name in cls._member_names_)
enum.py(1727):             member_list = [m._value_ for m in enum_class]
 --- modulename: enum, funcname: <genexpr>
enum.py(779):         return (cls._member_map_[name] for name in cls._member_names_)
enum.py(1727):             member_list = [m._value_ for m in enum_class]
 --- modulename: enum, funcname: <genexpr>
enum.py(779):         return (cls._member_map_[name] for name in cls._member_names_)
enum.py(1727):             member_list = [m._value_ for m in enum_class]
 --- modulename: enum, funcname: <genexpr>
enum.py(779):         return (cls._member_map_[name] for name in cls._member_names_)
enum.py(1727):             member_list = [m._value_ for m in enum_class]
 --- modulename: enum, funcname: <genexpr>
enum.py(779):         return (cls._member_map_[name] for name in cls._member_names_)
enum.py(1727):             member_list = [m._value_ for m in enum_class]
 --- modulename: enum, funcname: <genexpr>
enum.py(779):         return (cls._member_map_[name] for name in cls._member_names_)
enum.py(1728):             if member_list != sorted(member_list):
enum.py(1765):         if '__new__' in body:
enum.py(1767):         enum_class.__new__ = Enum.__new__
 --- modulename: enum, funcname: __setattr__
enum.py(817):         member_map = cls.__dict__.get('_member_map_', {})
enum.py(818):         if name in member_map:
enum.py(820):         super().__setattr__(name, value)
enum.py(1768):         return enum_class
enum.py(905):         cls.__reduce_ex__ = _reduce_ex_by_global_name
 --- modulename: enum, funcname: __setattr__
enum.py(817):         member_map = cls.__dict__.get('_member_map_', {})
enum.py(818):         if name in member_map:
enum.py(820):         super().__setattr__(name, value)
enum.py(906):         if as_global:
enum.py(909):             sys.modules[cls.__module__].__dict__.update(cls.__members__)
 --- modulename: enum, funcname: __members__
enum.py(795):         return MappingProxyType(cls._member_map_)
enum.py(910):         module_globals[name] = cls
enum.py(911):         return cls
socket.py(90): IntFlag._convert_(
socket.py(91):         'AddressInfo',
socket.py(92):         __name__,
socket.py(93):         lambda C: C.isupper() and C.startswith('AI_'))
socket.py(90): IntFlag._convert_(
 --- modulename: enum, funcname: _convert_
enum.py(883):         module_globals = sys.modules[module].__dict__
enum.py(884):         if source:
enum.py(887):             source = module_globals
enum.py(891):         members = [
enum.py(893):                 for name, value in source.items()
enum.py(891):         members = [
 --- modulename: enum, funcname: <listcomp>
enum.py(891):         members = [
enum.py(893):                 for name, value in source.items()
enum.py(894):                 if filter(name)]
 --- modulename: socket, funcname: <lambda>
socket.py(93):         lambda C: C.isupper() and C.startswith('AI_'))
enum.py(891):         members = [
enum.py(891):         members = [
enum.py(893):                 for name, value in source.items()
enum.py(894):                 if filter(name)]
 --- modulename: socket, funcname: <lambda>
socket.py(93):         lambda C: C.isupper() and C.startswith('AI_'))
enum.py(891):         members = [
enum.py(891):         members = [
enum.py(893):                 for name, value in source.items()
enum.py(894):                 if filter(name)]
 --- modulename: socket, funcname: <lambda>
socket.py(93):         lambda C: C.isupper() and C.startswith('AI_'))
enum.py(891):         members = [
enum.py(891):         members = [
enum.py(893):                 for name, value in source.items()
enum.py(894):                 if filter(name)]
 --- modulename: socket, funcname: <lambda>
socket.py(93):         lambda C: C.isupper() and C.startswith('AI_'))
enum.py(891):         members = [
enum.py(891):         members = [
enum.py(893):                 for name, value in source.items()
enum.py(894):                 if filter(name)]
 --- modulename: socket, funcname: <lambda>
socket.py(93):         lambda C: C.isupper() and C.startswith('AI_'))
enum.py(891):         members = [
enum.py(891):         members = [
enum.py(893):                 for name, value in source.items()
enum.py(894):                 if filter(name)]
 --- modulename: socket, funcname: <lambda>
socket.py(93):         lambda C: C.isupper() and C.startswith('AI_'))
enum.py(891):         members = [
enum.py(891):         members = [
enum.py(893):                 for name, value in source.items()
enum.py(894):                 if filter(name)]
 --- modulename: socket, funcname: <lambda>
socket.py(93):         lambda C: C.isupper() and C.startswith('AI_'))
enum.py(891):         members = [
enum.py(891):         members = [
enum.py(893):                 for name, value in source.items()
enum.py(894):                 if filter(name)]
 --- modulename: socket, funcname: <lambda>
socket.py(93):         lambda C: C.isupper() and C.startswith('AI_'))
enum.py(891):         members = [
enum.py(891):         members = [
enum.py(893):                 for name, value in source.items()
enum.py(894):                 if filter(name)]
 --- modulename: socket, funcname: <lambda>
socket.py(93):         lambda C: C.isupper() and C.startswith('AI_'))
enum.py(891):         members = [
enum.py(891):         members = [
enum.py(893):                 for name, value in source.items()
enum.py(894):                 if filter(name)]
 --- modulename: socket, funcname: <lambda>
socket.py(93):         lambda C: C.isupper() and C.startswith('AI_'))
enum.py(891):         members = [
enum.py(891):         members = [
enum.py(893):                 for name, value in source.items()
enum.py(894):                 if filter(name)]
 --- modulename: socket, funcname: <lambda>
socket.py(93):         lambda C: C.isupper() and C.startswith('AI_'))
enum.py(891):         members = [
enum.py(891):         members = [
enum.py(893):                 for name, value in source.items()
enum.py(894):                 if filter(name)]
 --- modulename: socket, funcname: <lambda>
socket.py(93):         lambda C: C.isupper() and C.startswith('AI_'))
enum.py(891):         members = [
enum.py(891):         members = [
enum.py(893):                 for name, value in source.items()
enum.py(894):                 if filter(name)]
 --- modulename: socket, funcname: <lambda>
socket.py(93):         lambda C: C.isupper() and C.startswith('AI_'))
enum.py(891):         members = [
enum.py(891):         members = [
enum.py(893):                 for name, value in source.items()
enum.py(894):                 if filter(name)]
 --- modulename: socket, funcname: <lambda>
socket.py(93):         lambda C: C.isupper() and C.startswith('AI_'))
enum.py(891):         members = [
enum.py(891):         members = [
enum.py(893):                 for name, value in source.items()
enum.py(894):                 if filter(name)]
 --- modulename: socket, funcname: <lambda>
socket.py(93):         lambda C: C.isupper() and C.startswith('AI_'))
enum.py(891):         members = [
enum.py(891):         members = [
enum.py(893):                 for name, value in source.items()
enum.py(894):                 if filter(name)]
 --- modulename: socket, funcname: <lambda>
socket.py(93):         lambda C: C.isupper() and C.startswith('AI_'))
enum.py(891):         members = [
enum.py(891):         members = [
enum.py(893):                 for name, value in source.items()
enum.py(894):                 if filter(name)]
 --- modulename: socket, funcname: <lambda>
socket.py(93):         lambda C: C.isupper() and C.startswith('AI_'))
enum.py(891):         members = [
enum.py(891):         members = [
enum.py(893):                 for name, value in source.items()
enum.py(894):                 if filter(name)]
 --- modulename: socket, funcname: <lambda>
socket.py(93):         lambda C: C.isupper() and C.startswith('AI_'))
enum.py(891):         members = [
enum.py(891):         members = [
enum.py(893):                 for name, value in source.items()
enum.py(894):                 if filter(name)]
 --- modulename: socket, funcname: <lambda>
socket.py(93):         lambda C: C.isupper() and C.startswith('AI_'))
enum.py(891):         members = [
enum.py(891):         members = [
enum.py(893):                 for name, value in source.items()
enum.py(894):                 if filter(name)]
 --- modulename: socket, funcname: <lambda>
socket.py(93):         lambda C: C.isupper() and C.startswith('AI_'))
enum.py(891):         members = [
enum.py(891):         members = [
enum.py(893):                 for name, value in source.items()
enum.py(894):                 if filter(name)]
 --- modulename: socket, funcname: <lambda>
socket.py(93):         lambda C: C.isupper() and C.startswith('AI_'))
enum.py(891):         members = [
enum.py(891):         members = [
enum.py(893):                 for name, value in source.items()
enum.py(894):                 if filter(name)]
 --- modulename: socket, funcname: <lambda>
socket.py(93):         lambda C: C.isupper() and C.startswith('AI_'))
enum.py(891):         members = [
enum.py(891):         members = [
enum.py(893):                 for name, value in source.items()
enum.py(894):                 if filter(name)]
 --- modulename: socket, funcname: <lambda>
socket.py(93):         lambda C: C.isupper() and C.startswith('AI_'))
enum.py(891):         members = [
enum.py(891):         members = [
enum.py(893):                 for name, value in source.items()
enum.py(894):                 if filter(name)]
 --- modulename: socket, funcname: <lambda>
socket.py(93):         lambda C: C.isupper() and C.startswith('AI_'))
enum.py(891):         members = [
enum.py(891):         members = [
enum.py(893):                 for name, value in source.items()
enum.py(894):                 if filter(name)]
 --- modulename: socket, funcname: <lambda>
socket.py(93):         lambda C: C.isupper() and C.startswith('AI_'))
enum.py(891):         members = [
enum.py(891):         members = [
enum.py(893):                 for name, value in source.items()
enum.py(894):                 if filter(name)]
 --- modulename: socket, funcname: <lambda>
socket.py(93):         lambda C: C.isupper() and C.startswith('AI_'))
enum.py(891):         members = [
enum.py(891):         members = [
enum.py(893):                 for name, value in source.items()
enum.py(894):                 if filter(name)]
 --- modulename: socket, funcname: <lambda>
socket.py(93):         lambda C: C.isupper() and C.startswith('AI_'))
enum.py(891):         members = [
enum.py(891):         members = [
enum.py(893):                 for name, value in source.items()
enum.py(894):                 if filter(name)]
 --- modulename: socket, funcname: <lambda>
socket.py(93):         lambda C: C.isupper() and C.startswith('AI_'))
enum.py(891):         members = [
enum.py(891):         members = [
enum.py(893):                 for name, value in source.items()
enum.py(894):                 if filter(name)]
 --- modulename: socket, funcname: <lambda>
socket.py(93):         lambda C: C.isupper() and C.startswith('AI_'))
enum.py(891):         members = [
enum.py(891):         members = [
enum.py(893):                 for name, value in source.items()
enum.py(894):                 if filter(name)]
 --- modulename: socket, funcname: <lambda>
socket.py(93):         lambda C: C.isupper() and C.startswith('AI_'))
enum.py(891):         members = [
enum.py(891):         members = [
enum.py(893):                 for name, value in source.items()
enum.py(894):                 if filter(name)]
 --- modulename: socket, funcname: <lambda>
socket.py(93):         lambda C: C.isupper() and C.startswith('AI_'))
enum.py(891):         members = [
enum.py(891):         members = [
enum.py(893):                 for name, value in source.items()
enum.py(894):                 if filter(name)]
 --- modulename: socket, funcname: <lambda>
socket.py(93):         lambda C: C.isupper() and C.startswith('AI_'))
enum.py(891):         members = [
enum.py(891):         members = [
enum.py(893):                 for name, value in source.items()
enum.py(894):                 if filter(name)]
 --- modulename: socket, funcname: <lambda>
socket.py(93):         lambda C: C.isupper() and C.startswith('AI_'))
enum.py(891):         members = [
enum.py(891):         members = [
enum.py(893):                 for name, value in source.items()
enum.py(894):                 if filter(name)]
 --- modulename: socket, funcname: <lambda>
socket.py(93):         lambda C: C.isupper() and C.startswith('AI_'))
enum.py(891):         members = [
enum.py(891):         members = [
enum.py(893):                 for name, value in source.items()
enum.py(894):                 if filter(name)]
 --- modulename: socket, funcname: <lambda>
socket.py(93):         lambda C: C.isupper() and C.startswith('AI_'))
enum.py(891):         members = [
enum.py(891):         members = [
enum.py(893):                 for name, value in source.items()
enum.py(894):                 if filter(name)]
 --- modulename: socket, funcname: <lambda>
socket.py(93):         lambda C: C.isupper() and C.startswith('AI_'))
enum.py(891):         members = [
enum.py(891):         members = [
enum.py(893):                 for name, value in source.items()
enum.py(894):                 if filter(name)]
 --- modulename: socket, funcname: <lambda>
socket.py(93):         lambda C: C.isupper() and C.startswith('AI_'))
enum.py(891):         members = [
enum.py(891):         members = [
enum.py(893):                 for name, value in source.items()
enum.py(894):                 if filter(name)]
 --- modulename: socket, funcname: <lambda>
socket.py(93):         lambda C: C.isupper() and C.startswith('AI_'))
enum.py(891):         members = [
enum.py(891):         members = [
enum.py(893):                 for name, value in source.items()
enum.py(894):                 if filter(name)]
 --- modulename: socket, funcname: <lambda>
socket.py(93):         lambda C: C.isupper() and C.startswith('AI_'))
enum.py(891):         members = [
enum.py(891):         members = [
enum.py(893):                 for name, value in source.items()
enum.py(894):                 if filter(name)]
 --- modulename: socket, funcname: <lambda>
socket.py(93):         lambda C: C.isupper() and C.startswith('AI_'))
enum.py(891):         members = [
enum.py(891):         members = [
enum.py(893):                 for name, value in source.items()
enum.py(894):                 if filter(name)]
 --- modulename: socket, funcname: <lambda>
socket.py(93):         lambda C: C.isupper() and C.startswith('AI_'))
enum.py(891):         members = [
enum.py(891):         members = [
enum.py(893):                 for name, value in source.items()
enum.py(894):                 if filter(name)]
 --- modulename: socket, funcname: <lambda>
socket.py(93):         lambda C: C.isupper() and C.startswith('AI_'))
enum.py(891):         members = [
enum.py(891):         members = [
enum.py(893):                 for name, value in source.items()
enum.py(894):                 if filter(name)]
 --- modulename: socket, funcname: <lambda>
socket.py(93):         lambda C: C.isupper() and C.startswith('AI_'))
enum.py(891):         members = [
enum.py(891):         members = [
enum.py(893):                 for name, value in source.items()
enum.py(894):                 if filter(name)]
 --- modulename: socket, funcname: <lambda>
socket.py(93):         lambda C: C.isupper() and C.startswith('AI_'))
enum.py(891):         members = [
enum.py(891):         members = [
enum.py(893):                 for name, value in source.items()
enum.py(894):                 if filter(name)]
 --- modulename: socket, funcname: <lambda>
socket.py(93):         lambda C: C.isupper() and C.startswith('AI_'))
enum.py(891):         members = [
enum.py(891):         members = [
enum.py(893):                 for name, value in source.items()
enum.py(894):                 if filter(name)]
 --- modulename: socket, funcname: <lambda>
socket.py(93):         lambda C: C.isupper() and C.startswith('AI_'))
enum.py(891):         members = [
enum.py(891):         members = [
enum.py(893):                 for name, value in source.items()
enum.py(894):                 if filter(name)]
 --- modulename: socket, funcname: <lambda>
socket.py(93):         lambda C: C.isupper() and C.startswith('AI_'))
enum.py(891):         members = [
enum.py(891):         members = [
enum.py(893):                 for name, value in source.items()
enum.py(894):                 if filter(name)]
 --- modulename: socket, funcname: <lambda>
socket.py(93):         lambda C: C.isupper() and C.startswith('AI_'))
enum.py(891):         members = [
enum.py(891):         members = [
enum.py(893):                 for name, value in source.items()
enum.py(894):                 if filter(name)]
 --- modulename: socket, funcname: <lambda>
socket.py(93):         lambda C: C.isupper() and C.startswith('AI_'))
enum.py(891):         members = [
enum.py(891):         members = [
enum.py(893):                 for name, value in source.items()
enum.py(894):                 if filter(name)]
 --- modulename: socket, funcname: <lambda>
socket.py(93):         lambda C: C.isupper() and C.startswith('AI_'))
enum.py(891):         members = [
enum.py(891):         members = [
enum.py(893):                 for name, value in source.items()
enum.py(894):                 if filter(name)]
 --- modulename: socket, funcname: <lambda>
socket.py(93):         lambda C: C.isupper() and C.startswith('AI_'))
enum.py(891):         members = [
enum.py(891):         members = [
enum.py(893):                 for name, value in source.items()
enum.py(894):                 if filter(name)]
 --- modulename: socket, funcname: <lambda>
socket.py(93):         lambda C: C.isupper() and C.startswith('AI_'))
enum.py(891):         members = [
enum.py(891):         members = [
enum.py(893):                 for name, value in source.items()
enum.py(894):                 if filter(name)]
 --- modulename: socket, funcname: <lambda>
socket.py(93):         lambda C: C.isupper() and C.startswith('AI_'))
enum.py(891):         members = [
enum.py(891):         members = [
enum.py(893):                 for name, value in source.items()
enum.py(894):                 if filter(name)]
 --- modulename: socket, funcname: <lambda>
socket.py(93):         lambda C: C.isupper() and C.startswith('AI_'))
enum.py(891):         members = [
enum.py(891):         members = [
enum.py(893):                 for name, value in source.items()
enum.py(894):                 if filter(name)]
 --- modulename: socket, funcname: <lambda>
socket.py(93):         lambda C: C.isupper() and C.startswith('AI_'))
enum.py(891):         members = [
enum.py(891):         members = [
enum.py(893):                 for name, value in source.items()
enum.py(894):                 if filter(name)]
 --- modulename: socket, funcname: <lambda>
socket.py(93):         lambda C: C.isupper() and C.startswith('AI_'))
enum.py(891):         members = [
enum.py(891):         members = [
enum.py(893):                 for name, value in source.items()
enum.py(894):                 if filter(name)]
 --- modulename: socket, funcname: <lambda>
socket.py(93):         lambda C: C.isupper() and C.startswith('AI_'))
enum.py(891):         members = [
enum.py(891):         members = [
enum.py(893):                 for name, value in source.items()
enum.py(894):                 if filter(name)]
 --- modulename: socket, funcname: <lambda>
socket.py(93):         lambda C: C.isupper() and C.startswith('AI_'))
enum.py(891):         members = [
enum.py(891):         members = [
enum.py(893):                 for name, value in source.items()
enum.py(894):                 if filter(name)]
 --- modulename: socket, funcname: <lambda>
socket.py(93):         lambda C: C.isupper() and C.startswith('AI_'))
enum.py(891):         members = [
enum.py(891):         members = [
enum.py(893):                 for name, value in source.items()
enum.py(894):                 if filter(name)]
 --- modulename: socket, funcname: <lambda>
socket.py(93):         lambda C: C.isupper() and C.startswith('AI_'))
enum.py(891):         members = [
enum.py(891):         members = [
enum.py(893):                 for name, value in source.items()
enum.py(894):                 if filter(name)]
 --- modulename: socket, funcname: <lambda>
socket.py(93):         lambda C: C.isupper() and C.startswith('AI_'))
enum.py(891):         members = [
enum.py(891):         members = [
enum.py(893):                 for name, value in source.items()
enum.py(894):                 if filter(name)]
 --- modulename: socket, funcname: <lambda>
socket.py(93):         lambda C: C.isupper() and C.startswith('AI_'))
enum.py(891):         members = [
enum.py(891):         members = [
enum.py(893):                 for name, value in source.items()
enum.py(894):                 if filter(name)]
 --- modulename: socket, funcname: <lambda>
socket.py(93):         lambda C: C.isupper() and C.startswith('AI_'))
enum.py(891):         members = [
enum.py(891):         members = [
enum.py(893):                 for name, value in source.items()
enum.py(894):                 if filter(name)]
 --- modulename: socket, funcname: <lambda>
socket.py(93):         lambda C: C.isupper() and C.startswith('AI_'))
enum.py(891):         members = [
enum.py(891):         members = [
enum.py(893):                 for name, value in source.items()
enum.py(894):                 if filter(name)]
 --- modulename: socket, funcname: <lambda>
socket.py(93):         lambda C: C.isupper() and C.startswith('AI_'))
enum.py(891):         members = [
enum.py(891):         members = [
enum.py(893):                 for name, value in source.items()
enum.py(894):                 if filter(name)]
 --- modulename: socket, funcname: <lambda>
socket.py(93):         lambda C: C.isupper() and C.startswith('AI_'))
enum.py(891):         members = [
enum.py(891):         members = [
enum.py(893):                 for name, value in source.items()
enum.py(894):                 if filter(name)]
 --- modulename: socket, funcname: <lambda>
socket.py(93):         lambda C: C.isupper() and C.startswith('AI_'))
enum.py(891):         members = [
enum.py(891):         members = [
enum.py(893):                 for name, value in source.items()
enum.py(894):                 if filter(name)]
 --- modulename: socket, funcname: <lambda>
socket.py(93):         lambda C: C.isupper() and C.startswith('AI_'))
enum.py(891):         members = [
enum.py(891):         members = [
enum.py(893):                 for name, value in source.items()
enum.py(894):                 if filter(name)]
 --- modulename: socket, funcname: <lambda>
socket.py(93):         lambda C: C.isupper() and C.startswith('AI_'))
enum.py(891):         members = [
enum.py(891):         members = [
enum.py(893):                 for name, value in source.items()
enum.py(894):                 if filter(name)]
 --- modulename: socket, funcname: <lambda>
socket.py(93):         lambda C: C.isupper() and C.startswith('AI_'))
enum.py(891):         members = [
enum.py(891):         members = [
enum.py(893):                 for name, value in source.items()
enum.py(894):                 if filter(name)]
 --- modulename: socket, funcname: <lambda>
socket.py(93):         lambda C: C.isupper() and C.startswith('AI_'))
enum.py(891):         members = [
enum.py(891):         members = [
enum.py(893):                 for name, value in source.items()
enum.py(894):                 if filter(name)]
 --- modulename: socket, funcname: <lambda>
socket.py(93):         lambda C: C.isupper() and C.startswith('AI_'))
enum.py(891):         members = [
enum.py(891):         members = [
enum.py(893):                 for name, value in source.items()
enum.py(894):                 if filter(name)]
 --- modulename: socket, funcname: <lambda>
socket.py(93):         lambda C: C.isupper() and C.startswith('AI_'))
enum.py(891):         members = [
enum.py(891):         members = [
enum.py(893):                 for name, value in source.items()
enum.py(894):                 if filter(name)]
 --- modulename: socket, funcname: <lambda>
socket.py(93):         lambda C: C.isupper() and C.startswith('AI_'))
enum.py(891):         members = [
enum.py(891):         members = [
enum.py(893):                 for name, value in source.items()
enum.py(894):                 if filter(name)]
 --- modulename: socket, funcname: <lambda>
socket.py(93):         lambda C: C.isupper() and C.startswith('AI_'))
enum.py(891):         members = [
enum.py(891):         members = [
enum.py(893):                 for name, value in source.items()
enum.py(894):                 if filter(name)]
 --- modulename: socket, funcname: <lambda>
socket.py(93):         lambda C: C.isupper() and C.startswith('AI_'))
enum.py(891):         members = [
enum.py(891):         members = [
enum.py(893):                 for name, value in source.items()
enum.py(894):                 if filter(name)]
 --- modulename: socket, funcname: <lambda>
socket.py(93):         lambda C: C.isupper() and C.startswith('AI_'))
enum.py(891):         members = [
enum.py(891):         members = [
enum.py(893):                 for name, value in source.items()
enum.py(894):                 if filter(name)]
 --- modulename: socket, funcname: <lambda>
socket.py(93):         lambda C: C.isupper() and C.startswith('AI_'))
enum.py(891):         members = [
enum.py(891):         members = [
enum.py(893):                 for name, value in source.items()
enum.py(894):                 if filter(name)]
 --- modulename: socket, funcname: <lambda>
socket.py(93):         lambda C: C.isupper() and C.startswith('AI_'))
enum.py(891):         members = [
enum.py(891):         members = [
enum.py(893):                 for name, value in source.items()
enum.py(894):                 if filter(name)]
 --- modulename: socket, funcname: <lambda>
socket.py(93):         lambda C: C.isupper() and C.startswith('AI_'))
enum.py(891):         members = [
enum.py(891):         members = [
enum.py(893):                 for name, value in source.items()
enum.py(894):                 if filter(name)]
 --- modulename: socket, funcname: <lambda>
socket.py(93):         lambda C: C.isupper() and C.startswith('AI_'))
enum.py(891):         members = [
enum.py(891):         members = [
enum.py(893):                 for name, value in source.items()
enum.py(894):                 if filter(name)]
 --- modulename: socket, funcname: <lambda>
socket.py(93):         lambda C: C.isupper() and C.startswith('AI_'))
enum.py(891):         members = [
enum.py(891):         members = [
enum.py(893):                 for name, value in source.items()
enum.py(894):                 if filter(name)]
 --- modulename: socket, funcname: <lambda>
socket.py(93):         lambda C: C.isupper() and C.startswith('AI_'))
enum.py(891):         members = [
enum.py(891):         members = [
enum.py(893):                 for name, value in source.items()
enum.py(894):                 if filter(name)]
 --- modulename: socket, funcname: <lambda>
socket.py(93):         lambda C: C.isupper() and C.startswith('AI_'))
enum.py(891):         members = [
enum.py(891):         members = [
enum.py(893):                 for name, value in source.items()
enum.py(894):                 if filter(name)]
 --- modulename: socket, funcname: <lambda>
socket.py(93):         lambda C: C.isupper() and C.startswith('AI_'))
enum.py(891):         members = [
enum.py(891):         members = [
enum.py(893):                 for name, value in source.items()
enum.py(894):                 if filter(name)]
 --- modulename: socket, funcname: <lambda>
socket.py(93):         lambda C: C.isupper() and C.startswith('AI_'))
enum.py(891):         members = [
enum.py(891):         members = [
enum.py(893):                 for name, value in source.items()
enum.py(894):                 if filter(name)]
 --- modulename: socket, funcname: <lambda>
socket.py(93):         lambda C: C.isupper() and C.startswith('AI_'))
enum.py(891):         members = [
enum.py(891):         members = [
enum.py(893):                 for name, value in source.items()
enum.py(894):                 if filter(name)]
 --- modulename: socket, funcname: <lambda>
socket.py(93):         lambda C: C.isupper() and C.startswith('AI_'))
enum.py(891):         members = [
enum.py(891):         members = [
enum.py(893):                 for name, value in source.items()
enum.py(894):                 if filter(name)]
 --- modulename: socket, funcname: <lambda>
socket.py(93):         lambda C: C.isupper() and C.startswith('AI_'))
enum.py(891):         members = [
enum.py(891):         members = [
enum.py(893):                 for name, value in source.items()
enum.py(894):                 if filter(name)]
 --- modulename: socket, funcname: <lambda>
socket.py(93):         lambda C: C.isupper() and C.startswith('AI_'))
enum.py(891):         members = [
enum.py(891):         members = [
enum.py(893):                 for name, value in source.items()
enum.py(894):                 if filter(name)]
 --- modulename: socket, funcname: <lambda>
socket.py(93):         lambda C: C.isupper() and C.startswith('AI_'))
enum.py(891):         members = [
enum.py(891):         members = [
enum.py(893):                 for name, value in source.items()
enum.py(894):                 if filter(name)]
 --- modulename: socket, funcname: <lambda>
socket.py(93):         lambda C: C.isupper() and C.startswith('AI_'))
enum.py(891):         members = [
enum.py(891):         members = [
enum.py(893):                 for name, value in source.items()
enum.py(894):                 if filter(name)]
 --- modulename: socket, funcname: <lambda>
socket.py(93):         lambda C: C.isupper() and C.startswith('AI_'))
enum.py(891):         members = [
enum.py(891):         members = [
enum.py(893):                 for name, value in source.items()
enum.py(894):                 if filter(name)]
 --- modulename: socket, funcname: <lambda>
socket.py(93):         lambda C: C.isupper() and C.startswith('AI_'))
enum.py(891):         members = [
enum.py(891):         members = [
enum.py(893):                 for name, value in source.items()
enum.py(894):                 if filter(name)]
 --- modulename: socket, funcname: <lambda>
socket.py(93):         lambda C: C.isupper() and C.startswith('AI_'))
enum.py(891):         members = [
enum.py(891):         members = [
enum.py(893):                 for name, value in source.items()
enum.py(894):                 if filter(name)]
 --- modulename: socket, funcname: <lambda>
socket.py(93):         lambda C: C.isupper() and C.startswith('AI_'))
enum.py(891):         members = [
enum.py(891):         members = [
enum.py(893):                 for name, value in source.items()
enum.py(894):                 if filter(name)]
 --- modulename: socket, funcname: <lambda>
socket.py(93):         lambda C: C.isupper() and C.startswith('AI_'))
enum.py(891):         members = [
enum.py(891):         members = [
enum.py(893):                 for name, value in source.items()
enum.py(894):                 if filter(name)]
 --- modulename: socket, funcname: <lambda>
socket.py(93):         lambda C: C.isupper() and C.startswith('AI_'))
enum.py(891):         members = [
enum.py(891):         members = [
enum.py(893):                 for name, value in source.items()
enum.py(894):                 if filter(name)]
 --- modulename: socket, funcname: <lambda>
socket.py(93):         lambda C: C.isupper() and C.startswith('AI_'))
enum.py(891):         members = [
enum.py(891):         members = [
enum.py(893):                 for name, value in source.items()
enum.py(894):                 if filter(name)]
 --- modulename: socket, funcname: <lambda>
socket.py(93):         lambda C: C.isupper() and C.startswith('AI_'))
enum.py(891):         members = [
enum.py(891):         members = [
enum.py(893):                 for name, value in source.items()
enum.py(894):                 if filter(name)]
 --- modulename: socket, funcname: <lambda>
socket.py(93):         lambda C: C.isupper() and C.startswith('AI_'))
enum.py(891):         members = [
enum.py(891):         members = [
enum.py(893):                 for name, value in source.items()
enum.py(894):                 if filter(name)]
 --- modulename: socket, funcname: <lambda>
socket.py(93):         lambda C: C.isupper() and C.startswith('AI_'))
enum.py(891):         members = [
enum.py(891):         members = [
enum.py(893):                 for name, value in source.items()
enum.py(894):                 if filter(name)]
 --- modulename: socket, funcname: <lambda>
socket.py(93):         lambda C: C.isupper() and C.startswith('AI_'))
enum.py(891):         members = [
enum.py(891):         members = [
enum.py(893):                 for name, value in source.items()
enum.py(894):                 if filter(name)]
 --- modulename: socket, funcname: <lambda>
socket.py(93):         lambda C: C.isupper() and C.startswith('AI_'))
enum.py(891):         members = [
enum.py(891):         members = [
enum.py(893):                 for name, value in source.items()
enum.py(894):                 if filter(name)]
 --- modulename: socket, funcname: <lambda>
socket.py(93):         lambda C: C.isupper() and C.startswith('AI_'))
enum.py(891):         members = [
enum.py(891):         members = [
enum.py(893):                 for name, value in source.items()
enum.py(894):                 if filter(name)]
 --- modulename: socket, funcname: <lambda>
socket.py(93):         lambda C: C.isupper() and C.startswith('AI_'))
enum.py(891):         members = [
enum.py(891):         members = [
enum.py(893):                 for name, value in source.items()
enum.py(894):                 if filter(name)]
 --- modulename: socket, funcname: <lambda>
socket.py(93):         lambda C: C.isupper() and C.startswith('AI_'))
enum.py(891):         members = [
enum.py(891):         members = [
enum.py(893):                 for name, value in source.items()
enum.py(894):                 if filter(name)]
 --- modulename: socket, funcname: <lambda>
socket.py(93):         lambda C: C.isupper() and C.startswith('AI_'))
enum.py(891):         members = [
enum.py(891):         members = [
enum.py(893):                 for name, value in source.items()
enum.py(894):                 if filter(name)]
 --- modulename: socket, funcname: <lambda>
socket.py(93):         lambda C: C.isupper() and C.startswith('AI_'))
enum.py(891):         members = [
enum.py(891):         members = [
enum.py(893):                 for name, value in source.items()
enum.py(894):                 if filter(name)]
 --- modulename: socket, funcname: <lambda>
socket.py(93):         lambda C: C.isupper() and C.startswith('AI_'))
enum.py(891):         members = [
enum.py(891):         members = [
enum.py(893):                 for name, value in source.items()
enum.py(894):                 if filter(name)]
 --- modulename: socket, funcname: <lambda>
socket.py(93):         lambda C: C.isupper() and C.startswith('AI_'))
enum.py(891):         members = [
enum.py(891):         members = [
enum.py(893):                 for name, value in source.items()
enum.py(894):                 if filter(name)]
 --- modulename: socket, funcname: <lambda>
socket.py(93):         lambda C: C.isupper() and C.startswith('AI_'))
enum.py(891):         members = [
enum.py(891):         members = [
enum.py(893):                 for name, value in source.items()
enum.py(894):                 if filter(name)]
 --- modulename: socket, funcname: <lambda>
socket.py(93):         lambda C: C.isupper() and C.startswith('AI_'))
enum.py(891):         members = [
enum.py(891):         members = [
enum.py(893):                 for name, value in source.items()
enum.py(894):                 if filter(name)]
 --- modulename: socket, funcname: <lambda>
socket.py(93):         lambda C: C.isupper() and C.startswith('AI_'))
enum.py(891):         members = [
enum.py(891):         members = [
enum.py(893):                 for name, value in source.items()
enum.py(894):                 if filter(name)]
 --- modulename: socket, funcname: <lambda>
socket.py(93):         lambda C: C.isupper() and C.startswith('AI_'))
enum.py(891):         members = [
enum.py(891):         members = [
enum.py(893):                 for name, value in source.items()
enum.py(894):                 if filter(name)]
 --- modulename: socket, funcname: <lambda>
socket.py(93):         lambda C: C.isupper() and C.startswith('AI_'))
enum.py(891):         members = [
enum.py(891):         members = [
enum.py(893):                 for name, value in source.items()
enum.py(894):                 if filter(name)]
 --- modulename: socket, funcname: <lambda>
socket.py(93):         lambda C: C.isupper() and C.startswith('AI_'))
enum.py(891):         members = [
enum.py(891):         members = [
enum.py(893):                 for name, value in source.items()
enum.py(894):                 if filter(name)]
 --- modulename: socket, funcname: <lambda>
socket.py(93):         lambda C: C.isupper() and C.startswith('AI_'))
enum.py(891):         members = [
enum.py(891):         members = [
enum.py(893):                 for name, value in source.items()
enum.py(894):                 if filter(name)]
 --- modulename: socket, funcname: <lambda>
socket.py(93):         lambda C: C.isupper() and C.startswith('AI_'))
enum.py(891):         members = [
enum.py(891):         members = [
enum.py(893):                 for name, value in source.items()
enum.py(894):                 if filter(name)]
 --- modulename: socket, funcname: <lambda>
socket.py(93):         lambda C: C.isupper() and C.startswith('AI_'))
enum.py(891):         members = [
enum.py(891):         members = [
enum.py(893):                 for name, value in source.items()
enum.py(894):                 if filter(name)]
 --- modulename: socket, funcname: <lambda>
socket.py(93):         lambda C: C.isupper() and C.startswith('AI_'))
enum.py(891):         members = [
enum.py(891):         members = [
enum.py(893):                 for name, value in source.items()
enum.py(894):                 if filter(name)]
 --- modulename: socket, funcname: <lambda>
socket.py(93):         lambda C: C.isupper() and C.startswith('AI_'))
enum.py(891):         members = [
enum.py(891):         members = [
enum.py(893):                 for name, value in source.items()
enum.py(894):                 if filter(name)]
 --- modulename: socket, funcname: <lambda>
socket.py(93):         lambda C: C.isupper() and C.startswith('AI_'))
enum.py(891):         members = [
enum.py(891):         members = [
enum.py(893):                 for name, value in source.items()
enum.py(894):                 if filter(name)]
 --- modulename: socket, funcname: <lambda>
socket.py(93):         lambda C: C.isupper() and C.startswith('AI_'))
enum.py(891):         members = [
enum.py(891):         members = [
enum.py(893):                 for name, value in source.items()
enum.py(894):                 if filter(name)]
 --- modulename: socket, funcname: <lambda>
socket.py(93):         lambda C: C.isupper() and C.startswith('AI_'))
enum.py(891):         members = [
enum.py(891):         members = [
enum.py(893):                 for name, value in source.items()
enum.py(894):                 if filter(name)]
 --- modulename: socket, funcname: <lambda>
socket.py(93):         lambda C: C.isupper() and C.startswith('AI_'))
enum.py(891):         members = [
enum.py(891):         members = [
enum.py(893):                 for name, value in source.items()
enum.py(894):                 if filter(name)]
 --- modulename: socket, funcname: <lambda>
socket.py(93):         lambda C: C.isupper() and C.startswith('AI_'))
enum.py(891):         members = [
enum.py(891):         members = [
enum.py(893):                 for name, value in source.items()
enum.py(894):                 if filter(name)]
 --- modulename: socket, funcname: <lambda>
socket.py(93):         lambda C: C.isupper() and C.startswith('AI_'))
enum.py(891):         members = [
enum.py(891):         members = [
enum.py(893):                 for name, value in source.items()
enum.py(894):                 if filter(name)]
 --- modulename: socket, funcname: <lambda>
socket.py(93):         lambda C: C.isupper() and C.startswith('AI_'))
enum.py(891):         members = [
enum.py(891):         members = [
enum.py(893):                 for name, value in source.items()
enum.py(894):                 if filter(name)]
 --- modulename: socket, funcname: <lambda>
socket.py(93):         lambda C: C.isupper() and C.startswith('AI_'))
enum.py(891):         members = [
enum.py(891):         members = [
enum.py(893):                 for name, value in source.items()
enum.py(894):                 if filter(name)]
 --- modulename: socket, funcname: <lambda>
socket.py(93):         lambda C: C.isupper() and C.startswith('AI_'))
enum.py(891):         members = [
enum.py(891):         members = [
enum.py(893):                 for name, value in source.items()
enum.py(894):                 if filter(name)]
 --- modulename: socket, funcname: <lambda>
socket.py(93):         lambda C: C.isupper() and C.startswith('AI_'))
enum.py(891):         members = [
enum.py(891):         members = [
enum.py(893):                 for name, value in source.items()
enum.py(894):                 if filter(name)]
 --- modulename: socket, funcname: <lambda>
socket.py(93):         lambda C: C.isupper() and C.startswith('AI_'))
enum.py(891):         members = [
enum.py(891):         members = [
enum.py(893):                 for name, value in source.items()
enum.py(894):                 if filter(name)]
 --- modulename: socket, funcname: <lambda>
socket.py(93):         lambda C: C.isupper() and C.startswith('AI_'))
enum.py(891):         members = [
enum.py(891):         members = [
enum.py(893):                 for name, value in source.items()
enum.py(894):                 if filter(name)]
 --- modulename: socket, funcname: <lambda>
socket.py(93):         lambda C: C.isupper() and C.startswith('AI_'))
enum.py(891):         members = [
enum.py(891):         members = [
enum.py(893):                 for name, value in source.items()
enum.py(894):                 if filter(name)]
 --- modulename: socket, funcname: <lambda>
socket.py(93):         lambda C: C.isupper() and C.startswith('AI_'))
enum.py(891):         members = [
enum.py(891):         members = [
enum.py(893):                 for name, value in source.items()
enum.py(894):                 if filter(name)]
 --- modulename: socket, funcname: <lambda>
socket.py(93):         lambda C: C.isupper() and C.startswith('AI_'))
enum.py(891):         members = [
enum.py(891):         members = [
enum.py(893):                 for name, value in source.items()
enum.py(894):                 if filter(name)]
 --- modulename: socket, funcname: <lambda>
socket.py(93):         lambda C: C.isupper() and C.startswith('AI_'))
enum.py(891):         members = [
enum.py(891):         members = [
enum.py(893):                 for name, value in source.items()
enum.py(894):                 if filter(name)]
 --- modulename: socket, funcname: <lambda>
socket.py(93):         lambda C: C.isupper() and C.startswith('AI_'))
enum.py(891):         members = [
enum.py(891):         members = [
enum.py(893):                 for name, value in source.items()
enum.py(894):                 if filter(name)]
 --- modulename: socket, funcname: <lambda>
socket.py(93):         lambda C: C.isupper() and C.startswith('AI_'))
enum.py(891):         members = [
enum.py(891):         members = [
enum.py(893):                 for name, value in source.items()
enum.py(894):                 if filter(name)]
 --- modulename: socket, funcname: <lambda>
socket.py(93):         lambda C: C.isupper() and C.startswith('AI_'))
enum.py(891):         members = [
enum.py(891):         members = [
enum.py(893):                 for name, value in source.items()
enum.py(894):                 if filter(name)]
 --- modulename: socket, funcname: <lambda>
socket.py(93):         lambda C: C.isupper() and C.startswith('AI_'))
enum.py(891):         members = [
enum.py(891):         members = [
enum.py(893):                 for name, value in source.items()
enum.py(894):                 if filter(name)]
 --- modulename: socket, funcname: <lambda>
socket.py(93):         lambda C: C.isupper() and C.startswith('AI_'))
enum.py(891):         members = [
enum.py(891):         members = [
enum.py(893):                 for name, value in source.items()
enum.py(894):                 if filter(name)]
 --- modulename: socket, funcname: <lambda>
socket.py(93):         lambda C: C.isupper() and C.startswith('AI_'))
enum.py(891):         members = [
enum.py(891):         members = [
enum.py(893):                 for name, value in source.items()
enum.py(894):                 if filter(name)]
 --- modulename: socket, funcname: <lambda>
socket.py(93):         lambda C: C.isupper() and C.startswith('AI_'))
enum.py(891):         members = [
enum.py(891):         members = [
enum.py(893):                 for name, value in source.items()
enum.py(894):                 if filter(name)]
 --- modulename: socket, funcname: <lambda>
socket.py(93):         lambda C: C.isupper() and C.startswith('AI_'))
enum.py(891):         members = [
enum.py(891):         members = [
enum.py(893):                 for name, value in source.items()
enum.py(894):                 if filter(name)]
 --- modulename: socket, funcname: <lambda>
socket.py(93):         lambda C: C.isupper() and C.startswith('AI_'))
enum.py(891):         members = [
enum.py(891):         members = [
enum.py(893):                 for name, value in source.items()
enum.py(894):                 if filter(name)]
 --- modulename: socket, funcname: <lambda>
socket.py(93):         lambda C: C.isupper() and C.startswith('AI_'))
enum.py(891):         members = [
enum.py(891):         members = [
enum.py(893):                 for name, value in source.items()
enum.py(894):                 if filter(name)]
 --- modulename: socket, funcname: <lambda>
socket.py(93):         lambda C: C.isupper() and C.startswith('AI_'))
enum.py(891):         members = [
enum.py(891):         members = [
enum.py(893):                 for name, value in source.items()
enum.py(894):                 if filter(name)]
 --- modulename: socket, funcname: <lambda>
socket.py(93):         lambda C: C.isupper() and C.startswith('AI_'))
enum.py(891):         members = [
enum.py(891):         members = [
enum.py(893):                 for name, value in source.items()
enum.py(894):                 if filter(name)]
 --- modulename: socket, funcname: <lambda>
socket.py(93):         lambda C: C.isupper() and C.startswith('AI_'))
enum.py(891):         members = [
enum.py(891):         members = [
enum.py(893):                 for name, value in source.items()
enum.py(894):                 if filter(name)]
 --- modulename: socket, funcname: <lambda>
socket.py(93):         lambda C: C.isupper() and C.startswith('AI_'))
enum.py(891):         members = [
enum.py(891):         members = [
enum.py(893):                 for name, value in source.items()
enum.py(894):                 if filter(name)]
 --- modulename: socket, funcname: <lambda>
socket.py(93):         lambda C: C.isupper() and C.startswith('AI_'))
enum.py(891):         members = [
enum.py(891):         members = [
enum.py(893):                 for name, value in source.items()
enum.py(894):                 if filter(name)]
 --- modulename: socket, funcname: <lambda>
socket.py(93):         lambda C: C.isupper() and C.startswith('AI_'))
enum.py(891):         members = [
enum.py(891):         members = [
enum.py(893):                 for name, value in source.items()
enum.py(894):                 if filter(name)]
 --- modulename: socket, funcname: <lambda>
socket.py(93):         lambda C: C.isupper() and C.startswith('AI_'))
enum.py(891):         members = [
enum.py(891):         members = [
enum.py(893):                 for name, value in source.items()
enum.py(894):                 if filter(name)]
 --- modulename: socket, funcname: <lambda>
socket.py(93):         lambda C: C.isupper() and C.startswith('AI_'))
enum.py(891):         members = [
enum.py(891):         members = [
enum.py(893):                 for name, value in source.items()
enum.py(894):                 if filter(name)]
 --- modulename: socket, funcname: <lambda>
socket.py(93):         lambda C: C.isupper() and C.startswith('AI_'))
enum.py(891):         members = [
enum.py(891):         members = [
enum.py(893):                 for name, value in source.items()
enum.py(894):                 if filter(name)]
 --- modulename: socket, funcname: <lambda>
socket.py(93):         lambda C: C.isupper() and C.startswith('AI_'))
enum.py(891):         members = [
enum.py(891):         members = [
enum.py(893):                 for name, value in source.items()
enum.py(894):                 if filter(name)]
 --- modulename: socket, funcname: <lambda>
socket.py(93):         lambda C: C.isupper() and C.startswith('AI_'))
enum.py(891):         members = [
enum.py(891):         members = [
enum.py(893):                 for name, value in source.items()
enum.py(894):                 if filter(name)]
 --- modulename: socket, funcname: <lambda>
socket.py(93):         lambda C: C.isupper() and C.startswith('AI_'))
enum.py(891):         members = [
enum.py(891):         members = [
enum.py(893):                 for name, value in source.items()
enum.py(894):                 if filter(name)]
 --- modulename: socket, funcname: <lambda>
socket.py(93):         lambda C: C.isupper() and C.startswith('AI_'))
enum.py(891):         members = [
enum.py(891):         members = [
enum.py(893):                 for name, value in source.items()
enum.py(894):                 if filter(name)]
 --- modulename: socket, funcname: <lambda>
socket.py(93):         lambda C: C.isupper() and C.startswith('AI_'))
enum.py(891):         members = [
enum.py(891):         members = [
enum.py(893):                 for name, value in source.items()
enum.py(894):                 if filter(name)]
 --- modulename: socket, funcname: <lambda>
socket.py(93):         lambda C: C.isupper() and C.startswith('AI_'))
enum.py(891):         members = [
enum.py(891):         members = [
enum.py(893):                 for name, value in source.items()
enum.py(894):                 if filter(name)]
 --- modulename: socket, funcname: <lambda>
socket.py(93):         lambda C: C.isupper() and C.startswith('AI_'))
enum.py(891):         members = [
enum.py(891):         members = [
enum.py(893):                 for name, value in source.items()
enum.py(894):                 if filter(name)]
 --- modulename: socket, funcname: <lambda>
socket.py(93):         lambda C: C.isupper() and C.startswith('AI_'))
enum.py(891):         members = [
enum.py(891):         members = [
enum.py(893):                 for name, value in source.items()
enum.py(894):                 if filter(name)]
 --- modulename: socket, funcname: <lambda>
socket.py(93):         lambda C: C.isupper() and C.startswith('AI_'))
enum.py(891):         members = [
enum.py(891):         members = [
enum.py(893):                 for name, value in source.items()
enum.py(894):                 if filter(name)]
 --- modulename: socket, funcname: <lambda>
socket.py(93):         lambda C: C.isupper() and C.startswith('AI_'))
enum.py(891):         members = [
enum.py(891):         members = [
enum.py(893):                 for name, value in source.items()
enum.py(894):                 if filter(name)]
 --- modulename: socket, funcname: <lambda>
socket.py(93):         lambda C: C.isupper() and C.startswith('AI_'))
enum.py(891):         members = [
enum.py(891):         members = [
enum.py(893):                 for name, value in source.items()
enum.py(894):                 if filter(name)]
 --- modulename: socket, funcname: <lambda>
socket.py(93):         lambda C: C.isupper() and C.startswith('AI_'))
enum.py(891):         members = [
enum.py(891):         members = [
enum.py(893):                 for name, value in source.items()
enum.py(894):                 if filter(name)]
 --- modulename: socket, funcname: <lambda>
socket.py(93):         lambda C: C.isupper() and C.startswith('AI_'))
enum.py(891):         members = [
enum.py(891):         members = [
enum.py(893):                 for name, value in source.items()
enum.py(894):                 if filter(name)]
 --- modulename: socket, funcname: <lambda>
socket.py(93):         lambda C: C.isupper() and C.startswith('AI_'))
enum.py(891):         members = [
enum.py(891):         members = [
enum.py(893):                 for name, value in source.items()
enum.py(894):                 if filter(name)]
 --- modulename: socket, funcname: <lambda>
socket.py(93):         lambda C: C.isupper() and C.startswith('AI_'))
enum.py(891):         members = [
enum.py(891):         members = [
enum.py(893):                 for name, value in source.items()
enum.py(894):                 if filter(name)]
 --- modulename: socket, funcname: <lambda>
socket.py(93):         lambda C: C.isupper() and C.startswith('AI_'))
enum.py(891):         members = [
enum.py(891):         members = [
enum.py(893):                 for name, value in source.items()
enum.py(894):                 if filter(name)]
 --- modulename: socket, funcname: <lambda>
socket.py(93):         lambda C: C.isupper() and C.startswith('AI_'))
enum.py(891):         members = [
enum.py(892):                 (name, value)
enum.py(891):         members = [
enum.py(891):         members = [
enum.py(893):                 for name, value in source.items()
enum.py(894):                 if filter(name)]
 --- modulename: socket, funcname: <lambda>
socket.py(93):         lambda C: C.isupper() and C.startswith('AI_'))
enum.py(891):         members = [
enum.py(892):                 (name, value)
enum.py(891):         members = [
enum.py(891):         members = [
enum.py(893):                 for name, value in source.items()
enum.py(894):                 if filter(name)]
 --- modulename: socket, funcname: <lambda>
socket.py(93):         lambda C: C.isupper() and C.startswith('AI_'))
enum.py(891):         members = [
enum.py(892):                 (name, value)
enum.py(891):         members = [
enum.py(891):         members = [
enum.py(893):                 for name, value in source.items()
enum.py(894):                 if filter(name)]
 --- modulename: socket, funcname: <lambda>
socket.py(93):         lambda C: C.isupper() and C.startswith('AI_'))
enum.py(891):         members = [
enum.py(892):                 (name, value)
enum.py(891):         members = [
enum.py(891):         members = [
enum.py(893):                 for name, value in source.items()
enum.py(894):                 if filter(name)]
 --- modulename: socket, funcname: <lambda>
socket.py(93):         lambda C: C.isupper() and C.startswith('AI_'))
enum.py(891):         members = [
enum.py(892):                 (name, value)
enum.py(891):         members = [
enum.py(891):         members = [
enum.py(893):                 for name, value in source.items()
enum.py(894):                 if filter(name)]
 --- modulename: socket, funcname: <lambda>
socket.py(93):         lambda C: C.isupper() and C.startswith('AI_'))
enum.py(891):         members = [
enum.py(892):                 (name, value)
enum.py(891):         members = [
enum.py(891):         members = [
enum.py(893):                 for name, value in source.items()
enum.py(894):                 if filter(name)]
 --- modulename: socket, funcname: <lambda>
socket.py(93):         lambda C: C.isupper() and C.startswith('AI_'))
enum.py(891):         members = [
enum.py(892):                 (name, value)
enum.py(891):         members = [
enum.py(891):         members = [
enum.py(893):                 for name, value in source.items()
enum.py(894):                 if filter(name)]
 --- modulename: socket, funcname: <lambda>
socket.py(93):         lambda C: C.isupper() and C.startswith('AI_'))
enum.py(891):         members = [
enum.py(891):         members = [
enum.py(893):                 for name, value in source.items()
enum.py(894):                 if filter(name)]
 --- modulename: socket, funcname: <lambda>
socket.py(93):         lambda C: C.isupper() and C.startswith('AI_'))
enum.py(891):         members = [
enum.py(891):         members = [
enum.py(893):                 for name, value in source.items()
enum.py(894):                 if filter(name)]
 --- modulename: socket, funcname: <lambda>
socket.py(93):         lambda C: C.isupper() and C.startswith('AI_'))
enum.py(891):         members = [
enum.py(891):         members = [
enum.py(893):                 for name, value in source.items()
enum.py(894):                 if filter(name)]
 --- modulename: socket, funcname: <lambda>
socket.py(93):         lambda C: C.isupper() and C.startswith('AI_'))
enum.py(891):         members = [
enum.py(891):         members = [
enum.py(893):                 for name, value in source.items()
enum.py(894):                 if filter(name)]
 --- modulename: socket, funcname: <lambda>
socket.py(93):         lambda C: C.isupper() and C.startswith('AI_'))
enum.py(891):         members = [
enum.py(891):         members = [
enum.py(893):                 for name, value in source.items()
enum.py(894):                 if filter(name)]
 --- modulename: socket, funcname: <lambda>
socket.py(93):         lambda C: C.isupper() and C.startswith('AI_'))
enum.py(891):         members = [
enum.py(891):         members = [
enum.py(893):                 for name, value in source.items()
enum.py(894):                 if filter(name)]
 --- modulename: socket, funcname: <lambda>
socket.py(93):         lambda C: C.isupper() and C.startswith('AI_'))
enum.py(891):         members = [
enum.py(891):         members = [
enum.py(893):                 for name, value in source.items()
enum.py(894):                 if filter(name)]
 --- modulename: socket, funcname: <lambda>
socket.py(93):         lambda C: C.isupper() and C.startswith('AI_'))
enum.py(891):         members = [
enum.py(891):         members = [
enum.py(893):                 for name, value in source.items()
enum.py(894):                 if filter(name)]
 --- modulename: socket, funcname: <lambda>
socket.py(93):         lambda C: C.isupper() and C.startswith('AI_'))
enum.py(891):         members = [
enum.py(891):         members = [
enum.py(893):                 for name, value in source.items()
enum.py(894):                 if filter(name)]
 --- modulename: socket, funcname: <lambda>
socket.py(93):         lambda C: C.isupper() and C.startswith('AI_'))
enum.py(891):         members = [
enum.py(891):         members = [
enum.py(893):                 for name, value in source.items()
enum.py(894):                 if filter(name)]
 --- modulename: socket, funcname: <lambda>
socket.py(93):         lambda C: C.isupper() and C.startswith('AI_'))
enum.py(891):         members = [
enum.py(891):         members = [
enum.py(893):                 for name, value in source.items()
enum.py(894):                 if filter(name)]
 --- modulename: socket, funcname: <lambda>
socket.py(93):         lambda C: C.isupper() and C.startswith('AI_'))
enum.py(891):         members = [
enum.py(891):         members = [
enum.py(893):                 for name, value in source.items()
enum.py(894):                 if filter(name)]
 --- modulename: socket, funcname: <lambda>
socket.py(93):         lambda C: C.isupper() and C.startswith('AI_'))
enum.py(891):         members = [
enum.py(891):         members = [
enum.py(893):                 for name, value in source.items()
enum.py(894):                 if filter(name)]
 --- modulename: socket, funcname: <lambda>
socket.py(93):         lambda C: C.isupper() and C.startswith('AI_'))
enum.py(891):         members = [
enum.py(891):         members = [
enum.py(893):                 for name, value in source.items()
enum.py(894):                 if filter(name)]
 --- modulename: socket, funcname: <lambda>
socket.py(93):         lambda C: C.isupper() and C.startswith('AI_'))
enum.py(891):         members = [
enum.py(891):         members = [
enum.py(893):                 for name, value in source.items()
enum.py(894):                 if filter(name)]
 --- modulename: socket, funcname: <lambda>
socket.py(93):         lambda C: C.isupper() and C.startswith('AI_'))
enum.py(891):         members = [
enum.py(891):         members = [
enum.py(893):                 for name, value in source.items()
enum.py(894):                 if filter(name)]
 --- modulename: socket, funcname: <lambda>
socket.py(93):         lambda C: C.isupper() and C.startswith('AI_'))
enum.py(891):         members = [
enum.py(891):         members = [
enum.py(893):                 for name, value in source.items()
enum.py(894):                 if filter(name)]
 --- modulename: socket, funcname: <lambda>
socket.py(93):         lambda C: C.isupper() and C.startswith('AI_'))
enum.py(891):         members = [
enum.py(891):         members = [
enum.py(893):                 for name, value in source.items()
enum.py(894):                 if filter(name)]
 --- modulename: socket, funcname: <lambda>
socket.py(93):         lambda C: C.isupper() and C.startswith('AI_'))
enum.py(891):         members = [
enum.py(891):         members = [
enum.py(893):                 for name, value in source.items()
enum.py(894):                 if filter(name)]
 --- modulename: socket, funcname: <lambda>
socket.py(93):         lambda C: C.isupper() and C.startswith('AI_'))
enum.py(891):         members = [
enum.py(891):         members = [
enum.py(893):                 for name, value in source.items()
enum.py(894):                 if filter(name)]
 --- modulename: socket, funcname: <lambda>
socket.py(93):         lambda C: C.isupper() and C.startswith('AI_'))
enum.py(891):         members = [
enum.py(891):         members = [
enum.py(893):                 for name, value in source.items()
enum.py(894):                 if filter(name)]
 --- modulename: socket, funcname: <lambda>
socket.py(93):         lambda C: C.isupper() and C.startswith('AI_'))
enum.py(891):         members = [
enum.py(891):         members = [
enum.py(893):                 for name, value in source.items()
enum.py(894):                 if filter(name)]
 --- modulename: socket, funcname: <lambda>
socket.py(93):         lambda C: C.isupper() and C.startswith('AI_'))
enum.py(891):         members = [
enum.py(891):         members = [
enum.py(893):                 for name, value in source.items()
enum.py(894):                 if filter(name)]
 --- modulename: socket, funcname: <lambda>
socket.py(93):         lambda C: C.isupper() and C.startswith('AI_'))
enum.py(891):         members = [
enum.py(891):         members = [
enum.py(893):                 for name, value in source.items()
enum.py(894):                 if filter(name)]
 --- modulename: socket, funcname: <lambda>
socket.py(93):         lambda C: C.isupper() and C.startswith('AI_'))
enum.py(891):         members = [
enum.py(891):         members = [
enum.py(893):                 for name, value in source.items()
enum.py(894):                 if filter(name)]
 --- modulename: socket, funcname: <lambda>
socket.py(93):         lambda C: C.isupper() and C.startswith('AI_'))
enum.py(891):         members = [
enum.py(891):         members = [
enum.py(893):                 for name, value in source.items()
enum.py(894):                 if filter(name)]
 --- modulename: socket, funcname: <lambda>
socket.py(93):         lambda C: C.isupper() and C.startswith('AI_'))
enum.py(891):         members = [
enum.py(891):         members = [
enum.py(893):                 for name, value in source.items()
enum.py(894):                 if filter(name)]
 --- modulename: socket, funcname: <lambda>
socket.py(93):         lambda C: C.isupper() and C.startswith('AI_'))
enum.py(891):         members = [
enum.py(891):         members = [
enum.py(893):                 for name, value in source.items()
enum.py(894):                 if filter(name)]
 --- modulename: socket, funcname: <lambda>
socket.py(93):         lambda C: C.isupper() and C.startswith('AI_'))
enum.py(891):         members = [
enum.py(891):         members = [
enum.py(893):                 for name, value in source.items()
enum.py(894):                 if filter(name)]
 --- modulename: socket, funcname: <lambda>
socket.py(93):         lambda C: C.isupper() and C.startswith('AI_'))
enum.py(891):         members = [
enum.py(891):         members = [
enum.py(893):                 for name, value in source.items()
enum.py(894):                 if filter(name)]
 --- modulename: socket, funcname: <lambda>
socket.py(93):         lambda C: C.isupper() and C.startswith('AI_'))
enum.py(891):         members = [
enum.py(891):         members = [
enum.py(895):         try:
enum.py(897):             members.sort(key=lambda t: (t[1], t[0]))
 --- modulename: enum, funcname: <lambda>
enum.py(897):             members.sort(key=lambda t: (t[1], t[0]))
 --- modulename: enum, funcname: <lambda>
enum.py(897):             members.sort(key=lambda t: (t[1], t[0]))
 --- modulename: enum, funcname: <lambda>
enum.py(897):             members.sort(key=lambda t: (t[1], t[0]))
 --- modulename: enum, funcname: <lambda>
enum.py(897):             members.sort(key=lambda t: (t[1], t[0]))
 --- modulename: enum, funcname: <lambda>
enum.py(897):             members.sort(key=lambda t: (t[1], t[0]))
 --- modulename: enum, funcname: <lambda>
enum.py(897):             members.sort(key=lambda t: (t[1], t[0]))
 --- modulename: enum, funcname: <lambda>
enum.py(897):             members.sort(key=lambda t: (t[1], t[0]))
enum.py(901):         body = {t[0]: t[1] for t in members}
 --- modulename: enum, funcname: <dictcomp>
enum.py(901):         body = {t[0]: t[1] for t in members}
enum.py(901):         body = {t[0]: t[1] for t in members}
enum.py(901):         body = {t[0]: t[1] for t in members}
enum.py(901):         body = {t[0]: t[1] for t in members}
enum.py(901):         body = {t[0]: t[1] for t in members}
enum.py(901):         body = {t[0]: t[1] for t in members}
enum.py(901):         body = {t[0]: t[1] for t in members}
enum.py(901):         body = {t[0]: t[1] for t in members}
enum.py(902):         body['__module__'] = module
enum.py(903):         tmp_cls = type(name, (object, ), body)
enum.py(904):         cls = _simple_enum(etype=cls, boundary=boundary or KEEP)(tmp_cls)
 --- modulename: enum, funcname: _simple_enum
enum.py(1625):     def convert_class(cls):
enum.py(1769):     return convert_class
 --- modulename: enum, funcname: convert_class
enum.py(1627):         cls_name = cls.__name__
enum.py(1628):         if use_args is None:
enum.py(1629):             use_args = etype._use_args_
enum.py(1630):         __new__ = cls.__dict__.get('__new__')
enum.py(1631):         if __new__ is not None:
enum.py(1634):             new_member = etype._member_type_.__new__
enum.py(1635):         attrs = {}
enum.py(1636):         body = {}
enum.py(1637):         if __new__ is not None:
enum.py(1639):         body['_new_member_'] = new_member
enum.py(1640):         body['_use_args_'] = use_args
enum.py(1641):         body['_generate_next_value_'] = gnv = etype._generate_next_value_
enum.py(1642):         body['_member_names_'] = member_names = []
enum.py(1643):         body['_member_map_'] = member_map = {}
enum.py(1644):         body['_value2member_map_'] = value2member_map = {}
enum.py(1645):         body['_unhashable_values_'] = []
enum.py(1646):         body['_member_type_'] = member_type = etype._member_type_
enum.py(1647):         body['_value_repr_'] = etype._value_repr_
enum.py(1648):         if issubclass(etype, Flag):
enum.py(1649):             body['_boundary_'] = boundary or etype._boundary_
enum.py(1650):             body['_flag_mask_'] = None
enum.py(1651):             body['_all_bits_'] = None
enum.py(1652):             body['_inverted_'] = None
enum.py(1653):             body['__or__'] = Flag.__or__
enum.py(1654):             body['__xor__'] = Flag.__xor__
enum.py(1655):             body['__and__'] = Flag.__and__
enum.py(1656):             body['__ror__'] = Flag.__ror__
enum.py(1657):             body['__rxor__'] = Flag.__rxor__
enum.py(1658):             body['__rand__'] = Flag.__rand__
enum.py(1659):             body['__invert__'] = Flag.__invert__
enum.py(1660):         for name, obj in cls.__dict__.items():
enum.py(1661):             if name in ('__dict__', '__weakref__'):
enum.py(1663):             if _is_dunder(name) or _is_private(cls_name, name) or _is_sunder(name) or _is_descriptor(obj):
 --- modulename: enum, funcname: _is_dunder
enum.py(52):             len(name) > 4 and
enum.py(53):             name[:2] == name[-2:] == '__' and
enum.py(52):             len(name) > 4 and
enum.py(51):     return (
 --- modulename: enum, funcname: _is_private
enum.py(78): def _is_private(cls_name, name):
enum.py(80):     pattern = '_%s__' % (cls_name, )
enum.py(81):     pat_len = len(pattern)
enum.py(83):             len(name) > pat_len
enum.py(82):     if (
enum.py(90):         return False
 --- modulename: enum, funcname: _is_sunder
enum.py(63):             len(name) > 2 and
enum.py(64):             name[0] == name[-1] == '_' and
enum.py(63):             len(name) > 2 and
enum.py(62):     return (
 --- modulename: enum, funcname: _is_descriptor
enum.py(42):             hasattr(obj, '__get__') or
enum.py(43):             hasattr(obj, '__set__') or
enum.py(42):             hasattr(obj, '__get__') or
enum.py(44):             hasattr(obj, '__delete__')
enum.py(41):     return (
enum.py(1666):                 attrs[name] = obj
enum.py(1660):         for name, obj in cls.__dict__.items():
enum.py(1661):             if name in ('__dict__', '__weakref__'):
enum.py(1663):             if _is_dunder(name) or _is_private(cls_name, name) or _is_sunder(name) or _is_descriptor(obj):
 --- modulename: enum, funcname: _is_dunder
enum.py(52):             len(name) > 4 and
enum.py(53):             name[:2] == name[-2:] == '__' and
enum.py(52):             len(name) > 4 and
enum.py(51):     return (
 --- modulename: enum, funcname: _is_private
enum.py(78): def _is_private(cls_name, name):
enum.py(80):     pattern = '_%s__' % (cls_name, )
enum.py(81):     pat_len = len(pattern)
enum.py(83):             len(name) > pat_len
enum.py(82):     if (
enum.py(90):         return False
 --- modulename: enum, funcname: _is_sunder
enum.py(63):             len(name) > 2 and
enum.py(64):             name[0] == name[-1] == '_' and
enum.py(63):             len(name) > 2 and
enum.py(62):     return (
 --- modulename: enum, funcname: _is_descriptor
enum.py(42):             hasattr(obj, '__get__') or
enum.py(43):             hasattr(obj, '__set__') or
enum.py(42):             hasattr(obj, '__get__') or
enum.py(44):             hasattr(obj, '__delete__')
enum.py(41):     return (
enum.py(1666):                 attrs[name] = obj
enum.py(1660):         for name, obj in cls.__dict__.items():
enum.py(1661):             if name in ('__dict__', '__weakref__'):
enum.py(1663):             if _is_dunder(name) or _is_private(cls_name, name) or _is_sunder(name) or _is_descriptor(obj):
 --- modulename: enum, funcname: _is_dunder
enum.py(52):             len(name) > 4 and
enum.py(53):             name[:2] == name[-2:] == '__' and
enum.py(52):             len(name) > 4 and
enum.py(51):     return (
 --- modulename: enum, funcname: _is_private
enum.py(78): def _is_private(cls_name, name):
enum.py(80):     pattern = '_%s__' % (cls_name, )
enum.py(81):     pat_len = len(pattern)
enum.py(83):             len(name) > pat_len
enum.py(82):     if (
enum.py(90):         return False
 --- modulename: enum, funcname: _is_sunder
enum.py(63):             len(name) > 2 and
enum.py(64):             name[0] == name[-1] == '_' and
enum.py(63):             len(name) > 2 and
enum.py(62):     return (
 --- modulename: enum, funcname: _is_descriptor
enum.py(42):             hasattr(obj, '__get__') or
enum.py(43):             hasattr(obj, '__set__') or
enum.py(42):             hasattr(obj, '__get__') or
enum.py(44):             hasattr(obj, '__delete__')
enum.py(41):     return (
enum.py(1666):                 attrs[name] = obj
enum.py(1660):         for name, obj in cls.__dict__.items():
enum.py(1661):             if name in ('__dict__', '__weakref__'):
enum.py(1663):             if _is_dunder(name) or _is_private(cls_name, name) or _is_sunder(name) or _is_descriptor(obj):
 --- modulename: enum, funcname: _is_dunder
enum.py(52):             len(name) > 4 and
enum.py(53):             name[:2] == name[-2:] == '__' and
enum.py(52):             len(name) > 4 and
enum.py(51):     return (
 --- modulename: enum, funcname: _is_private
enum.py(78): def _is_private(cls_name, name):
enum.py(80):     pattern = '_%s__' % (cls_name, )
enum.py(81):     pat_len = len(pattern)
enum.py(83):             len(name) > pat_len
enum.py(82):     if (
enum.py(90):         return False
 --- modulename: enum, funcname: _is_sunder
enum.py(63):             len(name) > 2 and
enum.py(64):             name[0] == name[-1] == '_' and
enum.py(63):             len(name) > 2 and
enum.py(62):     return (
 --- modulename: enum, funcname: _is_descriptor
enum.py(42):             hasattr(obj, '__get__') or
enum.py(43):             hasattr(obj, '__set__') or
enum.py(42):             hasattr(obj, '__get__') or
enum.py(44):             hasattr(obj, '__delete__')
enum.py(41):     return (
enum.py(1666):                 attrs[name] = obj
enum.py(1660):         for name, obj in cls.__dict__.items():
enum.py(1661):             if name in ('__dict__', '__weakref__'):
enum.py(1663):             if _is_dunder(name) or _is_private(cls_name, name) or _is_sunder(name) or _is_descriptor(obj):
 --- modulename: enum, funcname: _is_dunder
enum.py(52):             len(name) > 4 and
enum.py(53):             name[:2] == name[-2:] == '__' and
enum.py(52):             len(name) > 4 and
enum.py(51):     return (
 --- modulename: enum, funcname: _is_private
enum.py(78): def _is_private(cls_name, name):
enum.py(80):     pattern = '_%s__' % (cls_name, )
enum.py(81):     pat_len = len(pattern)
enum.py(83):             len(name) > pat_len
enum.py(82):     if (
enum.py(90):         return False
 --- modulename: enum, funcname: _is_sunder
enum.py(63):             len(name) > 2 and
enum.py(64):             name[0] == name[-1] == '_' and
enum.py(63):             len(name) > 2 and
enum.py(62):     return (
 --- modulename: enum, funcname: _is_descriptor
enum.py(42):             hasattr(obj, '__get__') or
enum.py(43):             hasattr(obj, '__set__') or
enum.py(42):             hasattr(obj, '__get__') or
enum.py(44):             hasattr(obj, '__delete__')
enum.py(41):     return (
enum.py(1666):                 attrs[name] = obj
enum.py(1660):         for name, obj in cls.__dict__.items():
enum.py(1661):             if name in ('__dict__', '__weakref__'):
enum.py(1663):             if _is_dunder(name) or _is_private(cls_name, name) or _is_sunder(name) or _is_descriptor(obj):
 --- modulename: enum, funcname: _is_dunder
enum.py(52):             len(name) > 4 and
enum.py(53):             name[:2] == name[-2:] == '__' and
enum.py(52):             len(name) > 4 and
enum.py(51):     return (
 --- modulename: enum, funcname: _is_private
enum.py(78): def _is_private(cls_name, name):
enum.py(80):     pattern = '_%s__' % (cls_name, )
enum.py(81):     pat_len = len(pattern)
enum.py(83):             len(name) > pat_len
enum.py(82):     if (
enum.py(90):         return False
 --- modulename: enum, funcname: _is_sunder
enum.py(63):             len(name) > 2 and
enum.py(64):             name[0] == name[-1] == '_' and
enum.py(63):             len(name) > 2 and
enum.py(62):     return (
 --- modulename: enum, funcname: _is_descriptor
enum.py(42):             hasattr(obj, '__get__') or
enum.py(43):             hasattr(obj, '__set__') or
enum.py(42):             hasattr(obj, '__get__') or
enum.py(44):             hasattr(obj, '__delete__')
enum.py(41):     return (
enum.py(1666):                 attrs[name] = obj
enum.py(1660):         for name, obj in cls.__dict__.items():
enum.py(1661):             if name in ('__dict__', '__weakref__'):
enum.py(1663):             if _is_dunder(name) or _is_private(cls_name, name) or _is_sunder(name) or _is_descriptor(obj):
 --- modulename: enum, funcname: _is_dunder
enum.py(52):             len(name) > 4 and
enum.py(53):             name[:2] == name[-2:] == '__' and
enum.py(52):             len(name) > 4 and
enum.py(51):     return (
 --- modulename: enum, funcname: _is_private
enum.py(78): def _is_private(cls_name, name):
enum.py(80):     pattern = '_%s__' % (cls_name, )
enum.py(81):     pat_len = len(pattern)
enum.py(83):             len(name) > pat_len
enum.py(82):     if (
enum.py(90):         return False
 --- modulename: enum, funcname: _is_sunder
enum.py(63):             len(name) > 2 and
enum.py(64):             name[0] == name[-1] == '_' and
enum.py(63):             len(name) > 2 and
enum.py(62):     return (
 --- modulename: enum, funcname: _is_descriptor
enum.py(42):             hasattr(obj, '__get__') or
enum.py(43):             hasattr(obj, '__set__') or
enum.py(42):             hasattr(obj, '__get__') or
enum.py(44):             hasattr(obj, '__delete__')
enum.py(41):     return (
enum.py(1666):                 attrs[name] = obj
enum.py(1660):         for name, obj in cls.__dict__.items():
enum.py(1661):             if name in ('__dict__', '__weakref__'):
enum.py(1663):             if _is_dunder(name) or _is_private(cls_name, name) or _is_sunder(name) or _is_descriptor(obj):
 --- modulename: enum, funcname: _is_dunder
enum.py(52):             len(name) > 4 and
enum.py(53):             name[:2] == name[-2:] == '__' and
enum.py(52):             len(name) > 4 and
enum.py(54):             name[2] != '_' and
enum.py(52):             len(name) > 4 and
enum.py(55):             name[-3] != '_'
enum.py(51):     return (
enum.py(1664):                 body[name] = obj
enum.py(1660):         for name, obj in cls.__dict__.items():
enum.py(1661):             if name in ('__dict__', '__weakref__'):
enum.py(1662):                 continue
enum.py(1660):         for name, obj in cls.__dict__.items():
enum.py(1661):             if name in ('__dict__', '__weakref__'):
enum.py(1662):                 continue
enum.py(1660):         for name, obj in cls.__dict__.items():
enum.py(1661):             if name in ('__dict__', '__weakref__'):
enum.py(1663):             if _is_dunder(name) or _is_private(cls_name, name) or _is_sunder(name) or _is_descriptor(obj):
 --- modulename: enum, funcname: _is_dunder
enum.py(52):             len(name) > 4 and
enum.py(53):             name[:2] == name[-2:] == '__' and
enum.py(52):             len(name) > 4 and
enum.py(54):             name[2] != '_' and
enum.py(52):             len(name) > 4 and
enum.py(55):             name[-3] != '_'
enum.py(51):     return (
enum.py(1664):                 body[name] = obj
enum.py(1660):         for name, obj in cls.__dict__.items():
enum.py(1667):         if cls.__dict__.get('__doc__') is None:
enum.py(1668):             body['__doc__'] = 'An enumeration.'
enum.py(1674):         enum_class = type(cls_name, (etype, ), body, boundary=boundary, _simple=True)
 --- modulename: enum, funcname: __new__
enum.py(472):         if _simple:
enum.py(473):             return super().__new__(metacls, cls, bases, classdict, **kwds)
enum.py(1675):         for name in ('__repr__', '__str__', '__format__', '__reduce_ex__'):
enum.py(1676):             if name not in body:
enum.py(1678):                 enum_method = getattr(etype, name)
enum.py(1679):                 found_method = getattr(enum_class, name)
enum.py(1680):                 object_method = getattr(object, name)
enum.py(1681):                 data_type_method = getattr(member_type, name)
enum.py(1682):                 if found_method in (data_type_method, object_method):
enum.py(1675):         for name in ('__repr__', '__str__', '__format__', '__reduce_ex__'):
enum.py(1676):             if name not in body:
enum.py(1678):                 enum_method = getattr(etype, name)
enum.py(1679):                 found_method = getattr(enum_class, name)
enum.py(1680):                 object_method = getattr(object, name)
enum.py(1681):                 data_type_method = getattr(member_type, name)
enum.py(1682):                 if found_method in (data_type_method, object_method):
enum.py(1675):         for name in ('__repr__', '__str__', '__format__', '__reduce_ex__'):
enum.py(1676):             if name not in body:
enum.py(1678):                 enum_method = getattr(etype, name)
enum.py(1679):                 found_method = getattr(enum_class, name)
enum.py(1680):                 object_method = getattr(object, name)
enum.py(1681):                 data_type_method = getattr(member_type, name)
enum.py(1682):                 if found_method in (data_type_method, object_method):
enum.py(1683):                     setattr(enum_class, name, enum_method)
 --- modulename: enum, funcname: __setattr__
enum.py(817):         member_map = cls.__dict__.get('_member_map_', {})
enum.py(818):         if name in member_map:
enum.py(820):         super().__setattr__(name, value)
enum.py(1675):         for name in ('__repr__', '__str__', '__format__', '__reduce_ex__'):
enum.py(1676):             if name not in body:
enum.py(1678):                 enum_method = getattr(etype, name)
enum.py(1679):                 found_method = getattr(enum_class, name)
enum.py(1680):                 object_method = getattr(object, name)
enum.py(1681):                 data_type_method = getattr(member_type, name)
enum.py(1682):                 if found_method in (data_type_method, object_method):
enum.py(1675):         for name in ('__repr__', '__str__', '__format__', '__reduce_ex__'):
enum.py(1684):         gnv_last_values = []
enum.py(1685):         if issubclass(enum_class, Flag):
enum.py(1687):             single_bits = multi_bits = 0
enum.py(1688):             for name, value in attrs.items():
enum.py(1689):                 if isinstance(value, auto) and auto.value is _auto_null:
enum.py(1691):                 if value in value2member_map:
enum.py(1699):                     if use_args:
enum.py(1700):                         if not isinstance(value, tuple):
enum.py(1701):                             value = (value, )
enum.py(1702):                         member = new_member(enum_class, *value)
enum.py(1703):                         value = value[0]
enum.py(1706):                     if __new__ is None:
enum.py(1707):                         member._value_ = value
enum.py(1708):                     member._name_ = name
enum.py(1709):                     member.__objclass__ = enum_class
enum.py(1710):                     member.__init__(value)
 --- modulename: enum, funcname: __init__
enum.py(1126):         pass
enum.py(1711):                     redirect = property()
 --- modulename: types, funcname: __init__
types.py(165):         self.fget = fget
types.py(166):         self.fset = fset
types.py(167):         self.fdel = fdel
types.py(169):         self.__doc__ = doc or fget.__doc__
types.py(170):         self.overwrite_doc = doc is None
types.py(172):         self.__isabstractmethod__ = bool(getattr(fget, '__isabstractmethod__', False))
enum.py(1712):                     redirect.__set_name__(enum_class, name)
 --- modulename: enum, funcname: __set_name__
enum.py(221):         self.name = name
enum.py(222):         self.clsname = ownerclass.__name__
enum.py(1713):                     setattr(enum_class, name, redirect)
 --- modulename: enum, funcname: __setattr__
enum.py(817):         member_map = cls.__dict__.get('_member_map_', {})
enum.py(818):         if name in member_map:
enum.py(820):         super().__setattr__(name, value)
enum.py(1714):                     member_map[name] = member
enum.py(1715):                     member._sort_order_ = len(member_names)
enum.py(1716):                     value2member_map[value] = member
enum.py(1717):                     if _is_single_bit(value):
 --- modulename: enum, funcname: _is_single_bit
enum.py(96):     if num == 0:
enum.py(98):     num &= num - 1
enum.py(99):     return num == 0
enum.py(1719):                         member_names.append(name)
enum.py(1720):                         single_bits |= value
enum.py(1723):                     gnv_last_values.append(value)
enum.py(1688):             for name, value in attrs.items():
enum.py(1689):                 if isinstance(value, auto) and auto.value is _auto_null:
enum.py(1691):                 if value in value2member_map:
enum.py(1699):                     if use_args:
enum.py(1700):                         if not isinstance(value, tuple):
enum.py(1701):                             value = (value, )
enum.py(1702):                         member = new_member(enum_class, *value)
enum.py(1703):                         value = value[0]
enum.py(1706):                     if __new__ is None:
enum.py(1707):                         member._value_ = value
enum.py(1708):                     member._name_ = name
enum.py(1709):                     member.__objclass__ = enum_class
enum.py(1710):                     member.__init__(value)
 --- modulename: enum, funcname: __init__
enum.py(1126):         pass
enum.py(1711):                     redirect = property()
 --- modulename: types, funcname: __init__
types.py(165):         self.fget = fget
types.py(166):         self.fset = fset
types.py(167):         self.fdel = fdel
types.py(169):         self.__doc__ = doc or fget.__doc__
types.py(170):         self.overwrite_doc = doc is None
types.py(172):         self.__isabstractmethod__ = bool(getattr(fget, '__isabstractmethod__', False))
enum.py(1712):                     redirect.__set_name__(enum_class, name)
 --- modulename: enum, funcname: __set_name__
enum.py(221):         self.name = name
enum.py(222):         self.clsname = ownerclass.__name__
enum.py(1713):                     setattr(enum_class, name, redirect)
 --- modulename: enum, funcname: __setattr__
enum.py(817):         member_map = cls.__dict__.get('_member_map_', {})
enum.py(818):         if name in member_map:
enum.py(820):         super().__setattr__(name, value)
enum.py(1714):                     member_map[name] = member
enum.py(1715):                     member._sort_order_ = len(member_names)
enum.py(1716):                     value2member_map[value] = member
enum.py(1717):                     if _is_single_bit(value):
 --- modulename: enum, funcname: _is_single_bit
enum.py(96):     if num == 0:
enum.py(98):     num &= num - 1
enum.py(99):     return num == 0
enum.py(1719):                         member_names.append(name)
enum.py(1720):                         single_bits |= value
enum.py(1723):                     gnv_last_values.append(value)
enum.py(1688):             for name, value in attrs.items():
enum.py(1689):                 if isinstance(value, auto) and auto.value is _auto_null:
enum.py(1691):                 if value in value2member_map:
enum.py(1699):                     if use_args:
enum.py(1700):                         if not isinstance(value, tuple):
enum.py(1701):                             value = (value, )
enum.py(1702):                         member = new_member(enum_class, *value)
enum.py(1703):                         value = value[0]
enum.py(1706):                     if __new__ is None:
enum.py(1707):                         member._value_ = value
enum.py(1708):                     member._name_ = name
enum.py(1709):                     member.__objclass__ = enum_class
enum.py(1710):                     member.__init__(value)
 --- modulename: enum, funcname: __init__
enum.py(1126):         pass
enum.py(1711):                     redirect = property()
 --- modulename: types, funcname: __init__
types.py(165):         self.fget = fget
types.py(166):         self.fset = fset
types.py(167):         self.fdel = fdel
types.py(169):         self.__doc__ = doc or fget.__doc__
types.py(170):         self.overwrite_doc = doc is None
types.py(172):         self.__isabstractmethod__ = bool(getattr(fget, '__isabstractmethod__', False))
enum.py(1712):                     redirect.__set_name__(enum_class, name)
 --- modulename: enum, funcname: __set_name__
enum.py(221):         self.name = name
enum.py(222):         self.clsname = ownerclass.__name__
enum.py(1713):                     setattr(enum_class, name, redirect)
 --- modulename: enum, funcname: __setattr__
enum.py(817):         member_map = cls.__dict__.get('_member_map_', {})
enum.py(818):         if name in member_map:
enum.py(820):         super().__setattr__(name, value)
enum.py(1714):                     member_map[name] = member
enum.py(1715):                     member._sort_order_ = len(member_names)
enum.py(1716):                     value2member_map[value] = member
enum.py(1717):                     if _is_single_bit(value):
 --- modulename: enum, funcname: _is_single_bit
enum.py(96):     if num == 0:
enum.py(98):     num &= num - 1
enum.py(99):     return num == 0
enum.py(1719):                         member_names.append(name)
enum.py(1720):                         single_bits |= value
enum.py(1723):                     gnv_last_values.append(value)
enum.py(1688):             for name, value in attrs.items():
enum.py(1689):                 if isinstance(value, auto) and auto.value is _auto_null:
enum.py(1691):                 if value in value2member_map:
enum.py(1699):                     if use_args:
enum.py(1700):                         if not isinstance(value, tuple):
enum.py(1701):                             value = (value, )
enum.py(1702):                         member = new_member(enum_class, *value)
enum.py(1703):                         value = value[0]
enum.py(1706):                     if __new__ is None:
enum.py(1707):                         member._value_ = value
enum.py(1708):                     member._name_ = name
enum.py(1709):                     member.__objclass__ = enum_class
enum.py(1710):                     member.__init__(value)
 --- modulename: enum, funcname: __init__
enum.py(1126):         pass
enum.py(1711):                     redirect = property()
 --- modulename: types, funcname: __init__
types.py(165):         self.fget = fget
types.py(166):         self.fset = fset
types.py(167):         self.fdel = fdel
types.py(169):         self.__doc__ = doc or fget.__doc__
types.py(170):         self.overwrite_doc = doc is None
types.py(172):         self.__isabstractmethod__ = bool(getattr(fget, '__isabstractmethod__', False))
enum.py(1712):                     redirect.__set_name__(enum_class, name)
 --- modulename: enum, funcname: __set_name__
enum.py(221):         self.name = name
enum.py(222):         self.clsname = ownerclass.__name__
enum.py(1713):                     setattr(enum_class, name, redirect)
 --- modulename: enum, funcname: __setattr__
enum.py(817):         member_map = cls.__dict__.get('_member_map_', {})
enum.py(818):         if name in member_map:
enum.py(820):         super().__setattr__(name, value)
enum.py(1714):                     member_map[name] = member
enum.py(1715):                     member._sort_order_ = len(member_names)
enum.py(1716):                     value2member_map[value] = member
enum.py(1717):                     if _is_single_bit(value):
 --- modulename: enum, funcname: _is_single_bit
enum.py(96):     if num == 0:
enum.py(98):     num &= num - 1
enum.py(99):     return num == 0
enum.py(1719):                         member_names.append(name)
enum.py(1720):                         single_bits |= value
enum.py(1723):                     gnv_last_values.append(value)
enum.py(1688):             for name, value in attrs.items():
enum.py(1689):                 if isinstance(value, auto) and auto.value is _auto_null:
enum.py(1691):                 if value in value2member_map:
enum.py(1699):                     if use_args:
enum.py(1700):                         if not isinstance(value, tuple):
enum.py(1701):                             value = (value, )
enum.py(1702):                         member = new_member(enum_class, *value)
enum.py(1703):                         value = value[0]
enum.py(1706):                     if __new__ is None:
enum.py(1707):                         member._value_ = value
enum.py(1708):                     member._name_ = name
enum.py(1709):                     member.__objclass__ = enum_class
enum.py(1710):                     member.__init__(value)
 --- modulename: enum, funcname: __init__
enum.py(1126):         pass
enum.py(1711):                     redirect = property()
 --- modulename: types, funcname: __init__
types.py(165):         self.fget = fget
types.py(166):         self.fset = fset
types.py(167):         self.fdel = fdel
types.py(169):         self.__doc__ = doc or fget.__doc__
types.py(170):         self.overwrite_doc = doc is None
types.py(172):         self.__isabstractmethod__ = bool(getattr(fget, '__isabstractmethod__', False))
enum.py(1712):                     redirect.__set_name__(enum_class, name)
 --- modulename: enum, funcname: __set_name__
enum.py(221):         self.name = name
enum.py(222):         self.clsname = ownerclass.__name__
enum.py(1713):                     setattr(enum_class, name, redirect)
 --- modulename: enum, funcname: __setattr__
enum.py(817):         member_map = cls.__dict__.get('_member_map_', {})
enum.py(818):         if name in member_map:
enum.py(820):         super().__setattr__(name, value)
enum.py(1714):                     member_map[name] = member
enum.py(1715):                     member._sort_order_ = len(member_names)
enum.py(1716):                     value2member_map[value] = member
enum.py(1717):                     if _is_single_bit(value):
 --- modulename: enum, funcname: _is_single_bit
enum.py(96):     if num == 0:
enum.py(98):     num &= num - 1
enum.py(99):     return num == 0
enum.py(1719):                         member_names.append(name)
enum.py(1720):                         single_bits |= value
enum.py(1723):                     gnv_last_values.append(value)
enum.py(1688):             for name, value in attrs.items():
enum.py(1689):                 if isinstance(value, auto) and auto.value is _auto_null:
enum.py(1691):                 if value in value2member_map:
enum.py(1699):                     if use_args:
enum.py(1700):                         if not isinstance(value, tuple):
enum.py(1701):                             value = (value, )
enum.py(1702):                         member = new_member(enum_class, *value)
enum.py(1703):                         value = value[0]
enum.py(1706):                     if __new__ is None:
enum.py(1707):                         member._value_ = value
enum.py(1708):                     member._name_ = name
enum.py(1709):                     member.__objclass__ = enum_class
enum.py(1710):                     member.__init__(value)
 --- modulename: enum, funcname: __init__
enum.py(1126):         pass
enum.py(1711):                     redirect = property()
 --- modulename: types, funcname: __init__
types.py(165):         self.fget = fget
types.py(166):         self.fset = fset
types.py(167):         self.fdel = fdel
types.py(169):         self.__doc__ = doc or fget.__doc__
types.py(170):         self.overwrite_doc = doc is None
types.py(172):         self.__isabstractmethod__ = bool(getattr(fget, '__isabstractmethod__', False))
enum.py(1712):                     redirect.__set_name__(enum_class, name)
 --- modulename: enum, funcname: __set_name__
enum.py(221):         self.name = name
enum.py(222):         self.clsname = ownerclass.__name__
enum.py(1713):                     setattr(enum_class, name, redirect)
 --- modulename: enum, funcname: __setattr__
enum.py(817):         member_map = cls.__dict__.get('_member_map_', {})
enum.py(818):         if name in member_map:
enum.py(820):         super().__setattr__(name, value)
enum.py(1714):                     member_map[name] = member
enum.py(1715):                     member._sort_order_ = len(member_names)
enum.py(1716):                     value2member_map[value] = member
enum.py(1717):                     if _is_single_bit(value):
 --- modulename: enum, funcname: _is_single_bit
enum.py(96):     if num == 0:
enum.py(98):     num &= num - 1
enum.py(99):     return num == 0
enum.py(1719):                         member_names.append(name)
enum.py(1720):                         single_bits |= value
enum.py(1723):                     gnv_last_values.append(value)
enum.py(1688):             for name, value in attrs.items():
enum.py(1689):                 if isinstance(value, auto) and auto.value is _auto_null:
enum.py(1691):                 if value in value2member_map:
enum.py(1699):                     if use_args:
enum.py(1700):                         if not isinstance(value, tuple):
enum.py(1701):                             value = (value, )
enum.py(1702):                         member = new_member(enum_class, *value)
enum.py(1703):                         value = value[0]
enum.py(1706):                     if __new__ is None:
enum.py(1707):                         member._value_ = value
enum.py(1708):                     member._name_ = name
enum.py(1709):                     member.__objclass__ = enum_class
enum.py(1710):                     member.__init__(value)
 --- modulename: enum, funcname: __init__
enum.py(1126):         pass
enum.py(1711):                     redirect = property()
 --- modulename: types, funcname: __init__
types.py(165):         self.fget = fget
types.py(166):         self.fset = fset
types.py(167):         self.fdel = fdel
types.py(169):         self.__doc__ = doc or fget.__doc__
types.py(170):         self.overwrite_doc = doc is None
types.py(172):         self.__isabstractmethod__ = bool(getattr(fget, '__isabstractmethod__', False))
enum.py(1712):                     redirect.__set_name__(enum_class, name)
 --- modulename: enum, funcname: __set_name__
enum.py(221):         self.name = name
enum.py(222):         self.clsname = ownerclass.__name__
enum.py(1713):                     setattr(enum_class, name, redirect)
 --- modulename: enum, funcname: __setattr__
enum.py(817):         member_map = cls.__dict__.get('_member_map_', {})
enum.py(818):         if name in member_map:
enum.py(820):         super().__setattr__(name, value)
enum.py(1714):                     member_map[name] = member
enum.py(1715):                     member._sort_order_ = len(member_names)
enum.py(1716):                     value2member_map[value] = member
enum.py(1717):                     if _is_single_bit(value):
 --- modulename: enum, funcname: _is_single_bit
enum.py(96):     if num == 0:
enum.py(98):     num &= num - 1
enum.py(99):     return num == 0
enum.py(1719):                         member_names.append(name)
enum.py(1720):                         single_bits |= value
enum.py(1723):                     gnv_last_values.append(value)
enum.py(1688):             for name, value in attrs.items():
enum.py(1724):             enum_class._flag_mask_ = single_bits
 --- modulename: enum, funcname: __setattr__
enum.py(817):         member_map = cls.__dict__.get('_member_map_', {})
enum.py(818):         if name in member_map:
enum.py(820):         super().__setattr__(name, value)
enum.py(1725):             enum_class._all_bits_ = 2 ** ((single_bits|multi_bits).bit_length()) - 1
 --- modulename: enum, funcname: __setattr__
enum.py(817):         member_map = cls.__dict__.get('_member_map_', {})
enum.py(818):         if name in member_map:
enum.py(820):         super().__setattr__(name, value)
enum.py(1727):             member_list = [m._value_ for m in enum_class]
 --- modulename: enum, funcname: __iter__
enum.py(779):         return (cls._member_map_[name] for name in cls._member_names_)
 --- modulename: enum, funcname: <listcomp>
enum.py(1727):             member_list = [m._value_ for m in enum_class]
 --- modulename: enum, funcname: <genexpr>
enum.py(779):         return (cls._member_map_[name] for name in cls._member_names_)
enum.py(1727):             member_list = [m._value_ for m in enum_class]
 --- modulename: enum, funcname: <genexpr>
enum.py(779):         return (cls._member_map_[name] for name in cls._member_names_)
enum.py(1727):             member_list = [m._value_ for m in enum_class]
 --- modulename: enum, funcname: <genexpr>
enum.py(779):         return (cls._member_map_[name] for name in cls._member_names_)
enum.py(1727):             member_list = [m._value_ for m in enum_class]
 --- modulename: enum, funcname: <genexpr>
enum.py(779):         return (cls._member_map_[name] for name in cls._member_names_)
enum.py(1727):             member_list = [m._value_ for m in enum_class]
 --- modulename: enum, funcname: <genexpr>
enum.py(779):         return (cls._member_map_[name] for name in cls._member_names_)
enum.py(1727):             member_list = [m._value_ for m in enum_class]
 --- modulename: enum, funcname: <genexpr>
enum.py(779):         return (cls._member_map_[name] for name in cls._member_names_)
enum.py(1727):             member_list = [m._value_ for m in enum_class]
 --- modulename: enum, funcname: <genexpr>
enum.py(779):         return (cls._member_map_[name] for name in cls._member_names_)
enum.py(1727):             member_list = [m._value_ for m in enum_class]
 --- modulename: enum, funcname: <genexpr>
enum.py(779):         return (cls._member_map_[name] for name in cls._member_names_)
enum.py(1728):             if member_list != sorted(member_list):
enum.py(1765):         if '__new__' in body:
enum.py(1767):         enum_class.__new__ = Enum.__new__
 --- modulename: enum, funcname: __setattr__
enum.py(817):         member_map = cls.__dict__.get('_member_map_', {})
enum.py(818):         if name in member_map:
enum.py(820):         super().__setattr__(name, value)
enum.py(1768):         return enum_class
enum.py(905):         cls.__reduce_ex__ = _reduce_ex_by_global_name
 --- modulename: enum, funcname: __setattr__
enum.py(817):         member_map = cls.__dict__.get('_member_map_', {})
enum.py(818):         if name in member_map:
enum.py(820):         super().__setattr__(name, value)
enum.py(906):         if as_global:
enum.py(909):             sys.modules[cls.__module__].__dict__.update(cls.__members__)
 --- modulename: enum, funcname: __members__
enum.py(795):         return MappingProxyType(cls._member_map_)
enum.py(910):         module_globals[name] = cls
enum.py(911):         return cls
socket.py(95): _LOCALHOST    = '127.0.0.1'
socket.py(96): _LOCALHOST_V6 = '::1'
socket.py(99): def _intenum_converter(value, enum_klass):
socket.py(111): if sys.platform.lower().startswith("win"):
socket.py(112):     errorTab = {}
socket.py(113):     errorTab[6] = "Specified event object handle is invalid."
socket.py(114):     errorTab[8] = "Insufficient memory available."
socket.py(115):     errorTab[87] = "One or more parameters are invalid."
socket.py(116):     errorTab[995] = "Overlapped operation aborted."
socket.py(117):     errorTab[996] = "Overlapped I/O event object not in signaled state."
socket.py(118):     errorTab[997] = "Overlapped operation will complete later."
socket.py(119):     errorTab[10004] = "The operation was interrupted."
socket.py(120):     errorTab[10009] = "A bad file handle was passed."
socket.py(121):     errorTab[10013] = "Permission denied."
socket.py(122):     errorTab[10014] = "A fault occurred on the network??"  # WSAEFAULT
socket.py(123):     errorTab[10022] = "An invalid operation was attempted."
socket.py(124):     errorTab[10024] = "Too many open files."
socket.py(125):     errorTab[10035] = "The socket operation would block."
socket.py(126):     errorTab[10036] = "A blocking operation is already in progress."
socket.py(127):     errorTab[10037] = "Operation already in progress."
socket.py(128):     errorTab[10038] = "Socket operation on nonsocket."
socket.py(129):     errorTab[10039] = "Destination address required."
socket.py(130):     errorTab[10040] = "Message too long."
socket.py(131):     errorTab[10041] = "Protocol wrong type for socket."
socket.py(132):     errorTab[10042] = "Bad protocol option."
socket.py(133):     errorTab[10043] = "Protocol not supported."
socket.py(134):     errorTab[10044] = "Socket type not supported."
socket.py(135):     errorTab[10045] = "Operation not supported."
socket.py(136):     errorTab[10046] = "Protocol family not supported."
socket.py(137):     errorTab[10047] = "Address family not supported by protocol family."
socket.py(138):     errorTab[10048] = "The network address is in use."
socket.py(139):     errorTab[10049] = "Cannot assign requested address."
socket.py(140):     errorTab[10050] = "Network is down."
socket.py(141):     errorTab[10051] = "Network is unreachable."
socket.py(142):     errorTab[10052] = "Network dropped connection on reset."
socket.py(143):     errorTab[10053] = "Software caused connection abort."
socket.py(144):     errorTab[10054] = "The connection has been reset."
socket.py(145):     errorTab[10055] = "No buffer space available."
socket.py(146):     errorTab[10056] = "Socket is already connected."
socket.py(147):     errorTab[10057] = "Socket is not connected."
socket.py(148):     errorTab[10058] = "The network has been shut down."
socket.py(149):     errorTab[10059] = "Too many references."
socket.py(150):     errorTab[10060] = "The operation timed out."
socket.py(151):     errorTab[10061] = "Connection refused."
socket.py(152):     errorTab[10062] = "Cannot translate name."
socket.py(153):     errorTab[10063] = "The name is too long."
socket.py(154):     errorTab[10064] = "The host is down."
socket.py(155):     errorTab[10065] = "The host is unreachable."
socket.py(156):     errorTab[10066] = "Directory not empty."
socket.py(157):     errorTab[10067] = "Too many processes."
socket.py(158):     errorTab[10068] = "User quota exceeded."
socket.py(159):     errorTab[10069] = "Disk quota exceeded."
socket.py(160):     errorTab[10070] = "Stale file handle reference."
socket.py(161):     errorTab[10071] = "Item is remote."
socket.py(162):     errorTab[10091] = "Network subsystem is unavailable."
socket.py(163):     errorTab[10092] = "Winsock.dll version out of range."
socket.py(164):     errorTab[10093] = "Successful WSAStartup not yet performed."
socket.py(165):     errorTab[10101] = "Graceful shutdown in progress."
socket.py(166):     errorTab[10102] = "No more results from WSALookupServiceNext."
socket.py(167):     errorTab[10103] = "Call has been canceled."
socket.py(168):     errorTab[10104] = "Procedure call table is invalid."
socket.py(169):     errorTab[10105] = "Service provider is invalid."
socket.py(170):     errorTab[10106] = "Service provider failed to initialize."
socket.py(171):     errorTab[10107] = "System call failure."
socket.py(172):     errorTab[10108] = "Service not found."
socket.py(173):     errorTab[10109] = "Class type not found."
socket.py(174):     errorTab[10110] = "No more results from WSALookupServiceNext."
socket.py(175):     errorTab[10111] = "Call was canceled."
socket.py(176):     errorTab[10112] = "Database query was refused."
socket.py(177):     errorTab[11001] = "Host not found."
socket.py(178):     errorTab[11002] = "Nonauthoritative host not found."
socket.py(179):     errorTab[11003] = "This is a nonrecoverable error."
socket.py(180):     errorTab[11004] = "Valid name, no data record requested type."
socket.py(181):     errorTab[11005] = "QoS receivers."
socket.py(182):     errorTab[11006] = "QoS senders."
socket.py(183):     errorTab[11007] = "No QoS senders."
socket.py(184):     errorTab[11008] = "QoS no receivers."
socket.py(185):     errorTab[11009] = "QoS request confirmed."
socket.py(186):     errorTab[11010] = "QoS admission error."
socket.py(187):     errorTab[11011] = "QoS policy failure."
socket.py(188):     errorTab[11012] = "QoS bad style."
socket.py(189):     errorTab[11013] = "QoS bad object."
socket.py(190):     errorTab[11014] = "QoS traffic control error."
socket.py(191):     errorTab[11015] = "QoS generic error."
socket.py(192):     errorTab[11016] = "QoS service type error."
socket.py(193):     errorTab[11017] = "QoS flowspec error."
socket.py(194):     errorTab[11018] = "Invalid QoS provider buffer."
socket.py(195):     errorTab[11019] = "Invalid QoS filter style."
socket.py(196):     errorTab[11020] = "Invalid QoS filter style."
socket.py(197):     errorTab[11021] = "Incorrect QoS filter count."
socket.py(198):     errorTab[11022] = "Invalid QoS object length."
socket.py(199):     errorTab[11023] = "Incorrect QoS flow count."
socket.py(200):     errorTab[11024] = "Unrecognized QoS object."
socket.py(201):     errorTab[11025] = "Invalid QoS policy object."
socket.py(202):     errorTab[11026] = "Invalid QoS flow descriptor."
socket.py(203):     errorTab[11027] = "Invalid QoS provider-specific flowspec."
socket.py(204):     errorTab[11028] = "Invalid QoS provider-specific filterspec."
socket.py(205):     errorTab[11029] = "Invalid QoS shape discard mode object."
socket.py(206):     errorTab[11030] = "Invalid QoS shaping rate object."
socket.py(207):     errorTab[11031] = "Reserved policy QoS element type."
socket.py(208):     __all__.append("errorTab")
socket.py(211): class _GiveupOnSendfile(Exception): pass
 --- modulename: socket, funcname: _GiveupOnSendfile
socket.py(211): class _GiveupOnSendfile(Exception): pass
socket.py(214): class socket(_socket.socket):
 --- modulename: socket, funcname: socket
socket.py(214): class socket(_socket.socket):
socket.py(216):     """A subclass of _socket.socket adding the makefile() method."""
socket.py(218):     __slots__ = ["__weakref__", "_io_refs", "_closed"]
socket.py(220):     def __init__(self, family=-1, type=-1, proto=-1, fileno=None):
socket.py(236):     def __enter__(self):
socket.py(239):     def __exit__(self, *args):
socket.py(243):     def __repr__(self):
socket.py(272):     def __getstate__(self):
socket.py(275):     def dup(self):
socket.py(286):     def accept(self):
socket.py(302):     def makefile(self, mode="r", buffering=None, *,
socket.py(303):                  encoding=None, errors=None, newline=None):
socket.py(302):     def makefile(self, mode="r", buffering=None, *,
socket.py(345):     if hasattr(os, 'sendfile'):
socket.py(412):         def _sendfile_use_sendfile(self, file, offset=0, count=None):
socket.py(416):     def _sendfile_use_send(self, file, offset=0, count=None):
socket.py(452):     def _check_sendfile_params(self, file, offset, count):
socket.py(465):     def sendfile(self, file, offset=0, count=None):
socket.py(488):     def _decref_socketios(self):
socket.py(494):     def _real_close(self, _ss=_socket.socket):
socket.py(498):     def close(self):
socket.py(504):     def detach(self):
socket.py(514):     @property
socket.py(515):     def family(self):
socket.py(514):     @property
socket.py(515):     def family(self):
socket.py(520):     @property
socket.py(521):     def type(self):
socket.py(520):     @property
socket.py(521):     def type(self):
socket.py(526):     if os.name == 'nt':
socket.py(527):         def get_inheritable(self):
socket.py(529):         def set_inheritable(self, inheritable):
socket.py(536):     get_inheritable.__doc__ = "Get the inheritable flag of the socket"
socket.py(537):     set_inheritable.__doc__ = "Set the inheritable flag of the socket"
socket.py(539): def fromfd(fd, family, type, proto=0):
socket.py(548): if hasattr(_socket.socket, "sendmsg"):
socket.py(560): if hasattr(_socket.socket, "recvmsg"):
socket.py(582): if hasattr(_socket.socket, "share"):
socket.py(583):     def fromshare(info):
socket.py(590):     __all__.append("fromshare")
socket.py(592): if hasattr(_socket, "socketpair"):
socket.py(615):     def socketpair(family=AF_INET, type=SOCK_STREAM, proto=0):
socket.py(651):     __all__.append("socketpair")
socket.py(653): socketpair.__doc__ = """socketpair([family[, type[, proto]]]) -> (socket object, socket object)
socket.py(660): _blocking_errnos = { EAGAIN, EWOULDBLOCK }
socket.py(662): class SocketIO(io.RawIOBase):
 --- modulename: socket, funcname: SocketIO
socket.py(662): class SocketIO(io.RawIOBase):
socket.py(664):     """Raw I/O implementation for stream sockets.
socket.py(679):     def __init__(self, sock, mode):
socket.py(691):     def readinto(self, b):
socket.py(714):     def write(self, b):
socket.py(730):     def readable(self):
socket.py(737):     def writable(self):
socket.py(744):     def seekable(self):
socket.py(751):     def fileno(self):
socket.py(757):     @property
socket.py(758):     def name(self):
socket.py(757):     @property
socket.py(758):     def name(self):
socket.py(764):     @property
socket.py(765):     def mode(self):
socket.py(764):     @property
socket.py(765):     def mode(self):
socket.py(768):     def close(self):
 --- modulename: abc, funcname: __new__
<frozen abc>(106): <frozen abc>(107): <frozen abc>(108): socket.py(779): def getfqdn(name=''):
socket.py(806): _GLOBAL_DEFAULT_TIMEOUT = object()
socket.py(808): def create_connection(address, timeout=_GLOBAL_DEFAULT_TIMEOUT,
socket.py(809):                       source_address=None, *, all_errors=False):
socket.py(808): def create_connection(address, timeout=_GLOBAL_DEFAULT_TIMEOUT,
socket.py(809):                       source_address=None, *, all_errors=False):
socket.py(808): def create_connection(address, timeout=_GLOBAL_DEFAULT_TIMEOUT,
socket.py(859): def has_dualstack_ipv6():
socket.py(875): def create_server(address, *, family=AF_INET, backlog=None, reuse_port=False,
socket.py(876):                   dualstack_ipv6=False):
socket.py(875): def create_server(address, *, family=AF_INET, backlog=None, reuse_port=False,
socket.py(944): def getaddrinfo(host, port, family=0, type=0, proto=0, flags=0):
<frozen importlib._bootstrap>(701): <frozen importlib._bootstrap>(702): <frozen importlib._bootstrap>(703):  --- modulename: _bootstrap, funcname: _verbose_message
<frozen importlib._bootstrap>(246): <frozen importlib._bootstrap>(705): <frozen importlib._bootstrap>(707): <frozen importlib._bootstrap>(1151): <frozen importlib._bootstrap>(1153): <frozen importlib._bootstrap>(1161): <frozen importlib._bootstrap>(1175):  --- modulename: _bootstrap, funcname: __exit__
<frozen importlib._bootstrap>(174):  --- modulename: _bootstrap, funcname: release
<frozen importlib._bootstrap>(126): <frozen importlib._bootstrap>(127): <frozen importlib._bootstrap>(128): <frozen importlib._bootstrap>(130): <frozen importlib._bootstrap>(131): <frozen importlib._bootstrap>(132): <frozen importlib._bootstrap>(133): <frozen importlib._bootstrap>(134): <frozen importlib._bootstrap>(127):  --- modulename: _bootstrap, funcname: cb
<frozen importlib._bootstrap>(199): <frozen importlib._bootstrap>(200): <frozen importlib._bootstrap>(204): <frozen importlib._bootstrap>(205): <frozen importlib._bootstrap>(207): reduction.py(17): import sys
reduction.py(19): from . import context
 --- modulename: _bootstrap, funcname: parent
<frozen importlib._bootstrap>(408): <frozen importlib._bootstrap>(409):  --- modulename: _bootstrap, funcname: _lock_unlock_module
<frozen importlib._bootstrap>(222):  --- modulename: _bootstrap, funcname: _get_module_lock
<frozen importlib._bootstrap>(185): <frozen importlib._bootstrap>(186): <frozen importlib._bootstrap>(187): <frozen importlib._bootstrap>(188): <frozen importlib._bootstrap>(192): <frozen importlib._bootstrap>(211): <frozen importlib._bootstrap>(213): <frozen importlib._bootstrap>(223): <frozen importlib._bootstrap>(224):  --- modulename: _bootstrap, funcname: acquire
<frozen importlib._bootstrap>(106): <frozen importlib._bootstrap>(107): <frozen importlib._bootstrap>(108): <frozen importlib._bootstrap>(109): <frozen importlib._bootstrap>(110): <frozen importlib._bootstrap>(111): <frozen importlib._bootstrap>(112): <frozen importlib._bootstrap>(113): <frozen importlib._bootstrap>(114): <frozen importlib._bootstrap>(110): <frozen importlib._bootstrap>(123): <frozen importlib._bootstrap>(230):  --- modulename: _bootstrap, funcname: release
<frozen importlib._bootstrap>(126): <frozen importlib._bootstrap>(127): <frozen importlib._bootstrap>(128): <frozen importlib._bootstrap>(130): <frozen importlib._bootstrap>(131): <frozen importlib._bootstrap>(132): <frozen importlib._bootstrap>(127):  --- modulename: _bootstrap, funcname: _handle_fromlist
<frozen importlib._bootstrap>(1219): <frozen importlib._bootstrap>(1220): <frozen importlib._bootstrap>(1227): <frozen importlib._bootstrap>(1231): <frozen importlib._bootstrap>(1232): <frozen importlib._bootstrap>(1233): <frozen importlib._bootstrap>(1234):  --- modulename: _bootstrap, funcname: _call_with_frames_removed
<frozen importlib._bootstrap>(241):  --- modulename: _bootstrap, funcname: _lock_unlock_module
<frozen importlib._bootstrap>(222):  --- modulename: _bootstrap, funcname: _get_module_lock
<frozen importlib._bootstrap>(185): <frozen importlib._bootstrap>(186): <frozen importlib._bootstrap>(187): <frozen importlib._bootstrap>(188): <frozen importlib._bootstrap>(192): <frozen importlib._bootstrap>(211): <frozen importlib._bootstrap>(213): <frozen importlib._bootstrap>(223): <frozen importlib._bootstrap>(224):  --- modulename: _bootstrap, funcname: acquire
<frozen importlib._bootstrap>(106): <frozen importlib._bootstrap>(107): <frozen importlib._bootstrap>(108): <frozen importlib._bootstrap>(109): <frozen importlib._bootstrap>(110): <frozen importlib._bootstrap>(111): <frozen importlib._bootstrap>(112): <frozen importlib._bootstrap>(113): <frozen importlib._bootstrap>(114): <frozen importlib._bootstrap>(110): <frozen importlib._bootstrap>(123): <frozen importlib._bootstrap>(230):  --- modulename: _bootstrap, funcname: release
<frozen importlib._bootstrap>(126): <frozen importlib._bootstrap>(127): <frozen importlib._bootstrap>(128): <frozen importlib._bootstrap>(130): <frozen importlib._bootstrap>(131): <frozen importlib._bootstrap>(132): <frozen importlib._bootstrap>(127):  --- modulename: _bootstrap, funcname: _lock_unlock_module
<frozen importlib._bootstrap>(222):  --- modulename: _bootstrap, funcname: _get_module_lock
<frozen importlib._bootstrap>(185): <frozen importlib._bootstrap>(186): <frozen importlib._bootstrap>(187): <frozen importlib._bootstrap>(188): <frozen importlib._bootstrap>(192): <frozen importlib._bootstrap>(211): <frozen importlib._bootstrap>(213): <frozen importlib._bootstrap>(223): <frozen importlib._bootstrap>(224):  --- modulename: _bootstrap, funcname: acquire
<frozen importlib._bootstrap>(106): <frozen importlib._bootstrap>(107): <frozen importlib._bootstrap>(108): <frozen importlib._bootstrap>(109): <frozen importlib._bootstrap>(110): <frozen importlib._bootstrap>(111): <frozen importlib._bootstrap>(112): <frozen importlib._bootstrap>(113): <frozen importlib._bootstrap>(114): <frozen importlib._bootstrap>(110): <frozen importlib._bootstrap>(123): <frozen importlib._bootstrap>(230):  --- modulename: _bootstrap, funcname: release
<frozen importlib._bootstrap>(126): <frozen importlib._bootstrap>(127): <frozen importlib._bootstrap>(128): <frozen importlib._bootstrap>(130): <frozen importlib._bootstrap>(131): <frozen importlib._bootstrap>(132): <frozen importlib._bootstrap>(127): <frozen importlib._bootstrap>(1219): <frozen importlib._bootstrap>(1243):  --- modulename: _bootstrap, funcname: _lock_unlock_module
<frozen importlib._bootstrap>(222):  --- modulename: _bootstrap, funcname: _get_module_lock
<frozen importlib._bootstrap>(185): <frozen importlib._bootstrap>(186): <frozen importlib._bootstrap>(187): <frozen importlib._bootstrap>(188): <frozen importlib._bootstrap>(192): <frozen importlib._bootstrap>(211): <frozen importlib._bootstrap>(213): <frozen importlib._bootstrap>(223): <frozen importlib._bootstrap>(224):  --- modulename: _bootstrap, funcname: acquire
<frozen importlib._bootstrap>(106): <frozen importlib._bootstrap>(107): <frozen importlib._bootstrap>(108): <frozen importlib._bootstrap>(109): <frozen importlib._bootstrap>(110): <frozen importlib._bootstrap>(111): <frozen importlib._bootstrap>(112): <frozen importlib._bootstrap>(113): <frozen importlib._bootstrap>(114): <frozen importlib._bootstrap>(110): <frozen importlib._bootstrap>(123): <frozen importlib._bootstrap>(230):  --- modulename: _bootstrap, funcname: release
<frozen importlib._bootstrap>(126): <frozen importlib._bootstrap>(127): <frozen importlib._bootstrap>(128): <frozen importlib._bootstrap>(130): <frozen importlib._bootstrap>(131): <frozen importlib._bootstrap>(132): <frozen importlib._bootstrap>(127): reduction.py(21): __all__ = ['send_handle', 'recv_handle', 'ForkingPickler', 'register', 'dump']
reduction.py(24): HAVE_SEND_HANDLE = (sys.platform == 'win32' or
reduction.py(33): class ForkingPickler(pickle.Pickler):
 --- modulename: reduction, funcname: ForkingPickler
reduction.py(33): class ForkingPickler(pickle.Pickler):
reduction.py(34):     '''Pickler subclass used by multiprocessing.'''
reduction.py(35):     _extra_reducers = {}
reduction.py(36):     _copyreg_dispatch_table = copyreg.dispatch_table
reduction.py(38):     def __init__(self, *args):
reduction.py(43):     @classmethod
reduction.py(44):     def register(cls, type, reduce):
reduction.py(43):     @classmethod
reduction.py(44):     def register(cls, type, reduce):
reduction.py(48):     @classmethod
reduction.py(49):     def dumps(cls, obj, protocol=None):
reduction.py(48):     @classmethod
reduction.py(49):     def dumps(cls, obj, protocol=None):
reduction.py(54):     loads = pickle.loads
reduction.py(56): register = ForkingPickler.register
reduction.py(58): def dump(obj, file, protocol=None):
reduction.py(66): if sys.platform == 'win32':
reduction.py(68):     __all__ += ['DupHandle', 'duplicate', 'steal_handle']
reduction.py(69):     import _winapi
reduction.py(71):     def duplicate(handle, target_process=None, inheritable=False,
reduction.py(72):                   *, source_process=None):
reduction.py(71):     def duplicate(handle, target_process=None, inheritable=False,
reduction.py(83):     def steal_handle(source_pid, handle):
reduction.py(95):     def send_handle(conn, handle, destination_pid):
reduction.py(100):     def recv_handle(conn):
reduction.py(104):     class DupHandle(object):
 --- modulename: reduction, funcname: DupHandle
reduction.py(104):     class DupHandle(object):
reduction.py(105):         '''Picklable wrapper for a handle.'''
reduction.py(106):         def __init__(self, handle, access, pid=None):
reduction.py(121):         def detach(self):
reduction.py(206): def _reduce_method(m):
reduction.py(211): class _C:
 --- modulename: reduction, funcname: _C
reduction.py(211): class _C:
reduction.py(212):     def f(self):
reduction.py(214): register(type(_C().f), _reduce_method)
 --- modulename: reduction, funcname: register
reduction.py(46):         cls._extra_reducers[type] = reduce
reduction.py(217): def _reduce_method_descriptor(m):
reduction.py(219): register(type(list.append), _reduce_method_descriptor)
 --- modulename: reduction, funcname: register
reduction.py(46):         cls._extra_reducers[type] = reduce
reduction.py(220): register(type(int.__add__), _reduce_method_descriptor)
 --- modulename: reduction, funcname: register
reduction.py(46):         cls._extra_reducers[type] = reduce
reduction.py(223): def _reduce_partial(p):
reduction.py(225): def _rebuild_partial(func, args, keywords):
reduction.py(227): register(functools.partial, _reduce_partial)
 --- modulename: reduction, funcname: register
reduction.py(46):         cls._extra_reducers[type] = reduce
reduction.py(233): if sys.platform == 'win32':
reduction.py(234):     def _reduce_socket(s):
reduction.py(237):     def _rebuild_socket(ds):
reduction.py(239):     register(socket.socket, _reduce_socket)
 --- modulename: reduction, funcname: register
reduction.py(46):         cls._extra_reducers[type] = reduce
reduction.py(251): class AbstractReducer(metaclass=ABCMeta):
 --- modulename: reduction, funcname: AbstractReducer
reduction.py(251): class AbstractReducer(metaclass=ABCMeta):
reduction.py(252):     '''Abstract base class for use in implementing a Reduction class
reduction.py(255):     ForkingPickler = ForkingPickler
reduction.py(256):     register = register
reduction.py(257):     dump = dump
reduction.py(258):     send_handle = send_handle
reduction.py(259):     recv_handle = recv_handle
reduction.py(261):     if sys.platform == 'win32':
reduction.py(262):         steal_handle = steal_handle
reduction.py(263):         duplicate = duplicate
reduction.py(264):         DupHandle = DupHandle
reduction.py(270):     _reduce_method = _reduce_method
reduction.py(271):     _reduce_method_descriptor = _reduce_method_descriptor
reduction.py(272):     _rebuild_partial = _rebuild_partial
reduction.py(273):     _reduce_socket = _reduce_socket
reduction.py(274):     _rebuild_socket = _rebuild_socket
reduction.py(276):     def __init__(self, *args):
 --- modulename: abc, funcname: __new__
<frozen abc>(106): <frozen abc>(107): <frozen abc>(108): <frozen importlib._bootstrap>(701): <frozen importlib._bootstrap>(702): <frozen importlib._bootstrap>(703):  --- modulename: _bootstrap, funcname: _verbose_message
<frozen importlib._bootstrap>(246): <frozen importlib._bootstrap>(705): <frozen importlib._bootstrap>(707): <frozen importlib._bootstrap>(1151): <frozen importlib._bootstrap>(1152): <frozen importlib._bootstrap>(1153): <frozen importlib._bootstrap>(1155): <frozen importlib._bootstrap>(1156): <frozen importlib._bootstrap>(1157): <frozen importlib._bootstrap>(1161): <frozen importlib._bootstrap>(1175):  --- modulename: _bootstrap, funcname: __exit__
<frozen importlib._bootstrap>(174):  --- modulename: _bootstrap, funcname: release
<frozen importlib._bootstrap>(126): <frozen importlib._bootstrap>(127): <frozen importlib._bootstrap>(128): <frozen importlib._bootstrap>(130): <frozen importlib._bootstrap>(131): <frozen importlib._bootstrap>(132): <frozen importlib._bootstrap>(133): <frozen importlib._bootstrap>(134): <frozen importlib._bootstrap>(127):  --- modulename: _bootstrap, funcname: cb
<frozen importlib._bootstrap>(199): <frozen importlib._bootstrap>(200): <frozen importlib._bootstrap>(204): <frozen importlib._bootstrap>(205): <frozen importlib._bootstrap>(207):  --- modulename: _bootstrap, funcname: _lock_unlock_module
<frozen importlib._bootstrap>(222):  --- modulename: _bootstrap, funcname: _get_module_lock
<frozen importlib._bootstrap>(185): <frozen importlib._bootstrap>(186): <frozen importlib._bootstrap>(187): <frozen importlib._bootstrap>(188): <frozen importlib._bootstrap>(192): <frozen importlib._bootstrap>(211): <frozen importlib._bootstrap>(213): <frozen importlib._bootstrap>(223): <frozen importlib._bootstrap>(224):  --- modulename: _bootstrap, funcname: acquire
<frozen importlib._bootstrap>(106): <frozen importlib._bootstrap>(107): <frozen importlib._bootstrap>(108): <frozen importlib._bootstrap>(109): <frozen importlib._bootstrap>(110): <frozen importlib._bootstrap>(111): <frozen importlib._bootstrap>(112): <frozen importlib._bootstrap>(113): <frozen importlib._bootstrap>(114): <frozen importlib._bootstrap>(110): <frozen importlib._bootstrap>(123): <frozen importlib._bootstrap>(230):  --- modulename: _bootstrap, funcname: release
<frozen importlib._bootstrap>(126): <frozen importlib._bootstrap>(127): <frozen importlib._bootstrap>(128): <frozen importlib._bootstrap>(130): <frozen importlib._bootstrap>(131): <frozen importlib._bootstrap>(132): <frozen importlib._bootstrap>(127): <frozen importlib._bootstrap>(1219): <frozen importlib._bootstrap>(1243): context.py(8): __all__ = ()
context.py(14): class ProcessError(Exception):
 --- modulename: context, funcname: ProcessError
context.py(14): class ProcessError(Exception):
context.py(15):     pass
context.py(17): class BufferTooShort(ProcessError):
 --- modulename: context, funcname: BufferTooShort
context.py(17): class BufferTooShort(ProcessError):
context.py(18):     pass
context.py(20): class TimeoutError(ProcessError):
 --- modulename: context, funcname: TimeoutError
context.py(20): class TimeoutError(ProcessError):
context.py(21):     pass
context.py(23): class AuthenticationError(ProcessError):
 --- modulename: context, funcname: AuthenticationError
context.py(23): class AuthenticationError(ProcessError):
context.py(24):     pass
context.py(30): class BaseContext(object):
 --- modulename: context, funcname: BaseContext
context.py(30): class BaseContext(object):
context.py(32):     ProcessError = ProcessError
context.py(33):     BufferTooShort = BufferTooShort
context.py(34):     TimeoutError = TimeoutError
context.py(35):     AuthenticationError = AuthenticationError
context.py(37):     current_process = staticmethod(process.current_process)
context.py(38):     parent_process = staticmethod(process.parent_process)
context.py(39):     active_children = staticmethod(process.active_children)
context.py(41):     def cpu_count(self):
context.py(49):     def Manager(self):
context.py(60):     def Pipe(self, duplex=True):
context.py(65):     def Lock(self):
context.py(70):     def RLock(self):
context.py(75):     def Condition(self, lock=None):
context.py(80):     def Semaphore(self, value=1):
context.py(85):     def BoundedSemaphore(self, value=1):
context.py(90):     def Event(self):
context.py(95):     def Barrier(self, parties, action=None, timeout=None):
context.py(100):     def Queue(self, maxsize=0):
context.py(105):     def JoinableQueue(self, maxsize=0):
context.py(110):     def SimpleQueue(self):
context.py(115):     def Pool(self, processes=None, initializer=None, initargs=(),
context.py(116):              maxtasksperchild=None):
context.py(115):     def Pool(self, processes=None, initializer=None, initargs=(),
context.py(122):     def RawValue(self, typecode_or_type, *args):
context.py(127):     def RawArray(self, typecode_or_type, size_or_initializer):
context.py(132):     def Value(self, typecode_or_type, *args, lock=True):
context.py(138):     def Array(self, typecode_or_type, size_or_initializer, *, lock=True):
context.py(144):     def freeze_support(self):
context.py(152):     def get_logger(self):
context.py(159):     def log_to_stderr(self, level=None):
context.py(164):     def allow_connection_pickling(self):
context.py(172):     def set_executable(self, executable):
context.py(180):     def set_forkserver_preload(self, module_names):
context.py(187):     def get_context(self, method=None):
context.py(197):     def get_start_method(self, allow_none=False):
context.py(200):     def set_start_method(self, method, force=False):
context.py(203):     @property
context.py(204):     def reducer(self):
context.py(203):     @property
context.py(204):     def reducer(self):
context.py(209):     @reducer.setter
context.py(210):     def reducer(self, reduction):
context.py(209):     @reducer.setter
context.py(210):     def reducer(self, reduction):
context.py(213):     def _check_available(self):
context.py(220): class Process(process.BaseProcess):
 --- modulename: context, funcname: Process
context.py(220): class Process(process.BaseProcess):
context.py(221):     _start_method = None
context.py(222):     @staticmethod
context.py(223):     def _Popen(process_obj):
context.py(222):     @staticmethod
context.py(223):     def _Popen(process_obj):
context.py(226):     @staticmethod
context.py(227):     def _after_fork():
context.py(226):     @staticmethod
context.py(227):     def _after_fork():
context.py(230): class DefaultContext(BaseContext):
 --- modulename: context, funcname: DefaultContext
context.py(230): class DefaultContext(BaseContext):
context.py(231):     Process = Process
context.py(233):     def __init__(self, context):
context.py(237):     def get_context(self, method=None):
context.py(245):     def set_start_method(self, method, force=False):
context.py(253):     def get_start_method(self, allow_none=False):
context.py(260):     def get_all_start_methods(self):
context.py(274): if sys.platform != 'win32':
context.py(331):     class SpawnProcess(process.BaseProcess):
 --- modulename: context, funcname: SpawnProcess
context.py(331):     class SpawnProcess(process.BaseProcess):
context.py(332):         _start_method = 'spawn'
context.py(333):         @staticmethod
context.py(334):         def _Popen(process_obj):
context.py(333):         @staticmethod
context.py(334):         def _Popen(process_obj):
context.py(338):         @staticmethod
context.py(339):         def _after_fork():
context.py(338):         @staticmethod
context.py(339):         def _after_fork():
context.py(343):     class SpawnContext(BaseContext):
 --- modulename: context, funcname: SpawnContext
context.py(343):     class SpawnContext(BaseContext):
context.py(344):         _name = 'spawn'
context.py(345):         Process = SpawnProcess
context.py(348):         'spawn': SpawnContext(),
context.py(347):     _concrete_contexts = {
context.py(350):     _default_context = DefaultContext(_concrete_contexts['spawn'])
 --- modulename: context, funcname: __init__
context.py(234):         self._default_context = context
context.py(235):         self._actual_context = None
context.py(356): def _force_start_method(method):
context.py(363): _tls = threading.local()
context.py(365): def get_spawning_popen():
context.py(368): def set_spawning_popen(popen):
context.py(371): def assert_spawning(obj):
<frozen importlib._bootstrap>(701): <frozen importlib._bootstrap>(702): <frozen importlib._bootstrap>(703):  --- modulename: _bootstrap, funcname: _verbose_message
<frozen importlib._bootstrap>(246): <frozen importlib._bootstrap>(705): <frozen importlib._bootstrap>(707): <frozen importlib._bootstrap>(1151): <frozen importlib._bootstrap>(1152): <frozen importlib._bootstrap>(1153): <frozen importlib._bootstrap>(1155): <frozen importlib._bootstrap>(1156): <frozen importlib._bootstrap>(1157): <frozen importlib._bootstrap>(1161): <frozen importlib._bootstrap>(1175):  --- modulename: _bootstrap, funcname: __exit__
<frozen importlib._bootstrap>(174):  --- modulename: _bootstrap, funcname: release
<frozen importlib._bootstrap>(126): <frozen importlib._bootstrap>(127): <frozen importlib._bootstrap>(128): <frozen importlib._bootstrap>(130): <frozen importlib._bootstrap>(131): <frozen importlib._bootstrap>(132): <frozen importlib._bootstrap>(133): <frozen importlib._bootstrap>(134): <frozen importlib._bootstrap>(127):  --- modulename: _bootstrap, funcname: cb
<frozen importlib._bootstrap>(199): <frozen importlib._bootstrap>(200): <frozen importlib._bootstrap>(204): <frozen importlib._bootstrap>(205): <frozen importlib._bootstrap>(207):  --- modulename: _bootstrap, funcname: _lock_unlock_module
<frozen importlib._bootstrap>(222):  --- modulename: _bootstrap, funcname: _get_module_lock
<frozen importlib._bootstrap>(185): <frozen importlib._bootstrap>(186): <frozen importlib._bootstrap>(187): <frozen importlib._bootstrap>(188): <frozen importlib._bootstrap>(192): <frozen importlib._bootstrap>(211): <frozen importlib._bootstrap>(213): <frozen importlib._bootstrap>(223): <frozen importlib._bootstrap>(224):  --- modulename: _bootstrap, funcname: acquire
<frozen importlib._bootstrap>(106): <frozen importlib._bootstrap>(107): <frozen importlib._bootstrap>(108): <frozen importlib._bootstrap>(109): <frozen importlib._bootstrap>(110): <frozen importlib._bootstrap>(111): <frozen importlib._bootstrap>(112): <frozen importlib._bootstrap>(113): <frozen importlib._bootstrap>(114): <frozen importlib._bootstrap>(110): <frozen importlib._bootstrap>(123): <frozen importlib._bootstrap>(230):  --- modulename: _bootstrap, funcname: release
<frozen importlib._bootstrap>(126): <frozen importlib._bootstrap>(127): <frozen importlib._bootstrap>(128): <frozen importlib._bootstrap>(130): <frozen importlib._bootstrap>(131): <frozen importlib._bootstrap>(132): <frozen importlib._bootstrap>(127): <frozen importlib._bootstrap>(1219): <frozen importlib._bootstrap>(1243):  --- modulename: context, funcname: reducer
context.py(207):         return globals().get('reduction')
<frozen importlib._bootstrap>(701): <frozen importlib._bootstrap>(702): <frozen importlib._bootstrap>(703):  --- modulename: _bootstrap, funcname: _verbose_message
<frozen importlib._bootstrap>(246): <frozen importlib._bootstrap>(705): <frozen importlib._bootstrap>(707): <frozen importlib._bootstrap>(1151): <frozen importlib._bootstrap>(1153): <frozen importlib._bootstrap>(1161): <frozen importlib._bootstrap>(1175):  --- modulename: _bootstrap, funcname: __exit__
<frozen importlib._bootstrap>(174):  --- modulename: _bootstrap, funcname: release
<frozen importlib._bootstrap>(126): <frozen importlib._bootstrap>(127): <frozen importlib._bootstrap>(128): <frozen importlib._bootstrap>(130): <frozen importlib._bootstrap>(131): <frozen importlib._bootstrap>(132): <frozen importlib._bootstrap>(133): <frozen importlib._bootstrap>(134): <frozen importlib._bootstrap>(127):  --- modulename: _bootstrap, funcname: cb
<frozen importlib._bootstrap>(199): <frozen importlib._bootstrap>(200): <frozen importlib._bootstrap>(204): <frozen importlib._bootstrap>(205): <frozen importlib._bootstrap>(207):  --- modulename: _bootstrap, funcname: _handle_fromlist
<frozen importlib._bootstrap>(1219): <frozen importlib._bootstrap>(1220): <frozen importlib._bootstrap>(1227): <frozen importlib._bootstrap>(1231): <frozen importlib._bootstrap>(1219): <frozen importlib._bootstrap>(1243):  --- modulename: context, funcname: RLock
context.py(72):         from .synchronize import RLock
 --- modulename: _bootstrap, funcname: parent
<frozen importlib._bootstrap>(408): <frozen importlib._bootstrap>(409):  --- modulename: _bootstrap, funcname: _find_and_load
<frozen importlib._bootstrap>(1172): <frozen importlib._bootstrap>(1173): <frozen importlib._bootstrap>(1175):  --- modulename: _bootstrap, funcname: __init__
<frozen importlib._bootstrap>(166): <frozen importlib._bootstrap>(167):  --- modulename: _bootstrap, funcname: __enter__
<frozen importlib._bootstrap>(170):  --- modulename: _bootstrap, funcname: _get_module_lock
<frozen importlib._bootstrap>(185): <frozen importlib._bootstrap>(186): <frozen importlib._bootstrap>(187): <frozen importlib._bootstrap>(188): <frozen importlib._bootstrap>(189): <frozen importlib._bootstrap>(190): <frozen importlib._bootstrap>(192): <frozen importlib._bootstrap>(193): <frozen importlib._bootstrap>(196):  --- modulename: _bootstrap, funcname: __init__
<frozen importlib._bootstrap>(72): <frozen importlib._bootstrap>(73): <frozen importlib._bootstrap>(74): <frozen importlib._bootstrap>(75): <frozen importlib._bootstrap>(76): <frozen importlib._bootstrap>(77): <frozen importlib._bootstrap>(198): <frozen importlib._bootstrap>(209): <frozen importlib._bootstrap>(211): <frozen importlib._bootstrap>(213): <frozen importlib._bootstrap>(171):  --- modulename: _bootstrap, funcname: acquire
<frozen importlib._bootstrap>(106): <frozen importlib._bootstrap>(107): <frozen importlib._bootstrap>(108): <frozen importlib._bootstrap>(109): <frozen importlib._bootstrap>(110): <frozen importlib._bootstrap>(111): <frozen importlib._bootstrap>(112): <frozen importlib._bootstrap>(113): <frozen importlib._bootstrap>(114): <frozen importlib._bootstrap>(110): <frozen importlib._bootstrap>(123): <frozen importlib._bootstrap>(1176): <frozen importlib._bootstrap>(1177): <frozen importlib._bootstrap>(1178):  --- modulename: _bootstrap, funcname: _find_and_load_unlocked
<frozen importlib._bootstrap>(1123): <frozen importlib._bootstrap>(1124): <frozen importlib._bootstrap>(1125): <frozen importlib._bootstrap>(1126): <frozen importlib._bootstrap>(1127): <frozen importlib._bootstrap>(1130): <frozen importlib._bootstrap>(1132): <frozen importlib._bootstrap>(1133): <frozen importlib._bootstrap>(1134): <frozen importlib._bootstrap>(1138): <frozen importlib._bootstrap>(1139): <frozen importlib._bootstrap>(1140):  --- modulename: _bootstrap, funcname: _find_spec
<frozen importlib._bootstrap>(1058): <frozen importlib._bootstrap>(1059): <frozen importlib._bootstrap>(1064): <frozen importlib._bootstrap>(1070): <frozen importlib._bootstrap>(1071): <frozen importlib._bootstrap>(1072):  --- modulename: _bootstrap, funcname: __enter__
<frozen importlib._bootstrap>(1030): <frozen importlib._bootstrap>(1073): <frozen importlib._bootstrap>(1074): <frozen importlib._bootstrap>(1080): <frozen importlib._bootstrap>(1072):  --- modulename: _bootstrap, funcname: __exit__
<frozen importlib._bootstrap>(1034): <frozen importlib._bootstrap>(1081): <frozen importlib._bootstrap>(1071): <frozen importlib._bootstrap>(1072):  --- modulename: _bootstrap, funcname: __enter__
<frozen importlib._bootstrap>(1030): <frozen importlib._bootstrap>(1073): <frozen importlib._bootstrap>(1074): <frozen importlib._bootstrap>(1080): <frozen importlib._bootstrap>(1072):  --- modulename: _bootstrap, funcname: __exit__
<frozen importlib._bootstrap>(1034): <frozen importlib._bootstrap>(1081): <frozen importlib._bootstrap>(1071): <frozen importlib._bootstrap>(1072):  --- modulename: _bootstrap, funcname: __enter__
<frozen importlib._bootstrap>(1030): <frozen importlib._bootstrap>(1073): <frozen importlib._bootstrap>(1074): <frozen importlib._bootstrap>(1080):  --- modulename: _bootstrap, funcname: find_spec
<frozen importlib._bootstrap>(750): <frozen importlib._bootstrap>(751): <frozen importlib._bootstrap>(1072):  --- modulename: _bootstrap, funcname: __exit__
<frozen importlib._bootstrap>(1034): <frozen importlib._bootstrap>(1081): <frozen importlib._bootstrap>(1071): <frozen importlib._bootstrap>(1072):  --- modulename: _bootstrap, funcname: __enter__
<frozen importlib._bootstrap>(1030): <frozen importlib._bootstrap>(1073): <frozen importlib._bootstrap>(1074): <frozen importlib._bootstrap>(1080):  --- modulename: _bootstrap, funcname: find_spec
<frozen importlib._bootstrap>(924):  --- modulename: _bootstrap, funcname: _call_with_frames_removed
<frozen importlib._bootstrap>(241): <frozen importlib._bootstrap>(925): <frozen importlib._bootstrap>(926): <frozen importlib._bootstrap>(1072):  --- modulename: _bootstrap, funcname: __exit__
<frozen importlib._bootstrap>(1034): <frozen importlib._bootstrap>(1081): <frozen importlib._bootstrap>(1071): <frozen importlib._bootstrap>(1072):  --- modulename: _bootstrap, funcname: __enter__
<frozen importlib._bootstrap>(1030): <frozen importlib._bootstrap>(1073): <frozen importlib._bootstrap>(1074): <frozen importlib._bootstrap>(1080):  --- modulename: _bootstrap_external, funcname: find_spec
<frozen importlib._bootstrap_external>(1502): <frozen importlib._bootstrap_external>(1504):  --- modulename: _bootstrap_external, funcname: _get_spec
<frozen importlib._bootstrap_external>(1469): <frozen importlib._bootstrap_external>(1470): <frozen importlib._bootstrap_external>(1471): <frozen importlib._bootstrap_external>(1473):  --- modulename: _bootstrap_external, funcname: _path_importer_cache
<frozen importlib._bootstrap_external>(1429): <frozen importlib._bootstrap_external>(1436): <frozen importlib._bootstrap_external>(1437): <frozen importlib._bootstrap_external>(1441): <frozen importlib._bootstrap_external>(1474): <frozen importlib._bootstrap_external>(1475): <frozen importlib._bootstrap_external>(1476):  --- modulename: _bootstrap_external, funcname: find_spec
<frozen importlib._bootstrap_external>(1609): <frozen importlib._bootstrap_external>(1610): <frozen importlib._bootstrap_external>(1611): <frozen importlib._bootstrap_external>(1612):  --- modulename: _bootstrap_external, funcname: _path_stat
<frozen importlib._bootstrap_external>(147): <frozen importlib._bootstrap_external>(1615): <frozen importlib._bootstrap_external>(1619):  --- modulename: _bootstrap_external, funcname: _relax_case
<frozen importlib._bootstrap_external>(69): <frozen importlib._bootstrap_external>(1623): <frozen importlib._bootstrap_external>(1624): <frozen importlib._bootstrap_external>(1626): <frozen importlib._bootstrap_external>(1638): <frozen importlib._bootstrap_external>(1639): <frozen importlib._bootstrap_external>(1640):  --- modulename: _bootstrap_external, funcname: _path_join
<frozen importlib._bootstrap_external>(98): <frozen importlib._bootstrap_external>(100): <frozen importlib._bootstrap_external>(102): <frozen importlib._bootstrap_external>(103): <frozen importlib._bootstrap_external>(104): <frozen importlib._bootstrap_external>(105): <frozen importlib._bootstrap_external>(106): <frozen importlib._bootstrap_external>(107): <frozen importlib._bootstrap_external>(104): <frozen importlib._bootstrap_external>(105): <frozen importlib._bootstrap_external>(108): <frozen importlib._bootstrap_external>(117): <frozen importlib._bootstrap_external>(118): <frozen importlib._bootstrap_external>(104): <frozen importlib._bootstrap_external>(119):  --- modulename: _bootstrap_external, funcname: <listcomp>
<frozen importlib._bootstrap_external>(119): <frozen importlib._bootstrap_external>(119): <frozen importlib._bootstrap_external>(119): <frozen importlib._bootstrap_external>(120): <frozen importlib._bootstrap_external>(123): <frozen importlib._bootstrap_external>(1643):  --- modulename: _bootstrap, funcname: _verbose_message
<frozen importlib._bootstrap>(246): <frozen importlib._bootstrap_external>(1644): <frozen importlib._bootstrap_external>(1638): <frozen importlib._bootstrap_external>(1639): <frozen importlib._bootstrap_external>(1640):  --- modulename: _bootstrap_external, funcname: _path_join
<frozen importlib._bootstrap_external>(98): <frozen importlib._bootstrap_external>(100): <frozen importlib._bootstrap_external>(102): <frozen importlib._bootstrap_external>(103): <frozen importlib._bootstrap_external>(104): <frozen importlib._bootstrap_external>(105): <frozen importlib._bootstrap_external>(106): <frozen importlib._bootstrap_external>(107): <frozen importlib._bootstrap_external>(104): <frozen importlib._bootstrap_external>(105): <frozen importlib._bootstrap_external>(108): <frozen importlib._bootstrap_external>(117): <frozen importlib._bootstrap_external>(118): <frozen importlib._bootstrap_external>(104): <frozen importlib._bootstrap_external>(119):  --- modulename: _bootstrap_external, funcname: <listcomp>
<frozen importlib._bootstrap_external>(119): <frozen importlib._bootstrap_external>(119): <frozen importlib._bootstrap_external>(119): <frozen importlib._bootstrap_external>(120): <frozen importlib._bootstrap_external>(123): <frozen importlib._bootstrap_external>(1643):  --- modulename: _bootstrap, funcname: _verbose_message
<frozen importlib._bootstrap>(246): <frozen importlib._bootstrap_external>(1644): <frozen importlib._bootstrap_external>(1638): <frozen importlib._bootstrap_external>(1639): <frozen importlib._bootstrap_external>(1640):  --- modulename: _bootstrap_external, funcname: _path_join
<frozen importlib._bootstrap_external>(98): <frozen importlib._bootstrap_external>(100): <frozen importlib._bootstrap_external>(102): <frozen importlib._bootstrap_external>(103): <frozen importlib._bootstrap_external>(104): <frozen importlib._bootstrap_external>(105): <frozen importlib._bootstrap_external>(106): <frozen importlib._bootstrap_external>(107): <frozen importlib._bootstrap_external>(104): <frozen importlib._bootstrap_external>(105): <frozen importlib._bootstrap_external>(108): <frozen importlib._bootstrap_external>(117): <frozen importlib._bootstrap_external>(118): <frozen importlib._bootstrap_external>(104): <frozen importlib._bootstrap_external>(119):  --- modulename: _bootstrap_external, funcname: <listcomp>
<frozen importlib._bootstrap_external>(119): <frozen importlib._bootstrap_external>(119): <frozen importlib._bootstrap_external>(119): <frozen importlib._bootstrap_external>(120): <frozen importlib._bootstrap_external>(123): <frozen importlib._bootstrap_external>(1643):  --- modulename: _bootstrap, funcname: _verbose_message
<frozen importlib._bootstrap>(246): <frozen importlib._bootstrap_external>(1644): <frozen importlib._bootstrap_external>(1645):  --- modulename: _bootstrap_external, funcname: _path_isfile
<frozen importlib._bootstrap_external>(161):  --- modulename: _bootstrap_external, funcname: _path_is_mode_type
<frozen importlib._bootstrap_external>(152): <frozen importlib._bootstrap_external>(153):  --- modulename: _bootstrap_external, funcname: _path_stat
<frozen importlib._bootstrap_external>(147): <frozen importlib._bootstrap_external>(156): <frozen importlib._bootstrap_external>(1646): <frozen importlib._bootstrap_external>(1647): <frozen importlib._bootstrap_external>(1646):  --- modulename: _bootstrap_external, funcname: _get_spec
<frozen importlib._bootstrap_external>(1600):  --- modulename: _bootstrap_external, funcname: __init__
<frozen importlib._bootstrap_external>(1100): <frozen importlib._bootstrap_external>(1101): <frozen importlib._bootstrap_external>(1601): <frozen importlib._bootstrap_external>(1602): <frozen importlib._bootstrap_external>(1601):  --- modulename: _bootstrap_external, funcname: spec_from_file_location
<frozen importlib._bootstrap_external>(790): <frozen importlib._bootstrap_external>(802): <frozen importlib._bootstrap_external>(803):  --- modulename: _bootstrap_external, funcname: _path_isabs
<frozen importlib._bootstrap_external>(174): <frozen importlib._bootstrap_external>(176): <frozen importlib._bootstrap_external>(177): <frozen importlib._bootstrap_external>(815):  --- modulename: _bootstrap, funcname: __init__
<frozen importlib._bootstrap>(359): <frozen importlib._bootstrap>(360): <frozen importlib._bootstrap>(361): <frozen importlib._bootstrap>(362): <frozen importlib._bootstrap>(363): <frozen importlib._bootstrap>(364): <frozen importlib._bootstrap>(367): <frozen importlib._bootstrap>(368): <frozen importlib._bootstrap_external>(816): <frozen importlib._bootstrap_external>(819): <frozen importlib._bootstrap_external>(829): <frozen importlib._bootstrap_external>(840): <frozen importlib._bootstrap_external>(841): <frozen importlib._bootstrap_external>(846): <frozen importlib._bootstrap_external>(1479): <frozen importlib._bootstrap_external>(1481): <frozen importlib._bootstrap_external>(1482): <frozen importlib._bootstrap_external>(1505): <frozen importlib._bootstrap_external>(1507): <frozen importlib._bootstrap_external>(1518): <frozen importlib._bootstrap>(1072):  --- modulename: _bootstrap, funcname: __exit__
<frozen importlib._bootstrap>(1034): <frozen importlib._bootstrap>(1081): <frozen importlib._bootstrap>(1083): <frozen importlib._bootstrap>(1098): <frozen importlib._bootstrap>(1141): <frozen importlib._bootstrap>(1144): <frozen importlib._bootstrap>(1147): <frozen importlib._bootstrap>(1148): <frozen importlib._bootstrap>(1149):  --- modulename: _bootstrap, funcname: _load_unlocked
<frozen importlib._bootstrap>(668): <frozen importlib._bootstrap>(670): <frozen importlib._bootstrap>(676):  --- modulename: _bootstrap, funcname: module_from_spec
<frozen importlib._bootstrap>(569): <frozen importlib._bootstrap>(570): <frozen importlib._bootstrap>(573):  --- modulename: _bootstrap_external, funcname: create_module
<frozen importlib._bootstrap_external>(931): <frozen importlib._bootstrap>(577): <frozen importlib._bootstrap>(578):  --- modulename: _bootstrap, funcname: _new_module
<frozen importlib._bootstrap>(49): <frozen importlib._bootstrap>(579):  --- modulename: _bootstrap, funcname: _init_module_attrs
<frozen importlib._bootstrap>(497): <frozen importlib._bootstrap>(503): <frozen importlib._bootstrap>(504): <frozen importlib._bootstrap>(505): <frozen importlib._bootstrap>(526): <frozen importlib._bootstrap>(527): <frozen importlib._bootstrap>(531): <frozen importlib._bootstrap>(532): <frozen importlib._bootstrap>(533):  --- modulename: _bootstrap, funcname: parent
<frozen importlib._bootstrap>(408): <frozen importlib._bootstrap>(409): <frozen importlib._bootstrap>(537): <frozen importlib._bootstrap>(538): <frozen importlib._bootstrap>(542): <frozen importlib._bootstrap>(543): <frozen importlib._bootstrap>(550):  --- modulename: _bootstrap, funcname: has_location
<frozen importlib._bootstrap>(415): <frozen importlib._bootstrap>(551): <frozen importlib._bootstrap>(552): <frozen importlib._bootstrap>(553): <frozen importlib._bootstrap>(557): <frozen importlib._bootstrap>(558):  --- modulename: _bootstrap, funcname: cached
<frozen importlib._bootstrap>(394): <frozen importlib._bootstrap>(395): <frozen importlib._bootstrap>(396): <frozen importlib._bootstrap>(398):  --- modulename: _bootstrap_external, funcname: _get_cached
<frozen importlib._bootstrap_external>(568): <frozen importlib._bootstrap_external>(569): <frozen importlib._bootstrap_external>(570):  --- modulename: _bootstrap_external, funcname: cache_from_source
<frozen importlib._bootstrap_external>(455): <frozen importlib._bootstrap_external>(462): <frozen importlib._bootstrap_external>(463):  --- modulename: _bootstrap_external, funcname: _path_split
<frozen importlib._bootstrap_external>(134):  --- modulename: _bootstrap_external, funcname: <genexpr>
<frozen importlib._bootstrap_external>(134):  --- modulename: _bootstrap_external, funcname: <genexpr>
<frozen importlib._bootstrap_external>(134):  --- modulename: _bootstrap_external, funcname: <genexpr>
<frozen importlib._bootstrap_external>(134): <frozen importlib._bootstrap_external>(135): <frozen importlib._bootstrap_external>(137): <frozen importlib._bootstrap_external>(464): <frozen importlib._bootstrap_external>(465): <frozen importlib._bootstrap_external>(466): <frozen importlib._bootstrap_external>(468): <frozen importlib._bootstrap_external>(469): <frozen importlib._bootstrap_external>(470): <frozen importlib._bootstrap_external>(471): <frozen importlib._bootstrap_external>(474): <frozen importlib._bootstrap_external>(475): <frozen importlib._bootstrap_external>(479): <frozen importlib._bootstrap_external>(480): <frozen importlib._bootstrap_external>(505):  --- modulename: _bootstrap_external, funcname: _path_join
<frozen importlib._bootstrap_external>(98): <frozen importlib._bootstrap_external>(100): <frozen importlib._bootstrap_external>(102): <frozen importlib._bootstrap_external>(103): <frozen importlib._bootstrap_external>(104): <frozen importlib._bootstrap_external>(105): <frozen importlib._bootstrap_external>(106): <frozen importlib._bootstrap_external>(107): <frozen importlib._bootstrap_external>(104): <frozen importlib._bootstrap_external>(105): <frozen importlib._bootstrap_external>(108): <frozen importlib._bootstrap_external>(117): <frozen importlib._bootstrap_external>(118): <frozen importlib._bootstrap_external>(104): <frozen importlib._bootstrap_external>(105): <frozen importlib._bootstrap_external>(108): <frozen importlib._bootstrap_external>(117): <frozen importlib._bootstrap_external>(118): <frozen importlib._bootstrap_external>(104): <frozen importlib._bootstrap_external>(119):  --- modulename: _bootstrap_external, funcname: <listcomp>
<frozen importlib._bootstrap_external>(119): <frozen importlib._bootstrap_external>(119): <frozen importlib._bootstrap_external>(119): <frozen importlib._bootstrap_external>(119): <frozen importlib._bootstrap_external>(120): <frozen importlib._bootstrap_external>(123): <frozen importlib._bootstrap>(399): <frozen importlib._bootstrap>(559): <frozen importlib._bootstrap>(560):  --- modulename: _bootstrap, funcname: cached
<frozen importlib._bootstrap>(394): <frozen importlib._bootstrap>(399): <frozen importlib._bootstrap>(563): <frozen importlib._bootstrap>(580): <frozen importlib._bootstrap>(681): <frozen importlib._bootstrap>(682): <frozen importlib._bootstrap>(683): <frozen importlib._bootstrap>(684): <frozen importlib._bootstrap>(685): <frozen importlib._bootstrap>(690):  --- modulename: _bootstrap_external, funcname: exec_module
<frozen importlib._bootstrap_external>(936):  --- modulename: _bootstrap_external, funcname: get_code
<frozen importlib._bootstrap_external>(1014):  --- modulename: _bootstrap_external, funcname: _check_name_wrapper
<frozen importlib._bootstrap_external>(600): <frozen importlib._bootstrap_external>(602): <frozen importlib._bootstrap_external>(605):  --- modulename: _bootstrap_external, funcname: get_filename
<frozen importlib._bootstrap_external>(1125): <frozen importlib._bootstrap_external>(1015): <frozen importlib._bootstrap_external>(1016): <frozen importlib._bootstrap_external>(1017): <frozen importlib._bootstrap_external>(1018): <frozen importlib._bootstrap_external>(1019): <frozen importlib._bootstrap_external>(1020): <frozen importlib._bootstrap_external>(1021):  --- modulename: _bootstrap_external, funcname: cache_from_source
<frozen importlib._bootstrap_external>(455): <frozen importlib._bootstrap_external>(462): <frozen importlib._bootstrap_external>(463):  --- modulename: _bootstrap_external, funcname: _path_split
<frozen importlib._bootstrap_external>(134):  --- modulename: _bootstrap_external, funcname: <genexpr>
<frozen importlib._bootstrap_external>(134):  --- modulename: _bootstrap_external, funcname: <genexpr>
<frozen importlib._bootstrap_external>(134):  --- modulename: _bootstrap_external, funcname: <genexpr>
<frozen importlib._bootstrap_external>(134): <frozen importlib._bootstrap_external>(135): <frozen importlib._bootstrap_external>(137): <frozen importlib._bootstrap_external>(464): <frozen importlib._bootstrap_external>(465): <frozen importlib._bootstrap_external>(466): <frozen importlib._bootstrap_external>(468): <frozen importlib._bootstrap_external>(469): <frozen importlib._bootstrap_external>(470): <frozen importlib._bootstrap_external>(471): <frozen importlib._bootstrap_external>(474): <frozen importlib._bootstrap_external>(475): <frozen importlib._bootstrap_external>(479): <frozen importlib._bootstrap_external>(480): <frozen importlib._bootstrap_external>(505):  --- modulename: _bootstrap_external, funcname: _path_join
<frozen importlib._bootstrap_external>(98): <frozen importlib._bootstrap_external>(100): <frozen importlib._bootstrap_external>(102): <frozen importlib._bootstrap_external>(103): <frozen importlib._bootstrap_external>(104): <frozen importlib._bootstrap_external>(105): <frozen importlib._bootstrap_external>(106): <frozen importlib._bootstrap_external>(107): <frozen importlib._bootstrap_external>(104): <frozen importlib._bootstrap_external>(105): <frozen importlib._bootstrap_external>(108): <frozen importlib._bootstrap_external>(117): <frozen importlib._bootstrap_external>(118): <frozen importlib._bootstrap_external>(104): <frozen importlib._bootstrap_external>(105): <frozen importlib._bootstrap_external>(108): <frozen importlib._bootstrap_external>(117): <frozen importlib._bootstrap_external>(118): <frozen importlib._bootstrap_external>(104): <frozen importlib._bootstrap_external>(119):  --- modulename: _bootstrap_external, funcname: <listcomp>
<frozen importlib._bootstrap_external>(119): <frozen importlib._bootstrap_external>(119): <frozen importlib._bootstrap_external>(119): <frozen importlib._bootstrap_external>(119): <frozen importlib._bootstrap_external>(120): <frozen importlib._bootstrap_external>(123): <frozen importlib._bootstrap_external>(1025): <frozen importlib._bootstrap_external>(1026):  --- modulename: _bootstrap_external, funcname: path_stats
<frozen importlib._bootstrap_external>(1148):  --- modulename: _bootstrap_external, funcname: _path_stat
<frozen importlib._bootstrap_external>(147): <frozen importlib._bootstrap_external>(1149): <frozen importlib._bootstrap_external>(1030): <frozen importlib._bootstrap_external>(1031): <frozen importlib._bootstrap_external>(1032):  --- modulename: _bootstrap_external, funcname: get_data
<frozen importlib._bootstrap_external>(1129): <frozen importlib._bootstrap_external>(1130): <frozen importlib._bootstrap_external>(1131): <frozen importlib._bootstrap_external>(1130): <frozen importlib._bootstrap_external>(1037): <frozen importlib._bootstrap_external>(1038): <frozen importlib._bootstrap_external>(1036): <frozen importlib._bootstrap_external>(1040): <frozen importlib._bootstrap_external>(1041):  --- modulename: _bootstrap_external, funcname: _classify_pyc
<frozen importlib._bootstrap_external>(658): <frozen importlib._bootstrap_external>(659): <frozen importlib._bootstrap_external>(663): <frozen importlib._bootstrap_external>(667):  --- modulename: _bootstrap_external, funcname: _unpack_uint32
<frozen importlib._bootstrap_external>(86): <frozen importlib._bootstrap_external>(87): <frozen importlib._bootstrap_external>(669): <frozen importlib._bootstrap_external>(672): <frozen importlib._bootstrap_external>(1042): <frozen importlib._bootstrap_external>(1043): <frozen importlib._bootstrap_external>(1044): <frozen importlib._bootstrap_external>(1057): <frozen importlib._bootstrap_external>(1058): <frozen importlib._bootstrap_external>(1059): <frozen importlib._bootstrap_external>(1060): <frozen importlib._bootstrap_external>(1061): <frozen importlib._bootstrap_external>(1062): <frozen importlib._bootstrap_external>(1057):  --- modulename: _bootstrap_external, funcname: _validate_timestamp_pyc
<frozen importlib._bootstrap_external>(694):  --- modulename: _bootstrap_external, funcname: _unpack_uint32
<frozen importlib._bootstrap_external>(86): <frozen importlib._bootstrap_external>(87): <frozen importlib._bootstrap_external>(698): <frozen importlib._bootstrap_external>(699):  --- modulename: _bootstrap_external, funcname: _unpack_uint32
<frozen importlib._bootstrap_external>(86): <frozen importlib._bootstrap_external>(87): <frozen importlib._bootstrap_external>(698): <frozen importlib._bootstrap_external>(1067): <frozen importlib._bootstrap_external>(1068): <frozen importlib._bootstrap_external>(1067):  --- modulename: _bootstrap, funcname: _verbose_message
<frozen importlib._bootstrap>(246): <frozen importlib._bootstrap_external>(1069): <frozen importlib._bootstrap_external>(1070): <frozen importlib._bootstrap_external>(1071): <frozen importlib._bootstrap_external>(1069):  --- modulename: _bootstrap_external, funcname: _compile_bytecode
<frozen importlib._bootstrap_external>(729): <frozen importlib._bootstrap_external>(730): <frozen importlib._bootstrap_external>(731):  --- modulename: _bootstrap, funcname: _verbose_message
<frozen importlib._bootstrap>(246): <frozen importlib._bootstrap_external>(732): <frozen importlib._bootstrap_external>(733): <frozen importlib._bootstrap_external>(734): <frozen importlib._bootstrap_external>(937): <frozen importlib._bootstrap_external>(940):  --- modulename: _bootstrap, funcname: _call_with_frames_removed
<frozen importlib._bootstrap>(241):  --- modulename: synchronize, funcname: <module>
synchronize.py(10): __all__ = [
synchronize.py(14): import threading
synchronize.py(15): import sys
synchronize.py(16): import tempfile
 --- modulename: _bootstrap, funcname: _find_and_load
<frozen importlib._bootstrap>(1172): <frozen importlib._bootstrap>(1173): <frozen importlib._bootstrap>(1175):  --- modulename: _bootstrap, funcname: __init__
<frozen importlib._bootstrap>(166): <frozen importlib._bootstrap>(167):  --- modulename: _bootstrap, funcname: __enter__
<frozen importlib._bootstrap>(170):  --- modulename: _bootstrap, funcname: _get_module_lock
<frozen importlib._bootstrap>(185): <frozen importlib._bootstrap>(186): <frozen importlib._bootstrap>(187): <frozen importlib._bootstrap>(188): <frozen importlib._bootstrap>(189): <frozen importlib._bootstrap>(190): <frozen importlib._bootstrap>(192): <frozen importlib._bootstrap>(193): <frozen importlib._bootstrap>(196):  --- modulename: _bootstrap, funcname: __init__
<frozen importlib._bootstrap>(72): <frozen importlib._bootstrap>(73): <frozen importlib._bootstrap>(74): <frozen importlib._bootstrap>(75): <frozen importlib._bootstrap>(76): <frozen importlib._bootstrap>(77): <frozen importlib._bootstrap>(198): <frozen importlib._bootstrap>(209): <frozen importlib._bootstrap>(211): <frozen importlib._bootstrap>(213): <frozen importlib._bootstrap>(171):  --- modulename: _bootstrap, funcname: acquire
<frozen importlib._bootstrap>(106): <frozen importlib._bootstrap>(107): <frozen importlib._bootstrap>(108): <frozen importlib._bootstrap>(109): <frozen importlib._bootstrap>(110): <frozen importlib._bootstrap>(111): <frozen importlib._bootstrap>(112): <frozen importlib._bootstrap>(113): <frozen importlib._bootstrap>(114): <frozen importlib._bootstrap>(110): <frozen importlib._bootstrap>(123): <frozen importlib._bootstrap>(1176): <frozen importlib._bootstrap>(1177): <frozen importlib._bootstrap>(1178):  --- modulename: _bootstrap, funcname: _find_and_load_unlocked
<frozen importlib._bootstrap>(1123): <frozen importlib._bootstrap>(1124): <frozen importlib._bootstrap>(1125): <frozen importlib._bootstrap>(1126): <frozen importlib._bootstrap>(1140):  --- modulename: _bootstrap, funcname: _find_spec
<frozen importlib._bootstrap>(1058): <frozen importlib._bootstrap>(1059): <frozen importlib._bootstrap>(1064): <frozen importlib._bootstrap>(1070): <frozen importlib._bootstrap>(1071): <frozen importlib._bootstrap>(1072):  --- modulename: _bootstrap, funcname: __enter__
<frozen importlib._bootstrap>(1030): <frozen importlib._bootstrap>(1073): <frozen importlib._bootstrap>(1074): <frozen importlib._bootstrap>(1080): <frozen importlib._bootstrap>(1072):  --- modulename: _bootstrap, funcname: __exit__
<frozen importlib._bootstrap>(1034): <frozen importlib._bootstrap>(1081): <frozen importlib._bootstrap>(1071): <frozen importlib._bootstrap>(1072):  --- modulename: _bootstrap, funcname: __enter__
<frozen importlib._bootstrap>(1030): <frozen importlib._bootstrap>(1073): <frozen importlib._bootstrap>(1074): <frozen importlib._bootstrap>(1080): <frozen importlib._bootstrap>(1072):  --- modulename: _bootstrap, funcname: __exit__
<frozen importlib._bootstrap>(1034): <frozen importlib._bootstrap>(1081): <frozen importlib._bootstrap>(1071): <frozen importlib._bootstrap>(1072):  --- modulename: _bootstrap, funcname: __enter__
<frozen importlib._bootstrap>(1030): <frozen importlib._bootstrap>(1073): <frozen importlib._bootstrap>(1074): <frozen importlib._bootstrap>(1080):  --- modulename: _bootstrap, funcname: find_spec
<frozen importlib._bootstrap>(750): <frozen importlib._bootstrap>(752): <frozen importlib._bootstrap>(755): <frozen importlib._bootstrap>(1072):  --- modulename: _bootstrap, funcname: __exit__
<frozen importlib._bootstrap>(1034): <frozen importlib._bootstrap>(1081): <frozen importlib._bootstrap>(1071): <frozen importlib._bootstrap>(1072):  --- modulename: _bootstrap, funcname: __enter__
<frozen importlib._bootstrap>(1030): <frozen importlib._bootstrap>(1073): <frozen importlib._bootstrap>(1074): <frozen importlib._bootstrap>(1080):  --- modulename: _bootstrap, funcname: find_spec
<frozen importlib._bootstrap>(924):  --- modulename: _bootstrap, funcname: _call_with_frames_removed
<frozen importlib._bootstrap>(241): <frozen importlib._bootstrap>(925): <frozen importlib._bootstrap>(926): <frozen importlib._bootstrap>(1072):  --- modulename: _bootstrap, funcname: __exit__
<frozen importlib._bootstrap>(1034): <frozen importlib._bootstrap>(1081): <frozen importlib._bootstrap>(1071): <frozen importlib._bootstrap>(1072):  --- modulename: _bootstrap, funcname: __enter__
<frozen importlib._bootstrap>(1030): <frozen importlib._bootstrap>(1073): <frozen importlib._bootstrap>(1074): <frozen importlib._bootstrap>(1080):  --- modulename: _bootstrap_external, funcname: find_spec
<frozen importlib._bootstrap_external>(1502): <frozen importlib._bootstrap_external>(1503): <frozen importlib._bootstrap_external>(1504):  --- modulename: _bootstrap_external, funcname: _get_spec
<frozen importlib._bootstrap_external>(1469): <frozen importlib._bootstrap_external>(1470): <frozen importlib._bootstrap_external>(1471): <frozen importlib._bootstrap_external>(1473):  --- modulename: _bootstrap_external, funcname: _path_importer_cache
<frozen importlib._bootstrap_external>(1429): <frozen importlib._bootstrap_external>(1436): <frozen importlib._bootstrap_external>(1437): <frozen importlib._bootstrap_external>(1441): <frozen importlib._bootstrap_external>(1474): <frozen importlib._bootstrap_external>(1475): <frozen importlib._bootstrap_external>(1476):  --- modulename: _bootstrap_external, funcname: find_spec
<frozen importlib._bootstrap_external>(1609): <frozen importlib._bootstrap_external>(1610): <frozen importlib._bootstrap_external>(1611): <frozen importlib._bootstrap_external>(1612):  --- modulename: _bootstrap_external, funcname: _path_stat
<frozen importlib._bootstrap_external>(147): <frozen importlib._bootstrap_external>(1615): <frozen importlib._bootstrap_external>(1619):  --- modulename: _bootstrap_external, funcname: _relax_case
<frozen importlib._bootstrap_external>(69): <frozen importlib._bootstrap_external>(1623): <frozen importlib._bootstrap_external>(1624): <frozen importlib._bootstrap_external>(1626): <frozen importlib._bootstrap_external>(1638): <frozen importlib._bootstrap_external>(1639): <frozen importlib._bootstrap_external>(1640):  --- modulename: _bootstrap_external, funcname: _path_join
<frozen importlib._bootstrap_external>(98): <frozen importlib._bootstrap_external>(100): <frozen importlib._bootstrap_external>(102): <frozen importlib._bootstrap_external>(103): <frozen importlib._bootstrap_external>(104): <frozen importlib._bootstrap_external>(105): <frozen importlib._bootstrap_external>(106): <frozen importlib._bootstrap_external>(107): <frozen importlib._bootstrap_external>(104): <frozen importlib._bootstrap_external>(105): <frozen importlib._bootstrap_external>(108): <frozen importlib._bootstrap_external>(117): <frozen importlib._bootstrap_external>(118): <frozen importlib._bootstrap_external>(104): <frozen importlib._bootstrap_external>(119):  --- modulename: _bootstrap_external, funcname: <listcomp>
<frozen importlib._bootstrap_external>(119): <frozen importlib._bootstrap_external>(119): <frozen importlib._bootstrap_external>(119): <frozen importlib._bootstrap_external>(120): <frozen importlib._bootstrap_external>(123): <frozen importlib._bootstrap_external>(1643):  --- modulename: _bootstrap, funcname: _verbose_message
<frozen importlib._bootstrap>(246): <frozen importlib._bootstrap_external>(1644): <frozen importlib._bootstrap_external>(1638): <frozen importlib._bootstrap_external>(1639): <frozen importlib._bootstrap_external>(1640):  --- modulename: _bootstrap_external, funcname: _path_join
<frozen importlib._bootstrap_external>(98): <frozen importlib._bootstrap_external>(100): <frozen importlib._bootstrap_external>(102): <frozen importlib._bootstrap_external>(103): <frozen importlib._bootstrap_external>(104): <frozen importlib._bootstrap_external>(105): <frozen importlib._bootstrap_external>(106): <frozen importlib._bootstrap_external>(107): <frozen importlib._bootstrap_external>(104): <frozen importlib._bootstrap_external>(105): <frozen importlib._bootstrap_external>(108): <frozen importlib._bootstrap_external>(117): <frozen importlib._bootstrap_external>(118): <frozen importlib._bootstrap_external>(104): <frozen importlib._bootstrap_external>(119):  --- modulename: _bootstrap_external, funcname: <listcomp>
<frozen importlib._bootstrap_external>(119): <frozen importlib._bootstrap_external>(119): <frozen importlib._bootstrap_external>(119): <frozen importlib._bootstrap_external>(120): <frozen importlib._bootstrap_external>(123): <frozen importlib._bootstrap_external>(1643):  --- modulename: _bootstrap, funcname: _verbose_message
<frozen importlib._bootstrap>(246): <frozen importlib._bootstrap_external>(1644): <frozen importlib._bootstrap_external>(1638): <frozen importlib._bootstrap_external>(1639): <frozen importlib._bootstrap_external>(1640):  --- modulename: _bootstrap_external, funcname: _path_join
<frozen importlib._bootstrap_external>(98): <frozen importlib._bootstrap_external>(100): <frozen importlib._bootstrap_external>(102): <frozen importlib._bootstrap_external>(103): <frozen importlib._bootstrap_external>(104): <frozen importlib._bootstrap_external>(105): <frozen importlib._bootstrap_external>(106): <frozen importlib._bootstrap_external>(107): <frozen importlib._bootstrap_external>(104): <frozen importlib._bootstrap_external>(105): <frozen importlib._bootstrap_external>(108): <frozen importlib._bootstrap_external>(117): <frozen importlib._bootstrap_external>(118): <frozen importlib._bootstrap_external>(104): <frozen importlib._bootstrap_external>(119):  --- modulename: _bootstrap_external, funcname: <listcomp>
<frozen importlib._bootstrap_external>(119): <frozen importlib._bootstrap_external>(119): <frozen importlib._bootstrap_external>(119): <frozen importlib._bootstrap_external>(120): <frozen importlib._bootstrap_external>(123): <frozen importlib._bootstrap_external>(1643):  --- modulename: _bootstrap, funcname: _verbose_message
<frozen importlib._bootstrap>(246): <frozen importlib._bootstrap_external>(1644): <frozen importlib._bootstrap_external>(1638): <frozen importlib._bootstrap_external>(1639): <frozen importlib._bootstrap_external>(1640):  --- modulename: _bootstrap_external, funcname: _path_join
<frozen importlib._bootstrap_external>(98): <frozen importlib._bootstrap_external>(100): <frozen importlib._bootstrap_external>(102): <frozen importlib._bootstrap_external>(103): <frozen importlib._bootstrap_external>(104): <frozen importlib._bootstrap_external>(105): <frozen importlib._bootstrap_external>(106): <frozen importlib._bootstrap_external>(107): <frozen importlib._bootstrap_external>(104): <frozen importlib._bootstrap_external>(105): <frozen importlib._bootstrap_external>(108): <frozen importlib._bootstrap_external>(117): <frozen importlib._bootstrap_external>(118): <frozen importlib._bootstrap_external>(104): <frozen importlib._bootstrap_external>(119):  --- modulename: _bootstrap_external, funcname: <listcomp>
<frozen importlib._bootstrap_external>(119): <frozen importlib._bootstrap_external>(119): <frozen importlib._bootstrap_external>(119): <frozen importlib._bootstrap_external>(120): <frozen importlib._bootstrap_external>(123): <frozen importlib._bootstrap_external>(1643):  --- modulename: _bootstrap, funcname: _verbose_message
<frozen importlib._bootstrap>(246): <frozen importlib._bootstrap_external>(1644): <frozen importlib._bootstrap_external>(1638): <frozen importlib._bootstrap_external>(1639): <frozen importlib._bootstrap_external>(1640):  --- modulename: _bootstrap_external, funcname: _path_join
<frozen importlib._bootstrap_external>(98): <frozen importlib._bootstrap_external>(100): <frozen importlib._bootstrap_external>(102): <frozen importlib._bootstrap_external>(103): <frozen importlib._bootstrap_external>(104): <frozen importlib._bootstrap_external>(105): <frozen importlib._bootstrap_external>(106): <frozen importlib._bootstrap_external>(107): <frozen importlib._bootstrap_external>(104): <frozen importlib._bootstrap_external>(105): <frozen importlib._bootstrap_external>(108): <frozen importlib._bootstrap_external>(117): <frozen importlib._bootstrap_external>(118): <frozen importlib._bootstrap_external>(104): <frozen importlib._bootstrap_external>(119):  --- modulename: _bootstrap_external, funcname: <listcomp>
<frozen importlib._bootstrap_external>(119): <frozen importlib._bootstrap_external>(119): <frozen importlib._bootstrap_external>(119): <frozen importlib._bootstrap_external>(120): <frozen importlib._bootstrap_external>(123): <frozen importlib._bootstrap_external>(1643):  --- modulename: _bootstrap, funcname: _verbose_message
<frozen importlib._bootstrap>(246): <frozen importlib._bootstrap_external>(1644): <frozen importlib._bootstrap_external>(1638): <frozen importlib._bootstrap_external>(1648): <frozen importlib._bootstrap_external>(1653): <frozen importlib._bootstrap_external>(1479): <frozen importlib._bootstrap_external>(1480): <frozen importlib._bootstrap_external>(1470): <frozen importlib._bootstrap_external>(1471): <frozen importlib._bootstrap_external>(1473):  --- modulename: _bootstrap_external, funcname: _path_importer_cache
<frozen importlib._bootstrap_external>(1429): <frozen importlib._bootstrap_external>(1436): <frozen importlib._bootstrap_external>(1437): <frozen importlib._bootstrap_external>(1441): <frozen importlib._bootstrap_external>(1474): <frozen importlib._bootstrap_external>(1470): <frozen importlib._bootstrap_external>(1471): <frozen importlib._bootstrap_external>(1473):  --- modulename: _bootstrap_external, funcname: _path_importer_cache
<frozen importlib._bootstrap_external>(1429): <frozen importlib._bootstrap_external>(1436): <frozen importlib._bootstrap_external>(1437): <frozen importlib._bootstrap_external>(1441): <frozen importlib._bootstrap_external>(1474): <frozen importlib._bootstrap_external>(1475): <frozen importlib._bootstrap_external>(1476):  --- modulename: _bootstrap_external, funcname: find_spec
<frozen importlib._bootstrap_external>(1609): <frozen importlib._bootstrap_external>(1610): <frozen importlib._bootstrap_external>(1611): <frozen importlib._bootstrap_external>(1612):  --- modulename: _bootstrap_external, funcname: _path_stat
<frozen importlib._bootstrap_external>(147): <frozen importlib._bootstrap_external>(1615): <frozen importlib._bootstrap_external>(1619):  --- modulename: _bootstrap_external, funcname: _relax_case
<frozen importlib._bootstrap_external>(69): <frozen importlib._bootstrap_external>(1623): <frozen importlib._bootstrap_external>(1624): <frozen importlib._bootstrap_external>(1626): <frozen importlib._bootstrap_external>(1638): <frozen importlib._bootstrap_external>(1639): <frozen importlib._bootstrap_external>(1640):  --- modulename: _bootstrap_external, funcname: _path_join
<frozen importlib._bootstrap_external>(98): <frozen importlib._bootstrap_external>(100): <frozen importlib._bootstrap_external>(102): <frozen importlib._bootstrap_external>(103): <frozen importlib._bootstrap_external>(104): <frozen importlib._bootstrap_external>(105): <frozen importlib._bootstrap_external>(106): <frozen importlib._bootstrap_external>(107): <frozen importlib._bootstrap_external>(104): <frozen importlib._bootstrap_external>(105): <frozen importlib._bootstrap_external>(108): <frozen importlib._bootstrap_external>(117): <frozen importlib._bootstrap_external>(118): <frozen importlib._bootstrap_external>(104): <frozen importlib._bootstrap_external>(119):  --- modulename: _bootstrap_external, funcname: <listcomp>
<frozen importlib._bootstrap_external>(119): <frozen importlib._bootstrap_external>(119): <frozen importlib._bootstrap_external>(119): <frozen importlib._bootstrap_external>(120): <frozen importlib._bootstrap_external>(123): <frozen importlib._bootstrap_external>(1643):  --- modulename: _bootstrap, funcname: _verbose_message
<frozen importlib._bootstrap>(246): <frozen importlib._bootstrap_external>(1644): <frozen importlib._bootstrap_external>(1638): <frozen importlib._bootstrap_external>(1639): <frozen importlib._bootstrap_external>(1640):  --- modulename: _bootstrap_external, funcname: _path_join
<frozen importlib._bootstrap_external>(98): <frozen importlib._bootstrap_external>(100): <frozen importlib._bootstrap_external>(102): <frozen importlib._bootstrap_external>(103): <frozen importlib._bootstrap_external>(104): <frozen importlib._bootstrap_external>(105): <frozen importlib._bootstrap_external>(106): <frozen importlib._bootstrap_external>(107): <frozen importlib._bootstrap_external>(104): <frozen importlib._bootstrap_external>(105): <frozen importlib._bootstrap_external>(108): <frozen importlib._bootstrap_external>(117): <frozen importlib._bootstrap_external>(118): <frozen importlib._bootstrap_external>(104): <frozen importlib._bootstrap_external>(119):  --- modulename: _bootstrap_external, funcname: <listcomp>
<frozen importlib._bootstrap_external>(119): <frozen importlib._bootstrap_external>(119): <frozen importlib._bootstrap_external>(119): <frozen importlib._bootstrap_external>(120): <frozen importlib._bootstrap_external>(123): <frozen importlib._bootstrap_external>(1643):  --- modulename: _bootstrap, funcname: _verbose_message
<frozen importlib._bootstrap>(246): <frozen importlib._bootstrap_external>(1644): <frozen importlib._bootstrap_external>(1638): <frozen importlib._bootstrap_external>(1639): <frozen importlib._bootstrap_external>(1640):  --- modulename: _bootstrap_external, funcname: _path_join
<frozen importlib._bootstrap_external>(98): <frozen importlib._bootstrap_external>(100): <frozen importlib._bootstrap_external>(102): <frozen importlib._bootstrap_external>(103): <frozen importlib._bootstrap_external>(104): <frozen importlib._bootstrap_external>(105): <frozen importlib._bootstrap_external>(106): <frozen importlib._bootstrap_external>(107): <frozen importlib._bootstrap_external>(104): <frozen importlib._bootstrap_external>(105): <frozen importlib._bootstrap_external>(108): <frozen importlib._bootstrap_external>(117): <frozen importlib._bootstrap_external>(118): <frozen importlib._bootstrap_external>(104): <frozen importlib._bootstrap_external>(119):  --- modulename: _bootstrap_external, funcname: <listcomp>
<frozen importlib._bootstrap_external>(119): <frozen importlib._bootstrap_external>(119): <frozen importlib._bootstrap_external>(119): <frozen importlib._bootstrap_external>(120): <frozen importlib._bootstrap_external>(123): <frozen importlib._bootstrap_external>(1643):  --- modulename: _bootstrap, funcname: _verbose_message
<frozen importlib._bootstrap>(246): <frozen importlib._bootstrap_external>(1644): <frozen importlib._bootstrap_external>(1638): <frozen importlib._bootstrap_external>(1639): <frozen importlib._bootstrap_external>(1640):  --- modulename: _bootstrap_external, funcname: _path_join
<frozen importlib._bootstrap_external>(98): <frozen importlib._bootstrap_external>(100): <frozen importlib._bootstrap_external>(102): <frozen importlib._bootstrap_external>(103): <frozen importlib._bootstrap_external>(104): <frozen importlib._bootstrap_external>(105): <frozen importlib._bootstrap_external>(106): <frozen importlib._bootstrap_external>(107): <frozen importlib._bootstrap_external>(104): <frozen importlib._bootstrap_external>(105): <frozen importlib._bootstrap_external>(108): <frozen importlib._bootstrap_external>(117): <frozen importlib._bootstrap_external>(118): <frozen importlib._bootstrap_external>(104): <frozen importlib._bootstrap_external>(119):  --- modulename: _bootstrap_external, funcname: <listcomp>
<frozen importlib._bootstrap_external>(119): <frozen importlib._bootstrap_external>(119): <frozen importlib._bootstrap_external>(119): <frozen importlib._bootstrap_external>(120): <frozen importlib._bootstrap_external>(123): <frozen importlib._bootstrap_external>(1643):  --- modulename: _bootstrap, funcname: _verbose_message
<frozen importlib._bootstrap>(246): <frozen importlib._bootstrap_external>(1644): <frozen importlib._bootstrap_external>(1638): <frozen importlib._bootstrap_external>(1639): <frozen importlib._bootstrap_external>(1640):  --- modulename: _bootstrap_external, funcname: _path_join
<frozen importlib._bootstrap_external>(98): <frozen importlib._bootstrap_external>(100): <frozen importlib._bootstrap_external>(102): <frozen importlib._bootstrap_external>(103): <frozen importlib._bootstrap_external>(104): <frozen importlib._bootstrap_external>(105): <frozen importlib._bootstrap_external>(106): <frozen importlib._bootstrap_external>(107): <frozen importlib._bootstrap_external>(104): <frozen importlib._bootstrap_external>(105): <frozen importlib._bootstrap_external>(108): <frozen importlib._bootstrap_external>(117): <frozen importlib._bootstrap_external>(118): <frozen importlib._bootstrap_external>(104): <frozen importlib._bootstrap_external>(119):  --- modulename: _bootstrap_external, funcname: <listcomp>
<frozen importlib._bootstrap_external>(119): <frozen importlib._bootstrap_external>(119): <frozen importlib._bootstrap_external>(119): <frozen importlib._bootstrap_external>(120): <frozen importlib._bootstrap_external>(123): <frozen importlib._bootstrap_external>(1643):  --- modulename: _bootstrap, funcname: _verbose_message
<frozen importlib._bootstrap>(246): <frozen importlib._bootstrap_external>(1644): <frozen importlib._bootstrap_external>(1638): <frozen importlib._bootstrap_external>(1648): <frozen importlib._bootstrap_external>(1653): <frozen importlib._bootstrap_external>(1479): <frozen importlib._bootstrap_external>(1480): <frozen importlib._bootstrap_external>(1470): <frozen importlib._bootstrap_external>(1471): <frozen importlib._bootstrap_external>(1473):  --- modulename: _bootstrap_external, funcname: _path_importer_cache
<frozen importlib._bootstrap_external>(1429): <frozen importlib._bootstrap_external>(1436): <frozen importlib._bootstrap_external>(1437): <frozen importlib._bootstrap_external>(1441): <frozen importlib._bootstrap_external>(1474): <frozen importlib._bootstrap_external>(1475): <frozen importlib._bootstrap_external>(1476):  --- modulename: _bootstrap_external, funcname: find_spec
<frozen importlib._bootstrap_external>(1609): <frozen importlib._bootstrap_external>(1610): <frozen importlib._bootstrap_external>(1611): <frozen importlib._bootstrap_external>(1612):  --- modulename: _bootstrap_external, funcname: _path_stat
<frozen importlib._bootstrap_external>(147): <frozen importlib._bootstrap_external>(1615): <frozen importlib._bootstrap_external>(1619):  --- modulename: _bootstrap_external, funcname: _relax_case
<frozen importlib._bootstrap_external>(69): <frozen importlib._bootstrap_external>(1623): <frozen importlib._bootstrap_external>(1624): <frozen importlib._bootstrap_external>(1626): <frozen importlib._bootstrap_external>(1638): <frozen importlib._bootstrap_external>(1639): <frozen importlib._bootstrap_external>(1640):  --- modulename: _bootstrap_external, funcname: _path_join
<frozen importlib._bootstrap_external>(98): <frozen importlib._bootstrap_external>(100): <frozen importlib._bootstrap_external>(102): <frozen importlib._bootstrap_external>(103): <frozen importlib._bootstrap_external>(104): <frozen importlib._bootstrap_external>(105): <frozen importlib._bootstrap_external>(106): <frozen importlib._bootstrap_external>(107): <frozen importlib._bootstrap_external>(104): <frozen importlib._bootstrap_external>(105): <frozen importlib._bootstrap_external>(108): <frozen importlib._bootstrap_external>(117): <frozen importlib._bootstrap_external>(118): <frozen importlib._bootstrap_external>(104): <frozen importlib._bootstrap_external>(119):  --- modulename: _bootstrap_external, funcname: <listcomp>
<frozen importlib._bootstrap_external>(119): <frozen importlib._bootstrap_external>(119): <frozen importlib._bootstrap_external>(119): <frozen importlib._bootstrap_external>(120): <frozen importlib._bootstrap_external>(123): <frozen importlib._bootstrap_external>(1643):  --- modulename: _bootstrap, funcname: _verbose_message
<frozen importlib._bootstrap>(246): <frozen importlib._bootstrap_external>(1644): <frozen importlib._bootstrap_external>(1638): <frozen importlib._bootstrap_external>(1639): <frozen importlib._bootstrap_external>(1640):  --- modulename: _bootstrap_external, funcname: _path_join
<frozen importlib._bootstrap_external>(98): <frozen importlib._bootstrap_external>(100): <frozen importlib._bootstrap_external>(102): <frozen importlib._bootstrap_external>(103): <frozen importlib._bootstrap_external>(104): <frozen importlib._bootstrap_external>(105): <frozen importlib._bootstrap_external>(106): <frozen importlib._bootstrap_external>(107): <frozen importlib._bootstrap_external>(104): <frozen importlib._bootstrap_external>(105): <frozen importlib._bootstrap_external>(108): <frozen importlib._bootstrap_external>(117): <frozen importlib._bootstrap_external>(118): <frozen importlib._bootstrap_external>(104): <frozen importlib._bootstrap_external>(119):  --- modulename: _bootstrap_external, funcname: <listcomp>
<frozen importlib._bootstrap_external>(119): <frozen importlib._bootstrap_external>(119): <frozen importlib._bootstrap_external>(119): <frozen importlib._bootstrap_external>(120): <frozen importlib._bootstrap_external>(123): <frozen importlib._bootstrap_external>(1643):  --- modulename: _bootstrap, funcname: _verbose_message
<frozen importlib._bootstrap>(246): <frozen importlib._bootstrap_external>(1644): <frozen importlib._bootstrap_external>(1638): <frozen importlib._bootstrap_external>(1639): <frozen importlib._bootstrap_external>(1640):  --- modulename: _bootstrap_external, funcname: _path_join
<frozen importlib._bootstrap_external>(98): <frozen importlib._bootstrap_external>(100): <frozen importlib._bootstrap_external>(102): <frozen importlib._bootstrap_external>(103): <frozen importlib._bootstrap_external>(104): <frozen importlib._bootstrap_external>(105): <frozen importlib._bootstrap_external>(106): <frozen importlib._bootstrap_external>(107): <frozen importlib._bootstrap_external>(104): <frozen importlib._bootstrap_external>(105): <frozen importlib._bootstrap_external>(108): <frozen importlib._bootstrap_external>(117): <frozen importlib._bootstrap_external>(118): <frozen importlib._bootstrap_external>(104): <frozen importlib._bootstrap_external>(119):  --- modulename: _bootstrap_external, funcname: <listcomp>
<frozen importlib._bootstrap_external>(119): <frozen importlib._bootstrap_external>(119): <frozen importlib._bootstrap_external>(119): <frozen importlib._bootstrap_external>(120): <frozen importlib._bootstrap_external>(123): <frozen importlib._bootstrap_external>(1643):  --- modulename: _bootstrap, funcname: _verbose_message
<frozen importlib._bootstrap>(246): <frozen importlib._bootstrap_external>(1644): <frozen importlib._bootstrap_external>(1645):  --- modulename: _bootstrap_external, funcname: _path_isfile
<frozen importlib._bootstrap_external>(161):  --- modulename: _bootstrap_external, funcname: _path_is_mode_type
<frozen importlib._bootstrap_external>(152): <frozen importlib._bootstrap_external>(153):  --- modulename: _bootstrap_external, funcname: _path_stat
<frozen importlib._bootstrap_external>(147): <frozen importlib._bootstrap_external>(156): <frozen importlib._bootstrap_external>(1646): <frozen importlib._bootstrap_external>(1647): <frozen importlib._bootstrap_external>(1646):  --- modulename: _bootstrap_external, funcname: _get_spec
<frozen importlib._bootstrap_external>(1600):  --- modulename: _bootstrap_external, funcname: __init__
<frozen importlib._bootstrap_external>(1100): <frozen importlib._bootstrap_external>(1101): <frozen importlib._bootstrap_external>(1601): <frozen importlib._bootstrap_external>(1602): <frozen importlib._bootstrap_external>(1601):  --- modulename: _bootstrap_external, funcname: spec_from_file_location
<frozen importlib._bootstrap_external>(790): <frozen importlib._bootstrap_external>(802): <frozen importlib._bootstrap_external>(803):  --- modulename: _bootstrap_external, funcname: _path_isabs
<frozen importlib._bootstrap_external>(174): <frozen importlib._bootstrap_external>(176): <frozen importlib._bootstrap_external>(177): <frozen importlib._bootstrap_external>(815):  --- modulename: _bootstrap, funcname: __init__
<frozen importlib._bootstrap>(359): <frozen importlib._bootstrap>(360): <frozen importlib._bootstrap>(361): <frozen importlib._bootstrap>(362): <frozen importlib._bootstrap>(363): <frozen importlib._bootstrap>(364): <frozen importlib._bootstrap>(367): <frozen importlib._bootstrap>(368): <frozen importlib._bootstrap_external>(816): <frozen importlib._bootstrap_external>(819): <frozen importlib._bootstrap_external>(829): <frozen importlib._bootstrap_external>(840): <frozen importlib._bootstrap_external>(841): <frozen importlib._bootstrap_external>(846): <frozen importlib._bootstrap_external>(1479): <frozen importlib._bootstrap_external>(1481): <frozen importlib._bootstrap_external>(1482): <frozen importlib._bootstrap_external>(1505): <frozen importlib._bootstrap_external>(1507): <frozen importlib._bootstrap_external>(1518): <frozen importlib._bootstrap>(1072):  --- modulename: _bootstrap, funcname: __exit__
<frozen importlib._bootstrap>(1034): <frozen importlib._bootstrap>(1081): <frozen importlib._bootstrap>(1083): <frozen importlib._bootstrap>(1098): <frozen importlib._bootstrap>(1141): <frozen importlib._bootstrap>(1144): <frozen importlib._bootstrap>(1148): <frozen importlib._bootstrap>(1149):  --- modulename: _bootstrap, funcname: _load_unlocked
<frozen importlib._bootstrap>(668): <frozen importlib._bootstrap>(670): <frozen importlib._bootstrap>(676):  --- modulename: _bootstrap, funcname: module_from_spec
<frozen importlib._bootstrap>(569): <frozen importlib._bootstrap>(570): <frozen importlib._bootstrap>(573):  --- modulename: _bootstrap_external, funcname: create_module
<frozen importlib._bootstrap_external>(931): <frozen importlib._bootstrap>(577): <frozen importlib._bootstrap>(578):  --- modulename: _bootstrap, funcname: _new_module
<frozen importlib._bootstrap>(49): <frozen importlib._bootstrap>(579):  --- modulename: _bootstrap, funcname: _init_module_attrs
<frozen importlib._bootstrap>(497): <frozen importlib._bootstrap>(503): <frozen importlib._bootstrap>(504): <frozen importlib._bootstrap>(505): <frozen importlib._bootstrap>(526): <frozen importlib._bootstrap>(527): <frozen importlib._bootstrap>(531): <frozen importlib._bootstrap>(532): <frozen importlib._bootstrap>(533):  --- modulename: _bootstrap, funcname: parent
<frozen importlib._bootstrap>(408): <frozen importlib._bootstrap>(409): <frozen importlib._bootstrap>(537): <frozen importlib._bootstrap>(538): <frozen importlib._bootstrap>(542): <frozen importlib._bootstrap>(543): <frozen importlib._bootstrap>(550):  --- modulename: _bootstrap, funcname: has_location
<frozen importlib._bootstrap>(415): <frozen importlib._bootstrap>(551): <frozen importlib._bootstrap>(552): <frozen importlib._bootstrap>(553): <frozen importlib._bootstrap>(557): <frozen importlib._bootstrap>(558):  --- modulename: _bootstrap, funcname: cached
<frozen importlib._bootstrap>(394): <frozen importlib._bootstrap>(395): <frozen importlib._bootstrap>(396): <frozen importlib._bootstrap>(398):  --- modulename: _bootstrap_external, funcname: _get_cached
<frozen importlib._bootstrap_external>(568): <frozen importlib._bootstrap_external>(569): <frozen importlib._bootstrap_external>(570):  --- modulename: _bootstrap_external, funcname: cache_from_source
<frozen importlib._bootstrap_external>(455): <frozen importlib._bootstrap_external>(462): <frozen importlib._bootstrap_external>(463):  --- modulename: _bootstrap_external, funcname: _path_split
<frozen importlib._bootstrap_external>(134):  --- modulename: _bootstrap_external, funcname: <genexpr>
<frozen importlib._bootstrap_external>(134):  --- modulename: _bootstrap_external, funcname: <genexpr>
<frozen importlib._bootstrap_external>(134):  --- modulename: _bootstrap_external, funcname: <genexpr>
<frozen importlib._bootstrap_external>(134): <frozen importlib._bootstrap_external>(135): <frozen importlib._bootstrap_external>(137): <frozen importlib._bootstrap_external>(464): <frozen importlib._bootstrap_external>(465): <frozen importlib._bootstrap_external>(466): <frozen importlib._bootstrap_external>(468): <frozen importlib._bootstrap_external>(469): <frozen importlib._bootstrap_external>(470): <frozen importlib._bootstrap_external>(471): <frozen importlib._bootstrap_external>(474): <frozen importlib._bootstrap_external>(475): <frozen importlib._bootstrap_external>(479): <frozen importlib._bootstrap_external>(480): <frozen importlib._bootstrap_external>(505):  --- modulename: _bootstrap_external, funcname: _path_join
<frozen importlib._bootstrap_external>(98): <frozen importlib._bootstrap_external>(100): <frozen importlib._bootstrap_external>(102): <frozen importlib._bootstrap_external>(103): <frozen importlib._bootstrap_external>(104): <frozen importlib._bootstrap_external>(105): <frozen importlib._bootstrap_external>(106): <frozen importlib._bootstrap_external>(107): <frozen importlib._bootstrap_external>(104): <frozen importlib._bootstrap_external>(105): <frozen importlib._bootstrap_external>(108): <frozen importlib._bootstrap_external>(117): <frozen importlib._bootstrap_external>(118): <frozen importlib._bootstrap_external>(104): <frozen importlib._bootstrap_external>(105): <frozen importlib._bootstrap_external>(108): <frozen importlib._bootstrap_external>(117): <frozen importlib._bootstrap_external>(118): <frozen importlib._bootstrap_external>(104): <frozen importlib._bootstrap_external>(119):  --- modulename: _bootstrap_external, funcname: <listcomp>
<frozen importlib._bootstrap_external>(119): <frozen importlib._bootstrap_external>(119): <frozen importlib._bootstrap_external>(119): <frozen importlib._bootstrap_external>(119): <frozen importlib._bootstrap_external>(120): <frozen importlib._bootstrap_external>(123): <frozen importlib._bootstrap>(399): <frozen importlib._bootstrap>(559): <frozen importlib._bootstrap>(560):  --- modulename: _bootstrap, funcname: cached
<frozen importlib._bootstrap>(394): <frozen importlib._bootstrap>(399): <frozen importlib._bootstrap>(563): <frozen importlib._bootstrap>(580): <frozen importlib._bootstrap>(681): <frozen importlib._bootstrap>(682): <frozen importlib._bootstrap>(683): <frozen importlib._bootstrap>(684): <frozen importlib._bootstrap>(685): <frozen importlib._bootstrap>(690):  --- modulename: _bootstrap_external, funcname: exec_module
<frozen importlib._bootstrap_external>(936):  --- modulename: _bootstrap_external, funcname: get_code
<frozen importlib._bootstrap_external>(1014):  --- modulename: _bootstrap_external, funcname: _check_name_wrapper
<frozen importlib._bootstrap_external>(600): <frozen importlib._bootstrap_external>(602): <frozen importlib._bootstrap_external>(605):  --- modulename: _bootstrap_external, funcname: get_filename
<frozen importlib._bootstrap_external>(1125): <frozen importlib._bootstrap_external>(1015): <frozen importlib._bootstrap_external>(1016): <frozen importlib._bootstrap_external>(1017): <frozen importlib._bootstrap_external>(1018): <frozen importlib._bootstrap_external>(1019): <frozen importlib._bootstrap_external>(1020): <frozen importlib._bootstrap_external>(1021):  --- modulename: _bootstrap_external, funcname: cache_from_source
<frozen importlib._bootstrap_external>(455): <frozen importlib._bootstrap_external>(462): <frozen importlib._bootstrap_external>(463):  --- modulename: _bootstrap_external, funcname: _path_split
<frozen importlib._bootstrap_external>(134):  --- modulename: _bootstrap_external, funcname: <genexpr>
<frozen importlib._bootstrap_external>(134):  --- modulename: _bootstrap_external, funcname: <genexpr>
<frozen importlib._bootstrap_external>(134):  --- modulename: _bootstrap_external, funcname: <genexpr>
<frozen importlib._bootstrap_external>(134): <frozen importlib._bootstrap_external>(135): <frozen importlib._bootstrap_external>(137): <frozen importlib._bootstrap_external>(464): <frozen importlib._bootstrap_external>(465): <frozen importlib._bootstrap_external>(466): <frozen importlib._bootstrap_external>(468): <frozen importlib._bootstrap_external>(469): <frozen importlib._bootstrap_external>(470): <frozen importlib._bootstrap_external>(471): <frozen importlib._bootstrap_external>(474): <frozen importlib._bootstrap_external>(475): <frozen importlib._bootstrap_external>(479): <frozen importlib._bootstrap_external>(480): <frozen importlib._bootstrap_external>(505):  --- modulename: _bootstrap_external, funcname: _path_join
<frozen importlib._bootstrap_external>(98): <frozen importlib._bootstrap_external>(100): <frozen importlib._bootstrap_external>(102): <frozen importlib._bootstrap_external>(103): <frozen importlib._bootstrap_external>(104): <frozen importlib._bootstrap_external>(105): <frozen importlib._bootstrap_external>(106): <frozen importlib._bootstrap_external>(107): <frozen importlib._bootstrap_external>(104): <frozen importlib._bootstrap_external>(105): <frozen importlib._bootstrap_external>(108): <frozen importlib._bootstrap_external>(117): <frozen importlib._bootstrap_external>(118): <frozen importlib._bootstrap_external>(104): <frozen importlib._bootstrap_external>(105): <frozen importlib._bootstrap_external>(108): <frozen importlib._bootstrap_external>(117): <frozen importlib._bootstrap_external>(118): <frozen importlib._bootstrap_external>(104): <frozen importlib._bootstrap_external>(119):  --- modulename: _bootstrap_external, funcname: <listcomp>
<frozen importlib._bootstrap_external>(119): <frozen importlib._bootstrap_external>(119): <frozen importlib._bootstrap_external>(119): <frozen importlib._bootstrap_external>(119): <frozen importlib._bootstrap_external>(120): <frozen importlib._bootstrap_external>(123): <frozen importlib._bootstrap_external>(1025): <frozen importlib._bootstrap_external>(1026):  --- modulename: _bootstrap_external, funcname: path_stats
<frozen importlib._bootstrap_external>(1148):  --- modulename: _bootstrap_external, funcname: _path_stat
<frozen importlib._bootstrap_external>(147): <frozen importlib._bootstrap_external>(1149): <frozen importlib._bootstrap_external>(1030): <frozen importlib._bootstrap_external>(1031): <frozen importlib._bootstrap_external>(1032):  --- modulename: _bootstrap_external, funcname: get_data
<frozen importlib._bootstrap_external>(1129): <frozen importlib._bootstrap_external>(1130): <frozen importlib._bootstrap_external>(1131): <frozen importlib._bootstrap_external>(1130): <frozen importlib._bootstrap_external>(1037): <frozen importlib._bootstrap_external>(1038): <frozen importlib._bootstrap_external>(1036): <frozen importlib._bootstrap_external>(1040): <frozen importlib._bootstrap_external>(1041):  --- modulename: _bootstrap_external, funcname: _classify_pyc
<frozen importlib._bootstrap_external>(658): <frozen importlib._bootstrap_external>(659): <frozen importlib._bootstrap_external>(663): <frozen importlib._bootstrap_external>(667):  --- modulename: _bootstrap_external, funcname: _unpack_uint32
<frozen importlib._bootstrap_external>(86): <frozen importlib._bootstrap_external>(87): <frozen importlib._bootstrap_external>(669): <frozen importlib._bootstrap_external>(672): <frozen importlib._bootstrap_external>(1042): <frozen importlib._bootstrap_external>(1043): <frozen importlib._bootstrap_external>(1044): <frozen importlib._bootstrap_external>(1057): <frozen importlib._bootstrap_external>(1058): <frozen importlib._bootstrap_external>(1059): <frozen importlib._bootstrap_external>(1060): <frozen importlib._bootstrap_external>(1061): <frozen importlib._bootstrap_external>(1062): <frozen importlib._bootstrap_external>(1057):  --- modulename: _bootstrap_external, funcname: _validate_timestamp_pyc
<frozen importlib._bootstrap_external>(694):  --- modulename: _bootstrap_external, funcname: _unpack_uint32
<frozen importlib._bootstrap_external>(86): <frozen importlib._bootstrap_external>(87): <frozen importlib._bootstrap_external>(698): <frozen importlib._bootstrap_external>(699):  --- modulename: _bootstrap_external, funcname: _unpack_uint32
<frozen importlib._bootstrap_external>(86): <frozen importlib._bootstrap_external>(87): <frozen importlib._bootstrap_external>(698): <frozen importlib._bootstrap_external>(1067): <frozen importlib._bootstrap_external>(1068): <frozen importlib._bootstrap_external>(1067):  --- modulename: _bootstrap, funcname: _verbose_message
<frozen importlib._bootstrap>(246): <frozen importlib._bootstrap_external>(1069): <frozen importlib._bootstrap_external>(1070): <frozen importlib._bootstrap_external>(1071): <frozen importlib._bootstrap_external>(1069):  --- modulename: _bootstrap_external, funcname: _compile_bytecode
<frozen importlib._bootstrap_external>(729): <frozen importlib._bootstrap_external>(730): <frozen importlib._bootstrap_external>(731):  --- modulename: _bootstrap, funcname: _verbose_message
<frozen importlib._bootstrap>(246): <frozen importlib._bootstrap_external>(732): <frozen importlib._bootstrap_external>(733): <frozen importlib._bootstrap_external>(734): <frozen importlib._bootstrap_external>(937): <frozen importlib._bootstrap_external>(940):  --- modulename: _bootstrap, funcname: _call_with_frames_removed
<frozen importlib._bootstrap>(241):  --- modulename: tempfile, funcname: <module>
tempfile.py(1): """Temporary files.
tempfile.py(26): __all__ = [
tempfile.py(39): import functools as _functools
tempfile.py(40): import warnings as _warnings
tempfile.py(41): import io as _io
tempfile.py(42): import os as _os
tempfile.py(43): import shutil as _shutil
 --- modulename: _bootstrap, funcname: _find_and_load
<frozen importlib._bootstrap>(1172): <frozen importlib._bootstrap>(1173): <frozen importlib._bootstrap>(1175):  --- modulename: _bootstrap, funcname: __init__
<frozen importlib._bootstrap>(166): <frozen importlib._bootstrap>(167):  --- modulename: _bootstrap, funcname: __enter__
<frozen importlib._bootstrap>(170):  --- modulename: _bootstrap, funcname: _get_module_lock
<frozen importlib._bootstrap>(185): <frozen importlib._bootstrap>(186): <frozen importlib._bootstrap>(187): <frozen importlib._bootstrap>(188): <frozen importlib._bootstrap>(189): <frozen importlib._bootstrap>(190): <frozen importlib._bootstrap>(192): <frozen importlib._bootstrap>(193): <frozen importlib._bootstrap>(196):  --- modulename: _bootstrap, funcname: __init__
<frozen importlib._bootstrap>(72): <frozen importlib._bootstrap>(73): <frozen importlib._bootstrap>(74): <frozen importlib._bootstrap>(75): <frozen importlib._bootstrap>(76): <frozen importlib._bootstrap>(77): <frozen importlib._bootstrap>(198): <frozen importlib._bootstrap>(209): <frozen importlib._bootstrap>(211): <frozen importlib._bootstrap>(213): <frozen importlib._bootstrap>(171):  --- modulename: _bootstrap, funcname: acquire
<frozen importlib._bootstrap>(106): <frozen importlib._bootstrap>(107): <frozen importlib._bootstrap>(108): <frozen importlib._bootstrap>(109): <frozen importlib._bootstrap>(110): <frozen importlib._bootstrap>(111): <frozen importlib._bootstrap>(112): <frozen importlib._bootstrap>(113): <frozen importlib._bootstrap>(114): <frozen importlib._bootstrap>(110): <frozen importlib._bootstrap>(123): <frozen importlib._bootstrap>(1176): <frozen importlib._bootstrap>(1177): <frozen importlib._bootstrap>(1178):  --- modulename: _bootstrap, funcname: _find_and_load_unlocked
<frozen importlib._bootstrap>(1123): <frozen importlib._bootstrap>(1124): <frozen importlib._bootstrap>(1125): <frozen importlib._bootstrap>(1126): <frozen importlib._bootstrap>(1140):  --- modulename: _bootstrap, funcname: _find_spec
<frozen importlib._bootstrap>(1058): <frozen importlib._bootstrap>(1059): <frozen importlib._bootstrap>(1064): <frozen importlib._bootstrap>(1070): <frozen importlib._bootstrap>(1071): <frozen importlib._bootstrap>(1072):  --- modulename: _bootstrap, funcname: __enter__
<frozen importlib._bootstrap>(1030): <frozen importlib._bootstrap>(1073): <frozen importlib._bootstrap>(1074): <frozen importlib._bootstrap>(1080): <frozen importlib._bootstrap>(1072):  --- modulename: _bootstrap, funcname: __exit__
<frozen importlib._bootstrap>(1034): <frozen importlib._bootstrap>(1081): <frozen importlib._bootstrap>(1071): <frozen importlib._bootstrap>(1072):  --- modulename: _bootstrap, funcname: __enter__
<frozen importlib._bootstrap>(1030): <frozen importlib._bootstrap>(1073): <frozen importlib._bootstrap>(1074): <frozen importlib._bootstrap>(1080): <frozen importlib._bootstrap>(1072):  --- modulename: _bootstrap, funcname: __exit__
<frozen importlib._bootstrap>(1034): <frozen importlib._bootstrap>(1081): <frozen importlib._bootstrap>(1071): <frozen importlib._bootstrap>(1072):  --- modulename: _bootstrap, funcname: __enter__
<frozen importlib._bootstrap>(1030): <frozen importlib._bootstrap>(1073): <frozen importlib._bootstrap>(1074): <frozen importlib._bootstrap>(1080):  --- modulename: _bootstrap, funcname: find_spec
<frozen importlib._bootstrap>(750): <frozen importlib._bootstrap>(752): <frozen importlib._bootstrap>(755): <frozen importlib._bootstrap>(1072):  --- modulename: _bootstrap, funcname: __exit__
<frozen importlib._bootstrap>(1034): <frozen importlib._bootstrap>(1081): <frozen importlib._bootstrap>(1071): <frozen importlib._bootstrap>(1072):  --- modulename: _bootstrap, funcname: __enter__
<frozen importlib._bootstrap>(1030): <frozen importlib._bootstrap>(1073): <frozen importlib._bootstrap>(1074): <frozen importlib._bootstrap>(1080):  --- modulename: _bootstrap, funcname: find_spec
<frozen importlib._bootstrap>(924):  --- modulename: _bootstrap, funcname: _call_with_frames_removed
<frozen importlib._bootstrap>(241): <frozen importlib._bootstrap>(925): <frozen importlib._bootstrap>(926): <frozen importlib._bootstrap>(1072):  --- modulename: _bootstrap, funcname: __exit__
<frozen importlib._bootstrap>(1034): <frozen importlib._bootstrap>(1081): <frozen importlib._bootstrap>(1071): <frozen importlib._bootstrap>(1072):  --- modulename: _bootstrap, funcname: __enter__
<frozen importlib._bootstrap>(1030): <frozen importlib._bootstrap>(1073): <frozen importlib._bootstrap>(1074): <frozen importlib._bootstrap>(1080):  --- modulename: _bootstrap_external, funcname: find_spec
<frozen importlib._bootstrap_external>(1502): <frozen importlib._bootstrap_external>(1503): <frozen importlib._bootstrap_external>(1504):  --- modulename: _bootstrap_external, funcname: _get_spec
<frozen importlib._bootstrap_external>(1469): <frozen importlib._bootstrap_external>(1470): <frozen importlib._bootstrap_external>(1471): <frozen importlib._bootstrap_external>(1473):  --- modulename: _bootstrap_external, funcname: _path_importer_cache
<frozen importlib._bootstrap_external>(1429): <frozen importlib._bootstrap_external>(1436): <frozen importlib._bootstrap_external>(1437): <frozen importlib._bootstrap_external>(1441): <frozen importlib._bootstrap_external>(1474): <frozen importlib._bootstrap_external>(1475): <frozen importlib._bootstrap_external>(1476):  --- modulename: _bootstrap_external, funcname: find_spec
<frozen importlib._bootstrap_external>(1609): <frozen importlib._bootstrap_external>(1610): <frozen importlib._bootstrap_external>(1611): <frozen importlib._bootstrap_external>(1612):  --- modulename: _bootstrap_external, funcname: _path_stat
<frozen importlib._bootstrap_external>(147): <frozen importlib._bootstrap_external>(1615): <frozen importlib._bootstrap_external>(1619):  --- modulename: _bootstrap_external, funcname: _relax_case
<frozen importlib._bootstrap_external>(69): <frozen importlib._bootstrap_external>(1623): <frozen importlib._bootstrap_external>(1624): <frozen importlib._bootstrap_external>(1626): <frozen importlib._bootstrap_external>(1638): <frozen importlib._bootstrap_external>(1639): <frozen importlib._bootstrap_external>(1640):  --- modulename: _bootstrap_external, funcname: _path_join
<frozen importlib._bootstrap_external>(98): <frozen importlib._bootstrap_external>(100): <frozen importlib._bootstrap_external>(102): <frozen importlib._bootstrap_external>(103): <frozen importlib._bootstrap_external>(104): <frozen importlib._bootstrap_external>(105): <frozen importlib._bootstrap_external>(106): <frozen importlib._bootstrap_external>(107): <frozen importlib._bootstrap_external>(104): <frozen importlib._bootstrap_external>(105): <frozen importlib._bootstrap_external>(108): <frozen importlib._bootstrap_external>(117): <frozen importlib._bootstrap_external>(118): <frozen importlib._bootstrap_external>(104): <frozen importlib._bootstrap_external>(119):  --- modulename: _bootstrap_external, funcname: <listcomp>
<frozen importlib._bootstrap_external>(119): <frozen importlib._bootstrap_external>(119): <frozen importlib._bootstrap_external>(119): <frozen importlib._bootstrap_external>(120): <frozen importlib._bootstrap_external>(123): <frozen importlib._bootstrap_external>(1643):  --- modulename: _bootstrap, funcname: _verbose_message
<frozen importlib._bootstrap>(246): <frozen importlib._bootstrap_external>(1644): <frozen importlib._bootstrap_external>(1638): <frozen importlib._bootstrap_external>(1639): <frozen importlib._bootstrap_external>(1640):  --- modulename: _bootstrap_external, funcname: _path_join
<frozen importlib._bootstrap_external>(98): <frozen importlib._bootstrap_external>(100): <frozen importlib._bootstrap_external>(102): <frozen importlib._bootstrap_external>(103): <frozen importlib._bootstrap_external>(104): <frozen importlib._bootstrap_external>(105): <frozen importlib._bootstrap_external>(106): <frozen importlib._bootstrap_external>(107): <frozen importlib._bootstrap_external>(104): <frozen importlib._bootstrap_external>(105): <frozen importlib._bootstrap_external>(108): <frozen importlib._bootstrap_external>(117): <frozen importlib._bootstrap_external>(118): <frozen importlib._bootstrap_external>(104): <frozen importlib._bootstrap_external>(119):  --- modulename: _bootstrap_external, funcname: <listcomp>
<frozen importlib._bootstrap_external>(119): <frozen importlib._bootstrap_external>(119): <frozen importlib._bootstrap_external>(119): <frozen importlib._bootstrap_external>(120): <frozen importlib._bootstrap_external>(123): <frozen importlib._bootstrap_external>(1643):  --- modulename: _bootstrap, funcname: _verbose_message
<frozen importlib._bootstrap>(246): <frozen importlib._bootstrap_external>(1644): <frozen importlib._bootstrap_external>(1638): <frozen importlib._bootstrap_external>(1639): <frozen importlib._bootstrap_external>(1640):  --- modulename: _bootstrap_external, funcname: _path_join
<frozen importlib._bootstrap_external>(98): <frozen importlib._bootstrap_external>(100): <frozen importlib._bootstrap_external>(102): <frozen importlib._bootstrap_external>(103): <frozen importlib._bootstrap_external>(104): <frozen importlib._bootstrap_external>(105): <frozen importlib._bootstrap_external>(106): <frozen importlib._bootstrap_external>(107): <frozen importlib._bootstrap_external>(104): <frozen importlib._bootstrap_external>(105): <frozen importlib._bootstrap_external>(108): <frozen importlib._bootstrap_external>(117): <frozen importlib._bootstrap_external>(118): <frozen importlib._bootstrap_external>(104): <frozen importlib._bootstrap_external>(119):  --- modulename: _bootstrap_external, funcname: <listcomp>
<frozen importlib._bootstrap_external>(119): <frozen importlib._bootstrap_external>(119): <frozen importlib._bootstrap_external>(119): <frozen importlib._bootstrap_external>(120): <frozen importlib._bootstrap_external>(123): <frozen importlib._bootstrap_external>(1643):  --- modulename: _bootstrap, funcname: _verbose_message
<frozen importlib._bootstrap>(246): <frozen importlib._bootstrap_external>(1644): <frozen importlib._bootstrap_external>(1638): <frozen importlib._bootstrap_external>(1639): <frozen importlib._bootstrap_external>(1640):  --- modulename: _bootstrap_external, funcname: _path_join
<frozen importlib._bootstrap_external>(98): <frozen importlib._bootstrap_external>(100): <frozen importlib._bootstrap_external>(102): <frozen importlib._bootstrap_external>(103): <frozen importlib._bootstrap_external>(104): <frozen importlib._bootstrap_external>(105): <frozen importlib._bootstrap_external>(106): <frozen importlib._bootstrap_external>(107): <frozen importlib._bootstrap_external>(104): <frozen importlib._bootstrap_external>(105): <frozen importlib._bootstrap_external>(108): <frozen importlib._bootstrap_external>(117): <frozen importlib._bootstrap_external>(118): <frozen importlib._bootstrap_external>(104): <frozen importlib._bootstrap_external>(119):  --- modulename: _bootstrap_external, funcname: <listcomp>
<frozen importlib._bootstrap_external>(119): <frozen importlib._bootstrap_external>(119): <frozen importlib._bootstrap_external>(119): <frozen importlib._bootstrap_external>(120): <frozen importlib._bootstrap_external>(123): <frozen importlib._bootstrap_external>(1643):  --- modulename: _bootstrap, funcname: _verbose_message
<frozen importlib._bootstrap>(246): <frozen importlib._bootstrap_external>(1644): <frozen importlib._bootstrap_external>(1638): <frozen importlib._bootstrap_external>(1639): <frozen importlib._bootstrap_external>(1640):  --- modulename: _bootstrap_external, funcname: _path_join
<frozen importlib._bootstrap_external>(98): <frozen importlib._bootstrap_external>(100): <frozen importlib._bootstrap_external>(102): <frozen importlib._bootstrap_external>(103): <frozen importlib._bootstrap_external>(104): <frozen importlib._bootstrap_external>(105): <frozen importlib._bootstrap_external>(106): <frozen importlib._bootstrap_external>(107): <frozen importlib._bootstrap_external>(104): <frozen importlib._bootstrap_external>(105): <frozen importlib._bootstrap_external>(108): <frozen importlib._bootstrap_external>(117): <frozen importlib._bootstrap_external>(118): <frozen importlib._bootstrap_external>(104): <frozen importlib._bootstrap_external>(119):  --- modulename: _bootstrap_external, funcname: <listcomp>
<frozen importlib._bootstrap_external>(119): <frozen importlib._bootstrap_external>(119): <frozen importlib._bootstrap_external>(119): <frozen importlib._bootstrap_external>(120): <frozen importlib._bootstrap_external>(123): <frozen importlib._bootstrap_external>(1643):  --- modulename: _bootstrap, funcname: _verbose_message
<frozen importlib._bootstrap>(246): <frozen importlib._bootstrap_external>(1644): <frozen importlib._bootstrap_external>(1638): <frozen importlib._bootstrap_external>(1648): <frozen importlib._bootstrap_external>(1653): <frozen importlib._bootstrap_external>(1479): <frozen importlib._bootstrap_external>(1480): <frozen importlib._bootstrap_external>(1470): <frozen importlib._bootstrap_external>(1471): <frozen importlib._bootstrap_external>(1473):  --- modulename: _bootstrap_external, funcname: _path_importer_cache
<frozen importlib._bootstrap_external>(1429): <frozen importlib._bootstrap_external>(1436): <frozen importlib._bootstrap_external>(1437): <frozen importlib._bootstrap_external>(1441): <frozen importlib._bootstrap_external>(1474): <frozen importlib._bootstrap_external>(1470): <frozen importlib._bootstrap_external>(1471): <frozen importlib._bootstrap_external>(1473):  --- modulename: _bootstrap_external, funcname: _path_importer_cache
<frozen importlib._bootstrap_external>(1429): <frozen importlib._bootstrap_external>(1436): <frozen importlib._bootstrap_external>(1437): <frozen importlib._bootstrap_external>(1441): <frozen importlib._bootstrap_external>(1474): <frozen importlib._bootstrap_external>(1475): <frozen importlib._bootstrap_external>(1476):  --- modulename: _bootstrap_external, funcname: find_spec
<frozen importlib._bootstrap_external>(1609): <frozen importlib._bootstrap_external>(1610): <frozen importlib._bootstrap_external>(1611): <frozen importlib._bootstrap_external>(1612):  --- modulename: _bootstrap_external, funcname: _path_stat
<frozen importlib._bootstrap_external>(147): <frozen importlib._bootstrap_external>(1615): <frozen importlib._bootstrap_external>(1619):  --- modulename: _bootstrap_external, funcname: _relax_case
<frozen importlib._bootstrap_external>(69): <frozen importlib._bootstrap_external>(1623): <frozen importlib._bootstrap_external>(1624): <frozen importlib._bootstrap_external>(1626): <frozen importlib._bootstrap_external>(1638): <frozen importlib._bootstrap_external>(1639): <frozen importlib._bootstrap_external>(1640):  --- modulename: _bootstrap_external, funcname: _path_join
<frozen importlib._bootstrap_external>(98): <frozen importlib._bootstrap_external>(100): <frozen importlib._bootstrap_external>(102): <frozen importlib._bootstrap_external>(103): <frozen importlib._bootstrap_external>(104): <frozen importlib._bootstrap_external>(105): <frozen importlib._bootstrap_external>(106): <frozen importlib._bootstrap_external>(107): <frozen importlib._bootstrap_external>(104): <frozen importlib._bootstrap_external>(105): <frozen importlib._bootstrap_external>(108): <frozen importlib._bootstrap_external>(117): <frozen importlib._bootstrap_external>(118): <frozen importlib._bootstrap_external>(104): <frozen importlib._bootstrap_external>(119):  --- modulename: _bootstrap_external, funcname: <listcomp>
<frozen importlib._bootstrap_external>(119): <frozen importlib._bootstrap_external>(119): <frozen importlib._bootstrap_external>(119): <frozen importlib._bootstrap_external>(120): <frozen importlib._bootstrap_external>(123): <frozen importlib._bootstrap_external>(1643):  --- modulename: _bootstrap, funcname: _verbose_message
<frozen importlib._bootstrap>(246): <frozen importlib._bootstrap_external>(1644): <frozen importlib._bootstrap_external>(1638): <frozen importlib._bootstrap_external>(1639): <frozen importlib._bootstrap_external>(1640):  --- modulename: _bootstrap_external, funcname: _path_join
<frozen importlib._bootstrap_external>(98): <frozen importlib._bootstrap_external>(100): <frozen importlib._bootstrap_external>(102): <frozen importlib._bootstrap_external>(103): <frozen importlib._bootstrap_external>(104): <frozen importlib._bootstrap_external>(105): <frozen importlib._bootstrap_external>(106): <frozen importlib._bootstrap_external>(107): <frozen importlib._bootstrap_external>(104): <frozen importlib._bootstrap_external>(105): <frozen importlib._bootstrap_external>(108): <frozen importlib._bootstrap_external>(117): <frozen importlib._bootstrap_external>(118): <frozen importlib._bootstrap_external>(104): <frozen importlib._bootstrap_external>(119):  --- modulename: _bootstrap_external, funcname: <listcomp>
<frozen importlib._bootstrap_external>(119): <frozen importlib._bootstrap_external>(119): <frozen importlib._bootstrap_external>(119): <frozen importlib._bootstrap_external>(120): <frozen importlib._bootstrap_external>(123): <frozen importlib._bootstrap_external>(1643):  --- modulename: _bootstrap, funcname: _verbose_message
<frozen importlib._bootstrap>(246): <frozen importlib._bootstrap_external>(1644): <frozen importlib._bootstrap_external>(1638): <frozen importlib._bootstrap_external>(1639): <frozen importlib._bootstrap_external>(1640):  --- modulename: _bootstrap_external, funcname: _path_join
<frozen importlib._bootstrap_external>(98): <frozen importlib._bootstrap_external>(100): <frozen importlib._bootstrap_external>(102): <frozen importlib._bootstrap_external>(103): <frozen importlib._bootstrap_external>(104): <frozen importlib._bootstrap_external>(105): <frozen importlib._bootstrap_external>(106): <frozen importlib._bootstrap_external>(107): <frozen importlib._bootstrap_external>(104): <frozen importlib._bootstrap_external>(105): <frozen importlib._bootstrap_external>(108): <frozen importlib._bootstrap_external>(117): <frozen importlib._bootstrap_external>(118): <frozen importlib._bootstrap_external>(104): <frozen importlib._bootstrap_external>(119):  --- modulename: _bootstrap_external, funcname: <listcomp>
<frozen importlib._bootstrap_external>(119): <frozen importlib._bootstrap_external>(119): <frozen importlib._bootstrap_external>(119): <frozen importlib._bootstrap_external>(120): <frozen importlib._bootstrap_external>(123): <frozen importlib._bootstrap_external>(1643):  --- modulename: _bootstrap, funcname: _verbose_message
<frozen importlib._bootstrap>(246): <frozen importlib._bootstrap_external>(1644): <frozen importlib._bootstrap_external>(1638): <frozen importlib._bootstrap_external>(1639): <frozen importlib._bootstrap_external>(1640):  --- modulename: _bootstrap_external, funcname: _path_join
<frozen importlib._bootstrap_external>(98): <frozen importlib._bootstrap_external>(100): <frozen importlib._bootstrap_external>(102): <frozen importlib._bootstrap_external>(103): <frozen importlib._bootstrap_external>(104): <frozen importlib._bootstrap_external>(105): <frozen importlib._bootstrap_external>(106): <frozen importlib._bootstrap_external>(107): <frozen importlib._bootstrap_external>(104): <frozen importlib._bootstrap_external>(105): <frozen importlib._bootstrap_external>(108): <frozen importlib._bootstrap_external>(117): <frozen importlib._bootstrap_external>(118): <frozen importlib._bootstrap_external>(104): <frozen importlib._bootstrap_external>(119):  --- modulename: _bootstrap_external, funcname: <listcomp>
<frozen importlib._bootstrap_external>(119): <frozen importlib._bootstrap_external>(119): <frozen importlib._bootstrap_external>(119): <frozen importlib._bootstrap_external>(120): <frozen importlib._bootstrap_external>(123): <frozen importlib._bootstrap_external>(1643):  --- modulename: _bootstrap, funcname: _verbose_message
<frozen importlib._bootstrap>(246): <frozen importlib._bootstrap_external>(1644): <frozen importlib._bootstrap_external>(1638): <frozen importlib._bootstrap_external>(1639): <frozen importlib._bootstrap_external>(1640):  --- modulename: _bootstrap_external, funcname: _path_join
<frozen importlib._bootstrap_external>(98): <frozen importlib._bootstrap_external>(100): <frozen importlib._bootstrap_external>(102): <frozen importlib._bootstrap_external>(103): <frozen importlib._bootstrap_external>(104): <frozen importlib._bootstrap_external>(105): <frozen importlib._bootstrap_external>(106): <frozen importlib._bootstrap_external>(107): <frozen importlib._bootstrap_external>(104): <frozen importlib._bootstrap_external>(105): <frozen importlib._bootstrap_external>(108): <frozen importlib._bootstrap_external>(117): <frozen importlib._bootstrap_external>(118): <frozen importlib._bootstrap_external>(104): <frozen importlib._bootstrap_external>(119):  --- modulename: _bootstrap_external, funcname: <listcomp>
<frozen importlib._bootstrap_external>(119): <frozen importlib._bootstrap_external>(119): <frozen importlib._bootstrap_external>(119): <frozen importlib._bootstrap_external>(120): <frozen importlib._bootstrap_external>(123): <frozen importlib._bootstrap_external>(1643):  --- modulename: _bootstrap, funcname: _verbose_message
<frozen importlib._bootstrap>(246): <frozen importlib._bootstrap_external>(1644): <frozen importlib._bootstrap_external>(1638): <frozen importlib._bootstrap_external>(1648): <frozen importlib._bootstrap_external>(1653): <frozen importlib._bootstrap_external>(1479): <frozen importlib._bootstrap_external>(1480): <frozen importlib._bootstrap_external>(1470): <frozen importlib._bootstrap_external>(1471): <frozen importlib._bootstrap_external>(1473):  --- modulename: _bootstrap_external, funcname: _path_importer_cache
<frozen importlib._bootstrap_external>(1429): <frozen importlib._bootstrap_external>(1436): <frozen importlib._bootstrap_external>(1437): <frozen importlib._bootstrap_external>(1441): <frozen importlib._bootstrap_external>(1474): <frozen importlib._bootstrap_external>(1475): <frozen importlib._bootstrap_external>(1476):  --- modulename: _bootstrap_external, funcname: find_spec
<frozen importlib._bootstrap_external>(1609): <frozen importlib._bootstrap_external>(1610): <frozen importlib._bootstrap_external>(1611): <frozen importlib._bootstrap_external>(1612):  --- modulename: _bootstrap_external, funcname: _path_stat
<frozen importlib._bootstrap_external>(147): <frozen importlib._bootstrap_external>(1615): <frozen importlib._bootstrap_external>(1619):  --- modulename: _bootstrap_external, funcname: _relax_case
<frozen importlib._bootstrap_external>(69): <frozen importlib._bootstrap_external>(1623): <frozen importlib._bootstrap_external>(1624): <frozen importlib._bootstrap_external>(1626): <frozen importlib._bootstrap_external>(1638): <frozen importlib._bootstrap_external>(1639): <frozen importlib._bootstrap_external>(1640):  --- modulename: _bootstrap_external, funcname: _path_join
<frozen importlib._bootstrap_external>(98): <frozen importlib._bootstrap_external>(100): <frozen importlib._bootstrap_external>(102): <frozen importlib._bootstrap_external>(103): <frozen importlib._bootstrap_external>(104): <frozen importlib._bootstrap_external>(105): <frozen importlib._bootstrap_external>(106): <frozen importlib._bootstrap_external>(107): <frozen importlib._bootstrap_external>(104): <frozen importlib._bootstrap_external>(105): <frozen importlib._bootstrap_external>(108): <frozen importlib._bootstrap_external>(117): <frozen importlib._bootstrap_external>(118): <frozen importlib._bootstrap_external>(104): <frozen importlib._bootstrap_external>(119):  --- modulename: _bootstrap_external, funcname: <listcomp>
<frozen importlib._bootstrap_external>(119): <frozen importlib._bootstrap_external>(119): <frozen importlib._bootstrap_external>(119): <frozen importlib._bootstrap_external>(120): <frozen importlib._bootstrap_external>(123): <frozen importlib._bootstrap_external>(1643):  --- modulename: _bootstrap, funcname: _verbose_message
<frozen importlib._bootstrap>(246): <frozen importlib._bootstrap_external>(1644): <frozen importlib._bootstrap_external>(1638): <frozen importlib._bootstrap_external>(1639): <frozen importlib._bootstrap_external>(1640):  --- modulename: _bootstrap_external, funcname: _path_join
<frozen importlib._bootstrap_external>(98): <frozen importlib._bootstrap_external>(100): <frozen importlib._bootstrap_external>(102): <frozen importlib._bootstrap_external>(103): <frozen importlib._bootstrap_external>(104): <frozen importlib._bootstrap_external>(105): <frozen importlib._bootstrap_external>(106): <frozen importlib._bootstrap_external>(107): <frozen importlib._bootstrap_external>(104): <frozen importlib._bootstrap_external>(105): <frozen importlib._bootstrap_external>(108): <frozen importlib._bootstrap_external>(117): <frozen importlib._bootstrap_external>(118): <frozen importlib._bootstrap_external>(104): <frozen importlib._bootstrap_external>(119):  --- modulename: _bootstrap_external, funcname: <listcomp>
<frozen importlib._bootstrap_external>(119): <frozen importlib._bootstrap_external>(119): <frozen importlib._bootstrap_external>(119): <frozen importlib._bootstrap_external>(120): <frozen importlib._bootstrap_external>(123): <frozen importlib._bootstrap_external>(1643):  --- modulename: _bootstrap, funcname: _verbose_message
<frozen importlib._bootstrap>(246): <frozen importlib._bootstrap_external>(1644): <frozen importlib._bootstrap_external>(1638): <frozen importlib._bootstrap_external>(1639): <frozen importlib._bootstrap_external>(1640):  --- modulename: _bootstrap_external, funcname: _path_join
<frozen importlib._bootstrap_external>(98): <frozen importlib._bootstrap_external>(100): <frozen importlib._bootstrap_external>(102): <frozen importlib._bootstrap_external>(103): <frozen importlib._bootstrap_external>(104): <frozen importlib._bootstrap_external>(105): <frozen importlib._bootstrap_external>(106): <frozen importlib._bootstrap_external>(107): <frozen importlib._bootstrap_external>(104): <frozen importlib._bootstrap_external>(105): <frozen importlib._bootstrap_external>(108): <frozen importlib._bootstrap_external>(117): <frozen importlib._bootstrap_external>(118): <frozen importlib._bootstrap_external>(104): <frozen importlib._bootstrap_external>(119):  --- modulename: _bootstrap_external, funcname: <listcomp>
<frozen importlib._bootstrap_external>(119): <frozen importlib._bootstrap_external>(119): <frozen importlib._bootstrap_external>(119): <frozen importlib._bootstrap_external>(120): <frozen importlib._bootstrap_external>(123): <frozen importlib._bootstrap_external>(1643):  --- modulename: _bootstrap, funcname: _verbose_message
<frozen importlib._bootstrap>(246): <frozen importlib._bootstrap_external>(1644): <frozen importlib._bootstrap_external>(1645):  --- modulename: _bootstrap_external, funcname: _path_isfile
<frozen importlib._bootstrap_external>(161):  --- modulename: _bootstrap_external, funcname: _path_is_mode_type
<frozen importlib._bootstrap_external>(152): <frozen importlib._bootstrap_external>(153):  --- modulename: _bootstrap_external, funcname: _path_stat
<frozen importlib._bootstrap_external>(147): <frozen importlib._bootstrap_external>(156): <frozen importlib._bootstrap_external>(1646): <frozen importlib._bootstrap_external>(1647): <frozen importlib._bootstrap_external>(1646):  --- modulename: _bootstrap_external, funcname: _get_spec
<frozen importlib._bootstrap_external>(1600):  --- modulename: _bootstrap_external, funcname: __init__
<frozen importlib._bootstrap_external>(1100): <frozen importlib._bootstrap_external>(1101): <frozen importlib._bootstrap_external>(1601): <frozen importlib._bootstrap_external>(1602): <frozen importlib._bootstrap_external>(1601):  --- modulename: _bootstrap_external, funcname: spec_from_file_location
<frozen importlib._bootstrap_external>(790): <frozen importlib._bootstrap_external>(802): <frozen importlib._bootstrap_external>(803):  --- modulename: _bootstrap_external, funcname: _path_isabs
<frozen importlib._bootstrap_external>(174): <frozen importlib._bootstrap_external>(176): <frozen importlib._bootstrap_external>(177): <frozen importlib._bootstrap_external>(815):  --- modulename: _bootstrap, funcname: __init__
<frozen importlib._bootstrap>(359): <frozen importlib._bootstrap>(360): <frozen importlib._bootstrap>(361): <frozen importlib._bootstrap>(362): <frozen importlib._bootstrap>(363): <frozen importlib._bootstrap>(364): <frozen importlib._bootstrap>(367): <frozen importlib._bootstrap>(368): <frozen importlib._bootstrap_external>(816): <frozen importlib._bootstrap_external>(819): <frozen importlib._bootstrap_external>(829): <frozen importlib._bootstrap_external>(840): <frozen importlib._bootstrap_external>(841): <frozen importlib._bootstrap_external>(846): <frozen importlib._bootstrap_external>(1479): <frozen importlib._bootstrap_external>(1481): <frozen importlib._bootstrap_external>(1482): <frozen importlib._bootstrap_external>(1505): <frozen importlib._bootstrap_external>(1507): <frozen importlib._bootstrap_external>(1518): <frozen importlib._bootstrap>(1072):  --- modulename: _bootstrap, funcname: __exit__
<frozen importlib._bootstrap>(1034): <frozen importlib._bootstrap>(1081): <frozen importlib._bootstrap>(1083): <frozen importlib._bootstrap>(1098): <frozen importlib._bootstrap>(1141): <frozen importlib._bootstrap>(1144): <frozen importlib._bootstrap>(1148): <frozen importlib._bootstrap>(1149):  --- modulename: _bootstrap, funcname: _load_unlocked
<frozen importlib._bootstrap>(668): <frozen importlib._bootstrap>(670): <frozen importlib._bootstrap>(676):  --- modulename: _bootstrap, funcname: module_from_spec
<frozen importlib._bootstrap>(569): <frozen importlib._bootstrap>(570): <frozen importlib._bootstrap>(573):  --- modulename: _bootstrap_external, funcname: create_module
<frozen importlib._bootstrap_external>(931): <frozen importlib._bootstrap>(577): <frozen importlib._bootstrap>(578):  --- modulename: _bootstrap, funcname: _new_module
<frozen importlib._bootstrap>(49): <frozen importlib._bootstrap>(579):  --- modulename: _bootstrap, funcname: _init_module_attrs
<frozen importlib._bootstrap>(497): <frozen importlib._bootstrap>(503): <frozen importlib._bootstrap>(504): <frozen importlib._bootstrap>(505): <frozen importlib._bootstrap>(526): <frozen importlib._bootstrap>(527): <frozen importlib._bootstrap>(531): <frozen importlib._bootstrap>(532): <frozen importlib._bootstrap>(533):  --- modulename: _bootstrap, funcname: parent
<frozen importlib._bootstrap>(408): <frozen importlib._bootstrap>(409): <frozen importlib._bootstrap>(537): <frozen importlib._bootstrap>(538): <frozen importlib._bootstrap>(542): <frozen importlib._bootstrap>(543): <frozen importlib._bootstrap>(550):  --- modulename: _bootstrap, funcname: has_location
<frozen importlib._bootstrap>(415): <frozen importlib._bootstrap>(551): <frozen importlib._bootstrap>(552): <frozen importlib._bootstrap>(553): <frozen importlib._bootstrap>(557): <frozen importlib._bootstrap>(558):  --- modulename: _bootstrap, funcname: cached
<frozen importlib._bootstrap>(394): <frozen importlib._bootstrap>(395): <frozen importlib._bootstrap>(396): <frozen importlib._bootstrap>(398):  --- modulename: _bootstrap_external, funcname: _get_cached
<frozen importlib._bootstrap_external>(568): <frozen importlib._bootstrap_external>(569): <frozen importlib._bootstrap_external>(570):  --- modulename: _bootstrap_external, funcname: cache_from_source
<frozen importlib._bootstrap_external>(455): <frozen importlib._bootstrap_external>(462): <frozen importlib._bootstrap_external>(463):  --- modulename: _bootstrap_external, funcname: _path_split
<frozen importlib._bootstrap_external>(134):  --- modulename: _bootstrap_external, funcname: <genexpr>
<frozen importlib._bootstrap_external>(134):  --- modulename: _bootstrap_external, funcname: <genexpr>
<frozen importlib._bootstrap_external>(134):  --- modulename: _bootstrap_external, funcname: <genexpr>
<frozen importlib._bootstrap_external>(134): <frozen importlib._bootstrap_external>(135): <frozen importlib._bootstrap_external>(137): <frozen importlib._bootstrap_external>(464): <frozen importlib._bootstrap_external>(465): <frozen importlib._bootstrap_external>(466): <frozen importlib._bootstrap_external>(468): <frozen importlib._bootstrap_external>(469): <frozen importlib._bootstrap_external>(470): <frozen importlib._bootstrap_external>(471): <frozen importlib._bootstrap_external>(474): <frozen importlib._bootstrap_external>(475): <frozen importlib._bootstrap_external>(479): <frozen importlib._bootstrap_external>(480): <frozen importlib._bootstrap_external>(505):  --- modulename: _bootstrap_external, funcname: _path_join
<frozen importlib._bootstrap_external>(98): <frozen importlib._bootstrap_external>(100): <frozen importlib._bootstrap_external>(102): <frozen importlib._bootstrap_external>(103): <frozen importlib._bootstrap_external>(104): <frozen importlib._bootstrap_external>(105): <frozen importlib._bootstrap_external>(106): <frozen importlib._bootstrap_external>(107): <frozen importlib._bootstrap_external>(104): <frozen importlib._bootstrap_external>(105): <frozen importlib._bootstrap_external>(108): <frozen importlib._bootstrap_external>(117): <frozen importlib._bootstrap_external>(118): <frozen importlib._bootstrap_external>(104): <frozen importlib._bootstrap_external>(105): <frozen importlib._bootstrap_external>(108): <frozen importlib._bootstrap_external>(117): <frozen importlib._bootstrap_external>(118): <frozen importlib._bootstrap_external>(104): <frozen importlib._bootstrap_external>(119):  --- modulename: _bootstrap_external, funcname: <listcomp>
<frozen importlib._bootstrap_external>(119): <frozen importlib._bootstrap_external>(119): <frozen importlib._bootstrap_external>(119): <frozen importlib._bootstrap_external>(119): <frozen importlib._bootstrap_external>(120): <frozen importlib._bootstrap_external>(123): <frozen importlib._bootstrap>(399): <frozen importlib._bootstrap>(559): <frozen importlib._bootstrap>(560):  --- modulename: _bootstrap, funcname: cached
<frozen importlib._bootstrap>(394): <frozen importlib._bootstrap>(399): <frozen importlib._bootstrap>(563): <frozen importlib._bootstrap>(580): <frozen importlib._bootstrap>(681): <frozen importlib._bootstrap>(682): <frozen importlib._bootstrap>(683): <frozen importlib._bootstrap>(684): <frozen importlib._bootstrap>(685): <frozen importlib._bootstrap>(690):  --- modulename: _bootstrap_external, funcname: exec_module
<frozen importlib._bootstrap_external>(936):  --- modulename: _bootstrap_external, funcname: get_code
<frozen importlib._bootstrap_external>(1014):  --- modulename: _bootstrap_external, funcname: _check_name_wrapper
<frozen importlib._bootstrap_external>(600): <frozen importlib._bootstrap_external>(602): <frozen importlib._bootstrap_external>(605):  --- modulename: _bootstrap_external, funcname: get_filename
<frozen importlib._bootstrap_external>(1125): <frozen importlib._bootstrap_external>(1015): <frozen importlib._bootstrap_external>(1016): <frozen importlib._bootstrap_external>(1017): <frozen importlib._bootstrap_external>(1018): <frozen importlib._bootstrap_external>(1019): <frozen importlib._bootstrap_external>(1020): <frozen importlib._bootstrap_external>(1021):  --- modulename: _bootstrap_external, funcname: cache_from_source
<frozen importlib._bootstrap_external>(455): <frozen importlib._bootstrap_external>(462): <frozen importlib._bootstrap_external>(463):  --- modulename: _bootstrap_external, funcname: _path_split
<frozen importlib._bootstrap_external>(134):  --- modulename: _bootstrap_external, funcname: <genexpr>
<frozen importlib._bootstrap_external>(134):  --- modulename: _bootstrap_external, funcname: <genexpr>
<frozen importlib._bootstrap_external>(134):  --- modulename: _bootstrap_external, funcname: <genexpr>
<frozen importlib._bootstrap_external>(134): <frozen importlib._bootstrap_external>(135): <frozen importlib._bootstrap_external>(137): <frozen importlib._bootstrap_external>(464): <frozen importlib._bootstrap_external>(465): <frozen importlib._bootstrap_external>(466): <frozen importlib._bootstrap_external>(468): <frozen importlib._bootstrap_external>(469): <frozen importlib._bootstrap_external>(470): <frozen importlib._bootstrap_external>(471): <frozen importlib._bootstrap_external>(474): <frozen importlib._bootstrap_external>(475): <frozen importlib._bootstrap_external>(479): <frozen importlib._bootstrap_external>(480): <frozen importlib._bootstrap_external>(505):  --- modulename: _bootstrap_external, funcname: _path_join
<frozen importlib._bootstrap_external>(98): <frozen importlib._bootstrap_external>(100): <frozen importlib._bootstrap_external>(102): <frozen importlib._bootstrap_external>(103): <frozen importlib._bootstrap_external>(104): <frozen importlib._bootstrap_external>(105): <frozen importlib._bootstrap_external>(106): <frozen importlib._bootstrap_external>(107): <frozen importlib._bootstrap_external>(104): <frozen importlib._bootstrap_external>(105): <frozen importlib._bootstrap_external>(108): <frozen importlib._bootstrap_external>(117): <frozen importlib._bootstrap_external>(118): <frozen importlib._bootstrap_external>(104): <frozen importlib._bootstrap_external>(105): <frozen importlib._bootstrap_external>(108): <frozen importlib._bootstrap_external>(117): <frozen importlib._bootstrap_external>(118): <frozen importlib._bootstrap_external>(104): <frozen importlib._bootstrap_external>(119):  --- modulename: _bootstrap_external, funcname: <listcomp>
<frozen importlib._bootstrap_external>(119): <frozen importlib._bootstrap_external>(119): <frozen importlib._bootstrap_external>(119): <frozen importlib._bootstrap_external>(119): <frozen importlib._bootstrap_external>(120): <frozen importlib._bootstrap_external>(123): <frozen importlib._bootstrap_external>(1025): <frozen importlib._bootstrap_external>(1026):  --- modulename: _bootstrap_external, funcname: path_stats
<frozen importlib._bootstrap_external>(1148):  --- modulename: _bootstrap_external, funcname: _path_stat
<frozen importlib._bootstrap_external>(147): <frozen importlib._bootstrap_external>(1149): <frozen importlib._bootstrap_external>(1030): <frozen importlib._bootstrap_external>(1031): <frozen importlib._bootstrap_external>(1032):  --- modulename: _bootstrap_external, funcname: get_data
<frozen importlib._bootstrap_external>(1129): <frozen importlib._bootstrap_external>(1130): <frozen importlib._bootstrap_external>(1131): <frozen importlib._bootstrap_external>(1130): <frozen importlib._bootstrap_external>(1037): <frozen importlib._bootstrap_external>(1038): <frozen importlib._bootstrap_external>(1036): <frozen importlib._bootstrap_external>(1040): <frozen importlib._bootstrap_external>(1041):  --- modulename: _bootstrap_external, funcname: _classify_pyc
<frozen importlib._bootstrap_external>(658): <frozen importlib._bootstrap_external>(659): <frozen importlib._bootstrap_external>(663): <frozen importlib._bootstrap_external>(667):  --- modulename: _bootstrap_external, funcname: _unpack_uint32
<frozen importlib._bootstrap_external>(86): <frozen importlib._bootstrap_external>(87): <frozen importlib._bootstrap_external>(669): <frozen importlib._bootstrap_external>(672): <frozen importlib._bootstrap_external>(1042): <frozen importlib._bootstrap_external>(1043): <frozen importlib._bootstrap_external>(1044): <frozen importlib._bootstrap_external>(1057): <frozen importlib._bootstrap_external>(1058): <frozen importlib._bootstrap_external>(1059): <frozen importlib._bootstrap_external>(1060): <frozen importlib._bootstrap_external>(1061): <frozen importlib._bootstrap_external>(1062): <frozen importlib._bootstrap_external>(1057):  --- modulename: _bootstrap_external, funcname: _validate_timestamp_pyc
<frozen importlib._bootstrap_external>(694):  --- modulename: _bootstrap_external, funcname: _unpack_uint32
<frozen importlib._bootstrap_external>(86): <frozen importlib._bootstrap_external>(87): <frozen importlib._bootstrap_external>(698): <frozen importlib._bootstrap_external>(699):  --- modulename: _bootstrap_external, funcname: _unpack_uint32
<frozen importlib._bootstrap_external>(86): <frozen importlib._bootstrap_external>(87): <frozen importlib._bootstrap_external>(698): <frozen importlib._bootstrap_external>(1067): <frozen importlib._bootstrap_external>(1068): <frozen importlib._bootstrap_external>(1067):  --- modulename: _bootstrap, funcname: _verbose_message
<frozen importlib._bootstrap>(246): <frozen importlib._bootstrap_external>(1069): <frozen importlib._bootstrap_external>(1070): <frozen importlib._bootstrap_external>(1071): <frozen importlib._bootstrap_external>(1069):  --- modulename: _bootstrap_external, funcname: _compile_bytecode
<frozen importlib._bootstrap_external>(729): <frozen importlib._bootstrap_external>(730): <frozen importlib._bootstrap_external>(731):  --- modulename: _bootstrap, funcname: _verbose_message
<frozen importlib._bootstrap>(246): <frozen importlib._bootstrap_external>(732): <frozen importlib._bootstrap_external>(733): <frozen importlib._bootstrap_external>(734): <frozen importlib._bootstrap_external>(937): <frozen importlib._bootstrap_external>(940):  --- modulename: _bootstrap, funcname: _call_with_frames_removed
<frozen importlib._bootstrap>(241):  --- modulename: shutil, funcname: <module>
shutil.py(1): """Utility functions for copying and archiving files and directory trees.
shutil.py(7): import os
shutil.py(8): import sys
shutil.py(9): import stat
shutil.py(10): import fnmatch
 --- modulename: _bootstrap, funcname: _find_and_load
<frozen importlib._bootstrap>(1172): <frozen importlib._bootstrap>(1173): <frozen importlib._bootstrap>(1175):  --- modulename: _bootstrap, funcname: __init__
<frozen importlib._bootstrap>(166): <frozen importlib._bootstrap>(167):  --- modulename: _bootstrap, funcname: __enter__
<frozen importlib._bootstrap>(170):  --- modulename: _bootstrap, funcname: _get_module_lock
<frozen importlib._bootstrap>(185): <frozen importlib._bootstrap>(186): <frozen importlib._bootstrap>(187): <frozen importlib._bootstrap>(188): <frozen importlib._bootstrap>(189): <frozen importlib._bootstrap>(190): <frozen importlib._bootstrap>(192): <frozen importlib._bootstrap>(193): <frozen importlib._bootstrap>(196):  --- modulename: _bootstrap, funcname: __init__
<frozen importlib._bootstrap>(72): <frozen importlib._bootstrap>(73): <frozen importlib._bootstrap>(74): <frozen importlib._bootstrap>(75): <frozen importlib._bootstrap>(76): <frozen importlib._bootstrap>(77): <frozen importlib._bootstrap>(198): <frozen importlib._bootstrap>(209): <frozen importlib._bootstrap>(211): <frozen importlib._bootstrap>(213): <frozen importlib._bootstrap>(171):  --- modulename: _bootstrap, funcname: acquire
<frozen importlib._bootstrap>(106): <frozen importlib._bootstrap>(107): <frozen importlib._bootstrap>(108): <frozen importlib._bootstrap>(109): <frozen importlib._bootstrap>(110): <frozen importlib._bootstrap>(111): <frozen importlib._bootstrap>(112): <frozen importlib._bootstrap>(113): <frozen importlib._bootstrap>(114): <frozen importlib._bootstrap>(110): <frozen importlib._bootstrap>(123): <frozen importlib._bootstrap>(1176): <frozen importlib._bootstrap>(1177): <frozen importlib._bootstrap>(1178):  --- modulename: _bootstrap, funcname: _find_and_load_unlocked
<frozen importlib._bootstrap>(1123): <frozen importlib._bootstrap>(1124): <frozen importlib._bootstrap>(1125): <frozen importlib._bootstrap>(1126): <frozen importlib._bootstrap>(1140):  --- modulename: _bootstrap, funcname: _find_spec
<frozen importlib._bootstrap>(1058): <frozen importlib._bootstrap>(1059): <frozen importlib._bootstrap>(1064): <frozen importlib._bootstrap>(1070): <frozen importlib._bootstrap>(1071): <frozen importlib._bootstrap>(1072):  --- modulename: _bootstrap, funcname: __enter__
<frozen importlib._bootstrap>(1030): <frozen importlib._bootstrap>(1073): <frozen importlib._bootstrap>(1074): <frozen importlib._bootstrap>(1080): <frozen importlib._bootstrap>(1072):  --- modulename: _bootstrap, funcname: __exit__
<frozen importlib._bootstrap>(1034): <frozen importlib._bootstrap>(1081): <frozen importlib._bootstrap>(1071): <frozen importlib._bootstrap>(1072):  --- modulename: _bootstrap, funcname: __enter__
<frozen importlib._bootstrap>(1030): <frozen importlib._bootstrap>(1073): <frozen importlib._bootstrap>(1074): <frozen importlib._bootstrap>(1080): <frozen importlib._bootstrap>(1072):  --- modulename: _bootstrap, funcname: __exit__
<frozen importlib._bootstrap>(1034): <frozen importlib._bootstrap>(1081): <frozen importlib._bootstrap>(1071): <frozen importlib._bootstrap>(1072):  --- modulename: _bootstrap, funcname: __enter__
<frozen importlib._bootstrap>(1030): <frozen importlib._bootstrap>(1073): <frozen importlib._bootstrap>(1074): <frozen importlib._bootstrap>(1080):  --- modulename: _bootstrap, funcname: find_spec
<frozen importlib._bootstrap>(750): <frozen importlib._bootstrap>(752): <frozen importlib._bootstrap>(755): <frozen importlib._bootstrap>(1072):  --- modulename: _bootstrap, funcname: __exit__
<frozen importlib._bootstrap>(1034): <frozen importlib._bootstrap>(1081): <frozen importlib._bootstrap>(1071): <frozen importlib._bootstrap>(1072):  --- modulename: _bootstrap, funcname: __enter__
<frozen importlib._bootstrap>(1030): <frozen importlib._bootstrap>(1073): <frozen importlib._bootstrap>(1074): <frozen importlib._bootstrap>(1080):  --- modulename: _bootstrap, funcname: find_spec
<frozen importlib._bootstrap>(924):  --- modulename: _bootstrap, funcname: _call_with_frames_removed
<frozen importlib._bootstrap>(241): <frozen importlib._bootstrap>(925): <frozen importlib._bootstrap>(926): <frozen importlib._bootstrap>(1072):  --- modulename: _bootstrap, funcname: __exit__
<frozen importlib._bootstrap>(1034): <frozen importlib._bootstrap>(1081): <frozen importlib._bootstrap>(1071): <frozen importlib._bootstrap>(1072):  --- modulename: _bootstrap, funcname: __enter__
<frozen importlib._bootstrap>(1030): <frozen importlib._bootstrap>(1073): <frozen importlib._bootstrap>(1074): <frozen importlib._bootstrap>(1080):  --- modulename: _bootstrap_external, funcname: find_spec
<frozen importlib._bootstrap_external>(1502): <frozen importlib._bootstrap_external>(1503): <frozen importlib._bootstrap_external>(1504):  --- modulename: _bootstrap_external, funcname: _get_spec
<frozen importlib._bootstrap_external>(1469): <frozen importlib._bootstrap_external>(1470): <frozen importlib._bootstrap_external>(1471): <frozen importlib._bootstrap_external>(1473):  --- modulename: _bootstrap_external, funcname: _path_importer_cache
<frozen importlib._bootstrap_external>(1429): <frozen importlib._bootstrap_external>(1436): <frozen importlib._bootstrap_external>(1437): <frozen importlib._bootstrap_external>(1441): <frozen importlib._bootstrap_external>(1474): <frozen importlib._bootstrap_external>(1475): <frozen importlib._bootstrap_external>(1476):  --- modulename: _bootstrap_external, funcname: find_spec
<frozen importlib._bootstrap_external>(1609): <frozen importlib._bootstrap_external>(1610): <frozen importlib._bootstrap_external>(1611): <frozen importlib._bootstrap_external>(1612):  --- modulename: _bootstrap_external, funcname: _path_stat
<frozen importlib._bootstrap_external>(147): <frozen importlib._bootstrap_external>(1615): <frozen importlib._bootstrap_external>(1619):  --- modulename: _bootstrap_external, funcname: _relax_case
<frozen importlib._bootstrap_external>(69): <frozen importlib._bootstrap_external>(1623): <frozen importlib._bootstrap_external>(1624): <frozen importlib._bootstrap_external>(1626): <frozen importlib._bootstrap_external>(1638): <frozen importlib._bootstrap_external>(1639): <frozen importlib._bootstrap_external>(1640):  --- modulename: _bootstrap_external, funcname: _path_join
<frozen importlib._bootstrap_external>(98): <frozen importlib._bootstrap_external>(100): <frozen importlib._bootstrap_external>(102): <frozen importlib._bootstrap_external>(103): <frozen importlib._bootstrap_external>(104): <frozen importlib._bootstrap_external>(105): <frozen importlib._bootstrap_external>(106): <frozen importlib._bootstrap_external>(107): <frozen importlib._bootstrap_external>(104): <frozen importlib._bootstrap_external>(105): <frozen importlib._bootstrap_external>(108): <frozen importlib._bootstrap_external>(117): <frozen importlib._bootstrap_external>(118): <frozen importlib._bootstrap_external>(104): <frozen importlib._bootstrap_external>(119):  --- modulename: _bootstrap_external, funcname: <listcomp>
<frozen importlib._bootstrap_external>(119): <frozen importlib._bootstrap_external>(119): <frozen importlib._bootstrap_external>(119): <frozen importlib._bootstrap_external>(120): <frozen importlib._bootstrap_external>(123): <frozen importlib._bootstrap_external>(1643):  --- modulename: _bootstrap, funcname: _verbose_message
<frozen importlib._bootstrap>(246): <frozen importlib._bootstrap_external>(1644): <frozen importlib._bootstrap_external>(1638): <frozen importlib._bootstrap_external>(1639): <frozen importlib._bootstrap_external>(1640):  --- modulename: _bootstrap_external, funcname: _path_join
<frozen importlib._bootstrap_external>(98): <frozen importlib._bootstrap_external>(100): <frozen importlib._bootstrap_external>(102): <frozen importlib._bootstrap_external>(103): <frozen importlib._bootstrap_external>(104): <frozen importlib._bootstrap_external>(105): <frozen importlib._bootstrap_external>(106): <frozen importlib._bootstrap_external>(107): <frozen importlib._bootstrap_external>(104): <frozen importlib._bootstrap_external>(105): <frozen importlib._bootstrap_external>(108): <frozen importlib._bootstrap_external>(117): <frozen importlib._bootstrap_external>(118): <frozen importlib._bootstrap_external>(104): <frozen importlib._bootstrap_external>(119):  --- modulename: _bootstrap_external, funcname: <listcomp>
<frozen importlib._bootstrap_external>(119): <frozen importlib._bootstrap_external>(119): <frozen importlib._bootstrap_external>(119): <frozen importlib._bootstrap_external>(120): <frozen importlib._bootstrap_external>(123): <frozen importlib._bootstrap_external>(1643):  --- modulename: _bootstrap, funcname: _verbose_message
<frozen importlib._bootstrap>(246): <frozen importlib._bootstrap_external>(1644): <frozen importlib._bootstrap_external>(1638): <frozen importlib._bootstrap_external>(1639): <frozen importlib._bootstrap_external>(1640):  --- modulename: _bootstrap_external, funcname: _path_join
<frozen importlib._bootstrap_external>(98): <frozen importlib._bootstrap_external>(100): <frozen importlib._bootstrap_external>(102): <frozen importlib._bootstrap_external>(103): <frozen importlib._bootstrap_external>(104): <frozen importlib._bootstrap_external>(105): <frozen importlib._bootstrap_external>(106): <frozen importlib._bootstrap_external>(107): <frozen importlib._bootstrap_external>(104): <frozen importlib._bootstrap_external>(105): <frozen importlib._bootstrap_external>(108): <frozen importlib._bootstrap_external>(117): <frozen importlib._bootstrap_external>(118): <frozen importlib._bootstrap_external>(104): <frozen importlib._bootstrap_external>(119):  --- modulename: _bootstrap_external, funcname: <listcomp>
<frozen importlib._bootstrap_external>(119): <frozen importlib._bootstrap_external>(119): <frozen importlib._bootstrap_external>(119): <frozen importlib._bootstrap_external>(120): <frozen importlib._bootstrap_external>(123): <frozen importlib._bootstrap_external>(1643):  --- modulename: _bootstrap, funcname: _verbose_message
<frozen importlib._bootstrap>(246): <frozen importlib._bootstrap_external>(1644): <frozen importlib._bootstrap_external>(1638): <frozen importlib._bootstrap_external>(1639): <frozen importlib._bootstrap_external>(1640):  --- modulename: _bootstrap_external, funcname: _path_join
<frozen importlib._bootstrap_external>(98): <frozen importlib._bootstrap_external>(100): <frozen importlib._bootstrap_external>(102): <frozen importlib._bootstrap_external>(103): <frozen importlib._bootstrap_external>(104): <frozen importlib._bootstrap_external>(105): <frozen importlib._bootstrap_external>(106): <frozen importlib._bootstrap_external>(107): <frozen importlib._bootstrap_external>(104): <frozen importlib._bootstrap_external>(105): <frozen importlib._bootstrap_external>(108): <frozen importlib._bootstrap_external>(117): <frozen importlib._bootstrap_external>(118): <frozen importlib._bootstrap_external>(104): <frozen importlib._bootstrap_external>(119):  --- modulename: _bootstrap_external, funcname: <listcomp>
<frozen importlib._bootstrap_external>(119): <frozen importlib._bootstrap_external>(119): <frozen importlib._bootstrap_external>(119): <frozen importlib._bootstrap_external>(120): <frozen importlib._bootstrap_external>(123): <frozen importlib._bootstrap_external>(1643):  --- modulename: _bootstrap, funcname: _verbose_message
<frozen importlib._bootstrap>(246): <frozen importlib._bootstrap_external>(1644): <frozen importlib._bootstrap_external>(1638): <frozen importlib._bootstrap_external>(1639): <frozen importlib._bootstrap_external>(1640):  --- modulename: _bootstrap_external, funcname: _path_join
<frozen importlib._bootstrap_external>(98): <frozen importlib._bootstrap_external>(100): <frozen importlib._bootstrap_external>(102): <frozen importlib._bootstrap_external>(103): <frozen importlib._bootstrap_external>(104): <frozen importlib._bootstrap_external>(105): <frozen importlib._bootstrap_external>(106): <frozen importlib._bootstrap_external>(107): <frozen importlib._bootstrap_external>(104): <frozen importlib._bootstrap_external>(105): <frozen importlib._bootstrap_external>(108): <frozen importlib._bootstrap_external>(117): <frozen importlib._bootstrap_external>(118): <frozen importlib._bootstrap_external>(104): <frozen importlib._bootstrap_external>(119):  --- modulename: _bootstrap_external, funcname: <listcomp>
<frozen importlib._bootstrap_external>(119): <frozen importlib._bootstrap_external>(119): <frozen importlib._bootstrap_external>(119): <frozen importlib._bootstrap_external>(120): <frozen importlib._bootstrap_external>(123): <frozen importlib._bootstrap_external>(1643):  --- modulename: _bootstrap, funcname: _verbose_message
<frozen importlib._bootstrap>(246): <frozen importlib._bootstrap_external>(1644): <frozen importlib._bootstrap_external>(1638): <frozen importlib._bootstrap_external>(1648): <frozen importlib._bootstrap_external>(1653): <frozen importlib._bootstrap_external>(1479): <frozen importlib._bootstrap_external>(1480): <frozen importlib._bootstrap_external>(1470): <frozen importlib._bootstrap_external>(1471): <frozen importlib._bootstrap_external>(1473):  --- modulename: _bootstrap_external, funcname: _path_importer_cache
<frozen importlib._bootstrap_external>(1429): <frozen importlib._bootstrap_external>(1436): <frozen importlib._bootstrap_external>(1437): <frozen importlib._bootstrap_external>(1441): <frozen importlib._bootstrap_external>(1474): <frozen importlib._bootstrap_external>(1470): <frozen importlib._bootstrap_external>(1471): <frozen importlib._bootstrap_external>(1473):  --- modulename: _bootstrap_external, funcname: _path_importer_cache
<frozen importlib._bootstrap_external>(1429): <frozen importlib._bootstrap_external>(1436): <frozen importlib._bootstrap_external>(1437): <frozen importlib._bootstrap_external>(1441): <frozen importlib._bootstrap_external>(1474): <frozen importlib._bootstrap_external>(1475): <frozen importlib._bootstrap_external>(1476):  --- modulename: _bootstrap_external, funcname: find_spec
<frozen importlib._bootstrap_external>(1609): <frozen importlib._bootstrap_external>(1610): <frozen importlib._bootstrap_external>(1611): <frozen importlib._bootstrap_external>(1612):  --- modulename: _bootstrap_external, funcname: _path_stat
<frozen importlib._bootstrap_external>(147): <frozen importlib._bootstrap_external>(1615): <frozen importlib._bootstrap_external>(1619):  --- modulename: _bootstrap_external, funcname: _relax_case
<frozen importlib._bootstrap_external>(69): <frozen importlib._bootstrap_external>(1623): <frozen importlib._bootstrap_external>(1624): <frozen importlib._bootstrap_external>(1626): <frozen importlib._bootstrap_external>(1638): <frozen importlib._bootstrap_external>(1639): <frozen importlib._bootstrap_external>(1640):  --- modulename: _bootstrap_external, funcname: _path_join
<frozen importlib._bootstrap_external>(98): <frozen importlib._bootstrap_external>(100): <frozen importlib._bootstrap_external>(102): <frozen importlib._bootstrap_external>(103): <frozen importlib._bootstrap_external>(104): <frozen importlib._bootstrap_external>(105): <frozen importlib._bootstrap_external>(106): <frozen importlib._bootstrap_external>(107): <frozen importlib._bootstrap_external>(104): <frozen importlib._bootstrap_external>(105): <frozen importlib._bootstrap_external>(108): <frozen importlib._bootstrap_external>(117): <frozen importlib._bootstrap_external>(118): <frozen importlib._bootstrap_external>(104): <frozen importlib._bootstrap_external>(119):  --- modulename: _bootstrap_external, funcname: <listcomp>
<frozen importlib._bootstrap_external>(119): <frozen importlib._bootstrap_external>(119): <frozen importlib._bootstrap_external>(119): <frozen importlib._bootstrap_external>(120): <frozen importlib._bootstrap_external>(123): <frozen importlib._bootstrap_external>(1643):  --- modulename: _bootstrap, funcname: _verbose_message
<frozen importlib._bootstrap>(246): <frozen importlib._bootstrap_external>(1644): <frozen importlib._bootstrap_external>(1638): <frozen importlib._bootstrap_external>(1639): <frozen importlib._bootstrap_external>(1640):  --- modulename: _bootstrap_external, funcname: _path_join
<frozen importlib._bootstrap_external>(98): <frozen importlib._bootstrap_external>(100): <frozen importlib._bootstrap_external>(102): <frozen importlib._bootstrap_external>(103): <frozen importlib._bootstrap_external>(104): <frozen importlib._bootstrap_external>(105): <frozen importlib._bootstrap_external>(106): <frozen importlib._bootstrap_external>(107): <frozen importlib._bootstrap_external>(104): <frozen importlib._bootstrap_external>(105): <frozen importlib._bootstrap_external>(108): <frozen importlib._bootstrap_external>(117): <frozen importlib._bootstrap_external>(118): <frozen importlib._bootstrap_external>(104): <frozen importlib._bootstrap_external>(119):  --- modulename: _bootstrap_external, funcname: <listcomp>
<frozen importlib._bootstrap_external>(119): <frozen importlib._bootstrap_external>(119): <frozen importlib._bootstrap_external>(119): <frozen importlib._bootstrap_external>(120): <frozen importlib._bootstrap_external>(123): <frozen importlib._bootstrap_external>(1643):  --- modulename: _bootstrap, funcname: _verbose_message
<frozen importlib._bootstrap>(246): <frozen importlib._bootstrap_external>(1644): <frozen importlib._bootstrap_external>(1638): <frozen importlib._bootstrap_external>(1639): <frozen importlib._bootstrap_external>(1640):  --- modulename: _bootstrap_external, funcname: _path_join
<frozen importlib._bootstrap_external>(98): <frozen importlib._bootstrap_external>(100): <frozen importlib._bootstrap_external>(102): <frozen importlib._bootstrap_external>(103): <frozen importlib._bootstrap_external>(104): <frozen importlib._bootstrap_external>(105): <frozen importlib._bootstrap_external>(106): <frozen importlib._bootstrap_external>(107): <frozen importlib._bootstrap_external>(104): <frozen importlib._bootstrap_external>(105): <frozen importlib._bootstrap_external>(108): <frozen importlib._bootstrap_external>(117): <frozen importlib._bootstrap_external>(118): <frozen importlib._bootstrap_external>(104): <frozen importlib._bootstrap_external>(119):  --- modulename: _bootstrap_external, funcname: <listcomp>
<frozen importlib._bootstrap_external>(119): <frozen importlib._bootstrap_external>(119): <frozen importlib._bootstrap_external>(119): <frozen importlib._bootstrap_external>(120): <frozen importlib._bootstrap_external>(123): <frozen importlib._bootstrap_external>(1643):  --- modulename: _bootstrap, funcname: _verbose_message
<frozen importlib._bootstrap>(246): <frozen importlib._bootstrap_external>(1644): <frozen importlib._bootstrap_external>(1638): <frozen importlib._bootstrap_external>(1639): <frozen importlib._bootstrap_external>(1640):  --- modulename: _bootstrap_external, funcname: _path_join
<frozen importlib._bootstrap_external>(98): <frozen importlib._bootstrap_external>(100): <frozen importlib._bootstrap_external>(102): <frozen importlib._bootstrap_external>(103): <frozen importlib._bootstrap_external>(104): <frozen importlib._bootstrap_external>(105): <frozen importlib._bootstrap_external>(106): <frozen importlib._bootstrap_external>(107): <frozen importlib._bootstrap_external>(104): <frozen importlib._bootstrap_external>(105): <frozen importlib._bootstrap_external>(108): <frozen importlib._bootstrap_external>(117): <frozen importlib._bootstrap_external>(118): <frozen importlib._bootstrap_external>(104): <frozen importlib._bootstrap_external>(119):  --- modulename: _bootstrap_external, funcname: <listcomp>
<frozen importlib._bootstrap_external>(119): <frozen importlib._bootstrap_external>(119): <frozen importlib._bootstrap_external>(119): <frozen importlib._bootstrap_external>(120): <frozen importlib._bootstrap_external>(123): <frozen importlib._bootstrap_external>(1643):  --- modulename: _bootstrap, funcname: _verbose_message
<frozen importlib._bootstrap>(246): <frozen importlib._bootstrap_external>(1644): <frozen importlib._bootstrap_external>(1638): <frozen importlib._bootstrap_external>(1639): <frozen importlib._bootstrap_external>(1640):  --- modulename: _bootstrap_external, funcname: _path_join
<frozen importlib._bootstrap_external>(98): <frozen importlib._bootstrap_external>(100): <frozen importlib._bootstrap_external>(102): <frozen importlib._bootstrap_external>(103): <frozen importlib._bootstrap_external>(104): <frozen importlib._bootstrap_external>(105): <frozen importlib._bootstrap_external>(106): <frozen importlib._bootstrap_external>(107): <frozen importlib._bootstrap_external>(104): <frozen importlib._bootstrap_external>(105): <frozen importlib._bootstrap_external>(108): <frozen importlib._bootstrap_external>(117): <frozen importlib._bootstrap_external>(118): <frozen importlib._bootstrap_external>(104): <frozen importlib._bootstrap_external>(119):  --- modulename: _bootstrap_external, funcname: <listcomp>
<frozen importlib._bootstrap_external>(119): <frozen importlib._bootstrap_external>(119): <frozen importlib._bootstrap_external>(119): <frozen importlib._bootstrap_external>(120): <frozen importlib._bootstrap_external>(123): <frozen importlib._bootstrap_external>(1643):  --- modulename: _bootstrap, funcname: _verbose_message
<frozen importlib._bootstrap>(246): <frozen importlib._bootstrap_external>(1644): <frozen importlib._bootstrap_external>(1638): <frozen importlib._bootstrap_external>(1648): <frozen importlib._bootstrap_external>(1653): <frozen importlib._bootstrap_external>(1479): <frozen importlib._bootstrap_external>(1480): <frozen importlib._bootstrap_external>(1470): <frozen importlib._bootstrap_external>(1471): <frozen importlib._bootstrap_external>(1473):  --- modulename: _bootstrap_external, funcname: _path_importer_cache
<frozen importlib._bootstrap_external>(1429): <frozen importlib._bootstrap_external>(1436): <frozen importlib._bootstrap_external>(1437): <frozen importlib._bootstrap_external>(1441): <frozen importlib._bootstrap_external>(1474): <frozen importlib._bootstrap_external>(1475): <frozen importlib._bootstrap_external>(1476):  --- modulename: _bootstrap_external, funcname: find_spec
<frozen importlib._bootstrap_external>(1609): <frozen importlib._bootstrap_external>(1610): <frozen importlib._bootstrap_external>(1611): <frozen importlib._bootstrap_external>(1612):  --- modulename: _bootstrap_external, funcname: _path_stat
<frozen importlib._bootstrap_external>(147): <frozen importlib._bootstrap_external>(1615): <frozen importlib._bootstrap_external>(1619):  --- modulename: _bootstrap_external, funcname: _relax_case
<frozen importlib._bootstrap_external>(69): <frozen importlib._bootstrap_external>(1623): <frozen importlib._bootstrap_external>(1624): <frozen importlib._bootstrap_external>(1626): <frozen importlib._bootstrap_external>(1638): <frozen importlib._bootstrap_external>(1639): <frozen importlib._bootstrap_external>(1640):  --- modulename: _bootstrap_external, funcname: _path_join
<frozen importlib._bootstrap_external>(98): <frozen importlib._bootstrap_external>(100): <frozen importlib._bootstrap_external>(102): <frozen importlib._bootstrap_external>(103): <frozen importlib._bootstrap_external>(104): <frozen importlib._bootstrap_external>(105): <frozen importlib._bootstrap_external>(106): <frozen importlib._bootstrap_external>(107): <frozen importlib._bootstrap_external>(104): <frozen importlib._bootstrap_external>(105): <frozen importlib._bootstrap_external>(108): <frozen importlib._bootstrap_external>(117): <frozen importlib._bootstrap_external>(118): <frozen importlib._bootstrap_external>(104): <frozen importlib._bootstrap_external>(119):  --- modulename: _bootstrap_external, funcname: <listcomp>
<frozen importlib._bootstrap_external>(119): <frozen importlib._bootstrap_external>(119): <frozen importlib._bootstrap_external>(119): <frozen importlib._bootstrap_external>(120): <frozen importlib._bootstrap_external>(123): <frozen importlib._bootstrap_external>(1643):  --- modulename: _bootstrap, funcname: _verbose_message
<frozen importlib._bootstrap>(246): <frozen importlib._bootstrap_external>(1644): <frozen importlib._bootstrap_external>(1638): <frozen importlib._bootstrap_external>(1639): <frozen importlib._bootstrap_external>(1640):  --- modulename: _bootstrap_external, funcname: _path_join
<frozen importlib._bootstrap_external>(98): <frozen importlib._bootstrap_external>(100): <frozen importlib._bootstrap_external>(102): <frozen importlib._bootstrap_external>(103): <frozen importlib._bootstrap_external>(104): <frozen importlib._bootstrap_external>(105): <frozen importlib._bootstrap_external>(106): <frozen importlib._bootstrap_external>(107): <frozen importlib._bootstrap_external>(104): <frozen importlib._bootstrap_external>(105): <frozen importlib._bootstrap_external>(108): <frozen importlib._bootstrap_external>(117): <frozen importlib._bootstrap_external>(118): <frozen importlib._bootstrap_external>(104): <frozen importlib._bootstrap_external>(119):  --- modulename: _bootstrap_external, funcname: <listcomp>
<frozen importlib._bootstrap_external>(119): <frozen importlib._bootstrap_external>(119): <frozen importlib._bootstrap_external>(119): <frozen importlib._bootstrap_external>(120): <frozen importlib._bootstrap_external>(123): <frozen importlib._bootstrap_external>(1643):  --- modulename: _bootstrap, funcname: _verbose_message
<frozen importlib._bootstrap>(246): <frozen importlib._bootstrap_external>(1644): <frozen importlib._bootstrap_external>(1638): <frozen importlib._bootstrap_external>(1639): <frozen importlib._bootstrap_external>(1640):  --- modulename: _bootstrap_external, funcname: _path_join
<frozen importlib._bootstrap_external>(98): <frozen importlib._bootstrap_external>(100): <frozen importlib._bootstrap_external>(102): <frozen importlib._bootstrap_external>(103): <frozen importlib._bootstrap_external>(104): <frozen importlib._bootstrap_external>(105): <frozen importlib._bootstrap_external>(106): <frozen importlib._bootstrap_external>(107): <frozen importlib._bootstrap_external>(104): <frozen importlib._bootstrap_external>(105): <frozen importlib._bootstrap_external>(108): <frozen importlib._bootstrap_external>(117): <frozen importlib._bootstrap_external>(118): <frozen importlib._bootstrap_external>(104): <frozen importlib._bootstrap_external>(119):  --- modulename: _bootstrap_external, funcname: <listcomp>
<frozen importlib._bootstrap_external>(119): <frozen importlib._bootstrap_external>(119): <frozen importlib._bootstrap_external>(119): <frozen importlib._bootstrap_external>(120): <frozen importlib._bootstrap_external>(123): <frozen importlib._bootstrap_external>(1643):  --- modulename: _bootstrap, funcname: _verbose_message
<frozen importlib._bootstrap>(246): <frozen importlib._bootstrap_external>(1644): <frozen importlib._bootstrap_external>(1645):  --- modulename: _bootstrap_external, funcname: _path_isfile
<frozen importlib._bootstrap_external>(161):  --- modulename: _bootstrap_external, funcname: _path_is_mode_type
<frozen importlib._bootstrap_external>(152): <frozen importlib._bootstrap_external>(153):  --- modulename: _bootstrap_external, funcname: _path_stat
<frozen importlib._bootstrap_external>(147): <frozen importlib._bootstrap_external>(156): <frozen importlib._bootstrap_external>(1646): <frozen importlib._bootstrap_external>(1647): <frozen importlib._bootstrap_external>(1646):  --- modulename: _bootstrap_external, funcname: _get_spec
<frozen importlib._bootstrap_external>(1600):  --- modulename: _bootstrap_external, funcname: __init__
<frozen importlib._bootstrap_external>(1100): <frozen importlib._bootstrap_external>(1101): <frozen importlib._bootstrap_external>(1601): <frozen importlib._bootstrap_external>(1602): <frozen importlib._bootstrap_external>(1601):  --- modulename: _bootstrap_external, funcname: spec_from_file_location
<frozen importlib._bootstrap_external>(790): <frozen importlib._bootstrap_external>(802): <frozen importlib._bootstrap_external>(803):  --- modulename: _bootstrap_external, funcname: _path_isabs
<frozen importlib._bootstrap_external>(174): <frozen importlib._bootstrap_external>(176): <frozen importlib._bootstrap_external>(177): <frozen importlib._bootstrap_external>(815):  --- modulename: _bootstrap, funcname: __init__
<frozen importlib._bootstrap>(359): <frozen importlib._bootstrap>(360): <frozen importlib._bootstrap>(361): <frozen importlib._bootstrap>(362): <frozen importlib._bootstrap>(363): <frozen importlib._bootstrap>(364): <frozen importlib._bootstrap>(367): <frozen importlib._bootstrap>(368): <frozen importlib._bootstrap_external>(816): <frozen importlib._bootstrap_external>(819): <frozen importlib._bootstrap_external>(829): <frozen importlib._bootstrap_external>(840): <frozen importlib._bootstrap_external>(841): <frozen importlib._bootstrap_external>(846): <frozen importlib._bootstrap_external>(1479): <frozen importlib._bootstrap_external>(1481): <frozen importlib._bootstrap_external>(1482): <frozen importlib._bootstrap_external>(1505): <frozen importlib._bootstrap_external>(1507): <frozen importlib._bootstrap_external>(1518): <frozen importlib._bootstrap>(1072):  --- modulename: _bootstrap, funcname: __exit__
<frozen importlib._bootstrap>(1034): <frozen importlib._bootstrap>(1081): <frozen importlib._bootstrap>(1083): <frozen importlib._bootstrap>(1098): <frozen importlib._bootstrap>(1141): <frozen importlib._bootstrap>(1144): <frozen importlib._bootstrap>(1148): <frozen importlib._bootstrap>(1149):  --- modulename: _bootstrap, funcname: _load_unlocked
<frozen importlib._bootstrap>(668): <frozen importlib._bootstrap>(670): <frozen importlib._bootstrap>(676):  --- modulename: _bootstrap, funcname: module_from_spec
<frozen importlib._bootstrap>(569): <frozen importlib._bootstrap>(570): <frozen importlib._bootstrap>(573):  --- modulename: _bootstrap_external, funcname: create_module
<frozen importlib._bootstrap_external>(931): <frozen importlib._bootstrap>(577): <frozen importlib._bootstrap>(578):  --- modulename: _bootstrap, funcname: _new_module
<frozen importlib._bootstrap>(49): <frozen importlib._bootstrap>(579):  --- modulename: _bootstrap, funcname: _init_module_attrs
<frozen importlib._bootstrap>(497): <frozen importlib._bootstrap>(503): <frozen importlib._bootstrap>(504): <frozen importlib._bootstrap>(505): <frozen importlib._bootstrap>(526): <frozen importlib._bootstrap>(527): <frozen importlib._bootstrap>(531): <frozen importlib._bootstrap>(532): <frozen importlib._bootstrap>(533):  --- modulename: _bootstrap, funcname: parent
<frozen importlib._bootstrap>(408): <frozen importlib._bootstrap>(409): <frozen importlib._bootstrap>(537): <frozen importlib._bootstrap>(538): <frozen importlib._bootstrap>(542): <frozen importlib._bootstrap>(543): <frozen importlib._bootstrap>(550):  --- modulename: _bootstrap, funcname: has_location
<frozen importlib._bootstrap>(415): <frozen importlib._bootstrap>(551): <frozen importlib._bootstrap>(552): <frozen importlib._bootstrap>(553): <frozen importlib._bootstrap>(557): <frozen importlib._bootstrap>(558):  --- modulename: _bootstrap, funcname: cached
<frozen importlib._bootstrap>(394): <frozen importlib._bootstrap>(395): <frozen importlib._bootstrap>(396): <frozen importlib._bootstrap>(398):  --- modulename: _bootstrap_external, funcname: _get_cached
<frozen importlib._bootstrap_external>(568): <frozen importlib._bootstrap_external>(569): <frozen importlib._bootstrap_external>(570):  --- modulename: _bootstrap_external, funcname: cache_from_source
<frozen importlib._bootstrap_external>(455): <frozen importlib._bootstrap_external>(462): <frozen importlib._bootstrap_external>(463):  --- modulename: _bootstrap_external, funcname: _path_split
<frozen importlib._bootstrap_external>(134):  --- modulename: _bootstrap_external, funcname: <genexpr>
<frozen importlib._bootstrap_external>(134):  --- modulename: _bootstrap_external, funcname: <genexpr>
<frozen importlib._bootstrap_external>(134):  --- modulename: _bootstrap_external, funcname: <genexpr>
<frozen importlib._bootstrap_external>(134): <frozen importlib._bootstrap_external>(135): <frozen importlib._bootstrap_external>(137): <frozen importlib._bootstrap_external>(464): <frozen importlib._bootstrap_external>(465): <frozen importlib._bootstrap_external>(466): <frozen importlib._bootstrap_external>(468): <frozen importlib._bootstrap_external>(469): <frozen importlib._bootstrap_external>(470): <frozen importlib._bootstrap_external>(471): <frozen importlib._bootstrap_external>(474): <frozen importlib._bootstrap_external>(475): <frozen importlib._bootstrap_external>(479): <frozen importlib._bootstrap_external>(480): <frozen importlib._bootstrap_external>(505):  --- modulename: _bootstrap_external, funcname: _path_join
<frozen importlib._bootstrap_external>(98): <frozen importlib._bootstrap_external>(100): <frozen importlib._bootstrap_external>(102): <frozen importlib._bootstrap_external>(103): <frozen importlib._bootstrap_external>(104): <frozen importlib._bootstrap_external>(105): <frozen importlib._bootstrap_external>(106): <frozen importlib._bootstrap_external>(107): <frozen importlib._bootstrap_external>(104): <frozen importlib._bootstrap_external>(105): <frozen importlib._bootstrap_external>(108): <frozen importlib._bootstrap_external>(117): <frozen importlib._bootstrap_external>(118): <frozen importlib._bootstrap_external>(104): <frozen importlib._bootstrap_external>(105): <frozen importlib._bootstrap_external>(108): <frozen importlib._bootstrap_external>(117): <frozen importlib._bootstrap_external>(118): <frozen importlib._bootstrap_external>(104): <frozen importlib._bootstrap_external>(119):  --- modulename: _bootstrap_external, funcname: <listcomp>
<frozen importlib._bootstrap_external>(119): <frozen importlib._bootstrap_external>(119): <frozen importlib._bootstrap_external>(119): <frozen importlib._bootstrap_external>(119): <frozen importlib._bootstrap_external>(120): <frozen importlib._bootstrap_external>(123): <frozen importlib._bootstrap>(399): <frozen importlib._bootstrap>(559): <frozen importlib._bootstrap>(560):  --- modulename: _bootstrap, funcname: cached
<frozen importlib._bootstrap>(394): <frozen importlib._bootstrap>(399): <frozen importlib._bootstrap>(563): <frozen importlib._bootstrap>(580): <frozen importlib._bootstrap>(681): <frozen importlib._bootstrap>(682): <frozen importlib._bootstrap>(683): <frozen importlib._bootstrap>(684): <frozen importlib._bootstrap>(685): <frozen importlib._bootstrap>(690):  --- modulename: _bootstrap_external, funcname: exec_module
<frozen importlib._bootstrap_external>(936):  --- modulename: _bootstrap_external, funcname: get_code
<frozen importlib._bootstrap_external>(1014):  --- modulename: _bootstrap_external, funcname: _check_name_wrapper
<frozen importlib._bootstrap_external>(600): <frozen importlib._bootstrap_external>(602): <frozen importlib._bootstrap_external>(605):  --- modulename: _bootstrap_external, funcname: get_filename
<frozen importlib._bootstrap_external>(1125): <frozen importlib._bootstrap_external>(1015): <frozen importlib._bootstrap_external>(1016): <frozen importlib._bootstrap_external>(1017): <frozen importlib._bootstrap_external>(1018): <frozen importlib._bootstrap_external>(1019): <frozen importlib._bootstrap_external>(1020): <frozen importlib._bootstrap_external>(1021):  --- modulename: _bootstrap_external, funcname: cache_from_source
<frozen importlib._bootstrap_external>(455): <frozen importlib._bootstrap_external>(462): <frozen importlib._bootstrap_external>(463):  --- modulename: _bootstrap_external, funcname: _path_split
<frozen importlib._bootstrap_external>(134):  --- modulename: _bootstrap_external, funcname: <genexpr>
<frozen importlib._bootstrap_external>(134):  --- modulename: _bootstrap_external, funcname: <genexpr>
<frozen importlib._bootstrap_external>(134):  --- modulename: _bootstrap_external, funcname: <genexpr>
<frozen importlib._bootstrap_external>(134): <frozen importlib._bootstrap_external>(135): <frozen importlib._bootstrap_external>(137): <frozen importlib._bootstrap_external>(464): <frozen importlib._bootstrap_external>(465): <frozen importlib._bootstrap_external>(466): <frozen importlib._bootstrap_external>(468): <frozen importlib._bootstrap_external>(469): <frozen importlib._bootstrap_external>(470): <frozen importlib._bootstrap_external>(471): <frozen importlib._bootstrap_external>(474): <frozen importlib._bootstrap_external>(475): <frozen importlib._bootstrap_external>(479): <frozen importlib._bootstrap_external>(480): <frozen importlib._bootstrap_external>(505):  --- modulename: _bootstrap_external, funcname: _path_join
<frozen importlib._bootstrap_external>(98): <frozen importlib._bootstrap_external>(100): <frozen importlib._bootstrap_external>(102): <frozen importlib._bootstrap_external>(103): <frozen importlib._bootstrap_external>(104): <frozen importlib._bootstrap_external>(105): <frozen importlib._bootstrap_external>(106): <frozen importlib._bootstrap_external>(107): <frozen importlib._bootstrap_external>(104): <frozen importlib._bootstrap_external>(105): <frozen importlib._bootstrap_external>(108): <frozen importlib._bootstrap_external>(117): <frozen importlib._bootstrap_external>(118): <frozen importlib._bootstrap_external>(104): <frozen importlib._bootstrap_external>(105): <frozen importlib._bootstrap_external>(108): <frozen importlib._bootstrap_external>(117): <frozen importlib._bootstrap_external>(118): <frozen importlib._bootstrap_external>(104): <frozen importlib._bootstrap_external>(119):  --- modulename: _bootstrap_external, funcname: <listcomp>
<frozen importlib._bootstrap_external>(119): <frozen importlib._bootstrap_external>(119): <frozen importlib._bootstrap_external>(119): <frozen importlib._bootstrap_external>(119): <frozen importlib._bootstrap_external>(120): <frozen importlib._bootstrap_external>(123): <frozen importlib._bootstrap_external>(1025): <frozen importlib._bootstrap_external>(1026):  --- modulename: _bootstrap_external, funcname: path_stats
<frozen importlib._bootstrap_external>(1148):  --- modulename: _bootstrap_external, funcname: _path_stat
<frozen importlib._bootstrap_external>(147): <frozen importlib._bootstrap_external>(1149): <frozen importlib._bootstrap_external>(1030): <frozen importlib._bootstrap_external>(1031): <frozen importlib._bootstrap_external>(1032):  --- modulename: _bootstrap_external, funcname: get_data
<frozen importlib._bootstrap_external>(1129): <frozen importlib._bootstrap_external>(1130): <frozen importlib._bootstrap_external>(1131): <frozen importlib._bootstrap_external>(1130): <frozen importlib._bootstrap_external>(1037): <frozen importlib._bootstrap_external>(1038): <frozen importlib._bootstrap_external>(1036): <frozen importlib._bootstrap_external>(1040): <frozen importlib._bootstrap_external>(1041):  --- modulename: _bootstrap_external, funcname: _classify_pyc
<frozen importlib._bootstrap_external>(658): <frozen importlib._bootstrap_external>(659): <frozen importlib._bootstrap_external>(663): <frozen importlib._bootstrap_external>(667):  --- modulename: _bootstrap_external, funcname: _unpack_uint32
<frozen importlib._bootstrap_external>(86): <frozen importlib._bootstrap_external>(87): <frozen importlib._bootstrap_external>(669): <frozen importlib._bootstrap_external>(672): <frozen importlib._bootstrap_external>(1042): <frozen importlib._bootstrap_external>(1043): <frozen importlib._bootstrap_external>(1044): <frozen importlib._bootstrap_external>(1057): <frozen importlib._bootstrap_external>(1058): <frozen importlib._bootstrap_external>(1059): <frozen importlib._bootstrap_external>(1060): <frozen importlib._bootstrap_external>(1061): <frozen importlib._bootstrap_external>(1062): <frozen importlib._bootstrap_external>(1057):  --- modulename: _bootstrap_external, funcname: _validate_timestamp_pyc
<frozen importlib._bootstrap_external>(694):  --- modulename: _bootstrap_external, funcname: _unpack_uint32
<frozen importlib._bootstrap_external>(86): <frozen importlib._bootstrap_external>(87): <frozen importlib._bootstrap_external>(698): <frozen importlib._bootstrap_external>(699):  --- modulename: _bootstrap_external, funcname: _unpack_uint32
<frozen importlib._bootstrap_external>(86): <frozen importlib._bootstrap_external>(87): <frozen importlib._bootstrap_external>(698): <frozen importlib._bootstrap_external>(1067): <frozen importlib._bootstrap_external>(1068): <frozen importlib._bootstrap_external>(1067):  --- modulename: _bootstrap, funcname: _verbose_message
<frozen importlib._bootstrap>(246): <frozen importlib._bootstrap_external>(1069): <frozen importlib._bootstrap_external>(1070): <frozen importlib._bootstrap_external>(1071): <frozen importlib._bootstrap_external>(1069):  --- modulename: _bootstrap_external, funcname: _compile_bytecode
<frozen importlib._bootstrap_external>(729): <frozen importlib._bootstrap_external>(730): <frozen importlib._bootstrap_external>(731):  --- modulename: _bootstrap, funcname: _verbose_message
<frozen importlib._bootstrap>(246): <frozen importlib._bootstrap_external>(732): <frozen importlib._bootstrap_external>(733): <frozen importlib._bootstrap_external>(734): <frozen importlib._bootstrap_external>(937): <frozen importlib._bootstrap_external>(940):  --- modulename: _bootstrap, funcname: _call_with_frames_removed
<frozen importlib._bootstrap>(241):  --- modulename: fnmatch, funcname: <module>
fnmatch.py(1): """Filename matching with shell patterns.
fnmatch.py(12): import os
fnmatch.py(13): import posixpath
 --- modulename: _bootstrap, funcname: _find_and_load
<frozen importlib._bootstrap>(1172): <frozen importlib._bootstrap>(1173): <frozen importlib._bootstrap>(1175):  --- modulename: _bootstrap, funcname: __init__
<frozen importlib._bootstrap>(166): <frozen importlib._bootstrap>(167):  --- modulename: _bootstrap, funcname: __enter__
<frozen importlib._bootstrap>(170):  --- modulename: _bootstrap, funcname: _get_module_lock
<frozen importlib._bootstrap>(185): <frozen importlib._bootstrap>(186): <frozen importlib._bootstrap>(187): <frozen importlib._bootstrap>(188): <frozen importlib._bootstrap>(189): <frozen importlib._bootstrap>(190): <frozen importlib._bootstrap>(192): <frozen importlib._bootstrap>(193): <frozen importlib._bootstrap>(196):  --- modulename: _bootstrap, funcname: __init__
<frozen importlib._bootstrap>(72): <frozen importlib._bootstrap>(73): <frozen importlib._bootstrap>(74): <frozen importlib._bootstrap>(75): <frozen importlib._bootstrap>(76): <frozen importlib._bootstrap>(77): <frozen importlib._bootstrap>(198): <frozen importlib._bootstrap>(209): <frozen importlib._bootstrap>(211): <frozen importlib._bootstrap>(213): <frozen importlib._bootstrap>(171):  --- modulename: _bootstrap, funcname: acquire
<frozen importlib._bootstrap>(106): <frozen importlib._bootstrap>(107): <frozen importlib._bootstrap>(108): <frozen importlib._bootstrap>(109): <frozen importlib._bootstrap>(110): <frozen importlib._bootstrap>(111): <frozen importlib._bootstrap>(112): <frozen importlib._bootstrap>(113): <frozen importlib._bootstrap>(114): <frozen importlib._bootstrap>(110): <frozen importlib._bootstrap>(123): <frozen importlib._bootstrap>(1176): <frozen importlib._bootstrap>(1177): <frozen importlib._bootstrap>(1178):  --- modulename: _bootstrap, funcname: _find_and_load_unlocked
<frozen importlib._bootstrap>(1123): <frozen importlib._bootstrap>(1124): <frozen importlib._bootstrap>(1125): <frozen importlib._bootstrap>(1126): <frozen importlib._bootstrap>(1140):  --- modulename: _bootstrap, funcname: _find_spec
<frozen importlib._bootstrap>(1058): <frozen importlib._bootstrap>(1059): <frozen importlib._bootstrap>(1064): <frozen importlib._bootstrap>(1070): <frozen importlib._bootstrap>(1071): <frozen importlib._bootstrap>(1072):  --- modulename: _bootstrap, funcname: __enter__
<frozen importlib._bootstrap>(1030): <frozen importlib._bootstrap>(1073): <frozen importlib._bootstrap>(1074): <frozen importlib._bootstrap>(1080): <frozen importlib._bootstrap>(1072):  --- modulename: _bootstrap, funcname: __exit__
<frozen importlib._bootstrap>(1034): <frozen importlib._bootstrap>(1081): <frozen importlib._bootstrap>(1071): <frozen importlib._bootstrap>(1072):  --- modulename: _bootstrap, funcname: __enter__
<frozen importlib._bootstrap>(1030): <frozen importlib._bootstrap>(1073): <frozen importlib._bootstrap>(1074): <frozen importlib._bootstrap>(1080): <frozen importlib._bootstrap>(1072):  --- modulename: _bootstrap, funcname: __exit__
<frozen importlib._bootstrap>(1034): <frozen importlib._bootstrap>(1081): <frozen importlib._bootstrap>(1071): <frozen importlib._bootstrap>(1072):  --- modulename: _bootstrap, funcname: __enter__
<frozen importlib._bootstrap>(1030): <frozen importlib._bootstrap>(1073): <frozen importlib._bootstrap>(1074): <frozen importlib._bootstrap>(1080):  --- modulename: _bootstrap, funcname: find_spec
<frozen importlib._bootstrap>(750): <frozen importlib._bootstrap>(752): <frozen importlib._bootstrap>(755): <frozen importlib._bootstrap>(1072):  --- modulename: _bootstrap, funcname: __exit__
<frozen importlib._bootstrap>(1034): <frozen importlib._bootstrap>(1081): <frozen importlib._bootstrap>(1071): <frozen importlib._bootstrap>(1072):  --- modulename: _bootstrap, funcname: __enter__
<frozen importlib._bootstrap>(1030): <frozen importlib._bootstrap>(1073): <frozen importlib._bootstrap>(1074): <frozen importlib._bootstrap>(1080):  --- modulename: _bootstrap, funcname: find_spec
<frozen importlib._bootstrap>(924):  --- modulename: _bootstrap, funcname: _call_with_frames_removed
<frozen importlib._bootstrap>(241): <frozen importlib._bootstrap>(925): <frozen importlib._bootstrap>(939): <frozen importlib._bootstrap>(940): <frozen importlib._bootstrap>(941): <frozen importlib._bootstrap>(942): <frozen importlib._bootstrap>(940):  --- modulename: _bootstrap, funcname: spec_from_loader
<frozen importlib._bootstrap>(424): <frozen importlib._bootstrap>(427): <frozen importlib._bootstrap>(438): <frozen importlib._bootstrap>(448):  --- modulename: _bootstrap, funcname: __init__
<frozen importlib._bootstrap>(359): <frozen importlib._bootstrap>(360): <frozen importlib._bootstrap>(361): <frozen importlib._bootstrap>(362): <frozen importlib._bootstrap>(363): <frozen importlib._bootstrap>(364): <frozen importlib._bootstrap>(367): <frozen importlib._bootstrap>(368): <frozen importlib._bootstrap>(943):  --- modulename: _bootstrap, funcname: _resolve_filename
<frozen importlib._bootstrap>(899): <frozen importlib._bootstrap>(901): <frozen importlib._bootstrap>(902): <frozen importlib._bootstrap>(906): <frozen importlib._bootstrap>(913): <frozen importlib._bootstrap>(914): <frozen importlib._bootstrap>(918): <frozen importlib._bootstrap>(919): <frozen importlib._bootstrap>(920): <frozen importlib._bootstrap>(944): <frozen importlib._bootstrap>(945): <frozen importlib._bootstrap>(946): <frozen importlib._bootstrap>(944): <frozen importlib._bootstrap>(948): <frozen importlib._bootstrap>(950): <frozen importlib._bootstrap>(1072):  --- modulename: _bootstrap, funcname: __exit__
<frozen importlib._bootstrap>(1034): <frozen importlib._bootstrap>(1081): <frozen importlib._bootstrap>(1083): <frozen importlib._bootstrap>(1098): <frozen importlib._bootstrap>(1141): <frozen importlib._bootstrap>(1144): <frozen importlib._bootstrap>(1148): <frozen importlib._bootstrap>(1149):  --- modulename: _bootstrap, funcname: _load_unlocked
<frozen importlib._bootstrap>(668): <frozen importlib._bootstrap>(670): <frozen importlib._bootstrap>(676):  --- modulename: _bootstrap, funcname: module_from_spec
<frozen importlib._bootstrap>(569): <frozen importlib._bootstrap>(570): <frozen importlib._bootstrap>(573):  --- modulename: _bootstrap, funcname: create_module
<frozen importlib._bootstrap>(967):  --- modulename: _bootstrap, funcname: _new_module
<frozen importlib._bootstrap>(49): <frozen importlib._bootstrap>(968): <frozen importlib._bootstrap>(969): <frozen importlib._bootstrap>(973): <frozen importlib._bootstrap>(974): <frozen importlib._bootstrap>(975): <frozen importlib._bootstrap>(577): <frozen importlib._bootstrap>(579):  --- modulename: _bootstrap, funcname: _init_module_attrs
<frozen importlib._bootstrap>(497): <frozen importlib._bootstrap>(503): <frozen importlib._bootstrap>(504): <frozen importlib._bootstrap>(505): <frozen importlib._bootstrap>(526): <frozen importlib._bootstrap>(527): <frozen importlib._bootstrap>(531): <frozen importlib._bootstrap>(532): <frozen importlib._bootstrap>(533):  --- modulename: _bootstrap, funcname: parent
<frozen importlib._bootstrap>(408): <frozen importlib._bootstrap>(409): <frozen importlib._bootstrap>(537): <frozen importlib._bootstrap>(538): <frozen importlib._bootstrap>(542): <frozen importlib._bootstrap>(543): <frozen importlib._bootstrap>(550):  --- modulename: _bootstrap, funcname: has_location
<frozen importlib._bootstrap>(415): <frozen importlib._bootstrap>(563): <frozen importlib._bootstrap>(580): <frozen importlib._bootstrap>(681): <frozen importlib._bootstrap>(682): <frozen importlib._bootstrap>(683): <frozen importlib._bootstrap>(684): <frozen importlib._bootstrap>(685): <frozen importlib._bootstrap>(690):  --- modulename: _bootstrap, funcname: exec_module
<frozen importlib._bootstrap>(979): <frozen importlib._bootstrap>(980): <frozen importlib._bootstrap>(981):  --- modulename: _bootstrap, funcname: _call_with_frames_removed
<frozen importlib._bootstrap>(241): <frozen importlib._bootstrap>(982):  --- modulename: posixpath, funcname: <module>
<frozen posixpath>(1): <frozen posixpath>(16): <frozen posixpath>(17): <frozen posixpath>(18): <frozen posixpath>(19): <frozen posixpath>(20): <frozen posixpath>(21): <frozen posixpath>(22): <frozen posixpath>(23): <frozen posixpath>(25): <frozen posixpath>(26): <frozen posixpath>(27): <frozen posixpath>(28): <frozen posixpath>(29): <frozen posixpath>(31): <frozen posixpath>(41): <frozen posixpath>(52): <frozen posixpath>(60): <frozen posixpath>(71): <frozen posixpath>(100): <frozen posixpath>(117): <frozen posixpath>(126): <frozen posixpath>(131): <frozen posixpath>(140): <frozen posixpath>(150): <frozen posixpath>(164): <frozen posixpath>(174): <frozen posixpath>(186): <frozen posixpath>(228): <frozen posixpath>(289): <frozen posixpath>(290): <frozen posixpath>(292): <frozen posixpath>(345): <frozen posixpath>(346):  --- modulename: _bootstrap, funcname: _find_and_load
<frozen importlib._bootstrap>(1172): <frozen importlib._bootstrap>(1173): <frozen importlib._bootstrap>(1175):  --- modulename: _bootstrap, funcname: __init__
<frozen importlib._bootstrap>(166): <frozen importlib._bootstrap>(167):  --- modulename: _bootstrap, funcname: __enter__
<frozen importlib._bootstrap>(170):  --- modulename: _bootstrap, funcname: _get_module_lock
<frozen importlib._bootstrap>(185): <frozen importlib._bootstrap>(186): <frozen importlib._bootstrap>(187): <frozen importlib._bootstrap>(188): <frozen importlib._bootstrap>(189): <frozen importlib._bootstrap>(190): <frozen importlib._bootstrap>(192): <frozen importlib._bootstrap>(193): <frozen importlib._bootstrap>(196):  --- modulename: _bootstrap, funcname: __init__
<frozen importlib._bootstrap>(72): <frozen importlib._bootstrap>(73): <frozen importlib._bootstrap>(74): <frozen importlib._bootstrap>(75): <frozen importlib._bootstrap>(76): <frozen importlib._bootstrap>(77): <frozen importlib._bootstrap>(198): <frozen importlib._bootstrap>(209): <frozen importlib._bootstrap>(211): <frozen importlib._bootstrap>(213): <frozen importlib._bootstrap>(171):  --- modulename: _bootstrap, funcname: acquire
<frozen importlib._bootstrap>(106): <frozen importlib._bootstrap>(107): <frozen importlib._bootstrap>(108): <frozen importlib._bootstrap>(109): <frozen importlib._bootstrap>(110): <frozen importlib._bootstrap>(111): <frozen importlib._bootstrap>(112): <frozen importlib._bootstrap>(113): <frozen importlib._bootstrap>(114): <frozen importlib._bootstrap>(110): <frozen importlib._bootstrap>(123): <frozen importlib._bootstrap>(1176): <frozen importlib._bootstrap>(1177): <frozen importlib._bootstrap>(1178):  --- modulename: _bootstrap, funcname: _find_and_load_unlocked
<frozen importlib._bootstrap>(1123): <frozen importlib._bootstrap>(1124): <frozen importlib._bootstrap>(1125): <frozen importlib._bootstrap>(1126): <frozen importlib._bootstrap>(1140):  --- modulename: _bootstrap, funcname: _find_spec
<frozen importlib._bootstrap>(1058): <frozen importlib._bootstrap>(1059): <frozen importlib._bootstrap>(1064): <frozen importlib._bootstrap>(1070): <frozen importlib._bootstrap>(1071): <frozen importlib._bootstrap>(1072):  --- modulename: _bootstrap, funcname: __enter__
<frozen importlib._bootstrap>(1030): <frozen importlib._bootstrap>(1073): <frozen importlib._bootstrap>(1074): <frozen importlib._bootstrap>(1080): <frozen importlib._bootstrap>(1072):  --- modulename: _bootstrap, funcname: __exit__
<frozen importlib._bootstrap>(1034): <frozen importlib._bootstrap>(1081): <frozen importlib._bootstrap>(1071): <frozen importlib._bootstrap>(1072):  --- modulename: _bootstrap, funcname: __enter__
<frozen importlib._bootstrap>(1030): <frozen importlib._bootstrap>(1073): <frozen importlib._bootstrap>(1074): <frozen importlib._bootstrap>(1080): <frozen importlib._bootstrap>(1072):  --- modulename: _bootstrap, funcname: __exit__
<frozen importlib._bootstrap>(1034): <frozen importlib._bootstrap>(1081): <frozen importlib._bootstrap>(1071): <frozen importlib._bootstrap>(1072):  --- modulename: _bootstrap, funcname: __enter__
<frozen importlib._bootstrap>(1030): <frozen importlib._bootstrap>(1073): <frozen importlib._bootstrap>(1074): <frozen importlib._bootstrap>(1080):  --- modulename: _bootstrap, funcname: find_spec
<frozen importlib._bootstrap>(750): <frozen importlib._bootstrap>(752): <frozen importlib._bootstrap>(755): <frozen importlib._bootstrap>(1072):  --- modulename: _bootstrap, funcname: __exit__
<frozen importlib._bootstrap>(1034): <frozen importlib._bootstrap>(1081): <frozen importlib._bootstrap>(1071): <frozen importlib._bootstrap>(1072):  --- modulename: _bootstrap, funcname: __enter__
<frozen importlib._bootstrap>(1030): <frozen importlib._bootstrap>(1073): <frozen importlib._bootstrap>(1074): <frozen importlib._bootstrap>(1080):  --- modulename: _bootstrap, funcname: find_spec
<frozen importlib._bootstrap>(924):  --- modulename: _bootstrap, funcname: _call_with_frames_removed
<frozen importlib._bootstrap>(241): <frozen importlib._bootstrap>(925): <frozen importlib._bootstrap>(926): <frozen importlib._bootstrap>(1072):  --- modulename: _bootstrap, funcname: __exit__
<frozen importlib._bootstrap>(1034): <frozen importlib._bootstrap>(1081): <frozen importlib._bootstrap>(1071): <frozen importlib._bootstrap>(1072):  --- modulename: _bootstrap, funcname: __enter__
<frozen importlib._bootstrap>(1030): <frozen importlib._bootstrap>(1073): <frozen importlib._bootstrap>(1074): <frozen importlib._bootstrap>(1080):  --- modulename: _bootstrap_external, funcname: find_spec
<frozen importlib._bootstrap_external>(1502): <frozen importlib._bootstrap_external>(1503): <frozen importlib._bootstrap_external>(1504):  --- modulename: _bootstrap_external, funcname: _get_spec
<frozen importlib._bootstrap_external>(1469): <frozen importlib._bootstrap_external>(1470): <frozen importlib._bootstrap_external>(1471): <frozen importlib._bootstrap_external>(1473):  --- modulename: _bootstrap_external, funcname: _path_importer_cache
<frozen importlib._bootstrap_external>(1429): <frozen importlib._bootstrap_external>(1436): <frozen importlib._bootstrap_external>(1437): <frozen importlib._bootstrap_external>(1441): <frozen importlib._bootstrap_external>(1474): <frozen importlib._bootstrap_external>(1475): <frozen importlib._bootstrap_external>(1476):  --- modulename: _bootstrap_external, funcname: find_spec
<frozen importlib._bootstrap_external>(1609): <frozen importlib._bootstrap_external>(1610): <frozen importlib._bootstrap_external>(1611): <frozen importlib._bootstrap_external>(1612):  --- modulename: _bootstrap_external, funcname: _path_stat
<frozen importlib._bootstrap_external>(147): <frozen importlib._bootstrap_external>(1615): <frozen importlib._bootstrap_external>(1619):  --- modulename: _bootstrap_external, funcname: _relax_case
<frozen importlib._bootstrap_external>(69): <frozen importlib._bootstrap_external>(1623): <frozen importlib._bootstrap_external>(1624): <frozen importlib._bootstrap_external>(1626): <frozen importlib._bootstrap_external>(1638): <frozen importlib._bootstrap_external>(1639): <frozen importlib._bootstrap_external>(1640):  --- modulename: _bootstrap_external, funcname: _path_join
<frozen importlib._bootstrap_external>(98): <frozen importlib._bootstrap_external>(100): <frozen importlib._bootstrap_external>(102): <frozen importlib._bootstrap_external>(103): <frozen importlib._bootstrap_external>(104): <frozen importlib._bootstrap_external>(105): <frozen importlib._bootstrap_external>(106): <frozen importlib._bootstrap_external>(107): <frozen importlib._bootstrap_external>(104): <frozen importlib._bootstrap_external>(105): <frozen importlib._bootstrap_external>(108): <frozen importlib._bootstrap_external>(117): <frozen importlib._bootstrap_external>(118): <frozen importlib._bootstrap_external>(104): <frozen importlib._bootstrap_external>(119):  --- modulename: _bootstrap_external, funcname: <listcomp>
<frozen importlib._bootstrap_external>(119): <frozen importlib._bootstrap_external>(119): <frozen importlib._bootstrap_external>(119): <frozen importlib._bootstrap_external>(120): <frozen importlib._bootstrap_external>(123): <frozen importlib._bootstrap_external>(1643):  --- modulename: _bootstrap, funcname: _verbose_message
<frozen importlib._bootstrap>(246): <frozen importlib._bootstrap_external>(1644): <frozen importlib._bootstrap_external>(1638): <frozen importlib._bootstrap_external>(1639): <frozen importlib._bootstrap_external>(1640):  --- modulename: _bootstrap_external, funcname: _path_join
<frozen importlib._bootstrap_external>(98): <frozen importlib._bootstrap_external>(100): <frozen importlib._bootstrap_external>(102): <frozen importlib._bootstrap_external>(103): <frozen importlib._bootstrap_external>(104): <frozen importlib._bootstrap_external>(105): <frozen importlib._bootstrap_external>(106): <frozen importlib._bootstrap_external>(107): <frozen importlib._bootstrap_external>(104): <frozen importlib._bootstrap_external>(105): <frozen importlib._bootstrap_external>(108): <frozen importlib._bootstrap_external>(117): <frozen importlib._bootstrap_external>(118): <frozen importlib._bootstrap_external>(104): <frozen importlib._bootstrap_external>(119):  --- modulename: _bootstrap_external, funcname: <listcomp>
<frozen importlib._bootstrap_external>(119): <frozen importlib._bootstrap_external>(119): <frozen importlib._bootstrap_external>(119): <frozen importlib._bootstrap_external>(120): <frozen importlib._bootstrap_external>(123): <frozen importlib._bootstrap_external>(1643):  --- modulename: _bootstrap, funcname: _verbose_message
<frozen importlib._bootstrap>(246): <frozen importlib._bootstrap_external>(1644): <frozen importlib._bootstrap_external>(1638): <frozen importlib._bootstrap_external>(1639): <frozen importlib._bootstrap_external>(1640):  --- modulename: _bootstrap_external, funcname: _path_join
<frozen importlib._bootstrap_external>(98): <frozen importlib._bootstrap_external>(100): <frozen importlib._bootstrap_external>(102): <frozen importlib._bootstrap_external>(103): <frozen importlib._bootstrap_external>(104): <frozen importlib._bootstrap_external>(105): <frozen importlib._bootstrap_external>(106): <frozen importlib._bootstrap_external>(107): <frozen importlib._bootstrap_external>(104): <frozen importlib._bootstrap_external>(105): <frozen importlib._bootstrap_external>(108): <frozen importlib._bootstrap_external>(117): <frozen importlib._bootstrap_external>(118): <frozen importlib._bootstrap_external>(104): <frozen importlib._bootstrap_external>(119):  --- modulename: _bootstrap_external, funcname: <listcomp>
<frozen importlib._bootstrap_external>(119): <frozen importlib._bootstrap_external>(119): <frozen importlib._bootstrap_external>(119): <frozen importlib._bootstrap_external>(120): <frozen importlib._bootstrap_external>(123): <frozen importlib._bootstrap_external>(1643):  --- modulename: _bootstrap, funcname: _verbose_message
<frozen importlib._bootstrap>(246): <frozen importlib._bootstrap_external>(1644): <frozen importlib._bootstrap_external>(1638): <frozen importlib._bootstrap_external>(1639): <frozen importlib._bootstrap_external>(1640):  --- modulename: _bootstrap_external, funcname: _path_join
<frozen importlib._bootstrap_external>(98): <frozen importlib._bootstrap_external>(100): <frozen importlib._bootstrap_external>(102): <frozen importlib._bootstrap_external>(103): <frozen importlib._bootstrap_external>(104): <frozen importlib._bootstrap_external>(105): <frozen importlib._bootstrap_external>(106): <frozen importlib._bootstrap_external>(107): <frozen importlib._bootstrap_external>(104): <frozen importlib._bootstrap_external>(105): <frozen importlib._bootstrap_external>(108): <frozen importlib._bootstrap_external>(117): <frozen importlib._bootstrap_external>(118): <frozen importlib._bootstrap_external>(104): <frozen importlib._bootstrap_external>(119):  --- modulename: _bootstrap_external, funcname: <listcomp>
<frozen importlib._bootstrap_external>(119): <frozen importlib._bootstrap_external>(119): <frozen importlib._bootstrap_external>(119): <frozen importlib._bootstrap_external>(120): <frozen importlib._bootstrap_external>(123): <frozen importlib._bootstrap_external>(1643):  --- modulename: _bootstrap, funcname: _verbose_message
<frozen importlib._bootstrap>(246): <frozen importlib._bootstrap_external>(1644): <frozen importlib._bootstrap_external>(1638): <frozen importlib._bootstrap_external>(1639): <frozen importlib._bootstrap_external>(1640):  --- modulename: _bootstrap_external, funcname: _path_join
<frozen importlib._bootstrap_external>(98): <frozen importlib._bootstrap_external>(100): <frozen importlib._bootstrap_external>(102): <frozen importlib._bootstrap_external>(103): <frozen importlib._bootstrap_external>(104): <frozen importlib._bootstrap_external>(105): <frozen importlib._bootstrap_external>(106): <frozen importlib._bootstrap_external>(107): <frozen importlib._bootstrap_external>(104): <frozen importlib._bootstrap_external>(105): <frozen importlib._bootstrap_external>(108): <frozen importlib._bootstrap_external>(117): <frozen importlib._bootstrap_external>(118): <frozen importlib._bootstrap_external>(104): <frozen importlib._bootstrap_external>(119):  --- modulename: _bootstrap_external, funcname: <listcomp>
<frozen importlib._bootstrap_external>(119): <frozen importlib._bootstrap_external>(119): <frozen importlib._bootstrap_external>(119): <frozen importlib._bootstrap_external>(120): <frozen importlib._bootstrap_external>(123): <frozen importlib._bootstrap_external>(1643):  --- modulename: _bootstrap, funcname: _verbose_message
<frozen importlib._bootstrap>(246): <frozen importlib._bootstrap_external>(1644): <frozen importlib._bootstrap_external>(1638): <frozen importlib._bootstrap_external>(1648): <frozen importlib._bootstrap_external>(1653): <frozen importlib._bootstrap_external>(1479): <frozen importlib._bootstrap_external>(1480): <frozen importlib._bootstrap_external>(1470): <frozen importlib._bootstrap_external>(1471): <frozen importlib._bootstrap_external>(1473):  --- modulename: _bootstrap_external, funcname: _path_importer_cache
<frozen importlib._bootstrap_external>(1429): <frozen importlib._bootstrap_external>(1436): <frozen importlib._bootstrap_external>(1437): <frozen importlib._bootstrap_external>(1441): <frozen importlib._bootstrap_external>(1474): <frozen importlib._bootstrap_external>(1470): <frozen importlib._bootstrap_external>(1471): <frozen importlib._bootstrap_external>(1473):  --- modulename: _bootstrap_external, funcname: _path_importer_cache
<frozen importlib._bootstrap_external>(1429): <frozen importlib._bootstrap_external>(1436): <frozen importlib._bootstrap_external>(1437): <frozen importlib._bootstrap_external>(1441): <frozen importlib._bootstrap_external>(1474): <frozen importlib._bootstrap_external>(1475): <frozen importlib._bootstrap_external>(1476):  --- modulename: _bootstrap_external, funcname: find_spec
<frozen importlib._bootstrap_external>(1609): <frozen importlib._bootstrap_external>(1610): <frozen importlib._bootstrap_external>(1611): <frozen importlib._bootstrap_external>(1612):  --- modulename: _bootstrap_external, funcname: _path_stat
<frozen importlib._bootstrap_external>(147): <frozen importlib._bootstrap_external>(1615): <frozen importlib._bootstrap_external>(1619):  --- modulename: _bootstrap_external, funcname: _relax_case
<frozen importlib._bootstrap_external>(69): <frozen importlib._bootstrap_external>(1623): <frozen importlib._bootstrap_external>(1624): <frozen importlib._bootstrap_external>(1626): <frozen importlib._bootstrap_external>(1638): <frozen importlib._bootstrap_external>(1639): <frozen importlib._bootstrap_external>(1640):  --- modulename: _bootstrap_external, funcname: _path_join
<frozen importlib._bootstrap_external>(98): <frozen importlib._bootstrap_external>(100): <frozen importlib._bootstrap_external>(102): <frozen importlib._bootstrap_external>(103): <frozen importlib._bootstrap_external>(104): <frozen importlib._bootstrap_external>(105): <frozen importlib._bootstrap_external>(106): <frozen importlib._bootstrap_external>(107): <frozen importlib._bootstrap_external>(104): <frozen importlib._bootstrap_external>(105): <frozen importlib._bootstrap_external>(108): <frozen importlib._bootstrap_external>(117): <frozen importlib._bootstrap_external>(118): <frozen importlib._bootstrap_external>(104): <frozen importlib._bootstrap_external>(119):  --- modulename: _bootstrap_external, funcname: <listcomp>
<frozen importlib._bootstrap_external>(119): <frozen importlib._bootstrap_external>(119): <frozen importlib._bootstrap_external>(119): <frozen importlib._bootstrap_external>(120): <frozen importlib._bootstrap_external>(123): <frozen importlib._bootstrap_external>(1643):  --- modulename: _bootstrap, funcname: _verbose_message
<frozen importlib._bootstrap>(246): <frozen importlib._bootstrap_external>(1644): <frozen importlib._bootstrap_external>(1638): <frozen importlib._bootstrap_external>(1639): <frozen importlib._bootstrap_external>(1640):  --- modulename: _bootstrap_external, funcname: _path_join
<frozen importlib._bootstrap_external>(98): <frozen importlib._bootstrap_external>(100): <frozen importlib._bootstrap_external>(102): <frozen importlib._bootstrap_external>(103): <frozen importlib._bootstrap_external>(104): <frozen importlib._bootstrap_external>(105): <frozen importlib._bootstrap_external>(106): <frozen importlib._bootstrap_external>(107): <frozen importlib._bootstrap_external>(104): <frozen importlib._bootstrap_external>(105): <frozen importlib._bootstrap_external>(108): <frozen importlib._bootstrap_external>(117): <frozen importlib._bootstrap_external>(118): <frozen importlib._bootstrap_external>(104): <frozen importlib._bootstrap_external>(119):  --- modulename: _bootstrap_external, funcname: <listcomp>
<frozen importlib._bootstrap_external>(119): <frozen importlib._bootstrap_external>(119): <frozen importlib._bootstrap_external>(119): <frozen importlib._bootstrap_external>(120): <frozen importlib._bootstrap_external>(123): <frozen importlib._bootstrap_external>(1643):  --- modulename: _bootstrap, funcname: _verbose_message
<frozen importlib._bootstrap>(246): <frozen importlib._bootstrap_external>(1644): <frozen importlib._bootstrap_external>(1638): <frozen importlib._bootstrap_external>(1639): <frozen importlib._bootstrap_external>(1640):  --- modulename: _bootstrap_external, funcname: _path_join
<frozen importlib._bootstrap_external>(98): <frozen importlib._bootstrap_external>(100): <frozen importlib._bootstrap_external>(102): <frozen importlib._bootstrap_external>(103): <frozen importlib._bootstrap_external>(104): <frozen importlib._bootstrap_external>(105): <frozen importlib._bootstrap_external>(106): <frozen importlib._bootstrap_external>(107): <frozen importlib._bootstrap_external>(104): <frozen importlib._bootstrap_external>(105): <frozen importlib._bootstrap_external>(108): <frozen importlib._bootstrap_external>(117): <frozen importlib._bootstrap_external>(118): <frozen importlib._bootstrap_external>(104): <frozen importlib._bootstrap_external>(119):  --- modulename: _bootstrap_external, funcname: <listcomp>
<frozen importlib._bootstrap_external>(119): <frozen importlib._bootstrap_external>(119): <frozen importlib._bootstrap_external>(119): <frozen importlib._bootstrap_external>(120): <frozen importlib._bootstrap_external>(123): <frozen importlib._bootstrap_external>(1643):  --- modulename: _bootstrap, funcname: _verbose_message
<frozen importlib._bootstrap>(246): <frozen importlib._bootstrap_external>(1644): <frozen importlib._bootstrap_external>(1638): <frozen importlib._bootstrap_external>(1639): <frozen importlib._bootstrap_external>(1640):  --- modulename: _bootstrap_external, funcname: _path_join
<frozen importlib._bootstrap_external>(98): <frozen importlib._bootstrap_external>(100): <frozen importlib._bootstrap_external>(102): <frozen importlib._bootstrap_external>(103): <frozen importlib._bootstrap_external>(104): <frozen importlib._bootstrap_external>(105): <frozen importlib._bootstrap_external>(106): <frozen importlib._bootstrap_external>(107): <frozen importlib._bootstrap_external>(104): <frozen importlib._bootstrap_external>(105): <frozen importlib._bootstrap_external>(108): <frozen importlib._bootstrap_external>(117): <frozen importlib._bootstrap_external>(118): <frozen importlib._bootstrap_external>(104): <frozen importlib._bootstrap_external>(119):  --- modulename: _bootstrap_external, funcname: <listcomp>
<frozen importlib._bootstrap_external>(119): <frozen importlib._bootstrap_external>(119): <frozen importlib._bootstrap_external>(119): <frozen importlib._bootstrap_external>(120): <frozen importlib._bootstrap_external>(123): <frozen importlib._bootstrap_external>(1643):  --- modulename: _bootstrap, funcname: _verbose_message
<frozen importlib._bootstrap>(246): <frozen importlib._bootstrap_external>(1644): <frozen importlib._bootstrap_external>(1638): <frozen importlib._bootstrap_external>(1639): <frozen importlib._bootstrap_external>(1640):  --- modulename: _bootstrap_external, funcname: _path_join
<frozen importlib._bootstrap_external>(98): <frozen importlib._bootstrap_external>(100): <frozen importlib._bootstrap_external>(102): <frozen importlib._bootstrap_external>(103): <frozen importlib._bootstrap_external>(104): <frozen importlib._bootstrap_external>(105): <frozen importlib._bootstrap_external>(106): <frozen importlib._bootstrap_external>(107): <frozen importlib._bootstrap_external>(104): <frozen importlib._bootstrap_external>(105): <frozen importlib._bootstrap_external>(108): <frozen importlib._bootstrap_external>(117): <frozen importlib._bootstrap_external>(118): <frozen importlib._bootstrap_external>(104): <frozen importlib._bootstrap_external>(119):  --- modulename: _bootstrap_external, funcname: <listcomp>
<frozen importlib._bootstrap_external>(119): <frozen importlib._bootstrap_external>(119): <frozen importlib._bootstrap_external>(119): <frozen importlib._bootstrap_external>(120): <frozen importlib._bootstrap_external>(123): <frozen importlib._bootstrap_external>(1643):  --- modulename: _bootstrap, funcname: _verbose_message
<frozen importlib._bootstrap>(246): <frozen importlib._bootstrap_external>(1644): <frozen importlib._bootstrap_external>(1638): <frozen importlib._bootstrap_external>(1648): <frozen importlib._bootstrap_external>(1653): <frozen importlib._bootstrap_external>(1479): <frozen importlib._bootstrap_external>(1480): <frozen importlib._bootstrap_external>(1470): <frozen importlib._bootstrap_external>(1471): <frozen importlib._bootstrap_external>(1473):  --- modulename: _bootstrap_external, funcname: _path_importer_cache
<frozen importlib._bootstrap_external>(1429): <frozen importlib._bootstrap_external>(1436): <frozen importlib._bootstrap_external>(1437): <frozen importlib._bootstrap_external>(1441): <frozen importlib._bootstrap_external>(1474): <frozen importlib._bootstrap_external>(1475): <frozen importlib._bootstrap_external>(1476):  --- modulename: _bootstrap_external, funcname: find_spec
<frozen importlib._bootstrap_external>(1609): <frozen importlib._bootstrap_external>(1610): <frozen importlib._bootstrap_external>(1611): <frozen importlib._bootstrap_external>(1612):  --- modulename: _bootstrap_external, funcname: _path_stat
<frozen importlib._bootstrap_external>(147): <frozen importlib._bootstrap_external>(1615): <frozen importlib._bootstrap_external>(1619):  --- modulename: _bootstrap_external, funcname: _relax_case
<frozen importlib._bootstrap_external>(69): <frozen importlib._bootstrap_external>(1623): <frozen importlib._bootstrap_external>(1624): <frozen importlib._bootstrap_external>(1626): <frozen importlib._bootstrap_external>(1638): <frozen importlib._bootstrap_external>(1639): <frozen importlib._bootstrap_external>(1640):  --- modulename: _bootstrap_external, funcname: _path_join
<frozen importlib._bootstrap_external>(98): <frozen importlib._bootstrap_external>(100): <frozen importlib._bootstrap_external>(102): <frozen importlib._bootstrap_external>(103): <frozen importlib._bootstrap_external>(104): <frozen importlib._bootstrap_external>(105): <frozen importlib._bootstrap_external>(106): <frozen importlib._bootstrap_external>(107): <frozen importlib._bootstrap_external>(104): <frozen importlib._bootstrap_external>(105): <frozen importlib._bootstrap_external>(108): <frozen importlib._bootstrap_external>(117): <frozen importlib._bootstrap_external>(118): <frozen importlib._bootstrap_external>(104): <frozen importlib._bootstrap_external>(119):  --- modulename: _bootstrap_external, funcname: <listcomp>
<frozen importlib._bootstrap_external>(119): <frozen importlib._bootstrap_external>(119): <frozen importlib._bootstrap_external>(119): <frozen importlib._bootstrap_external>(120): <frozen importlib._bootstrap_external>(123): <frozen importlib._bootstrap_external>(1643):  --- modulename: _bootstrap, funcname: _verbose_message
<frozen importlib._bootstrap>(246): <frozen importlib._bootstrap_external>(1644): <frozen importlib._bootstrap_external>(1638): <frozen importlib._bootstrap_external>(1639): <frozen importlib._bootstrap_external>(1640):  --- modulename: _bootstrap_external, funcname: _path_join
<frozen importlib._bootstrap_external>(98): <frozen importlib._bootstrap_external>(100): <frozen importlib._bootstrap_external>(102): <frozen importlib._bootstrap_external>(103): <frozen importlib._bootstrap_external>(104): <frozen importlib._bootstrap_external>(105): <frozen importlib._bootstrap_external>(106): <frozen importlib._bootstrap_external>(107): <frozen importlib._bootstrap_external>(104): <frozen importlib._bootstrap_external>(105): <frozen importlib._bootstrap_external>(108): <frozen importlib._bootstrap_external>(117): <frozen importlib._bootstrap_external>(118): <frozen importlib._bootstrap_external>(104): <frozen importlib._bootstrap_external>(119):  --- modulename: _bootstrap_external, funcname: <listcomp>
<frozen importlib._bootstrap_external>(119): <frozen importlib._bootstrap_external>(119): <frozen importlib._bootstrap_external>(119): <frozen importlib._bootstrap_external>(120): <frozen importlib._bootstrap_external>(123): <frozen importlib._bootstrap_external>(1643):  --- modulename: _bootstrap, funcname: _verbose_message
<frozen importlib._bootstrap>(246): <frozen importlib._bootstrap_external>(1644): <frozen importlib._bootstrap_external>(1638): <frozen importlib._bootstrap_external>(1639): <frozen importlib._bootstrap_external>(1640):  --- modulename: _bootstrap_external, funcname: _path_join
<frozen importlib._bootstrap_external>(98): <frozen importlib._bootstrap_external>(100): <frozen importlib._bootstrap_external>(102): <frozen importlib._bootstrap_external>(103): <frozen importlib._bootstrap_external>(104): <frozen importlib._bootstrap_external>(105): <frozen importlib._bootstrap_external>(106): <frozen importlib._bootstrap_external>(107): <frozen importlib._bootstrap_external>(104): <frozen importlib._bootstrap_external>(105): <frozen importlib._bootstrap_external>(108): <frozen importlib._bootstrap_external>(117): <frozen importlib._bootstrap_external>(118): <frozen importlib._bootstrap_external>(104): <frozen importlib._bootstrap_external>(119):  --- modulename: _bootstrap_external, funcname: <listcomp>
<frozen importlib._bootstrap_external>(119): <frozen importlib._bootstrap_external>(119): <frozen importlib._bootstrap_external>(119): <frozen importlib._bootstrap_external>(120): <frozen importlib._bootstrap_external>(123): <frozen importlib._bootstrap_external>(1643):  --- modulename: _bootstrap, funcname: _verbose_message
<frozen importlib._bootstrap>(246): <frozen importlib._bootstrap_external>(1644): <frozen importlib._bootstrap_external>(1638): <frozen importlib._bootstrap_external>(1639): <frozen importlib._bootstrap_external>(1640):  --- modulename: _bootstrap_external, funcname: _path_join
<frozen importlib._bootstrap_external>(98): <frozen importlib._bootstrap_external>(100): <frozen importlib._bootstrap_external>(102): <frozen importlib._bootstrap_external>(103): <frozen importlib._bootstrap_external>(104): <frozen importlib._bootstrap_external>(105): <frozen importlib._bootstrap_external>(106): <frozen importlib._bootstrap_external>(107): <frozen importlib._bootstrap_external>(104): <frozen importlib._bootstrap_external>(105): <frozen importlib._bootstrap_external>(108): <frozen importlib._bootstrap_external>(117): <frozen importlib._bootstrap_external>(118): <frozen importlib._bootstrap_external>(104): <frozen importlib._bootstrap_external>(119):  --- modulename: _bootstrap_external, funcname: <listcomp>
<frozen importlib._bootstrap_external>(119): <frozen importlib._bootstrap_external>(119): <frozen importlib._bootstrap_external>(119): <frozen importlib._bootstrap_external>(120): <frozen importlib._bootstrap_external>(123): <frozen importlib._bootstrap_external>(1643):  --- modulename: _bootstrap, funcname: _verbose_message
<frozen importlib._bootstrap>(246): <frozen importlib._bootstrap_external>(1644): <frozen importlib._bootstrap_external>(1638): <frozen importlib._bootstrap_external>(1639): <frozen importlib._bootstrap_external>(1640):  --- modulename: _bootstrap_external, funcname: _path_join
<frozen importlib._bootstrap_external>(98): <frozen importlib._bootstrap_external>(100): <frozen importlib._bootstrap_external>(102): <frozen importlib._bootstrap_external>(103): <frozen importlib._bootstrap_external>(104): <frozen importlib._bootstrap_external>(105): <frozen importlib._bootstrap_external>(106): <frozen importlib._bootstrap_external>(107): <frozen importlib._bootstrap_external>(104): <frozen importlib._bootstrap_external>(105): <frozen importlib._bootstrap_external>(108): <frozen importlib._bootstrap_external>(117): <frozen importlib._bootstrap_external>(118): <frozen importlib._bootstrap_external>(104): <frozen importlib._bootstrap_external>(119):  --- modulename: _bootstrap_external, funcname: <listcomp>
<frozen importlib._bootstrap_external>(119): <frozen importlib._bootstrap_external>(119): <frozen importlib._bootstrap_external>(119): <frozen importlib._bootstrap_external>(120): <frozen importlib._bootstrap_external>(123): <frozen importlib._bootstrap_external>(1643):  --- modulename: _bootstrap, funcname: _verbose_message
<frozen importlib._bootstrap>(246): <frozen importlib._bootstrap_external>(1644): <frozen importlib._bootstrap_external>(1638): <frozen importlib._bootstrap_external>(1648): <frozen importlib._bootstrap_external>(1653): <frozen importlib._bootstrap_external>(1479): <frozen importlib._bootstrap_external>(1480): <frozen importlib._bootstrap_external>(1470): <frozen importlib._bootstrap_external>(1471): <frozen importlib._bootstrap_external>(1473):  --- modulename: _bootstrap_external, funcname: _path_importer_cache
<frozen importlib._bootstrap_external>(1429): <frozen importlib._bootstrap_external>(1436): <frozen importlib._bootstrap_external>(1437): <frozen importlib._bootstrap_external>(1441): <frozen importlib._bootstrap_external>(1474): <frozen importlib._bootstrap_external>(1475): <frozen importlib._bootstrap_external>(1476):  --- modulename: _bootstrap_external, funcname: find_spec
<frozen importlib._bootstrap_external>(1609): <frozen importlib._bootstrap_external>(1610): <frozen importlib._bootstrap_external>(1611): <frozen importlib._bootstrap_external>(1612):  --- modulename: _bootstrap_external, funcname: _path_stat
<frozen importlib._bootstrap_external>(147): <frozen importlib._bootstrap_external>(1615): <frozen importlib._bootstrap_external>(1619):  --- modulename: _bootstrap_external, funcname: _relax_case
<frozen importlib._bootstrap_external>(69): <frozen importlib._bootstrap_external>(1623): <frozen importlib._bootstrap_external>(1624): <frozen importlib._bootstrap_external>(1626): <frozen importlib._bootstrap_external>(1638): <frozen importlib._bootstrap_external>(1639): <frozen importlib._bootstrap_external>(1640):  --- modulename: _bootstrap_external, funcname: _path_join
<frozen importlib._bootstrap_external>(98): <frozen importlib._bootstrap_external>(100): <frozen importlib._bootstrap_external>(102): <frozen importlib._bootstrap_external>(103): <frozen importlib._bootstrap_external>(104): <frozen importlib._bootstrap_external>(105): <frozen importlib._bootstrap_external>(106): <frozen importlib._bootstrap_external>(107): <frozen importlib._bootstrap_external>(104): <frozen importlib._bootstrap_external>(105): <frozen importlib._bootstrap_external>(108): <frozen importlib._bootstrap_external>(117): <frozen importlib._bootstrap_external>(118): <frozen importlib._bootstrap_external>(104): <frozen importlib._bootstrap_external>(119):  --- modulename: _bootstrap_external, funcname: <listcomp>
<frozen importlib._bootstrap_external>(119): <frozen importlib._bootstrap_external>(119): <frozen importlib._bootstrap_external>(119): <frozen importlib._bootstrap_external>(120): <frozen importlib._bootstrap_external>(123): <frozen importlib._bootstrap_external>(1643):  --- modulename: _bootstrap, funcname: _verbose_message
<frozen importlib._bootstrap>(246): <frozen importlib._bootstrap_external>(1644): <frozen importlib._bootstrap_external>(1638): <frozen importlib._bootstrap_external>(1639): <frozen importlib._bootstrap_external>(1640):  --- modulename: _bootstrap_external, funcname: _path_join
<frozen importlib._bootstrap_external>(98): <frozen importlib._bootstrap_external>(100): <frozen importlib._bootstrap_external>(102): <frozen importlib._bootstrap_external>(103): <frozen importlib._bootstrap_external>(104): <frozen importlib._bootstrap_external>(105): <frozen importlib._bootstrap_external>(106): <frozen importlib._bootstrap_external>(107): <frozen importlib._bootstrap_external>(104): <frozen importlib._bootstrap_external>(105): <frozen importlib._bootstrap_external>(108): <frozen importlib._bootstrap_external>(117): <frozen importlib._bootstrap_external>(118): <frozen importlib._bootstrap_external>(104): <frozen importlib._bootstrap_external>(119):  --- modulename: _bootstrap_external, funcname: <listcomp>
<frozen importlib._bootstrap_external>(119): <frozen importlib._bootstrap_external>(119): <frozen importlib._bootstrap_external>(119): <frozen importlib._bootstrap_external>(120): <frozen importlib._bootstrap_external>(123): <frozen importlib._bootstrap_external>(1643):  --- modulename: _bootstrap, funcname: _verbose_message
<frozen importlib._bootstrap>(246): <frozen importlib._bootstrap_external>(1644): <frozen importlib._bootstrap_external>(1638): <frozen importlib._bootstrap_external>(1639): <frozen importlib._bootstrap_external>(1640):  --- modulename: _bootstrap_external, funcname: _path_join
<frozen importlib._bootstrap_external>(98): <frozen importlib._bootstrap_external>(100): <frozen importlib._bootstrap_external>(102): <frozen importlib._bootstrap_external>(103): <frozen importlib._bootstrap_external>(104): <frozen importlib._bootstrap_external>(105): <frozen importlib._bootstrap_external>(106): <frozen importlib._bootstrap_external>(107): <frozen importlib._bootstrap_external>(104): <frozen importlib._bootstrap_external>(105): <frozen importlib._bootstrap_external>(108): <frozen importlib._bootstrap_external>(117): <frozen importlib._bootstrap_external>(118): <frozen importlib._bootstrap_external>(104): <frozen importlib._bootstrap_external>(119):  --- modulename: _bootstrap_external, funcname: <listcomp>
<frozen importlib._bootstrap_external>(119): <frozen importlib._bootstrap_external>(119): <frozen importlib._bootstrap_external>(119): <frozen importlib._bootstrap_external>(120): <frozen importlib._bootstrap_external>(123): <frozen importlib._bootstrap_external>(1643):  --- modulename: _bootstrap, funcname: _verbose_message
<frozen importlib._bootstrap>(246): <frozen importlib._bootstrap_external>(1644): <frozen importlib._bootstrap_external>(1638): <frozen importlib._bootstrap_external>(1639): <frozen importlib._bootstrap_external>(1640):  --- modulename: _bootstrap_external, funcname: _path_join
<frozen importlib._bootstrap_external>(98): <frozen importlib._bootstrap_external>(100): <frozen importlib._bootstrap_external>(102): <frozen importlib._bootstrap_external>(103): <frozen importlib._bootstrap_external>(104): <frozen importlib._bootstrap_external>(105): <frozen importlib._bootstrap_external>(106): <frozen importlib._bootstrap_external>(107): <frozen importlib._bootstrap_external>(104): <frozen importlib._bootstrap_external>(105): <frozen importlib._bootstrap_external>(108): <frozen importlib._bootstrap_external>(117): <frozen importlib._bootstrap_external>(118): <frozen importlib._bootstrap_external>(104): <frozen importlib._bootstrap_external>(119):  --- modulename: _bootstrap_external, funcname: <listcomp>
<frozen importlib._bootstrap_external>(119): <frozen importlib._bootstrap_external>(119): <frozen importlib._bootstrap_external>(119): <frozen importlib._bootstrap_external>(120): <frozen importlib._bootstrap_external>(123): <frozen importlib._bootstrap_external>(1643):  --- modulename: _bootstrap, funcname: _verbose_message
<frozen importlib._bootstrap>(246): <frozen importlib._bootstrap_external>(1644): <frozen importlib._bootstrap_external>(1638): <frozen importlib._bootstrap_external>(1639): <frozen importlib._bootstrap_external>(1640):  --- modulename: _bootstrap_external, funcname: _path_join
<frozen importlib._bootstrap_external>(98): <frozen importlib._bootstrap_external>(100): <frozen importlib._bootstrap_external>(102): <frozen importlib._bootstrap_external>(103): <frozen importlib._bootstrap_external>(104): <frozen importlib._bootstrap_external>(105): <frozen importlib._bootstrap_external>(106): <frozen importlib._bootstrap_external>(107): <frozen importlib._bootstrap_external>(104): <frozen importlib._bootstrap_external>(105): <frozen importlib._bootstrap_external>(108): <frozen importlib._bootstrap_external>(117): <frozen importlib._bootstrap_external>(118): <frozen importlib._bootstrap_external>(104): <frozen importlib._bootstrap_external>(119):  --- modulename: _bootstrap_external, funcname: <listcomp>
<frozen importlib._bootstrap_external>(119): <frozen importlib._bootstrap_external>(119): <frozen importlib._bootstrap_external>(119): <frozen importlib._bootstrap_external>(120): <frozen importlib._bootstrap_external>(123): <frozen importlib._bootstrap_external>(1643):  --- modulename: _bootstrap, funcname: _verbose_message
<frozen importlib._bootstrap>(246): <frozen importlib._bootstrap_external>(1644): <frozen importlib._bootstrap_external>(1638): <frozen importlib._bootstrap_external>(1648): <frozen importlib._bootstrap_external>(1653): <frozen importlib._bootstrap_external>(1479): <frozen importlib._bootstrap_external>(1480): <frozen importlib._bootstrap_external>(1470): <frozen importlib._bootstrap_external>(1471): <frozen importlib._bootstrap_external>(1473):  --- modulename: _bootstrap_external, funcname: _path_importer_cache
<frozen importlib._bootstrap_external>(1429): <frozen importlib._bootstrap_external>(1436): <frozen importlib._bootstrap_external>(1437): <frozen importlib._bootstrap_external>(1441): <frozen importlib._bootstrap_external>(1474): <frozen importlib._bootstrap_external>(1475): <frozen importlib._bootstrap_external>(1476):  --- modulename: _bootstrap_external, funcname: find_spec
<frozen importlib._bootstrap_external>(1609): <frozen importlib._bootstrap_external>(1610): <frozen importlib._bootstrap_external>(1611): <frozen importlib._bootstrap_external>(1612):  --- modulename: _bootstrap_external, funcname: _path_stat
<frozen importlib._bootstrap_external>(147): <frozen importlib._bootstrap_external>(1615): <frozen importlib._bootstrap_external>(1619):  --- modulename: _bootstrap_external, funcname: _relax_case
<frozen importlib._bootstrap_external>(69): <frozen importlib._bootstrap_external>(1623): <frozen importlib._bootstrap_external>(1624): <frozen importlib._bootstrap_external>(1626): <frozen importlib._bootstrap_external>(1638): <frozen importlib._bootstrap_external>(1639): <frozen importlib._bootstrap_external>(1640):  --- modulename: _bootstrap_external, funcname: _path_join
<frozen importlib._bootstrap_external>(98): <frozen importlib._bootstrap_external>(100): <frozen importlib._bootstrap_external>(102): <frozen importlib._bootstrap_external>(103): <frozen importlib._bootstrap_external>(104): <frozen importlib._bootstrap_external>(105): <frozen importlib._bootstrap_external>(106): <frozen importlib._bootstrap_external>(107): <frozen importlib._bootstrap_external>(104): <frozen importlib._bootstrap_external>(105): <frozen importlib._bootstrap_external>(108): <frozen importlib._bootstrap_external>(117): <frozen importlib._bootstrap_external>(118): <frozen importlib._bootstrap_external>(104): <frozen importlib._bootstrap_external>(119):  --- modulename: _bootstrap_external, funcname: <listcomp>
<frozen importlib._bootstrap_external>(119): <frozen importlib._bootstrap_external>(119): <frozen importlib._bootstrap_external>(119): <frozen importlib._bootstrap_external>(120): <frozen importlib._bootstrap_external>(123): <frozen importlib._bootstrap_external>(1643):  --- modulename: _bootstrap, funcname: _verbose_message
<frozen importlib._bootstrap>(246): <frozen importlib._bootstrap_external>(1644): <frozen importlib._bootstrap_external>(1638): <frozen importlib._bootstrap_external>(1639): <frozen importlib._bootstrap_external>(1640):  --- modulename: _bootstrap_external, funcname: _path_join
<frozen importlib._bootstrap_external>(98): <frozen importlib._bootstrap_external>(100): <frozen importlib._bootstrap_external>(102): <frozen importlib._bootstrap_external>(103): <frozen importlib._bootstrap_external>(104): <frozen importlib._bootstrap_external>(105): <frozen importlib._bootstrap_external>(106): <frozen importlib._bootstrap_external>(107): <frozen importlib._bootstrap_external>(104): <frozen importlib._bootstrap_external>(105): <frozen importlib._bootstrap_external>(108): <frozen importlib._bootstrap_external>(117): <frozen importlib._bootstrap_external>(118): <frozen importlib._bootstrap_external>(104): <frozen importlib._bootstrap_external>(119):  --- modulename: _bootstrap_external, funcname: <listcomp>
<frozen importlib._bootstrap_external>(119): <frozen importlib._bootstrap_external>(119): <frozen importlib._bootstrap_external>(119): <frozen importlib._bootstrap_external>(120): <frozen importlib._bootstrap_external>(123): <frozen importlib._bootstrap_external>(1643):  --- modulename: _bootstrap, funcname: _verbose_message
<frozen importlib._bootstrap>(246): <frozen importlib._bootstrap_external>(1644): <frozen importlib._bootstrap_external>(1638): <frozen importlib._bootstrap_external>(1639): <frozen importlib._bootstrap_external>(1640):  --- modulename: _bootstrap_external, funcname: _path_join
<frozen importlib._bootstrap_external>(98): <frozen importlib._bootstrap_external>(100): <frozen importlib._bootstrap_external>(102): <frozen importlib._bootstrap_external>(103): <frozen importlib._bootstrap_external>(104): <frozen importlib._bootstrap_external>(105): <frozen importlib._bootstrap_external>(106): <frozen importlib._bootstrap_external>(107): <frozen importlib._bootstrap_external>(104): <frozen importlib._bootstrap_external>(105): <frozen importlib._bootstrap_external>(108): <frozen importlib._bootstrap_external>(117): <frozen importlib._bootstrap_external>(118): <frozen importlib._bootstrap_external>(104): <frozen importlib._bootstrap_external>(119):  --- modulename: _bootstrap_external, funcname: <listcomp>
<frozen importlib._bootstrap_external>(119): <frozen importlib._bootstrap_external>(119): <frozen importlib._bootstrap_external>(119): <frozen importlib._bootstrap_external>(120): <frozen importlib._bootstrap_external>(123): <frozen importlib._bootstrap_external>(1643):  --- modulename: _bootstrap, funcname: _verbose_message
<frozen importlib._bootstrap>(246): <frozen importlib._bootstrap_external>(1644): <frozen importlib._bootstrap_external>(1638): <frozen importlib._bootstrap_external>(1639): <frozen importlib._bootstrap_external>(1640):  --- modulename: _bootstrap_external, funcname: _path_join
<frozen importlib._bootstrap_external>(98): <frozen importlib._bootstrap_external>(100): <frozen importlib._bootstrap_external>(102): <frozen importlib._bootstrap_external>(103): <frozen importlib._bootstrap_external>(104): <frozen importlib._bootstrap_external>(105): <frozen importlib._bootstrap_external>(106): <frozen importlib._bootstrap_external>(107): <frozen importlib._bootstrap_external>(104): <frozen importlib._bootstrap_external>(105): <frozen importlib._bootstrap_external>(108): <frozen importlib._bootstrap_external>(117): <frozen importlib._bootstrap_external>(118): <frozen importlib._bootstrap_external>(104): <frozen importlib._bootstrap_external>(119):  --- modulename: _bootstrap_external, funcname: <listcomp>
<frozen importlib._bootstrap_external>(119): <frozen importlib._bootstrap_external>(119): <frozen importlib._bootstrap_external>(119): <frozen importlib._bootstrap_external>(120): <frozen importlib._bootstrap_external>(123): <frozen importlib._bootstrap_external>(1643):  --- modulename: _bootstrap, funcname: _verbose_message
<frozen importlib._bootstrap>(246): <frozen importlib._bootstrap_external>(1644): <frozen importlib._bootstrap_external>(1638): <frozen importlib._bootstrap_external>(1639): <frozen importlib._bootstrap_external>(1640):  --- modulename: _bootstrap_external, funcname: _path_join
<frozen importlib._bootstrap_external>(98): <frozen importlib._bootstrap_external>(100): <frozen importlib._bootstrap_external>(102): <frozen importlib._bootstrap_external>(103): <frozen importlib._bootstrap_external>(104): <frozen importlib._bootstrap_external>(105): <frozen importlib._bootstrap_external>(106): <frozen importlib._bootstrap_external>(107): <frozen importlib._bootstrap_external>(104): <frozen importlib._bootstrap_external>(105): <frozen importlib._bootstrap_external>(108): <frozen importlib._bootstrap_external>(117): <frozen importlib._bootstrap_external>(118): <frozen importlib._bootstrap_external>(104): <frozen importlib._bootstrap_external>(119):  --- modulename: _bootstrap_external, funcname: <listcomp>
<frozen importlib._bootstrap_external>(119): <frozen importlib._bootstrap_external>(119): <frozen importlib._bootstrap_external>(119): <frozen importlib._bootstrap_external>(120): <frozen importlib._bootstrap_external>(123): <frozen importlib._bootstrap_external>(1643):  --- modulename: _bootstrap, funcname: _verbose_message
<frozen importlib._bootstrap>(246): <frozen importlib._bootstrap_external>(1644): <frozen importlib._bootstrap_external>(1638): <frozen importlib._bootstrap_external>(1648): <frozen importlib._bootstrap_external>(1653): <frozen importlib._bootstrap_external>(1479): <frozen importlib._bootstrap_external>(1480): <frozen importlib._bootstrap_external>(1470): <frozen importlib._bootstrap_external>(1471): <frozen importlib._bootstrap_external>(1473):  --- modulename: _bootstrap_external, funcname: _path_importer_cache
<frozen importlib._bootstrap_external>(1429): <frozen importlib._bootstrap_external>(1436): <frozen importlib._bootstrap_external>(1437): <frozen importlib._bootstrap_external>(1441): <frozen importlib._bootstrap_external>(1474): <frozen importlib._bootstrap_external>(1475): <frozen importlib._bootstrap_external>(1476):  --- modulename: _bootstrap_external, funcname: find_spec
<frozen importlib._bootstrap_external>(1609): <frozen importlib._bootstrap_external>(1610): <frozen importlib._bootstrap_external>(1611): <frozen importlib._bootstrap_external>(1612):  --- modulename: _bootstrap_external, funcname: _path_stat
<frozen importlib._bootstrap_external>(147): <frozen importlib._bootstrap_external>(1615): <frozen importlib._bootstrap_external>(1619):  --- modulename: _bootstrap_external, funcname: _relax_case
<frozen importlib._bootstrap_external>(69): <frozen importlib._bootstrap_external>(1623): <frozen importlib._bootstrap_external>(1624): <frozen importlib._bootstrap_external>(1626): <frozen importlib._bootstrap_external>(1638): <frozen importlib._bootstrap_external>(1639): <frozen importlib._bootstrap_external>(1640):  --- modulename: _bootstrap_external, funcname: _path_join
<frozen importlib._bootstrap_external>(98): <frozen importlib._bootstrap_external>(100): <frozen importlib._bootstrap_external>(102): <frozen importlib._bootstrap_external>(103): <frozen importlib._bootstrap_external>(104): <frozen importlib._bootstrap_external>(105): <frozen importlib._bootstrap_external>(106): <frozen importlib._bootstrap_external>(107): <frozen importlib._bootstrap_external>(104): <frozen importlib._bootstrap_external>(105): <frozen importlib._bootstrap_external>(108): <frozen importlib._bootstrap_external>(117): <frozen importlib._bootstrap_external>(118): <frozen importlib._bootstrap_external>(104): <frozen importlib._bootstrap_external>(119):  --- modulename: _bootstrap_external, funcname: <listcomp>
<frozen importlib._bootstrap_external>(119): <frozen importlib._bootstrap_external>(119): <frozen importlib._bootstrap_external>(119): <frozen importlib._bootstrap_external>(120): <frozen importlib._bootstrap_external>(123): <frozen importlib._bootstrap_external>(1643):  --- modulename: _bootstrap, funcname: _verbose_message
<frozen importlib._bootstrap>(246): <frozen importlib._bootstrap_external>(1644): <frozen importlib._bootstrap_external>(1638): <frozen importlib._bootstrap_external>(1639): <frozen importlib._bootstrap_external>(1640):  --- modulename: _bootstrap_external, funcname: _path_join
<frozen importlib._bootstrap_external>(98): <frozen importlib._bootstrap_external>(100): <frozen importlib._bootstrap_external>(102): <frozen importlib._bootstrap_external>(103): <frozen importlib._bootstrap_external>(104): <frozen importlib._bootstrap_external>(105): <frozen importlib._bootstrap_external>(106): <frozen importlib._bootstrap_external>(107): <frozen importlib._bootstrap_external>(104): <frozen importlib._bootstrap_external>(105): <frozen importlib._bootstrap_external>(108): <frozen importlib._bootstrap_external>(117): <frozen importlib._bootstrap_external>(118): <frozen importlib._bootstrap_external>(104): <frozen importlib._bootstrap_external>(119):  --- modulename: _bootstrap_external, funcname: <listcomp>
<frozen importlib._bootstrap_external>(119): <frozen importlib._bootstrap_external>(119): <frozen importlib._bootstrap_external>(119): <frozen importlib._bootstrap_external>(120): <frozen importlib._bootstrap_external>(123): <frozen importlib._bootstrap_external>(1643):  --- modulename: _bootstrap, funcname: _verbose_message
<frozen importlib._bootstrap>(246): <frozen importlib._bootstrap_external>(1644): <frozen importlib._bootstrap_external>(1638): <frozen importlib._bootstrap_external>(1639): <frozen importlib._bootstrap_external>(1640):  --- modulename: _bootstrap_external, funcname: _path_join
<frozen importlib._bootstrap_external>(98): <frozen importlib._bootstrap_external>(100): <frozen importlib._bootstrap_external>(102): <frozen importlib._bootstrap_external>(103): <frozen importlib._bootstrap_external>(104): <frozen importlib._bootstrap_external>(105): <frozen importlib._bootstrap_external>(106): <frozen importlib._bootstrap_external>(107): <frozen importlib._bootstrap_external>(104): <frozen importlib._bootstrap_external>(105): <frozen importlib._bootstrap_external>(108): <frozen importlib._bootstrap_external>(117): <frozen importlib._bootstrap_external>(118): <frozen importlib._bootstrap_external>(104): <frozen importlib._bootstrap_external>(119):  --- modulename: _bootstrap_external, funcname: <listcomp>
<frozen importlib._bootstrap_external>(119): <frozen importlib._bootstrap_external>(119): <frozen importlib._bootstrap_external>(119): <frozen importlib._bootstrap_external>(120): <frozen importlib._bootstrap_external>(123): <frozen importlib._bootstrap_external>(1643):  --- modulename: _bootstrap, funcname: _verbose_message
<frozen importlib._bootstrap>(246): <frozen importlib._bootstrap_external>(1644): <frozen importlib._bootstrap_external>(1638): <frozen importlib._bootstrap_external>(1639): <frozen importlib._bootstrap_external>(1640):  --- modulename: _bootstrap_external, funcname: _path_join
<frozen importlib._bootstrap_external>(98): <frozen importlib._bootstrap_external>(100): <frozen importlib._bootstrap_external>(102): <frozen importlib._bootstrap_external>(103): <frozen importlib._bootstrap_external>(104): <frozen importlib._bootstrap_external>(105): <frozen importlib._bootstrap_external>(106): <frozen importlib._bootstrap_external>(107): <frozen importlib._bootstrap_external>(104): <frozen importlib._bootstrap_external>(105): <frozen importlib._bootstrap_external>(108): <frozen importlib._bootstrap_external>(117): <frozen importlib._bootstrap_external>(118): <frozen importlib._bootstrap_external>(104): <frozen importlib._bootstrap_external>(119):  --- modulename: _bootstrap_external, funcname: <listcomp>
<frozen importlib._bootstrap_external>(119): <frozen importlib._bootstrap_external>(119): <frozen importlib._bootstrap_external>(119): <frozen importlib._bootstrap_external>(120): <frozen importlib._bootstrap_external>(123): <frozen importlib._bootstrap_external>(1643):  --- modulename: _bootstrap, funcname: _verbose_message
<frozen importlib._bootstrap>(246): <frozen importlib._bootstrap_external>(1644): <frozen importlib._bootstrap_external>(1638): <frozen importlib._bootstrap_external>(1639): <frozen importlib._bootstrap_external>(1640):  --- modulename: _bootstrap_external, funcname: _path_join
<frozen importlib._bootstrap_external>(98): <frozen importlib._bootstrap_external>(100): <frozen importlib._bootstrap_external>(102): <frozen importlib._bootstrap_external>(103): <frozen importlib._bootstrap_external>(104): <frozen importlib._bootstrap_external>(105): <frozen importlib._bootstrap_external>(106): <frozen importlib._bootstrap_external>(107): <frozen importlib._bootstrap_external>(104): <frozen importlib._bootstrap_external>(105): <frozen importlib._bootstrap_external>(108): <frozen importlib._bootstrap_external>(117): <frozen importlib._bootstrap_external>(118): <frozen importlib._bootstrap_external>(104): <frozen importlib._bootstrap_external>(119):  --- modulename: _bootstrap_external, funcname: <listcomp>
<frozen importlib._bootstrap_external>(119): <frozen importlib._bootstrap_external>(119): <frozen importlib._bootstrap_external>(119): <frozen importlib._bootstrap_external>(120): <frozen importlib._bootstrap_external>(123): <frozen importlib._bootstrap_external>(1643):  --- modulename: _bootstrap, funcname: _verbose_message
<frozen importlib._bootstrap>(246): <frozen importlib._bootstrap_external>(1644): <frozen importlib._bootstrap_external>(1638): <frozen importlib._bootstrap_external>(1648): <frozen importlib._bootstrap_external>(1653): <frozen importlib._bootstrap_external>(1479): <frozen importlib._bootstrap_external>(1480): <frozen importlib._bootstrap_external>(1470): <frozen importlib._bootstrap_external>(1492):  --- modulename: _bootstrap, funcname: __init__
<frozen importlib._bootstrap>(359): <frozen importlib._bootstrap>(360): <frozen importlib._bootstrap>(361): <frozen importlib._bootstrap>(362): <frozen importlib._bootstrap>(363): <frozen importlib._bootstrap>(364): <frozen importlib._bootstrap>(367): <frozen importlib._bootstrap>(368): <frozen importlib._bootstrap_external>(1493): <frozen importlib._bootstrap_external>(1494): <frozen importlib._bootstrap_external>(1505): <frozen importlib._bootstrap_external>(1507): <frozen importlib._bootstrap_external>(1508): <frozen importlib._bootstrap_external>(1509): <frozen importlib._bootstrap_external>(1516): <frozen importlib._bootstrap>(1072):  --- modulename: _bootstrap, funcname: __exit__
<frozen importlib._bootstrap>(1034): <frozen importlib._bootstrap>(1081): <frozen importlib._bootstrap>(1071): <frozen importlib._bootstrap>(1100): <frozen importlib._bootstrap>(1141): <frozen importlib._bootstrap>(1142): <frozen importlib._bootstrap>(1175):  --- modulename: _bootstrap, funcname: __exit__
<frozen importlib._bootstrap>(174):  --- modulename: _bootstrap, funcname: release
<frozen importlib._bootstrap>(126): <frozen importlib._bootstrap>(127): <frozen importlib._bootstrap>(128): <frozen importlib._bootstrap>(130): <frozen importlib._bootstrap>(131): <frozen importlib._bootstrap>(132): <frozen importlib._bootstrap>(133): <frozen importlib._bootstrap>(134): <frozen importlib._bootstrap>(127):  --- modulename: _bootstrap, funcname: cb
<frozen importlib._bootstrap>(199): <frozen importlib._bootstrap>(200): <frozen importlib._bootstrap>(204): <frozen importlib._bootstrap>(205): <frozen importlib._bootstrap>(207): <frozen posixpath>(348): <frozen posixpath>(349): <frozen posixpath>(396): <frozen posixpath>(411): <frozen posixpath>(420): <frozen posixpath>(483): <frozen posixpath>(485): <frozen posixpath>(526): <frozen importlib._bootstrap>(701): <frozen importlib._bootstrap>(702): <frozen importlib._bootstrap>(703):  --- modulename: _bootstrap, funcname: _verbose_message
<frozen importlib._bootstrap>(246): <frozen importlib._bootstrap>(705): <frozen importlib._bootstrap>(707): <frozen importlib._bootstrap>(1151): <frozen importlib._bootstrap>(1153): <frozen importlib._bootstrap>(1161): <frozen importlib._bootstrap>(1175):  --- modulename: _bootstrap, funcname: __exit__
<frozen importlib._bootstrap>(174):  --- modulename: _bootstrap, funcname: release
<frozen importlib._bootstrap>(126): <frozen importlib._bootstrap>(127): <frozen importlib._bootstrap>(128): <frozen importlib._bootstrap>(130): <frozen importlib._bootstrap>(131): <frozen importlib._bootstrap>(132): <frozen importlib._bootstrap>(133): <frozen importlib._bootstrap>(134): <frozen importlib._bootstrap>(127):  --- modulename: _bootstrap, funcname: cb
<frozen importlib._bootstrap>(199): <frozen importlib._bootstrap>(200): <frozen importlib._bootstrap>(204): <frozen importlib._bootstrap>(205): <frozen importlib._bootstrap>(207): fnmatch.py(14): import re
fnmatch.py(15): import functools
fnmatch.py(17): __all__ = ["filter", "fnmatch", "fnmatchcase", "translate"]
fnmatch.py(19): def fnmatch(name, pat):
fnmatch.py(38): @functools.lru_cache(maxsize=32768, typed=True)
 --- modulename: functools, funcname: lru_cache
functools.py(504):     if isinstance(maxsize, int):
functools.py(506):         if maxsize < 0:
functools.py(518):     def decorating_function(user_function):
functools.py(523):     return decorating_function
fnmatch.py(39): def _compile_pattern(pat):
fnmatch.py(38): @functools.lru_cache(maxsize=32768, typed=True)
 --- modulename: functools, funcname: decorating_function
functools.py(519):         wrapper = _lru_cache_wrapper(user_function, maxsize, typed, _CacheInfo)
functools.py(520):         wrapper.cache_parameters = lambda : {'maxsize': maxsize, 'typed': typed}
functools.py(521):         return update_wrapper(wrapper, user_function)
 --- modulename: functools, funcname: update_wrapper
functools.py(50):     for attr in assigned:
functools.py(51):         try:
functools.py(52):             value = getattr(wrapped, attr)
functools.py(56):             setattr(wrapper, attr, value)
functools.py(50):     for attr in assigned:
functools.py(51):         try:
functools.py(52):             value = getattr(wrapped, attr)
functools.py(56):             setattr(wrapper, attr, value)
functools.py(50):     for attr in assigned:
functools.py(51):         try:
functools.py(52):             value = getattr(wrapped, attr)
functools.py(56):             setattr(wrapper, attr, value)
functools.py(50):     for attr in assigned:
functools.py(51):         try:
functools.py(52):             value = getattr(wrapped, attr)
functools.py(56):             setattr(wrapper, attr, value)
functools.py(50):     for attr in assigned:
functools.py(51):         try:
functools.py(52):             value = getattr(wrapped, attr)
functools.py(56):             setattr(wrapper, attr, value)
functools.py(50):     for attr in assigned:
functools.py(57):     for attr in updated:
functools.py(58):         getattr(wrapper, attr).update(getattr(wrapped, attr, {}))
functools.py(57):     for attr in updated:
functools.py(61):     wrapper.__wrapped__ = wrapped
functools.py(63):     return wrapper
fnmatch.py(39): def _compile_pattern(pat):
fnmatch.py(48): def filter(names, pat):
fnmatch.py(64): def fnmatchcase(name, pat):
fnmatch.py(74): def translate(pat):
<frozen importlib._bootstrap>(701): <frozen importlib._bootstrap>(702): <frozen importlib._bootstrap>(703):  --- modulename: _bootstrap, funcname: _verbose_message
<frozen importlib._bootstrap>(246): <frozen importlib._bootstrap>(705): <frozen importlib._bootstrap>(707): <frozen importlib._bootstrap>(1151): <frozen importlib._bootstrap>(1153): <frozen importlib._bootstrap>(1161): <frozen importlib._bootstrap>(1175):  --- modulename: _bootstrap, funcname: __exit__
<frozen importlib._bootstrap>(174):  --- modulename: _bootstrap, funcname: release
<frozen importlib._bootstrap>(126): <frozen importlib._bootstrap>(127): <frozen importlib._bootstrap>(128): <frozen importlib._bootstrap>(130): <frozen importlib._bootstrap>(131): <frozen importlib._bootstrap>(132): <frozen importlib._bootstrap>(133): <frozen importlib._bootstrap>(134): <frozen importlib._bootstrap>(127):  --- modulename: _bootstrap, funcname: cb
<frozen importlib._bootstrap>(199): <frozen importlib._bootstrap>(200): <frozen importlib._bootstrap>(204): <frozen importlib._bootstrap>(205): <frozen importlib._bootstrap>(207): shutil.py(11): import collections
shutil.py(12): import errno
shutil.py(14): try:
shutil.py(15):     import zlib
 --- modulename: _bootstrap, funcname: _find_and_load
<frozen importlib._bootstrap>(1172): <frozen importlib._bootstrap>(1173): <frozen importlib._bootstrap>(1175):  --- modulename: _bootstrap, funcname: __init__
<frozen importlib._bootstrap>(166): <frozen importlib._bootstrap>(167):  --- modulename: _bootstrap, funcname: __enter__
<frozen importlib._bootstrap>(170):  --- modulename: _bootstrap, funcname: _get_module_lock
<frozen importlib._bootstrap>(185): <frozen importlib._bootstrap>(186): <frozen importlib._bootstrap>(187): <frozen importlib._bootstrap>(188): <frozen importlib._bootstrap>(189): <frozen importlib._bootstrap>(190): <frozen importlib._bootstrap>(192): <frozen importlib._bootstrap>(193): <frozen importlib._bootstrap>(196):  --- modulename: _bootstrap, funcname: __init__
<frozen importlib._bootstrap>(72): <frozen importlib._bootstrap>(73): <frozen importlib._bootstrap>(74): <frozen importlib._bootstrap>(75): <frozen importlib._bootstrap>(76): <frozen importlib._bootstrap>(77): <frozen importlib._bootstrap>(198): <frozen importlib._bootstrap>(209): <frozen importlib._bootstrap>(211): <frozen importlib._bootstrap>(213): <frozen importlib._bootstrap>(171):  --- modulename: _bootstrap, funcname: acquire
<frozen importlib._bootstrap>(106): <frozen importlib._bootstrap>(107): <frozen importlib._bootstrap>(108): <frozen importlib._bootstrap>(109): <frozen importlib._bootstrap>(110): <frozen importlib._bootstrap>(111): <frozen importlib._bootstrap>(112): <frozen importlib._bootstrap>(113): <frozen importlib._bootstrap>(114): <frozen importlib._bootstrap>(110): <frozen importlib._bootstrap>(123): <frozen importlib._bootstrap>(1176): <frozen importlib._bootstrap>(1177): <frozen importlib._bootstrap>(1178):  --- modulename: _bootstrap, funcname: _find_and_load_unlocked
<frozen importlib._bootstrap>(1123): <frozen importlib._bootstrap>(1124): <frozen importlib._bootstrap>(1125): <frozen importlib._bootstrap>(1126): <frozen importlib._bootstrap>(1140):  --- modulename: _bootstrap, funcname: _find_spec
<frozen importlib._bootstrap>(1058): <frozen importlib._bootstrap>(1059): <frozen importlib._bootstrap>(1064): <frozen importlib._bootstrap>(1070): <frozen importlib._bootstrap>(1071): <frozen importlib._bootstrap>(1072):  --- modulename: _bootstrap, funcname: __enter__
<frozen importlib._bootstrap>(1030): <frozen importlib._bootstrap>(1073): <frozen importlib._bootstrap>(1074): <frozen importlib._bootstrap>(1080): <frozen importlib._bootstrap>(1072):  --- modulename: _bootstrap, funcname: __exit__
<frozen importlib._bootstrap>(1034): <frozen importlib._bootstrap>(1081): <frozen importlib._bootstrap>(1071): <frozen importlib._bootstrap>(1072):  --- modulename: _bootstrap, funcname: __enter__
<frozen importlib._bootstrap>(1030): <frozen importlib._bootstrap>(1073): <frozen importlib._bootstrap>(1074): <frozen importlib._bootstrap>(1080): <frozen importlib._bootstrap>(1072):  --- modulename: _bootstrap, funcname: __exit__
<frozen importlib._bootstrap>(1034): <frozen importlib._bootstrap>(1081): <frozen importlib._bootstrap>(1071): <frozen importlib._bootstrap>(1072):  --- modulename: _bootstrap, funcname: __enter__
<frozen importlib._bootstrap>(1030): <frozen importlib._bootstrap>(1073): <frozen importlib._bootstrap>(1074): <frozen importlib._bootstrap>(1080):  --- modulename: _bootstrap, funcname: find_spec
<frozen importlib._bootstrap>(750): <frozen importlib._bootstrap>(752): <frozen importlib._bootstrap>(753):  --- modulename: _bootstrap, funcname: spec_from_loader
<frozen importlib._bootstrap>(424): <frozen importlib._bootstrap>(427): <frozen importlib._bootstrap>(438): <frozen importlib._bootstrap>(439): <frozen importlib._bootstrap>(440): <frozen importlib._bootstrap>(441):  --- modulename: _bootstrap, funcname: _requires_builtin_wrapper
<frozen importlib._bootstrap>(255): <frozen importlib._bootstrap>(258):  --- modulename: _bootstrap, funcname: is_package
<frozen importlib._bootstrap>(801): <frozen importlib._bootstrap>(448):  --- modulename: _bootstrap, funcname: __init__
<frozen importlib._bootstrap>(359): <frozen importlib._bootstrap>(360): <frozen importlib._bootstrap>(361): <frozen importlib._bootstrap>(362): <frozen importlib._bootstrap>(363): <frozen importlib._bootstrap>(364): <frozen importlib._bootstrap>(367): <frozen importlib._bootstrap>(368): <frozen importlib._bootstrap>(1072):  --- modulename: _bootstrap, funcname: __exit__
<frozen importlib._bootstrap>(1034): <frozen importlib._bootstrap>(1081): <frozen importlib._bootstrap>(1083): <frozen importlib._bootstrap>(1098): <frozen importlib._bootstrap>(1141): <frozen importlib._bootstrap>(1144): <frozen importlib._bootstrap>(1148): <frozen importlib._bootstrap>(1149):  --- modulename: _bootstrap, funcname: _load_unlocked
<frozen importlib._bootstrap>(668): <frozen importlib._bootstrap>(670): <frozen importlib._bootstrap>(676):  --- modulename: _bootstrap, funcname: module_from_spec
<frozen importlib._bootstrap>(569): <frozen importlib._bootstrap>(570): <frozen importlib._bootstrap>(573):  --- modulename: _bootstrap, funcname: create_module
<frozen importlib._bootstrap>(775): <frozen importlib._bootstrap>(778):  --- modulename: _bootstrap, funcname: _call_with_frames_removed
<frozen importlib._bootstrap>(241): <frozen importlib._bootstrap>(577): <frozen importlib._bootstrap>(579):  --- modulename: _bootstrap, funcname: _init_module_attrs
<frozen importlib._bootstrap>(497): <frozen importlib._bootstrap>(503): <frozen importlib._bootstrap>(504): <frozen importlib._bootstrap>(505): <frozen importlib._bootstrap>(526): <frozen importlib._bootstrap>(527): <frozen importlib._bootstrap>(531): <frozen importlib._bootstrap>(532): <frozen importlib._bootstrap>(533):  --- modulename: _bootstrap, funcname: parent
<frozen importlib._bootstrap>(408): <frozen importlib._bootstrap>(409): <frozen importlib._bootstrap>(537): <frozen importlib._bootstrap>(538): <frozen importlib._bootstrap>(542): <frozen importlib._bootstrap>(543): <frozen importlib._bootstrap>(550):  --- modulename: _bootstrap, funcname: has_location
<frozen importlib._bootstrap>(415): <frozen importlib._bootstrap>(563): <frozen importlib._bootstrap>(580): <frozen importlib._bootstrap>(681): <frozen importlib._bootstrap>(682): <frozen importlib._bootstrap>(683): <frozen importlib._bootstrap>(684): <frozen importlib._bootstrap>(685): <frozen importlib._bootstrap>(690):  --- modulename: _bootstrap, funcname: exec_module
<frozen importlib._bootstrap>(783):  --- modulename: _bootstrap, funcname: _call_with_frames_removed
<frozen importlib._bootstrap>(241): <frozen importlib._bootstrap>(701): <frozen importlib._bootstrap>(702): <frozen importlib._bootstrap>(703):  --- modulename: _bootstrap, funcname: _verbose_message
<frozen importlib._bootstrap>(246): <frozen importlib._bootstrap>(705): <frozen importlib._bootstrap>(707): <frozen importlib._bootstrap>(1151): <frozen importlib._bootstrap>(1153): <frozen importlib._bootstrap>(1161): <frozen importlib._bootstrap>(1175):  --- modulename: _bootstrap, funcname: __exit__
<frozen importlib._bootstrap>(174):  --- modulename: _bootstrap, funcname: release
<frozen importlib._bootstrap>(126): <frozen importlib._bootstrap>(127): <frozen importlib._bootstrap>(128): <frozen importlib._bootstrap>(130): <frozen importlib._bootstrap>(131): <frozen importlib._bootstrap>(132): <frozen importlib._bootstrap>(133): <frozen importlib._bootstrap>(134): <frozen importlib._bootstrap>(127):  --- modulename: _bootstrap, funcname: cb
<frozen importlib._bootstrap>(199): <frozen importlib._bootstrap>(200): <frozen importlib._bootstrap>(204): <frozen importlib._bootstrap>(205): <frozen importlib._bootstrap>(207): shutil.py(16):     del zlib
shutil.py(17):     _ZLIB_SUPPORTED = True
shutil.py(21): try:
shutil.py(22):     import bz2
 --- modulename: _bootstrap, funcname: _find_and_load
<frozen importlib._bootstrap>(1172): <frozen importlib._bootstrap>(1173): <frozen importlib._bootstrap>(1175):  --- modulename: _bootstrap, funcname: __init__
<frozen importlib._bootstrap>(166): <frozen importlib._bootstrap>(167):  --- modulename: _bootstrap, funcname: __enter__
<frozen importlib._bootstrap>(170):  --- modulename: _bootstrap, funcname: _get_module_lock
<frozen importlib._bootstrap>(185): <frozen importlib._bootstrap>(186): <frozen importlib._bootstrap>(187): <frozen importlib._bootstrap>(188): <frozen importlib._bootstrap>(189): <frozen importlib._bootstrap>(190): <frozen importlib._bootstrap>(192): <frozen importlib._bootstrap>(193): <frozen importlib._bootstrap>(196):  --- modulename: _bootstrap, funcname: __init__
<frozen importlib._bootstrap>(72): <frozen importlib._bootstrap>(73): <frozen importlib._bootstrap>(74): <frozen importlib._bootstrap>(75): <frozen importlib._bootstrap>(76): <frozen importlib._bootstrap>(77): <frozen importlib._bootstrap>(198): <frozen importlib._bootstrap>(209): <frozen importlib._bootstrap>(211): <frozen importlib._bootstrap>(213): <frozen importlib._bootstrap>(171):  --- modulename: _bootstrap, funcname: acquire
<frozen importlib._bootstrap>(106): <frozen importlib._bootstrap>(107): <frozen importlib._bootstrap>(108): <frozen importlib._bootstrap>(109): <frozen importlib._bootstrap>(110): <frozen importlib._bootstrap>(111): <frozen importlib._bootstrap>(112): <frozen importlib._bootstrap>(113): <frozen importlib._bootstrap>(114): <frozen importlib._bootstrap>(110): <frozen importlib._bootstrap>(123): <frozen importlib._bootstrap>(1176): <frozen importlib._bootstrap>(1177): <frozen importlib._bootstrap>(1178):  --- modulename: _bootstrap, funcname: _find_and_load_unlocked
<frozen importlib._bootstrap>(1123): <frozen importlib._bootstrap>(1124): <frozen importlib._bootstrap>(1125): <frozen importlib._bootstrap>(1126): <frozen importlib._bootstrap>(1140):  --- modulename: _bootstrap, funcname: _find_spec
<frozen importlib._bootstrap>(1058): <frozen importlib._bootstrap>(1059): <frozen importlib._bootstrap>(1064): <frozen importlib._bootstrap>(1070): <frozen importlib._bootstrap>(1071): <frozen importlib._bootstrap>(1072):  --- modulename: _bootstrap, funcname: __enter__
<frozen importlib._bootstrap>(1030): <frozen importlib._bootstrap>(1073): <frozen importlib._bootstrap>(1074): <frozen importlib._bootstrap>(1080): <frozen importlib._bootstrap>(1072):  --- modulename: _bootstrap, funcname: __exit__
<frozen importlib._bootstrap>(1034): <frozen importlib._bootstrap>(1081): <frozen importlib._bootstrap>(1071): <frozen importlib._bootstrap>(1072):  --- modulename: _bootstrap, funcname: __enter__
<frozen importlib._bootstrap>(1030): <frozen importlib._bootstrap>(1073): <frozen importlib._bootstrap>(1074): <frozen importlib._bootstrap>(1080): <frozen importlib._bootstrap>(1072):  --- modulename: _bootstrap, funcname: __exit__
<frozen importlib._bootstrap>(1034): <frozen importlib._bootstrap>(1081): <frozen importlib._bootstrap>(1071): <frozen importlib._bootstrap>(1072):  --- modulename: _bootstrap, funcname: __enter__
<frozen importlib._bootstrap>(1030): <frozen importlib._bootstrap>(1073): <frozen importlib._bootstrap>(1074): <frozen importlib._bootstrap>(1080):  --- modulename: _bootstrap, funcname: find_spec
<frozen importlib._bootstrap>(750): <frozen importlib._bootstrap>(752): <frozen importlib._bootstrap>(755): <frozen importlib._bootstrap>(1072):  --- modulename: _bootstrap, funcname: __exit__
<frozen importlib._bootstrap>(1034): <frozen importlib._bootstrap>(1081): <frozen importlib._bootstrap>(1071): <frozen importlib._bootstrap>(1072):  --- modulename: _bootstrap, funcname: __enter__
<frozen importlib._bootstrap>(1030): <frozen importlib._bootstrap>(1073): <frozen importlib._bootstrap>(1074): <frozen importlib._bootstrap>(1080):  --- modulename: _bootstrap, funcname: find_spec
<frozen importlib._bootstrap>(924):  --- modulename: _bootstrap, funcname: _call_with_frames_removed
<frozen importlib._bootstrap>(241): <frozen importlib._bootstrap>(925): <frozen importlib._bootstrap>(926): <frozen importlib._bootstrap>(1072):  --- modulename: _bootstrap, funcname: __exit__
<frozen importlib._bootstrap>(1034): <frozen importlib._bootstrap>(1081): <frozen importlib._bootstrap>(1071): <frozen importlib._bootstrap>(1072):  --- modulename: _bootstrap, funcname: __enter__
<frozen importlib._bootstrap>(1030): <frozen importlib._bootstrap>(1073): <frozen importlib._bootstrap>(1074): <frozen importlib._bootstrap>(1080):  --- modulename: _bootstrap_external, funcname: find_spec
<frozen importlib._bootstrap_external>(1502): <frozen importlib._bootstrap_external>(1503): <frozen importlib._bootstrap_external>(1504):  --- modulename: _bootstrap_external, funcname: _get_spec
<frozen importlib._bootstrap_external>(1469): <frozen importlib._bootstrap_external>(1470): <frozen importlib._bootstrap_external>(1471): <frozen importlib._bootstrap_external>(1473):  --- modulename: _bootstrap_external, funcname: _path_importer_cache
<frozen importlib._bootstrap_external>(1429): <frozen importlib._bootstrap_external>(1436): <frozen importlib._bootstrap_external>(1437): <frozen importlib._bootstrap_external>(1441): <frozen importlib._bootstrap_external>(1474): <frozen importlib._bootstrap_external>(1475): <frozen importlib._bootstrap_external>(1476):  --- modulename: _bootstrap_external, funcname: find_spec
<frozen importlib._bootstrap_external>(1609): <frozen importlib._bootstrap_external>(1610): <frozen importlib._bootstrap_external>(1611): <frozen importlib._bootstrap_external>(1612):  --- modulename: _bootstrap_external, funcname: _path_stat
<frozen importlib._bootstrap_external>(147): <frozen importlib._bootstrap_external>(1615): <frozen importlib._bootstrap_external>(1619):  --- modulename: _bootstrap_external, funcname: _relax_case
<frozen importlib._bootstrap_external>(69): <frozen importlib._bootstrap_external>(1623): <frozen importlib._bootstrap_external>(1624): <frozen importlib._bootstrap_external>(1626): <frozen importlib._bootstrap_external>(1638): <frozen importlib._bootstrap_external>(1639): <frozen importlib._bootstrap_external>(1640):  --- modulename: _bootstrap_external, funcname: _path_join
<frozen importlib._bootstrap_external>(98): <frozen importlib._bootstrap_external>(100): <frozen importlib._bootstrap_external>(102): <frozen importlib._bootstrap_external>(103): <frozen importlib._bootstrap_external>(104): <frozen importlib._bootstrap_external>(105): <frozen importlib._bootstrap_external>(106): <frozen importlib._bootstrap_external>(107): <frozen importlib._bootstrap_external>(104): <frozen importlib._bootstrap_external>(105): <frozen importlib._bootstrap_external>(108): <frozen importlib._bootstrap_external>(117): <frozen importlib._bootstrap_external>(118): <frozen importlib._bootstrap_external>(104): <frozen importlib._bootstrap_external>(119):  --- modulename: _bootstrap_external, funcname: <listcomp>
<frozen importlib._bootstrap_external>(119): <frozen importlib._bootstrap_external>(119): <frozen importlib._bootstrap_external>(119): <frozen importlib._bootstrap_external>(120): <frozen importlib._bootstrap_external>(123): <frozen importlib._bootstrap_external>(1643):  --- modulename: _bootstrap, funcname: _verbose_message
<frozen importlib._bootstrap>(246): <frozen importlib._bootstrap_external>(1644): <frozen importlib._bootstrap_external>(1638): <frozen importlib._bootstrap_external>(1639): <frozen importlib._bootstrap_external>(1640):  --- modulename: _bootstrap_external, funcname: _path_join
<frozen importlib._bootstrap_external>(98): <frozen importlib._bootstrap_external>(100): <frozen importlib._bootstrap_external>(102): <frozen importlib._bootstrap_external>(103): <frozen importlib._bootstrap_external>(104): <frozen importlib._bootstrap_external>(105): <frozen importlib._bootstrap_external>(106): <frozen importlib._bootstrap_external>(107): <frozen importlib._bootstrap_external>(104): <frozen importlib._bootstrap_external>(105): <frozen importlib._bootstrap_external>(108): <frozen importlib._bootstrap_external>(117): <frozen importlib._bootstrap_external>(118): <frozen importlib._bootstrap_external>(104): <frozen importlib._bootstrap_external>(119):  --- modulename: _bootstrap_external, funcname: <listcomp>
<frozen importlib._bootstrap_external>(119): <frozen importlib._bootstrap_external>(119): <frozen importlib._bootstrap_external>(119): <frozen importlib._bootstrap_external>(120): <frozen importlib._bootstrap_external>(123): <frozen importlib._bootstrap_external>(1643):  --- modulename: _bootstrap, funcname: _verbose_message
<frozen importlib._bootstrap>(246): <frozen importlib._bootstrap_external>(1644): <frozen importlib._bootstrap_external>(1638): <frozen importlib._bootstrap_external>(1639): <frozen importlib._bootstrap_external>(1640):  --- modulename: _bootstrap_external, funcname: _path_join
<frozen importlib._bootstrap_external>(98): <frozen importlib._bootstrap_external>(100): <frozen importlib._bootstrap_external>(102): <frozen importlib._bootstrap_external>(103): <frozen importlib._bootstrap_external>(104): <frozen importlib._bootstrap_external>(105): <frozen importlib._bootstrap_external>(106): <frozen importlib._bootstrap_external>(107): <frozen importlib._bootstrap_external>(104): <frozen importlib._bootstrap_external>(105): <frozen importlib._bootstrap_external>(108): <frozen importlib._bootstrap_external>(117): <frozen importlib._bootstrap_external>(118): <frozen importlib._bootstrap_external>(104): <frozen importlib._bootstrap_external>(119):  --- modulename: _bootstrap_external, funcname: <listcomp>
<frozen importlib._bootstrap_external>(119): <frozen importlib._bootstrap_external>(119): <frozen importlib._bootstrap_external>(119): <frozen importlib._bootstrap_external>(120): <frozen importlib._bootstrap_external>(123): <frozen importlib._bootstrap_external>(1643):  --- modulename: _bootstrap, funcname: _verbose_message
<frozen importlib._bootstrap>(246): <frozen importlib._bootstrap_external>(1644): <frozen importlib._bootstrap_external>(1638): <frozen importlib._bootstrap_external>(1639): <frozen importlib._bootstrap_external>(1640):  --- modulename: _bootstrap_external, funcname: _path_join
<frozen importlib._bootstrap_external>(98): <frozen importlib._bootstrap_external>(100): <frozen importlib._bootstrap_external>(102): <frozen importlib._bootstrap_external>(103): <frozen importlib._bootstrap_external>(104): <frozen importlib._bootstrap_external>(105): <frozen importlib._bootstrap_external>(106): <frozen importlib._bootstrap_external>(107): <frozen importlib._bootstrap_external>(104): <frozen importlib._bootstrap_external>(105): <frozen importlib._bootstrap_external>(108): <frozen importlib._bootstrap_external>(117): <frozen importlib._bootstrap_external>(118): <frozen importlib._bootstrap_external>(104): <frozen importlib._bootstrap_external>(119):  --- modulename: _bootstrap_external, funcname: <listcomp>
<frozen importlib._bootstrap_external>(119): <frozen importlib._bootstrap_external>(119): <frozen importlib._bootstrap_external>(119): <frozen importlib._bootstrap_external>(120): <frozen importlib._bootstrap_external>(123): <frozen importlib._bootstrap_external>(1643):  --- modulename: _bootstrap, funcname: _verbose_message
<frozen importlib._bootstrap>(246): <frozen importlib._bootstrap_external>(1644): <frozen importlib._bootstrap_external>(1638): <frozen importlib._bootstrap_external>(1639): <frozen importlib._bootstrap_external>(1640):  --- modulename: _bootstrap_external, funcname: _path_join
<frozen importlib._bootstrap_external>(98): <frozen importlib._bootstrap_external>(100): <frozen importlib._bootstrap_external>(102): <frozen importlib._bootstrap_external>(103): <frozen importlib._bootstrap_external>(104): <frozen importlib._bootstrap_external>(105): <frozen importlib._bootstrap_external>(106): <frozen importlib._bootstrap_external>(107): <frozen importlib._bootstrap_external>(104): <frozen importlib._bootstrap_external>(105): <frozen importlib._bootstrap_external>(108): <frozen importlib._bootstrap_external>(117): <frozen importlib._bootstrap_external>(118): <frozen importlib._bootstrap_external>(104): <frozen importlib._bootstrap_external>(119):  --- modulename: _bootstrap_external, funcname: <listcomp>
<frozen importlib._bootstrap_external>(119): <frozen importlib._bootstrap_external>(119): <frozen importlib._bootstrap_external>(119): <frozen importlib._bootstrap_external>(120): <frozen importlib._bootstrap_external>(123): <frozen importlib._bootstrap_external>(1643):  --- modulename: _bootstrap, funcname: _verbose_message
<frozen importlib._bootstrap>(246): <frozen importlib._bootstrap_external>(1644): <frozen importlib._bootstrap_external>(1638): <frozen importlib._bootstrap_external>(1648): <frozen importlib._bootstrap_external>(1653): <frozen importlib._bootstrap_external>(1479): <frozen importlib._bootstrap_external>(1480): <frozen importlib._bootstrap_external>(1470): <frozen importlib._bootstrap_external>(1471): <frozen importlib._bootstrap_external>(1473):  --- modulename: _bootstrap_external, funcname: _path_importer_cache
<frozen importlib._bootstrap_external>(1429): <frozen importlib._bootstrap_external>(1436): <frozen importlib._bootstrap_external>(1437): <frozen importlib._bootstrap_external>(1441): <frozen importlib._bootstrap_external>(1474): <frozen importlib._bootstrap_external>(1470): <frozen importlib._bootstrap_external>(1471): <frozen importlib._bootstrap_external>(1473):  --- modulename: _bootstrap_external, funcname: _path_importer_cache
<frozen importlib._bootstrap_external>(1429): <frozen importlib._bootstrap_external>(1436): <frozen importlib._bootstrap_external>(1437): <frozen importlib._bootstrap_external>(1441): <frozen importlib._bootstrap_external>(1474): <frozen importlib._bootstrap_external>(1475): <frozen importlib._bootstrap_external>(1476):  --- modulename: _bootstrap_external, funcname: find_spec
<frozen importlib._bootstrap_external>(1609): <frozen importlib._bootstrap_external>(1610): <frozen importlib._bootstrap_external>(1611): <frozen importlib._bootstrap_external>(1612):  --- modulename: _bootstrap_external, funcname: _path_stat
<frozen importlib._bootstrap_external>(147): <frozen importlib._bootstrap_external>(1615): <frozen importlib._bootstrap_external>(1619):  --- modulename: _bootstrap_external, funcname: _relax_case
<frozen importlib._bootstrap_external>(69): <frozen importlib._bootstrap_external>(1623): <frozen importlib._bootstrap_external>(1624): <frozen importlib._bootstrap_external>(1626): <frozen importlib._bootstrap_external>(1638): <frozen importlib._bootstrap_external>(1639): <frozen importlib._bootstrap_external>(1640):  --- modulename: _bootstrap_external, funcname: _path_join
<frozen importlib._bootstrap_external>(98): <frozen importlib._bootstrap_external>(100): <frozen importlib._bootstrap_external>(102): <frozen importlib._bootstrap_external>(103): <frozen importlib._bootstrap_external>(104): <frozen importlib._bootstrap_external>(105): <frozen importlib._bootstrap_external>(106): <frozen importlib._bootstrap_external>(107): <frozen importlib._bootstrap_external>(104): <frozen importlib._bootstrap_external>(105): <frozen importlib._bootstrap_external>(108): <frozen importlib._bootstrap_external>(117): <frozen importlib._bootstrap_external>(118): <frozen importlib._bootstrap_external>(104): <frozen importlib._bootstrap_external>(119):  --- modulename: _bootstrap_external, funcname: <listcomp>
<frozen importlib._bootstrap_external>(119): <frozen importlib._bootstrap_external>(119): <frozen importlib._bootstrap_external>(119): <frozen importlib._bootstrap_external>(120): <frozen importlib._bootstrap_external>(123): <frozen importlib._bootstrap_external>(1643):  --- modulename: _bootstrap, funcname: _verbose_message
<frozen importlib._bootstrap>(246): <frozen importlib._bootstrap_external>(1644): <frozen importlib._bootstrap_external>(1638): <frozen importlib._bootstrap_external>(1639): <frozen importlib._bootstrap_external>(1640):  --- modulename: _bootstrap_external, funcname: _path_join
<frozen importlib._bootstrap_external>(98): <frozen importlib._bootstrap_external>(100): <frozen importlib._bootstrap_external>(102): <frozen importlib._bootstrap_external>(103): <frozen importlib._bootstrap_external>(104): <frozen importlib._bootstrap_external>(105): <frozen importlib._bootstrap_external>(106): <frozen importlib._bootstrap_external>(107): <frozen importlib._bootstrap_external>(104): <frozen importlib._bootstrap_external>(105): <frozen importlib._bootstrap_external>(108): <frozen importlib._bootstrap_external>(117): <frozen importlib._bootstrap_external>(118): <frozen importlib._bootstrap_external>(104): <frozen importlib._bootstrap_external>(119):  --- modulename: _bootstrap_external, funcname: <listcomp>
<frozen importlib._bootstrap_external>(119): <frozen importlib._bootstrap_external>(119): <frozen importlib._bootstrap_external>(119): <frozen importlib._bootstrap_external>(120): <frozen importlib._bootstrap_external>(123): <frozen importlib._bootstrap_external>(1643):  --- modulename: _bootstrap, funcname: _verbose_message
<frozen importlib._bootstrap>(246): <frozen importlib._bootstrap_external>(1644): <frozen importlib._bootstrap_external>(1638): <frozen importlib._bootstrap_external>(1639): <frozen importlib._bootstrap_external>(1640):  --- modulename: _bootstrap_external, funcname: _path_join
<frozen importlib._bootstrap_external>(98): <frozen importlib._bootstrap_external>(100): <frozen importlib._bootstrap_external>(102): <frozen importlib._bootstrap_external>(103): <frozen importlib._bootstrap_external>(104): <frozen importlib._bootstrap_external>(105): <frozen importlib._bootstrap_external>(106): <frozen importlib._bootstrap_external>(107): <frozen importlib._bootstrap_external>(104): <frozen importlib._bootstrap_external>(105): <frozen importlib._bootstrap_external>(108): <frozen importlib._bootstrap_external>(117): <frozen importlib._bootstrap_external>(118): <frozen importlib._bootstrap_external>(104): <frozen importlib._bootstrap_external>(119):  --- modulename: _bootstrap_external, funcname: <listcomp>
<frozen importlib._bootstrap_external>(119): <frozen importlib._bootstrap_external>(119): <frozen importlib._bootstrap_external>(119): <frozen importlib._bootstrap_external>(120): <frozen importlib._bootstrap_external>(123): <frozen importlib._bootstrap_external>(1643):  --- modulename: _bootstrap, funcname: _verbose_message
<frozen importlib._bootstrap>(246): <frozen importlib._bootstrap_external>(1644): <frozen importlib._bootstrap_external>(1638): <frozen importlib._bootstrap_external>(1639): <frozen importlib._bootstrap_external>(1640):  --- modulename: _bootstrap_external, funcname: _path_join
<frozen importlib._bootstrap_external>(98): <frozen importlib._bootstrap_external>(100): <frozen importlib._bootstrap_external>(102): <frozen importlib._bootstrap_external>(103): <frozen importlib._bootstrap_external>(104): <frozen importlib._bootstrap_external>(105): <frozen importlib._bootstrap_external>(106): <frozen importlib._bootstrap_external>(107): <frozen importlib._bootstrap_external>(104): <frozen importlib._bootstrap_external>(105): <frozen importlib._bootstrap_external>(108): <frozen importlib._bootstrap_external>(117): <frozen importlib._bootstrap_external>(118): <frozen importlib._bootstrap_external>(104): <frozen importlib._bootstrap_external>(119):  --- modulename: _bootstrap_external, funcname: <listcomp>
<frozen importlib._bootstrap_external>(119): <frozen importlib._bootstrap_external>(119): <frozen importlib._bootstrap_external>(119): <frozen importlib._bootstrap_external>(120): <frozen importlib._bootstrap_external>(123): <frozen importlib._bootstrap_external>(1643):  --- modulename: _bootstrap, funcname: _verbose_message
<frozen importlib._bootstrap>(246): <frozen importlib._bootstrap_external>(1644): <frozen importlib._bootstrap_external>(1638): <frozen importlib._bootstrap_external>(1639): <frozen importlib._bootstrap_external>(1640):  --- modulename: _bootstrap_external, funcname: _path_join
<frozen importlib._bootstrap_external>(98): <frozen importlib._bootstrap_external>(100): <frozen importlib._bootstrap_external>(102): <frozen importlib._bootstrap_external>(103): <frozen importlib._bootstrap_external>(104): <frozen importlib._bootstrap_external>(105): <frozen importlib._bootstrap_external>(106): <frozen importlib._bootstrap_external>(107): <frozen importlib._bootstrap_external>(104): <frozen importlib._bootstrap_external>(105): <frozen importlib._bootstrap_external>(108): <frozen importlib._bootstrap_external>(117): <frozen importlib._bootstrap_external>(118): <frozen importlib._bootstrap_external>(104): <frozen importlib._bootstrap_external>(119):  --- modulename: _bootstrap_external, funcname: <listcomp>
<frozen importlib._bootstrap_external>(119): <frozen importlib._bootstrap_external>(119): <frozen importlib._bootstrap_external>(119): <frozen importlib._bootstrap_external>(120): <frozen importlib._bootstrap_external>(123): <frozen importlib._bootstrap_external>(1643):  --- modulename: _bootstrap, funcname: _verbose_message
<frozen importlib._bootstrap>(246): <frozen importlib._bootstrap_external>(1644): <frozen importlib._bootstrap_external>(1638): <frozen importlib._bootstrap_external>(1648): <frozen importlib._bootstrap_external>(1653): <frozen importlib._bootstrap_external>(1479): <frozen importlib._bootstrap_external>(1480): <frozen importlib._bootstrap_external>(1470): <frozen importlib._bootstrap_external>(1471): <frozen importlib._bootstrap_external>(1473):  --- modulename: _bootstrap_external, funcname: _path_importer_cache
<frozen importlib._bootstrap_external>(1429): <frozen importlib._bootstrap_external>(1436): <frozen importlib._bootstrap_external>(1437): <frozen importlib._bootstrap_external>(1441): <frozen importlib._bootstrap_external>(1474): <frozen importlib._bootstrap_external>(1475): <frozen importlib._bootstrap_external>(1476):  --- modulename: _bootstrap_external, funcname: find_spec
<frozen importlib._bootstrap_external>(1609): <frozen importlib._bootstrap_external>(1610): <frozen importlib._bootstrap_external>(1611): <frozen importlib._bootstrap_external>(1612):  --- modulename: _bootstrap_external, funcname: _path_stat
<frozen importlib._bootstrap_external>(147): <frozen importlib._bootstrap_external>(1615): <frozen importlib._bootstrap_external>(1619):  --- modulename: _bootstrap_external, funcname: _relax_case
<frozen importlib._bootstrap_external>(69): <frozen importlib._bootstrap_external>(1623): <frozen importlib._bootstrap_external>(1624): <frozen importlib._bootstrap_external>(1626): <frozen importlib._bootstrap_external>(1638): <frozen importlib._bootstrap_external>(1639): <frozen importlib._bootstrap_external>(1640):  --- modulename: _bootstrap_external, funcname: _path_join
<frozen importlib._bootstrap_external>(98): <frozen importlib._bootstrap_external>(100): <frozen importlib._bootstrap_external>(102): <frozen importlib._bootstrap_external>(103): <frozen importlib._bootstrap_external>(104): <frozen importlib._bootstrap_external>(105): <frozen importlib._bootstrap_external>(106): <frozen importlib._bootstrap_external>(107): <frozen importlib._bootstrap_external>(104): <frozen importlib._bootstrap_external>(105): <frozen importlib._bootstrap_external>(108): <frozen importlib._bootstrap_external>(117): <frozen importlib._bootstrap_external>(118): <frozen importlib._bootstrap_external>(104): <frozen importlib._bootstrap_external>(119):  --- modulename: _bootstrap_external, funcname: <listcomp>
<frozen importlib._bootstrap_external>(119): <frozen importlib._bootstrap_external>(119): <frozen importlib._bootstrap_external>(119): <frozen importlib._bootstrap_external>(120): <frozen importlib._bootstrap_external>(123): <frozen importlib._bootstrap_external>(1643):  --- modulename: _bootstrap, funcname: _verbose_message
<frozen importlib._bootstrap>(246): <frozen importlib._bootstrap_external>(1644): <frozen importlib._bootstrap_external>(1638): <frozen importlib._bootstrap_external>(1639): <frozen importlib._bootstrap_external>(1640):  --- modulename: _bootstrap_external, funcname: _path_join
<frozen importlib._bootstrap_external>(98): <frozen importlib._bootstrap_external>(100): <frozen importlib._bootstrap_external>(102): <frozen importlib._bootstrap_external>(103): <frozen importlib._bootstrap_external>(104): <frozen importlib._bootstrap_external>(105): <frozen importlib._bootstrap_external>(106): <frozen importlib._bootstrap_external>(107): <frozen importlib._bootstrap_external>(104): <frozen importlib._bootstrap_external>(105): <frozen importlib._bootstrap_external>(108): <frozen importlib._bootstrap_external>(117): <frozen importlib._bootstrap_external>(118): <frozen importlib._bootstrap_external>(104): <frozen importlib._bootstrap_external>(119):  --- modulename: _bootstrap_external, funcname: <listcomp>
<frozen importlib._bootstrap_external>(119): <frozen importlib._bootstrap_external>(119): <frozen importlib._bootstrap_external>(119): <frozen importlib._bootstrap_external>(120): <frozen importlib._bootstrap_external>(123): <frozen importlib._bootstrap_external>(1643):  --- modulename: _bootstrap, funcname: _verbose_message
<frozen importlib._bootstrap>(246): <frozen importlib._bootstrap_external>(1644): <frozen importlib._bootstrap_external>(1638): <frozen importlib._bootstrap_external>(1639): <frozen importlib._bootstrap_external>(1640):  --- modulename: _bootstrap_external, funcname: _path_join
<frozen importlib._bootstrap_external>(98): <frozen importlib._bootstrap_external>(100): <frozen importlib._bootstrap_external>(102): <frozen importlib._bootstrap_external>(103): <frozen importlib._bootstrap_external>(104): <frozen importlib._bootstrap_external>(105): <frozen importlib._bootstrap_external>(106): <frozen importlib._bootstrap_external>(107): <frozen importlib._bootstrap_external>(104): <frozen importlib._bootstrap_external>(105): <frozen importlib._bootstrap_external>(108): <frozen importlib._bootstrap_external>(117): <frozen importlib._bootstrap_external>(118): <frozen importlib._bootstrap_external>(104): <frozen importlib._bootstrap_external>(119):  --- modulename: _bootstrap_external, funcname: <listcomp>
<frozen importlib._bootstrap_external>(119): <frozen importlib._bootstrap_external>(119): <frozen importlib._bootstrap_external>(119): <frozen importlib._bootstrap_external>(120): <frozen importlib._bootstrap_external>(123): <frozen importlib._bootstrap_external>(1643):  --- modulename: _bootstrap, funcname: _verbose_message
<frozen importlib._bootstrap>(246): <frozen importlib._bootstrap_external>(1644): <frozen importlib._bootstrap_external>(1645):  --- modulename: _bootstrap_external, funcname: _path_isfile
<frozen importlib._bootstrap_external>(161):  --- modulename: _bootstrap_external, funcname: _path_is_mode_type
<frozen importlib._bootstrap_external>(152): <frozen importlib._bootstrap_external>(153):  --- modulename: _bootstrap_external, funcname: _path_stat
<frozen importlib._bootstrap_external>(147): <frozen importlib._bootstrap_external>(156): <frozen importlib._bootstrap_external>(1646): <frozen importlib._bootstrap_external>(1647): <frozen importlib._bootstrap_external>(1646):  --- modulename: _bootstrap_external, funcname: _get_spec
<frozen importlib._bootstrap_external>(1600):  --- modulename: _bootstrap_external, funcname: __init__
<frozen importlib._bootstrap_external>(1100): <frozen importlib._bootstrap_external>(1101): <frozen importlib._bootstrap_external>(1601): <frozen importlib._bootstrap_external>(1602): <frozen importlib._bootstrap_external>(1601):  --- modulename: _bootstrap_external, funcname: spec_from_file_location
<frozen importlib._bootstrap_external>(790): <frozen importlib._bootstrap_external>(802): <frozen importlib._bootstrap_external>(803):  --- modulename: _bootstrap_external, funcname: _path_isabs
<frozen importlib._bootstrap_external>(174): <frozen importlib._bootstrap_external>(176): <frozen importlib._bootstrap_external>(177): <frozen importlib._bootstrap_external>(815):  --- modulename: _bootstrap, funcname: __init__
<frozen importlib._bootstrap>(359): <frozen importlib._bootstrap>(360): <frozen importlib._bootstrap>(361): <frozen importlib._bootstrap>(362): <frozen importlib._bootstrap>(363): <frozen importlib._bootstrap>(364): <frozen importlib._bootstrap>(367): <frozen importlib._bootstrap>(368): <frozen importlib._bootstrap_external>(816): <frozen importlib._bootstrap_external>(819): <frozen importlib._bootstrap_external>(829): <frozen importlib._bootstrap_external>(840): <frozen importlib._bootstrap_external>(841): <frozen importlib._bootstrap_external>(846): <frozen importlib._bootstrap_external>(1479): <frozen importlib._bootstrap_external>(1481): <frozen importlib._bootstrap_external>(1482): <frozen importlib._bootstrap_external>(1505): <frozen importlib._bootstrap_external>(1507): <frozen importlib._bootstrap_external>(1518): <frozen importlib._bootstrap>(1072):  --- modulename: _bootstrap, funcname: __exit__
<frozen importlib._bootstrap>(1034): <frozen importlib._bootstrap>(1081): <frozen importlib._bootstrap>(1083): <frozen importlib._bootstrap>(1098): <frozen importlib._bootstrap>(1141): <frozen importlib._bootstrap>(1144): <frozen importlib._bootstrap>(1148): <frozen importlib._bootstrap>(1149):  --- modulename: _bootstrap, funcname: _load_unlocked
<frozen importlib._bootstrap>(668): <frozen importlib._bootstrap>(670): <frozen importlib._bootstrap>(676):  --- modulename: _bootstrap, funcname: module_from_spec
<frozen importlib._bootstrap>(569): <frozen importlib._bootstrap>(570): <frozen importlib._bootstrap>(573):  --- modulename: _bootstrap_external, funcname: create_module
<frozen importlib._bootstrap_external>(931): <frozen importlib._bootstrap>(577): <frozen importlib._bootstrap>(578):  --- modulename: _bootstrap, funcname: _new_module
<frozen importlib._bootstrap>(49): <frozen importlib._bootstrap>(579):  --- modulename: _bootstrap, funcname: _init_module_attrs
<frozen importlib._bootstrap>(497): <frozen importlib._bootstrap>(503): <frozen importlib._bootstrap>(504): <frozen importlib._bootstrap>(505): <frozen importlib._bootstrap>(526): <frozen importlib._bootstrap>(527): <frozen importlib._bootstrap>(531): <frozen importlib._bootstrap>(532): <frozen importlib._bootstrap>(533):  --- modulename: _bootstrap, funcname: parent
<frozen importlib._bootstrap>(408): <frozen importlib._bootstrap>(409): <frozen importlib._bootstrap>(537): <frozen importlib._bootstrap>(538): <frozen importlib._bootstrap>(542): <frozen importlib._bootstrap>(543): <frozen importlib._bootstrap>(550):  --- modulename: _bootstrap, funcname: has_location
<frozen importlib._bootstrap>(415): <frozen importlib._bootstrap>(551): <frozen importlib._bootstrap>(552): <frozen importlib._bootstrap>(553): <frozen importlib._bootstrap>(557): <frozen importlib._bootstrap>(558):  --- modulename: _bootstrap, funcname: cached
<frozen importlib._bootstrap>(394): <frozen importlib._bootstrap>(395): <frozen importlib._bootstrap>(396): <frozen importlib._bootstrap>(398):  --- modulename: _bootstrap_external, funcname: _get_cached
<frozen importlib._bootstrap_external>(568): <frozen importlib._bootstrap_external>(569): <frozen importlib._bootstrap_external>(570):  --- modulename: _bootstrap_external, funcname: cache_from_source
<frozen importlib._bootstrap_external>(455): <frozen importlib._bootstrap_external>(462): <frozen importlib._bootstrap_external>(463):  --- modulename: _bootstrap_external, funcname: _path_split
<frozen importlib._bootstrap_external>(134):  --- modulename: _bootstrap_external, funcname: <genexpr>
<frozen importlib._bootstrap_external>(134):  --- modulename: _bootstrap_external, funcname: <genexpr>
<frozen importlib._bootstrap_external>(134):  --- modulename: _bootstrap_external, funcname: <genexpr>
<frozen importlib._bootstrap_external>(134): <frozen importlib._bootstrap_external>(135): <frozen importlib._bootstrap_external>(137): <frozen importlib._bootstrap_external>(464): <frozen importlib._bootstrap_external>(465): <frozen importlib._bootstrap_external>(466): <frozen importlib._bootstrap_external>(468): <frozen importlib._bootstrap_external>(469): <frozen importlib._bootstrap_external>(470): <frozen importlib._bootstrap_external>(471): <frozen importlib._bootstrap_external>(474): <frozen importlib._bootstrap_external>(475): <frozen importlib._bootstrap_external>(479): <frozen importlib._bootstrap_external>(480): <frozen importlib._bootstrap_external>(505):  --- modulename: _bootstrap_external, funcname: _path_join
<frozen importlib._bootstrap_external>(98): <frozen importlib._bootstrap_external>(100): <frozen importlib._bootstrap_external>(102): <frozen importlib._bootstrap_external>(103): <frozen importlib._bootstrap_external>(104): <frozen importlib._bootstrap_external>(105): <frozen importlib._bootstrap_external>(106): <frozen importlib._bootstrap_external>(107): <frozen importlib._bootstrap_external>(104): <frozen importlib._bootstrap_external>(105): <frozen importlib._bootstrap_external>(108): <frozen importlib._bootstrap_external>(117): <frozen importlib._bootstrap_external>(118): <frozen importlib._bootstrap_external>(104): <frozen importlib._bootstrap_external>(105): <frozen importlib._bootstrap_external>(108): <frozen importlib._bootstrap_external>(117): <frozen importlib._bootstrap_external>(118): <frozen importlib._bootstrap_external>(104): <frozen importlib._bootstrap_external>(119):  --- modulename: _bootstrap_external, funcname: <listcomp>
<frozen importlib._bootstrap_external>(119): <frozen importlib._bootstrap_external>(119): <frozen importlib._bootstrap_external>(119): <frozen importlib._bootstrap_external>(119): <frozen importlib._bootstrap_external>(120): <frozen importlib._bootstrap_external>(123): <frozen importlib._bootstrap>(399): <frozen importlib._bootstrap>(559): <frozen importlib._bootstrap>(560):  --- modulename: _bootstrap, funcname: cached
<frozen importlib._bootstrap>(394): <frozen importlib._bootstrap>(399): <frozen importlib._bootstrap>(563): <frozen importlib._bootstrap>(580): <frozen importlib._bootstrap>(681): <frozen importlib._bootstrap>(682): <frozen importlib._bootstrap>(683): <frozen importlib._bootstrap>(684): <frozen importlib._bootstrap>(685): <frozen importlib._bootstrap>(690):  --- modulename: _bootstrap_external, funcname: exec_module
<frozen importlib._bootstrap_external>(936):  --- modulename: _bootstrap_external, funcname: get_code
<frozen importlib._bootstrap_external>(1014):  --- modulename: _bootstrap_external, funcname: _check_name_wrapper
<frozen importlib._bootstrap_external>(600): <frozen importlib._bootstrap_external>(602): <frozen importlib._bootstrap_external>(605):  --- modulename: _bootstrap_external, funcname: get_filename
<frozen importlib._bootstrap_external>(1125): <frozen importlib._bootstrap_external>(1015): <frozen importlib._bootstrap_external>(1016): <frozen importlib._bootstrap_external>(1017): <frozen importlib._bootstrap_external>(1018): <frozen importlib._bootstrap_external>(1019): <frozen importlib._bootstrap_external>(1020): <frozen importlib._bootstrap_external>(1021):  --- modulename: _bootstrap_external, funcname: cache_from_source
<frozen importlib._bootstrap_external>(455): <frozen importlib._bootstrap_external>(462): <frozen importlib._bootstrap_external>(463):  --- modulename: _bootstrap_external, funcname: _path_split
<frozen importlib._bootstrap_external>(134):  --- modulename: _bootstrap_external, funcname: <genexpr>
<frozen importlib._bootstrap_external>(134):  --- modulename: _bootstrap_external, funcname: <genexpr>
<frozen importlib._bootstrap_external>(134):  --- modulename: _bootstrap_external, funcname: <genexpr>
<frozen importlib._bootstrap_external>(134): <frozen importlib._bootstrap_external>(135): <frozen importlib._bootstrap_external>(137): <frozen importlib._bootstrap_external>(464): <frozen importlib._bootstrap_external>(465): <frozen importlib._bootstrap_external>(466): <frozen importlib._bootstrap_external>(468): <frozen importlib._bootstrap_external>(469): <frozen importlib._bootstrap_external>(470): <frozen importlib._bootstrap_external>(471): <frozen importlib._bootstrap_external>(474): <frozen importlib._bootstrap_external>(475): <frozen importlib._bootstrap_external>(479): <frozen importlib._bootstrap_external>(480): <frozen importlib._bootstrap_external>(505):  --- modulename: _bootstrap_external, funcname: _path_join
<frozen importlib._bootstrap_external>(98): <frozen importlib._bootstrap_external>(100): <frozen importlib._bootstrap_external>(102): <frozen importlib._bootstrap_external>(103): <frozen importlib._bootstrap_external>(104): <frozen importlib._bootstrap_external>(105): <frozen importlib._bootstrap_external>(106): <frozen importlib._bootstrap_external>(107): <frozen importlib._bootstrap_external>(104): <frozen importlib._bootstrap_external>(105): <frozen importlib._bootstrap_external>(108): <frozen importlib._bootstrap_external>(117): <frozen importlib._bootstrap_external>(118): <frozen importlib._bootstrap_external>(104): <frozen importlib._bootstrap_external>(105): <frozen importlib._bootstrap_external>(108): <frozen importlib._bootstrap_external>(117): <frozen importlib._bootstrap_external>(118): <frozen importlib._bootstrap_external>(104): <frozen importlib._bootstrap_external>(119):  --- modulename: _bootstrap_external, funcname: <listcomp>
<frozen importlib._bootstrap_external>(119): <frozen importlib._bootstrap_external>(119): <frozen importlib._bootstrap_external>(119): <frozen importlib._bootstrap_external>(119): <frozen importlib._bootstrap_external>(120): <frozen importlib._bootstrap_external>(123): <frozen importlib._bootstrap_external>(1025): <frozen importlib._bootstrap_external>(1026):  --- modulename: _bootstrap_external, funcname: path_stats
<frozen importlib._bootstrap_external>(1148):  --- modulename: _bootstrap_external, funcname: _path_stat
<frozen importlib._bootstrap_external>(147): <frozen importlib._bootstrap_external>(1149): <frozen importlib._bootstrap_external>(1030): <frozen importlib._bootstrap_external>(1031): <frozen importlib._bootstrap_external>(1032):  --- modulename: _bootstrap_external, funcname: get_data
<frozen importlib._bootstrap_external>(1129): <frozen importlib._bootstrap_external>(1130): <frozen importlib._bootstrap_external>(1131): <frozen importlib._bootstrap_external>(1130): <frozen importlib._bootstrap_external>(1037): <frozen importlib._bootstrap_external>(1038): <frozen importlib._bootstrap_external>(1036): <frozen importlib._bootstrap_external>(1040): <frozen importlib._bootstrap_external>(1041):  --- modulename: _bootstrap_external, funcname: _classify_pyc
<frozen importlib._bootstrap_external>(658): <frozen importlib._bootstrap_external>(659): <frozen importlib._bootstrap_external>(663): <frozen importlib._bootstrap_external>(667):  --- modulename: _bootstrap_external, funcname: _unpack_uint32
<frozen importlib._bootstrap_external>(86): <frozen importlib._bootstrap_external>(87): <frozen importlib._bootstrap_external>(669): <frozen importlib._bootstrap_external>(672): <frozen importlib._bootstrap_external>(1042): <frozen importlib._bootstrap_external>(1043): <frozen importlib._bootstrap_external>(1044): <frozen importlib._bootstrap_external>(1057): <frozen importlib._bootstrap_external>(1058): <frozen importlib._bootstrap_external>(1059): <frozen importlib._bootstrap_external>(1060): <frozen importlib._bootstrap_external>(1061): <frozen importlib._bootstrap_external>(1062): <frozen importlib._bootstrap_external>(1057):  --- modulename: _bootstrap_external, funcname: _validate_timestamp_pyc
<frozen importlib._bootstrap_external>(694):  --- modulename: _bootstrap_external, funcname: _unpack_uint32
<frozen importlib._bootstrap_external>(86): <frozen importlib._bootstrap_external>(87): <frozen importlib._bootstrap_external>(698): <frozen importlib._bootstrap_external>(699):  --- modulename: _bootstrap_external, funcname: _unpack_uint32
<frozen importlib._bootstrap_external>(86): <frozen importlib._bootstrap_external>(87): <frozen importlib._bootstrap_external>(698): <frozen importlib._bootstrap_external>(1067): <frozen importlib._bootstrap_external>(1068): <frozen importlib._bootstrap_external>(1067):  --- modulename: _bootstrap, funcname: _verbose_message
<frozen importlib._bootstrap>(246): <frozen importlib._bootstrap_external>(1069): <frozen importlib._bootstrap_external>(1070): <frozen importlib._bootstrap_external>(1071): <frozen importlib._bootstrap_external>(1069):  --- modulename: _bootstrap_external, funcname: _compile_bytecode
<frozen importlib._bootstrap_external>(729): <frozen importlib._bootstrap_external>(730): <frozen importlib._bootstrap_external>(731):  --- modulename: _bootstrap, funcname: _verbose_message
<frozen importlib._bootstrap>(246): <frozen importlib._bootstrap_external>(732): <frozen importlib._bootstrap_external>(733): <frozen importlib._bootstrap_external>(734): <frozen importlib._bootstrap_external>(937): <frozen importlib._bootstrap_external>(940):  --- modulename: _bootstrap, funcname: _call_with_frames_removed
<frozen importlib._bootstrap>(241):  --- modulename: bz2, funcname: <module>
bz2.py(1): """Interface to the libbzip2 compression library.
bz2.py(7): __all__ = ["BZ2File", "BZ2Compressor", "BZ2Decompressor",
bz2.py(10): __author__ = "Nadeem Vawda <nadeem.vawda@gmail.com>"
bz2.py(12): from builtins import open as _builtin_open
bz2.py(13): import io
bz2.py(14): import os
bz2.py(15): import _compression
 --- modulename: _bootstrap, funcname: _find_and_load
<frozen importlib._bootstrap>(1172): <frozen importlib._bootstrap>(1173): <frozen importlib._bootstrap>(1175):  --- modulename: _bootstrap, funcname: __init__
<frozen importlib._bootstrap>(166): <frozen importlib._bootstrap>(167):  --- modulename: _bootstrap, funcname: __enter__
<frozen importlib._bootstrap>(170):  --- modulename: _bootstrap, funcname: _get_module_lock
<frozen importlib._bootstrap>(185): <frozen importlib._bootstrap>(186): <frozen importlib._bootstrap>(187): <frozen importlib._bootstrap>(188): <frozen importlib._bootstrap>(189): <frozen importlib._bootstrap>(190): <frozen importlib._bootstrap>(192): <frozen importlib._bootstrap>(193): <frozen importlib._bootstrap>(196):  --- modulename: _bootstrap, funcname: __init__
<frozen importlib._bootstrap>(72): <frozen importlib._bootstrap>(73): <frozen importlib._bootstrap>(74): <frozen importlib._bootstrap>(75): <frozen importlib._bootstrap>(76): <frozen importlib._bootstrap>(77): <frozen importlib._bootstrap>(198): <frozen importlib._bootstrap>(209): <frozen importlib._bootstrap>(211): <frozen importlib._bootstrap>(213): <frozen importlib._bootstrap>(171):  --- modulename: _bootstrap, funcname: acquire
<frozen importlib._bootstrap>(106): <frozen importlib._bootstrap>(107): <frozen importlib._bootstrap>(108): <frozen importlib._bootstrap>(109): <frozen importlib._bootstrap>(110): <frozen importlib._bootstrap>(111): <frozen importlib._bootstrap>(112): <frozen importlib._bootstrap>(113): <frozen importlib._bootstrap>(114): <frozen importlib._bootstrap>(110): <frozen importlib._bootstrap>(123): <frozen importlib._bootstrap>(1176): <frozen importlib._bootstrap>(1177): <frozen importlib._bootstrap>(1178):  --- modulename: _bootstrap, funcname: _find_and_load_unlocked
<frozen importlib._bootstrap>(1123): <frozen importlib._bootstrap>(1124): <frozen importlib._bootstrap>(1125): <frozen importlib._bootstrap>(1126): <frozen importlib._bootstrap>(1140):  --- modulename: _bootstrap, funcname: _find_spec
<frozen importlib._bootstrap>(1058): <frozen importlib._bootstrap>(1059): <frozen importlib._bootstrap>(1064): <frozen importlib._bootstrap>(1070): <frozen importlib._bootstrap>(1071): <frozen importlib._bootstrap>(1072):  --- modulename: _bootstrap, funcname: __enter__
<frozen importlib._bootstrap>(1030): <frozen importlib._bootstrap>(1073): <frozen importlib._bootstrap>(1074): <frozen importlib._bootstrap>(1080): <frozen importlib._bootstrap>(1072):  --- modulename: _bootstrap, funcname: __exit__
<frozen importlib._bootstrap>(1034): <frozen importlib._bootstrap>(1081): <frozen importlib._bootstrap>(1071): <frozen importlib._bootstrap>(1072):  --- modulename: _bootstrap, funcname: __enter__
<frozen importlib._bootstrap>(1030): <frozen importlib._bootstrap>(1073): <frozen importlib._bootstrap>(1074): <frozen importlib._bootstrap>(1080): <frozen importlib._bootstrap>(1072):  --- modulename: _bootstrap, funcname: __exit__
<frozen importlib._bootstrap>(1034): <frozen importlib._bootstrap>(1081): <frozen importlib._bootstrap>(1071): <frozen importlib._bootstrap>(1072):  --- modulename: _bootstrap, funcname: __enter__
<frozen importlib._bootstrap>(1030): <frozen importlib._bootstrap>(1073): <frozen importlib._bootstrap>(1074): <frozen importlib._bootstrap>(1080):  --- modulename: _bootstrap, funcname: find_spec
<frozen importlib._bootstrap>(750): <frozen importlib._bootstrap>(752): <frozen importlib._bootstrap>(755): <frozen importlib._bootstrap>(1072):  --- modulename: _bootstrap, funcname: __exit__
<frozen importlib._bootstrap>(1034): <frozen importlib._bootstrap>(1081): <frozen importlib._bootstrap>(1071): <frozen importlib._bootstrap>(1072):  --- modulename: _bootstrap, funcname: __enter__
<frozen importlib._bootstrap>(1030): <frozen importlib._bootstrap>(1073): <frozen importlib._bootstrap>(1074): <frozen importlib._bootstrap>(1080):  --- modulename: _bootstrap, funcname: find_spec
<frozen importlib._bootstrap>(924):  --- modulename: _bootstrap, funcname: _call_with_frames_removed
<frozen importlib._bootstrap>(241): <frozen importlib._bootstrap>(925): <frozen importlib._bootstrap>(926): <frozen importlib._bootstrap>(1072):  --- modulename: _bootstrap, funcname: __exit__
<frozen importlib._bootstrap>(1034): <frozen importlib._bootstrap>(1081): <frozen importlib._bootstrap>(1071): <frozen importlib._bootstrap>(1072):  --- modulename: _bootstrap, funcname: __enter__
<frozen importlib._bootstrap>(1030): <frozen importlib._bootstrap>(1073): <frozen importlib._bootstrap>(1074): <frozen importlib._bootstrap>(1080):  --- modulename: _bootstrap_external, funcname: find_spec
<frozen importlib._bootstrap_external>(1502): <frozen importlib._bootstrap_external>(1503): <frozen importlib._bootstrap_external>(1504):  --- modulename: _bootstrap_external, funcname: _get_spec
<frozen importlib._bootstrap_external>(1469): <frozen importlib._bootstrap_external>(1470): <frozen importlib._bootstrap_external>(1471): <frozen importlib._bootstrap_external>(1473):  --- modulename: _bootstrap_external, funcname: _path_importer_cache
<frozen importlib._bootstrap_external>(1429): <frozen importlib._bootstrap_external>(1436): <frozen importlib._bootstrap_external>(1437): <frozen importlib._bootstrap_external>(1441): <frozen importlib._bootstrap_external>(1474): <frozen importlib._bootstrap_external>(1475): <frozen importlib._bootstrap_external>(1476):  --- modulename: _bootstrap_external, funcname: find_spec
<frozen importlib._bootstrap_external>(1609): <frozen importlib._bootstrap_external>(1610): <frozen importlib._bootstrap_external>(1611): <frozen importlib._bootstrap_external>(1612):  --- modulename: _bootstrap_external, funcname: _path_stat
<frozen importlib._bootstrap_external>(147): <frozen importlib._bootstrap_external>(1615): <frozen importlib._bootstrap_external>(1619):  --- modulename: _bootstrap_external, funcname: _relax_case
<frozen importlib._bootstrap_external>(69): <frozen importlib._bootstrap_external>(1623): <frozen importlib._bootstrap_external>(1624): <frozen importlib._bootstrap_external>(1626): <frozen importlib._bootstrap_external>(1638): <frozen importlib._bootstrap_external>(1639): <frozen importlib._bootstrap_external>(1640):  --- modulename: _bootstrap_external, funcname: _path_join
<frozen importlib._bootstrap_external>(98): <frozen importlib._bootstrap_external>(100): <frozen importlib._bootstrap_external>(102): <frozen importlib._bootstrap_external>(103): <frozen importlib._bootstrap_external>(104): <frozen importlib._bootstrap_external>(105): <frozen importlib._bootstrap_external>(106): <frozen importlib._bootstrap_external>(107): <frozen importlib._bootstrap_external>(104): <frozen importlib._bootstrap_external>(105): <frozen importlib._bootstrap_external>(108): <frozen importlib._bootstrap_external>(117): <frozen importlib._bootstrap_external>(118): <frozen importlib._bootstrap_external>(104): <frozen importlib._bootstrap_external>(119):  --- modulename: _bootstrap_external, funcname: <listcomp>
<frozen importlib._bootstrap_external>(119): <frozen importlib._bootstrap_external>(119): <frozen importlib._bootstrap_external>(119): <frozen importlib._bootstrap_external>(120): <frozen importlib._bootstrap_external>(123): <frozen importlib._bootstrap_external>(1643):  --- modulename: _bootstrap, funcname: _verbose_message
<frozen importlib._bootstrap>(246): <frozen importlib._bootstrap_external>(1644): <frozen importlib._bootstrap_external>(1638): <frozen importlib._bootstrap_external>(1639): <frozen importlib._bootstrap_external>(1640):  --- modulename: _bootstrap_external, funcname: _path_join
<frozen importlib._bootstrap_external>(98): <frozen importlib._bootstrap_external>(100): <frozen importlib._bootstrap_external>(102): <frozen importlib._bootstrap_external>(103): <frozen importlib._bootstrap_external>(104): <frozen importlib._bootstrap_external>(105): <frozen importlib._bootstrap_external>(106): <frozen importlib._bootstrap_external>(107): <frozen importlib._bootstrap_external>(104): <frozen importlib._bootstrap_external>(105): <frozen importlib._bootstrap_external>(108): <frozen importlib._bootstrap_external>(117): <frozen importlib._bootstrap_external>(118): <frozen importlib._bootstrap_external>(104): <frozen importlib._bootstrap_external>(119):  --- modulename: _bootstrap_external, funcname: <listcomp>
<frozen importlib._bootstrap_external>(119): <frozen importlib._bootstrap_external>(119): <frozen importlib._bootstrap_external>(119): <frozen importlib._bootstrap_external>(120): <frozen importlib._bootstrap_external>(123): <frozen importlib._bootstrap_external>(1643):  --- modulename: _bootstrap, funcname: _verbose_message
<frozen importlib._bootstrap>(246): <frozen importlib._bootstrap_external>(1644): <frozen importlib._bootstrap_external>(1638): <frozen importlib._bootstrap_external>(1639): <frozen importlib._bootstrap_external>(1640):  --- modulename: _bootstrap_external, funcname: _path_join
<frozen importlib._bootstrap_external>(98): <frozen importlib._bootstrap_external>(100): <frozen importlib._bootstrap_external>(102): <frozen importlib._bootstrap_external>(103): <frozen importlib._bootstrap_external>(104): <frozen importlib._bootstrap_external>(105): <frozen importlib._bootstrap_external>(106): <frozen importlib._bootstrap_external>(107): <frozen importlib._bootstrap_external>(104): <frozen importlib._bootstrap_external>(105): <frozen importlib._bootstrap_external>(108): <frozen importlib._bootstrap_external>(117): <frozen importlib._bootstrap_external>(118): <frozen importlib._bootstrap_external>(104): <frozen importlib._bootstrap_external>(119):  --- modulename: _bootstrap_external, funcname: <listcomp>
<frozen importlib._bootstrap_external>(119): <frozen importlib._bootstrap_external>(119): <frozen importlib._bootstrap_external>(119): <frozen importlib._bootstrap_external>(120): <frozen importlib._bootstrap_external>(123): <frozen importlib._bootstrap_external>(1643):  --- modulename: _bootstrap, funcname: _verbose_message
<frozen importlib._bootstrap>(246): <frozen importlib._bootstrap_external>(1644): <frozen importlib._bootstrap_external>(1638): <frozen importlib._bootstrap_external>(1639): <frozen importlib._bootstrap_external>(1640):  --- modulename: _bootstrap_external, funcname: _path_join
<frozen importlib._bootstrap_external>(98): <frozen importlib._bootstrap_external>(100): <frozen importlib._bootstrap_external>(102): <frozen importlib._bootstrap_external>(103): <frozen importlib._bootstrap_external>(104): <frozen importlib._bootstrap_external>(105): <frozen importlib._bootstrap_external>(106): <frozen importlib._bootstrap_external>(107): <frozen importlib._bootstrap_external>(104): <frozen importlib._bootstrap_external>(105): <frozen importlib._bootstrap_external>(108): <frozen importlib._bootstrap_external>(117): <frozen importlib._bootstrap_external>(118): <frozen importlib._bootstrap_external>(104): <frozen importlib._bootstrap_external>(119):  --- modulename: _bootstrap_external, funcname: <listcomp>
<frozen importlib._bootstrap_external>(119): <frozen importlib._bootstrap_external>(119): <frozen importlib._bootstrap_external>(119): <frozen importlib._bootstrap_external>(120): <frozen importlib._bootstrap_external>(123): <frozen importlib._bootstrap_external>(1643):  --- modulename: _bootstrap, funcname: _verbose_message
<frozen importlib._bootstrap>(246): <frozen importlib._bootstrap_external>(1644): <frozen importlib._bootstrap_external>(1638): <frozen importlib._bootstrap_external>(1639): <frozen importlib._bootstrap_external>(1640):  --- modulename: _bootstrap_external, funcname: _path_join
<frozen importlib._bootstrap_external>(98): <frozen importlib._bootstrap_external>(100): <frozen importlib._bootstrap_external>(102): <frozen importlib._bootstrap_external>(103): <frozen importlib._bootstrap_external>(104): <frozen importlib._bootstrap_external>(105): <frozen importlib._bootstrap_external>(106): <frozen importlib._bootstrap_external>(107): <frozen importlib._bootstrap_external>(104): <frozen importlib._bootstrap_external>(105): <frozen importlib._bootstrap_external>(108): <frozen importlib._bootstrap_external>(117): <frozen importlib._bootstrap_external>(118): <frozen importlib._bootstrap_external>(104): <frozen importlib._bootstrap_external>(119):  --- modulename: _bootstrap_external, funcname: <listcomp>
<frozen importlib._bootstrap_external>(119): <frozen importlib._bootstrap_external>(119): <frozen importlib._bootstrap_external>(119): <frozen importlib._bootstrap_external>(120): <frozen importlib._bootstrap_external>(123): <frozen importlib._bootstrap_external>(1643):  --- modulename: _bootstrap, funcname: _verbose_message
<frozen importlib._bootstrap>(246): <frozen importlib._bootstrap_external>(1644): <frozen importlib._bootstrap_external>(1638): <frozen importlib._bootstrap_external>(1648): <frozen importlib._bootstrap_external>(1653): <frozen importlib._bootstrap_external>(1479): <frozen importlib._bootstrap_external>(1480): <frozen importlib._bootstrap_external>(1470): <frozen importlib._bootstrap_external>(1471): <frozen importlib._bootstrap_external>(1473):  --- modulename: _bootstrap_external, funcname: _path_importer_cache
<frozen importlib._bootstrap_external>(1429): <frozen importlib._bootstrap_external>(1436): <frozen importlib._bootstrap_external>(1437): <frozen importlib._bootstrap_external>(1441): <frozen importlib._bootstrap_external>(1474): <frozen importlib._bootstrap_external>(1470): <frozen importlib._bootstrap_external>(1471): <frozen importlib._bootstrap_external>(1473):  --- modulename: _bootstrap_external, funcname: _path_importer_cache
<frozen importlib._bootstrap_external>(1429): <frozen importlib._bootstrap_external>(1436): <frozen importlib._bootstrap_external>(1437): <frozen importlib._bootstrap_external>(1441): <frozen importlib._bootstrap_external>(1474): <frozen importlib._bootstrap_external>(1475): <frozen importlib._bootstrap_external>(1476):  --- modulename: _bootstrap_external, funcname: find_spec
<frozen importlib._bootstrap_external>(1609): <frozen importlib._bootstrap_external>(1610): <frozen importlib._bootstrap_external>(1611): <frozen importlib._bootstrap_external>(1612):  --- modulename: _bootstrap_external, funcname: _path_stat
<frozen importlib._bootstrap_external>(147): <frozen importlib._bootstrap_external>(1615): <frozen importlib._bootstrap_external>(1619):  --- modulename: _bootstrap_external, funcname: _relax_case
<frozen importlib._bootstrap_external>(69): <frozen importlib._bootstrap_external>(1623): <frozen importlib._bootstrap_external>(1624): <frozen importlib._bootstrap_external>(1626): <frozen importlib._bootstrap_external>(1638): <frozen importlib._bootstrap_external>(1639): <frozen importlib._bootstrap_external>(1640):  --- modulename: _bootstrap_external, funcname: _path_join
<frozen importlib._bootstrap_external>(98): <frozen importlib._bootstrap_external>(100): <frozen importlib._bootstrap_external>(102): <frozen importlib._bootstrap_external>(103): <frozen importlib._bootstrap_external>(104): <frozen importlib._bootstrap_external>(105): <frozen importlib._bootstrap_external>(106): <frozen importlib._bootstrap_external>(107): <frozen importlib._bootstrap_external>(104): <frozen importlib._bootstrap_external>(105): <frozen importlib._bootstrap_external>(108): <frozen importlib._bootstrap_external>(117): <frozen importlib._bootstrap_external>(118): <frozen importlib._bootstrap_external>(104): <frozen importlib._bootstrap_external>(119):  --- modulename: _bootstrap_external, funcname: <listcomp>
<frozen importlib._bootstrap_external>(119): <frozen importlib._bootstrap_external>(119): <frozen importlib._bootstrap_external>(119): <frozen importlib._bootstrap_external>(120): <frozen importlib._bootstrap_external>(123): <frozen importlib._bootstrap_external>(1643):  --- modulename: _bootstrap, funcname: _verbose_message
<frozen importlib._bootstrap>(246): <frozen importlib._bootstrap_external>(1644): <frozen importlib._bootstrap_external>(1638): <frozen importlib._bootstrap_external>(1639): <frozen importlib._bootstrap_external>(1640):  --- modulename: _bootstrap_external, funcname: _path_join
<frozen importlib._bootstrap_external>(98): <frozen importlib._bootstrap_external>(100): <frozen importlib._bootstrap_external>(102): <frozen importlib._bootstrap_external>(103): <frozen importlib._bootstrap_external>(104): <frozen importlib._bootstrap_external>(105): <frozen importlib._bootstrap_external>(106): <frozen importlib._bootstrap_external>(107): <frozen importlib._bootstrap_external>(104): <frozen importlib._bootstrap_external>(105): <frozen importlib._bootstrap_external>(108): <frozen importlib._bootstrap_external>(117): <frozen importlib._bootstrap_external>(118): <frozen importlib._bootstrap_external>(104): <frozen importlib._bootstrap_external>(119):  --- modulename: _bootstrap_external, funcname: <listcomp>
<frozen importlib._bootstrap_external>(119): <frozen importlib._bootstrap_external>(119): <frozen importlib._bootstrap_external>(119): <frozen importlib._bootstrap_external>(120): <frozen importlib._bootstrap_external>(123): <frozen importlib._bootstrap_external>(1643):  --- modulename: _bootstrap, funcname: _verbose_message
<frozen importlib._bootstrap>(246): <frozen importlib._bootstrap_external>(1644): <frozen importlib._bootstrap_external>(1638): <frozen importlib._bootstrap_external>(1639): <frozen importlib._bootstrap_external>(1640):  --- modulename: _bootstrap_external, funcname: _path_join
<frozen importlib._bootstrap_external>(98): <frozen importlib._bootstrap_external>(100): <frozen importlib._bootstrap_external>(102): <frozen importlib._bootstrap_external>(103): <frozen importlib._bootstrap_external>(104): <frozen importlib._bootstrap_external>(105): <frozen importlib._bootstrap_external>(106): <frozen importlib._bootstrap_external>(107): <frozen importlib._bootstrap_external>(104): <frozen importlib._bootstrap_external>(105): <frozen importlib._bootstrap_external>(108): <frozen importlib._bootstrap_external>(117): <frozen importlib._bootstrap_external>(118): <frozen importlib._bootstrap_external>(104): <frozen importlib._bootstrap_external>(119):  --- modulename: _bootstrap_external, funcname: <listcomp>
<frozen importlib._bootstrap_external>(119): <frozen importlib._bootstrap_external>(119): <frozen importlib._bootstrap_external>(119): <frozen importlib._bootstrap_external>(120): <frozen importlib._bootstrap_external>(123): <frozen importlib._bootstrap_external>(1643):  --- modulename: _bootstrap, funcname: _verbose_message
<frozen importlib._bootstrap>(246): <frozen importlib._bootstrap_external>(1644): <frozen importlib._bootstrap_external>(1638): <frozen importlib._bootstrap_external>(1639): <frozen importlib._bootstrap_external>(1640):  --- modulename: _bootstrap_external, funcname: _path_join
<frozen importlib._bootstrap_external>(98): <frozen importlib._bootstrap_external>(100): <frozen importlib._bootstrap_external>(102): <frozen importlib._bootstrap_external>(103): <frozen importlib._bootstrap_external>(104): <frozen importlib._bootstrap_external>(105): <frozen importlib._bootstrap_external>(106): <frozen importlib._bootstrap_external>(107): <frozen importlib._bootstrap_external>(104): <frozen importlib._bootstrap_external>(105): <frozen importlib._bootstrap_external>(108): <frozen importlib._bootstrap_external>(117): <frozen importlib._bootstrap_external>(118): <frozen importlib._bootstrap_external>(104): <frozen importlib._bootstrap_external>(119):  --- modulename: _bootstrap_external, funcname: <listcomp>
<frozen importlib._bootstrap_external>(119): <frozen importlib._bootstrap_external>(119): <frozen importlib._bootstrap_external>(119): <frozen importlib._bootstrap_external>(120): <frozen importlib._bootstrap_external>(123): <frozen importlib._bootstrap_external>(1643):  --- modulename: _bootstrap, funcname: _verbose_message
<frozen importlib._bootstrap>(246): <frozen importlib._bootstrap_external>(1644): <frozen importlib._bootstrap_external>(1638): <frozen importlib._bootstrap_external>(1639): <frozen importlib._bootstrap_external>(1640):  --- modulename: _bootstrap_external, funcname: _path_join
<frozen importlib._bootstrap_external>(98): <frozen importlib._bootstrap_external>(100): <frozen importlib._bootstrap_external>(102): <frozen importlib._bootstrap_external>(103): <frozen importlib._bootstrap_external>(104): <frozen importlib._bootstrap_external>(105): <frozen importlib._bootstrap_external>(106): <frozen importlib._bootstrap_external>(107): <frozen importlib._bootstrap_external>(104): <frozen importlib._bootstrap_external>(105): <frozen importlib._bootstrap_external>(108): <frozen importlib._bootstrap_external>(117): <frozen importlib._bootstrap_external>(118): <frozen importlib._bootstrap_external>(104): <frozen importlib._bootstrap_external>(119):  --- modulename: _bootstrap_external, funcname: <listcomp>
<frozen importlib._bootstrap_external>(119): <frozen importlib._bootstrap_external>(119): <frozen importlib._bootstrap_external>(119): <frozen importlib._bootstrap_external>(120): <frozen importlib._bootstrap_external>(123): <frozen importlib._bootstrap_external>(1643):  --- modulename: _bootstrap, funcname: _verbose_message
<frozen importlib._bootstrap>(246): <frozen importlib._bootstrap_external>(1644): <frozen importlib._bootstrap_external>(1638): <frozen importlib._bootstrap_external>(1648): <frozen importlib._bootstrap_external>(1653): <frozen importlib._bootstrap_external>(1479): <frozen importlib._bootstrap_external>(1480): <frozen importlib._bootstrap_external>(1470): <frozen importlib._bootstrap_external>(1471): <frozen importlib._bootstrap_external>(1473):  --- modulename: _bootstrap_external, funcname: _path_importer_cache
<frozen importlib._bootstrap_external>(1429): <frozen importlib._bootstrap_external>(1436): <frozen importlib._bootstrap_external>(1437): <frozen importlib._bootstrap_external>(1441): <frozen importlib._bootstrap_external>(1474): <frozen importlib._bootstrap_external>(1475): <frozen importlib._bootstrap_external>(1476):  --- modulename: _bootstrap_external, funcname: find_spec
<frozen importlib._bootstrap_external>(1609): <frozen importlib._bootstrap_external>(1610): <frozen importlib._bootstrap_external>(1611): <frozen importlib._bootstrap_external>(1612):  --- modulename: _bootstrap_external, funcname: _path_stat
<frozen importlib._bootstrap_external>(147): <frozen importlib._bootstrap_external>(1615): <frozen importlib._bootstrap_external>(1619):  --- modulename: _bootstrap_external, funcname: _relax_case
<frozen importlib._bootstrap_external>(69): <frozen importlib._bootstrap_external>(1623): <frozen importlib._bootstrap_external>(1624): <frozen importlib._bootstrap_external>(1626): <frozen importlib._bootstrap_external>(1638): <frozen importlib._bootstrap_external>(1639): <frozen importlib._bootstrap_external>(1640):  --- modulename: _bootstrap_external, funcname: _path_join
<frozen importlib._bootstrap_external>(98): <frozen importlib._bootstrap_external>(100): <frozen importlib._bootstrap_external>(102): <frozen importlib._bootstrap_external>(103): <frozen importlib._bootstrap_external>(104): <frozen importlib._bootstrap_external>(105): <frozen importlib._bootstrap_external>(106): <frozen importlib._bootstrap_external>(107): <frozen importlib._bootstrap_external>(104): <frozen importlib._bootstrap_external>(105): <frozen importlib._bootstrap_external>(108): <frozen importlib._bootstrap_external>(117): <frozen importlib._bootstrap_external>(118): <frozen importlib._bootstrap_external>(104): <frozen importlib._bootstrap_external>(119):  --- modulename: _bootstrap_external, funcname: <listcomp>
<frozen importlib._bootstrap_external>(119): <frozen importlib._bootstrap_external>(119): <frozen importlib._bootstrap_external>(119): <frozen importlib._bootstrap_external>(120): <frozen importlib._bootstrap_external>(123): <frozen importlib._bootstrap_external>(1643):  --- modulename: _bootstrap, funcname: _verbose_message
<frozen importlib._bootstrap>(246): <frozen importlib._bootstrap_external>(1644): <frozen importlib._bootstrap_external>(1638): <frozen importlib._bootstrap_external>(1639): <frozen importlib._bootstrap_external>(1640):  --- modulename: _bootstrap_external, funcname: _path_join
<frozen importlib._bootstrap_external>(98): <frozen importlib._bootstrap_external>(100): <frozen importlib._bootstrap_external>(102): <frozen importlib._bootstrap_external>(103): <frozen importlib._bootstrap_external>(104): <frozen importlib._bootstrap_external>(105): <frozen importlib._bootstrap_external>(106): <frozen importlib._bootstrap_external>(107): <frozen importlib._bootstrap_external>(104): <frozen importlib._bootstrap_external>(105): <frozen importlib._bootstrap_external>(108): <frozen importlib._bootstrap_external>(117): <frozen importlib._bootstrap_external>(118): <frozen importlib._bootstrap_external>(104): <frozen importlib._bootstrap_external>(119):  --- modulename: _bootstrap_external, funcname: <listcomp>
<frozen importlib._bootstrap_external>(119): <frozen importlib._bootstrap_external>(119): <frozen importlib._bootstrap_external>(119): <frozen importlib._bootstrap_external>(120): <frozen importlib._bootstrap_external>(123): <frozen importlib._bootstrap_external>(1643):  --- modulename: _bootstrap, funcname: _verbose_message
<frozen importlib._bootstrap>(246): <frozen importlib._bootstrap_external>(1644): <frozen importlib._bootstrap_external>(1638): <frozen importlib._bootstrap_external>(1639): <frozen importlib._bootstrap_external>(1640):  --- modulename: _bootstrap_external, funcname: _path_join
<frozen importlib._bootstrap_external>(98): <frozen importlib._bootstrap_external>(100): <frozen importlib._bootstrap_external>(102): <frozen importlib._bootstrap_external>(103): <frozen importlib._bootstrap_external>(104): <frozen importlib._bootstrap_external>(105): <frozen importlib._bootstrap_external>(106): <frozen importlib._bootstrap_external>(107): <frozen importlib._bootstrap_external>(104): <frozen importlib._bootstrap_external>(105): <frozen importlib._bootstrap_external>(108): <frozen importlib._bootstrap_external>(117): <frozen importlib._bootstrap_external>(118): <frozen importlib._bootstrap_external>(104): <frozen importlib._bootstrap_external>(119):  --- modulename: _bootstrap_external, funcname: <listcomp>
<frozen importlib._bootstrap_external>(119): <frozen importlib._bootstrap_external>(119): <frozen importlib._bootstrap_external>(119): <frozen importlib._bootstrap_external>(120): <frozen importlib._bootstrap_external>(123): <frozen importlib._bootstrap_external>(1643):  --- modulename: _bootstrap, funcname: _verbose_message
<frozen importlib._bootstrap>(246): <frozen importlib._bootstrap_external>(1644): <frozen importlib._bootstrap_external>(1645):  --- modulename: _bootstrap_external, funcname: _path_isfile
<frozen importlib._bootstrap_external>(161):  --- modulename: _bootstrap_external, funcname: _path_is_mode_type
<frozen importlib._bootstrap_external>(152): <frozen importlib._bootstrap_external>(153):  --- modulename: _bootstrap_external, funcname: _path_stat
<frozen importlib._bootstrap_external>(147): <frozen importlib._bootstrap_external>(156): <frozen importlib._bootstrap_external>(1646): <frozen importlib._bootstrap_external>(1647): <frozen importlib._bootstrap_external>(1646):  --- modulename: _bootstrap_external, funcname: _get_spec
<frozen importlib._bootstrap_external>(1600):  --- modulename: _bootstrap_external, funcname: __init__
<frozen importlib._bootstrap_external>(1100): <frozen importlib._bootstrap_external>(1101): <frozen importlib._bootstrap_external>(1601): <frozen importlib._bootstrap_external>(1602): <frozen importlib._bootstrap_external>(1601):  --- modulename: _bootstrap_external, funcname: spec_from_file_location
<frozen importlib._bootstrap_external>(790): <frozen importlib._bootstrap_external>(802): <frozen importlib._bootstrap_external>(803):  --- modulename: _bootstrap_external, funcname: _path_isabs
<frozen importlib._bootstrap_external>(174): <frozen importlib._bootstrap_external>(176): <frozen importlib._bootstrap_external>(177): <frozen importlib._bootstrap_external>(815):  --- modulename: _bootstrap, funcname: __init__
<frozen importlib._bootstrap>(359): <frozen importlib._bootstrap>(360): <frozen importlib._bootstrap>(361): <frozen importlib._bootstrap>(362): <frozen importlib._bootstrap>(363): <frozen importlib._bootstrap>(364): <frozen importlib._bootstrap>(367): <frozen importlib._bootstrap>(368): <frozen importlib._bootstrap_external>(816): <frozen importlib._bootstrap_external>(819): <frozen importlib._bootstrap_external>(829): <frozen importlib._bootstrap_external>(840): <frozen importlib._bootstrap_external>(841): <frozen importlib._bootstrap_external>(846): <frozen importlib._bootstrap_external>(1479): <frozen importlib._bootstrap_external>(1481): <frozen importlib._bootstrap_external>(1482): <frozen importlib._bootstrap_external>(1505): <frozen importlib._bootstrap_external>(1507): <frozen importlib._bootstrap_external>(1518): <frozen importlib._bootstrap>(1072):  --- modulename: _bootstrap, funcname: __exit__
<frozen importlib._bootstrap>(1034): <frozen importlib._bootstrap>(1081): <frozen importlib._bootstrap>(1083): <frozen importlib._bootstrap>(1098): <frozen importlib._bootstrap>(1141): <frozen importlib._bootstrap>(1144): <frozen importlib._bootstrap>(1148): <frozen importlib._bootstrap>(1149):  --- modulename: _bootstrap, funcname: _load_unlocked
<frozen importlib._bootstrap>(668): <frozen importlib._bootstrap>(670): <frozen importlib._bootstrap>(676):  --- modulename: _bootstrap, funcname: module_from_spec
<frozen importlib._bootstrap>(569): <frozen importlib._bootstrap>(570): <frozen importlib._bootstrap>(573):  --- modulename: _bootstrap_external, funcname: create_module
<frozen importlib._bootstrap_external>(931): <frozen importlib._bootstrap>(577): <frozen importlib._bootstrap>(578):  --- modulename: _bootstrap, funcname: _new_module
<frozen importlib._bootstrap>(49): <frozen importlib._bootstrap>(579):  --- modulename: _bootstrap, funcname: _init_module_attrs
<frozen importlib._bootstrap>(497): <frozen importlib._bootstrap>(503): <frozen importlib._bootstrap>(504): <frozen importlib._bootstrap>(505): <frozen importlib._bootstrap>(526): <frozen importlib._bootstrap>(527): <frozen importlib._bootstrap>(531): <frozen importlib._bootstrap>(532): <frozen importlib._bootstrap>(533):  --- modulename: _bootstrap, funcname: parent
<frozen importlib._bootstrap>(408): <frozen importlib._bootstrap>(409): <frozen importlib._bootstrap>(537): <frozen importlib._bootstrap>(538): <frozen importlib._bootstrap>(542): <frozen importlib._bootstrap>(543): <frozen importlib._bootstrap>(550):  --- modulename: _bootstrap, funcname: has_location
<frozen importlib._bootstrap>(415): <frozen importlib._bootstrap>(551): <frozen importlib._bootstrap>(552): <frozen importlib._bootstrap>(553): <frozen importlib._bootstrap>(557): <frozen importlib._bootstrap>(558):  --- modulename: _bootstrap, funcname: cached
<frozen importlib._bootstrap>(394): <frozen importlib._bootstrap>(395): <frozen importlib._bootstrap>(396): <frozen importlib._bootstrap>(398):  --- modulename: _bootstrap_external, funcname: _get_cached
<frozen importlib._bootstrap_external>(568): <frozen importlib._bootstrap_external>(569): <frozen importlib._bootstrap_external>(570):  --- modulename: _bootstrap_external, funcname: cache_from_source
<frozen importlib._bootstrap_external>(455): <frozen importlib._bootstrap_external>(462): <frozen importlib._bootstrap_external>(463):  --- modulename: _bootstrap_external, funcname: _path_split
<frozen importlib._bootstrap_external>(134):  --- modulename: _bootstrap_external, funcname: <genexpr>
<frozen importlib._bootstrap_external>(134):  --- modulename: _bootstrap_external, funcname: <genexpr>
<frozen importlib._bootstrap_external>(134):  --- modulename: _bootstrap_external, funcname: <genexpr>
<frozen importlib._bootstrap_external>(134): <frozen importlib._bootstrap_external>(135): <frozen importlib._bootstrap_external>(137): <frozen importlib._bootstrap_external>(464): <frozen importlib._bootstrap_external>(465): <frozen importlib._bootstrap_external>(466): <frozen importlib._bootstrap_external>(468): <frozen importlib._bootstrap_external>(469): <frozen importlib._bootstrap_external>(470): <frozen importlib._bootstrap_external>(471): <frozen importlib._bootstrap_external>(474): <frozen importlib._bootstrap_external>(475): <frozen importlib._bootstrap_external>(479): <frozen importlib._bootstrap_external>(480): <frozen importlib._bootstrap_external>(505):  --- modulename: _bootstrap_external, funcname: _path_join
<frozen importlib._bootstrap_external>(98): <frozen importlib._bootstrap_external>(100): <frozen importlib._bootstrap_external>(102): <frozen importlib._bootstrap_external>(103): <frozen importlib._bootstrap_external>(104): <frozen importlib._bootstrap_external>(105): <frozen importlib._bootstrap_external>(106): <frozen importlib._bootstrap_external>(107): <frozen importlib._bootstrap_external>(104): <frozen importlib._bootstrap_external>(105): <frozen importlib._bootstrap_external>(108): <frozen importlib._bootstrap_external>(117): <frozen importlib._bootstrap_external>(118): <frozen importlib._bootstrap_external>(104): <frozen importlib._bootstrap_external>(105): <frozen importlib._bootstrap_external>(108): <frozen importlib._bootstrap_external>(117): <frozen importlib._bootstrap_external>(118): <frozen importlib._bootstrap_external>(104): <frozen importlib._bootstrap_external>(119):  --- modulename: _bootstrap_external, funcname: <listcomp>
<frozen importlib._bootstrap_external>(119): <frozen importlib._bootstrap_external>(119): <frozen importlib._bootstrap_external>(119): <frozen importlib._bootstrap_external>(119): <frozen importlib._bootstrap_external>(120): <frozen importlib._bootstrap_external>(123): <frozen importlib._bootstrap>(399): <frozen importlib._bootstrap>(559): <frozen importlib._bootstrap>(560):  --- modulename: _bootstrap, funcname: cached
<frozen importlib._bootstrap>(394): <frozen importlib._bootstrap>(399): <frozen importlib._bootstrap>(563): <frozen importlib._bootstrap>(580): <frozen importlib._bootstrap>(681): <frozen importlib._bootstrap>(682): <frozen importlib._bootstrap>(683): <frozen importlib._bootstrap>(684): <frozen importlib._bootstrap>(685): <frozen importlib._bootstrap>(690):  --- modulename: _bootstrap_external, funcname: exec_module
<frozen importlib._bootstrap_external>(936):  --- modulename: _bootstrap_external, funcname: get_code
<frozen importlib._bootstrap_external>(1014):  --- modulename: _bootstrap_external, funcname: _check_name_wrapper
<frozen importlib._bootstrap_external>(600): <frozen importlib._bootstrap_external>(602): <frozen importlib._bootstrap_external>(605):  --- modulename: _bootstrap_external, funcname: get_filename
<frozen importlib._bootstrap_external>(1125): <frozen importlib._bootstrap_external>(1015): <frozen importlib._bootstrap_external>(1016): <frozen importlib._bootstrap_external>(1017): <frozen importlib._bootstrap_external>(1018): <frozen importlib._bootstrap_external>(1019): <frozen importlib._bootstrap_external>(1020): <frozen importlib._bootstrap_external>(1021):  --- modulename: _bootstrap_external, funcname: cache_from_source
<frozen importlib._bootstrap_external>(455): <frozen importlib._bootstrap_external>(462): <frozen importlib._bootstrap_external>(463):  --- modulename: _bootstrap_external, funcname: _path_split
<frozen importlib._bootstrap_external>(134):  --- modulename: _bootstrap_external, funcname: <genexpr>
<frozen importlib._bootstrap_external>(134):  --- modulename: _bootstrap_external, funcname: <genexpr>
<frozen importlib._bootstrap_external>(134):  --- modulename: _bootstrap_external, funcname: <genexpr>
<frozen importlib._bootstrap_external>(134): <frozen importlib._bootstrap_external>(135): <frozen importlib._bootstrap_external>(137): <frozen importlib._bootstrap_external>(464): <frozen importlib._bootstrap_external>(465): <frozen importlib._bootstrap_external>(466): <frozen importlib._bootstrap_external>(468): <frozen importlib._bootstrap_external>(469): <frozen importlib._bootstrap_external>(470): <frozen importlib._bootstrap_external>(471): <frozen importlib._bootstrap_external>(474): <frozen importlib._bootstrap_external>(475): <frozen importlib._bootstrap_external>(479): <frozen importlib._bootstrap_external>(480): <frozen importlib._bootstrap_external>(505):  --- modulename: _bootstrap_external, funcname: _path_join
<frozen importlib._bootstrap_external>(98): <frozen importlib._bootstrap_external>(100): <frozen importlib._bootstrap_external>(102): <frozen importlib._bootstrap_external>(103): <frozen importlib._bootstrap_external>(104): <frozen importlib._bootstrap_external>(105): <frozen importlib._bootstrap_external>(106): <frozen importlib._bootstrap_external>(107): <frozen importlib._bootstrap_external>(104): <frozen importlib._bootstrap_external>(105): <frozen importlib._bootstrap_external>(108): <frozen importlib._bootstrap_external>(117): <frozen importlib._bootstrap_external>(118): <frozen importlib._bootstrap_external>(104): <frozen importlib._bootstrap_external>(105): <frozen importlib._bootstrap_external>(108): <frozen importlib._bootstrap_external>(117): <frozen importlib._bootstrap_external>(118): <frozen importlib._bootstrap_external>(104): <frozen importlib._bootstrap_external>(119):  --- modulename: _bootstrap_external, funcname: <listcomp>
<frozen importlib._bootstrap_external>(119): <frozen importlib._bootstrap_external>(119): <frozen importlib._bootstrap_external>(119): <frozen importlib._bootstrap_external>(119): <frozen importlib._bootstrap_external>(120): <frozen importlib._bootstrap_external>(123): <frozen importlib._bootstrap_external>(1025): <frozen importlib._bootstrap_external>(1026):  --- modulename: _bootstrap_external, funcname: path_stats
<frozen importlib._bootstrap_external>(1148):  --- modulename: _bootstrap_external, funcname: _path_stat
<frozen importlib._bootstrap_external>(147): <frozen importlib._bootstrap_external>(1149): <frozen importlib._bootstrap_external>(1030): <frozen importlib._bootstrap_external>(1031): <frozen importlib._bootstrap_external>(1032):  --- modulename: _bootstrap_external, funcname: get_data
<frozen importlib._bootstrap_external>(1129): <frozen importlib._bootstrap_external>(1130): <frozen importlib._bootstrap_external>(1131): <frozen importlib._bootstrap_external>(1130): <frozen importlib._bootstrap_external>(1037): <frozen importlib._bootstrap_external>(1038): <frozen importlib._bootstrap_external>(1036): <frozen importlib._bootstrap_external>(1040): <frozen importlib._bootstrap_external>(1041):  --- modulename: _bootstrap_external, funcname: _classify_pyc
<frozen importlib._bootstrap_external>(658): <frozen importlib._bootstrap_external>(659): <frozen importlib._bootstrap_external>(663): <frozen importlib._bootstrap_external>(667):  --- modulename: _bootstrap_external, funcname: _unpack_uint32
<frozen importlib._bootstrap_external>(86): <frozen importlib._bootstrap_external>(87): <frozen importlib._bootstrap_external>(669): <frozen importlib._bootstrap_external>(672): <frozen importlib._bootstrap_external>(1042): <frozen importlib._bootstrap_external>(1043): <frozen importlib._bootstrap_external>(1044): <frozen importlib._bootstrap_external>(1057): <frozen importlib._bootstrap_external>(1058): <frozen importlib._bootstrap_external>(1059): <frozen importlib._bootstrap_external>(1060): <frozen importlib._bootstrap_external>(1061): <frozen importlib._bootstrap_external>(1062): <frozen importlib._bootstrap_external>(1057):  --- modulename: _bootstrap_external, funcname: _validate_timestamp_pyc
<frozen importlib._bootstrap_external>(694):  --- modulename: _bootstrap_external, funcname: _unpack_uint32
<frozen importlib._bootstrap_external>(86): <frozen importlib._bootstrap_external>(87): <frozen importlib._bootstrap_external>(698): <frozen importlib._bootstrap_external>(699):  --- modulename: _bootstrap_external, funcname: _unpack_uint32
<frozen importlib._bootstrap_external>(86): <frozen importlib._bootstrap_external>(87): <frozen importlib._bootstrap_external>(698): <frozen importlib._bootstrap_external>(1067): <frozen importlib._bootstrap_external>(1068): <frozen importlib._bootstrap_external>(1067):  --- modulename: _bootstrap, funcname: _verbose_message
<frozen importlib._bootstrap>(246): <frozen importlib._bootstrap_external>(1069): <frozen importlib._bootstrap_external>(1070): <frozen importlib._bootstrap_external>(1071): <frozen importlib._bootstrap_external>(1069):  --- modulename: _bootstrap_external, funcname: _compile_bytecode
<frozen importlib._bootstrap_external>(729): <frozen importlib._bootstrap_external>(730): <frozen importlib._bootstrap_external>(731):  --- modulename: _bootstrap, funcname: _verbose_message
<frozen importlib._bootstrap>(246): <frozen importlib._bootstrap_external>(732): <frozen importlib._bootstrap_external>(733): <frozen importlib._bootstrap_external>(734): <frozen importlib._bootstrap_external>(937): <frozen importlib._bootstrap_external>(940):  --- modulename: _bootstrap, funcname: _call_with_frames_removed
<frozen importlib._bootstrap>(241):  --- modulename: _compression, funcname: <module>
_compression.py(1): """Internal classes used by the gzip, lzma and bz2 modules"""
_compression.py(3): import io
_compression.py(4): import sys
_compression.py(6): BUFFER_SIZE = io.DEFAULT_BUFFER_SIZE  # Compressed data read chunk size
_compression.py(9): class BaseStream(io.BufferedIOBase):
 --- modulename: _compression, funcname: BaseStream
_compression.py(9): class BaseStream(io.BufferedIOBase):
_compression.py(10):     """Mode-checking helper functions."""
_compression.py(12):     def _check_not_closed(self):
_compression.py(16):     def _check_can_read(self):
_compression.py(20):     def _check_can_write(self):
_compression.py(24):     def _check_can_seek(self):
 --- modulename: abc, funcname: __new__
<frozen abc>(106): <frozen abc>(107): <frozen abc>(108): _compression.py(33): class DecompressReader(io.RawIOBase):
 --- modulename: _compression, funcname: DecompressReader
_compression.py(33): class DecompressReader(io.RawIOBase):
_compression.py(34):     """Adapts the decompressor API to a RawIOBase reader API"""
_compression.py(36):     def readable(self):
_compression.py(39):     def __init__(self, fp, decomp_factory, trailing_error=(), **decomp_args):
_compression.py(59):     def close(self):
_compression.py(63):     def seekable(self):
_compression.py(66):     def readinto(self, b):
_compression.py(72):     def read(self, size=-1):
_compression.py(113):     def readall(self):
_compression.py(124):     def _rewind(self):
_compression.py(130):     def seek(self, offset, whence=io.SEEK_SET):
_compression.py(160):     def tell(self):
 --- modulename: abc, funcname: __new__
<frozen abc>(106): <frozen abc>(107): <frozen abc>(108): <frozen importlib._bootstrap>(701): <frozen importlib._bootstrap>(702): <frozen importlib._bootstrap>(703):  --- modulename: _bootstrap, funcname: _verbose_message
<frozen importlib._bootstrap>(246): <frozen importlib._bootstrap>(705): <frozen importlib._bootstrap>(707): <frozen importlib._bootstrap>(1151): <frozen importlib._bootstrap>(1153): <frozen importlib._bootstrap>(1161): <frozen importlib._bootstrap>(1175):  --- modulename: _bootstrap, funcname: __exit__
<frozen importlib._bootstrap>(174):  --- modulename: _bootstrap, funcname: release
<frozen importlib._bootstrap>(126): <frozen importlib._bootstrap>(127): <frozen importlib._bootstrap>(128): <frozen importlib._bootstrap>(130): <frozen importlib._bootstrap>(131): <frozen importlib._bootstrap>(132): <frozen importlib._bootstrap>(133): <frozen importlib._bootstrap>(134): <frozen importlib._bootstrap>(127):  --- modulename: _bootstrap, funcname: cb
<frozen importlib._bootstrap>(199): <frozen importlib._bootstrap>(200): <frozen importlib._bootstrap>(204): <frozen importlib._bootstrap>(205): <frozen importlib._bootstrap>(207): bz2.py(17): from _bz2 import BZ2Compressor, BZ2Decompressor
 --- modulename: _bootstrap, funcname: _find_and_load
<frozen importlib._bootstrap>(1172): <frozen importlib._bootstrap>(1173): <frozen importlib._bootstrap>(1175):  --- modulename: _bootstrap, funcname: __init__
<frozen importlib._bootstrap>(166): <frozen importlib._bootstrap>(167):  --- modulename: _bootstrap, funcname: __enter__
<frozen importlib._bootstrap>(170):  --- modulename: _bootstrap, funcname: _get_module_lock
<frozen importlib._bootstrap>(185): <frozen importlib._bootstrap>(186): <frozen importlib._bootstrap>(187): <frozen importlib._bootstrap>(188): <frozen importlib._bootstrap>(189): <frozen importlib._bootstrap>(190): <frozen importlib._bootstrap>(192): <frozen importlib._bootstrap>(193): <frozen importlib._bootstrap>(196):  --- modulename: _bootstrap, funcname: __init__
<frozen importlib._bootstrap>(72): <frozen importlib._bootstrap>(73): <frozen importlib._bootstrap>(74): <frozen importlib._bootstrap>(75): <frozen importlib._bootstrap>(76): <frozen importlib._bootstrap>(77): <frozen importlib._bootstrap>(198): <frozen importlib._bootstrap>(209): <frozen importlib._bootstrap>(211): <frozen importlib._bootstrap>(213): <frozen importlib._bootstrap>(171):  --- modulename: _bootstrap, funcname: acquire
<frozen importlib._bootstrap>(106): <frozen importlib._bootstrap>(107): <frozen importlib._bootstrap>(108): <frozen importlib._bootstrap>(109): <frozen importlib._bootstrap>(110): <frozen importlib._bootstrap>(111): <frozen importlib._bootstrap>(112): <frozen importlib._bootstrap>(113): <frozen importlib._bootstrap>(114): <frozen importlib._bootstrap>(110): <frozen importlib._bootstrap>(123): <frozen importlib._bootstrap>(1176): <frozen importlib._bootstrap>(1177): <frozen importlib._bootstrap>(1178):  --- modulename: _bootstrap, funcname: _find_and_load_unlocked
<frozen importlib._bootstrap>(1123): <frozen importlib._bootstrap>(1124): <frozen importlib._bootstrap>(1125): <frozen importlib._bootstrap>(1126): <frozen importlib._bootstrap>(1140):  --- modulename: _bootstrap, funcname: _find_spec
<frozen importlib._bootstrap>(1058): <frozen importlib._bootstrap>(1059): <frozen importlib._bootstrap>(1064): <frozen importlib._bootstrap>(1070): <frozen importlib._bootstrap>(1071): <frozen importlib._bootstrap>(1072):  --- modulename: _bootstrap, funcname: __enter__
<frozen importlib._bootstrap>(1030): <frozen importlib._bootstrap>(1073): <frozen importlib._bootstrap>(1074): <frozen importlib._bootstrap>(1080): <frozen importlib._bootstrap>(1072):  --- modulename: _bootstrap, funcname: __exit__
<frozen importlib._bootstrap>(1034): <frozen importlib._bootstrap>(1081): <frozen importlib._bootstrap>(1071): <frozen importlib._bootstrap>(1072):  --- modulename: _bootstrap, funcname: __enter__
<frozen importlib._bootstrap>(1030): <frozen importlib._bootstrap>(1073): <frozen importlib._bootstrap>(1074): <frozen importlib._bootstrap>(1080): <frozen importlib._bootstrap>(1072):  --- modulename: _bootstrap, funcname: __exit__
<frozen importlib._bootstrap>(1034): <frozen importlib._bootstrap>(1081): <frozen importlib._bootstrap>(1071): <frozen importlib._bootstrap>(1072):  --- modulename: _bootstrap, funcname: __enter__
<frozen importlib._bootstrap>(1030): <frozen importlib._bootstrap>(1073): <frozen importlib._bootstrap>(1074): <frozen importlib._bootstrap>(1080):  --- modulename: _bootstrap, funcname: find_spec
<frozen importlib._bootstrap>(750): <frozen importlib._bootstrap>(752): <frozen importlib._bootstrap>(755): <frozen importlib._bootstrap>(1072):  --- modulename: _bootstrap, funcname: __exit__
<frozen importlib._bootstrap>(1034): <frozen importlib._bootstrap>(1081): <frozen importlib._bootstrap>(1071): <frozen importlib._bootstrap>(1072):  --- modulename: _bootstrap, funcname: __enter__
<frozen importlib._bootstrap>(1030): <frozen importlib._bootstrap>(1073): <frozen importlib._bootstrap>(1074): <frozen importlib._bootstrap>(1080):  --- modulename: _bootstrap, funcname: find_spec
<frozen importlib._bootstrap>(924):  --- modulename: _bootstrap, funcname: _call_with_frames_removed
<frozen importlib._bootstrap>(241): <frozen importlib._bootstrap>(925): <frozen importlib._bootstrap>(926): <frozen importlib._bootstrap>(1072):  --- modulename: _bootstrap, funcname: __exit__
<frozen importlib._bootstrap>(1034): <frozen importlib._bootstrap>(1081): <frozen importlib._bootstrap>(1071): <frozen importlib._bootstrap>(1072):  --- modulename: _bootstrap, funcname: __enter__
<frozen importlib._bootstrap>(1030): <frozen importlib._bootstrap>(1073): <frozen importlib._bootstrap>(1074): <frozen importlib._bootstrap>(1080):  --- modulename: _bootstrap_external, funcname: find_spec
<frozen importlib._bootstrap_external>(1502): <frozen importlib._bootstrap_external>(1503): <frozen importlib._bootstrap_external>(1504):  --- modulename: _bootstrap_external, funcname: _get_spec
<frozen importlib._bootstrap_external>(1469): <frozen importlib._bootstrap_external>(1470): <frozen importlib._bootstrap_external>(1471): <frozen importlib._bootstrap_external>(1473):  --- modulename: _bootstrap_external, funcname: _path_importer_cache
<frozen importlib._bootstrap_external>(1429): <frozen importlib._bootstrap_external>(1436): <frozen importlib._bootstrap_external>(1437): <frozen importlib._bootstrap_external>(1441): <frozen importlib._bootstrap_external>(1474): <frozen importlib._bootstrap_external>(1475): <frozen importlib._bootstrap_external>(1476):  --- modulename: _bootstrap_external, funcname: find_spec
<frozen importlib._bootstrap_external>(1609): <frozen importlib._bootstrap_external>(1610): <frozen importlib._bootstrap_external>(1611): <frozen importlib._bootstrap_external>(1612):  --- modulename: _bootstrap_external, funcname: _path_stat
<frozen importlib._bootstrap_external>(147): <frozen importlib._bootstrap_external>(1615): <frozen importlib._bootstrap_external>(1619):  --- modulename: _bootstrap_external, funcname: _relax_case
<frozen importlib._bootstrap_external>(69): <frozen importlib._bootstrap_external>(1623): <frozen importlib._bootstrap_external>(1624): <frozen importlib._bootstrap_external>(1626): <frozen importlib._bootstrap_external>(1638): <frozen importlib._bootstrap_external>(1639): <frozen importlib._bootstrap_external>(1640):  --- modulename: _bootstrap_external, funcname: _path_join
<frozen importlib._bootstrap_external>(98): <frozen importlib._bootstrap_external>(100): <frozen importlib._bootstrap_external>(102): <frozen importlib._bootstrap_external>(103): <frozen importlib._bootstrap_external>(104): <frozen importlib._bootstrap_external>(105): <frozen importlib._bootstrap_external>(106): <frozen importlib._bootstrap_external>(107): <frozen importlib._bootstrap_external>(104): <frozen importlib._bootstrap_external>(105): <frozen importlib._bootstrap_external>(108): <frozen importlib._bootstrap_external>(117): <frozen importlib._bootstrap_external>(118): <frozen importlib._bootstrap_external>(104): <frozen importlib._bootstrap_external>(119):  --- modulename: _bootstrap_external, funcname: <listcomp>
<frozen importlib._bootstrap_external>(119): <frozen importlib._bootstrap_external>(119): <frozen importlib._bootstrap_external>(119): <frozen importlib._bootstrap_external>(120): <frozen importlib._bootstrap_external>(123): <frozen importlib._bootstrap_external>(1643):  --- modulename: _bootstrap, funcname: _verbose_message
<frozen importlib._bootstrap>(246): <frozen importlib._bootstrap_external>(1644): <frozen importlib._bootstrap_external>(1638): <frozen importlib._bootstrap_external>(1639): <frozen importlib._bootstrap_external>(1640):  --- modulename: _bootstrap_external, funcname: _path_join
<frozen importlib._bootstrap_external>(98): <frozen importlib._bootstrap_external>(100): <frozen importlib._bootstrap_external>(102): <frozen importlib._bootstrap_external>(103): <frozen importlib._bootstrap_external>(104): <frozen importlib._bootstrap_external>(105): <frozen importlib._bootstrap_external>(106): <frozen importlib._bootstrap_external>(107): <frozen importlib._bootstrap_external>(104): <frozen importlib._bootstrap_external>(105): <frozen importlib._bootstrap_external>(108): <frozen importlib._bootstrap_external>(117): <frozen importlib._bootstrap_external>(118): <frozen importlib._bootstrap_external>(104): <frozen importlib._bootstrap_external>(119):  --- modulename: _bootstrap_external, funcname: <listcomp>
<frozen importlib._bootstrap_external>(119): <frozen importlib._bootstrap_external>(119): <frozen importlib._bootstrap_external>(119): <frozen importlib._bootstrap_external>(120): <frozen importlib._bootstrap_external>(123): <frozen importlib._bootstrap_external>(1643):  --- modulename: _bootstrap, funcname: _verbose_message
<frozen importlib._bootstrap>(246): <frozen importlib._bootstrap_external>(1644): <frozen importlib._bootstrap_external>(1638): <frozen importlib._bootstrap_external>(1639): <frozen importlib._bootstrap_external>(1640):  --- modulename: _bootstrap_external, funcname: _path_join
<frozen importlib._bootstrap_external>(98): <frozen importlib._bootstrap_external>(100): <frozen importlib._bootstrap_external>(102): <frozen importlib._bootstrap_external>(103): <frozen importlib._bootstrap_external>(104): <frozen importlib._bootstrap_external>(105): <frozen importlib._bootstrap_external>(106): <frozen importlib._bootstrap_external>(107): <frozen importlib._bootstrap_external>(104): <frozen importlib._bootstrap_external>(105): <frozen importlib._bootstrap_external>(108): <frozen importlib._bootstrap_external>(117): <frozen importlib._bootstrap_external>(118): <frozen importlib._bootstrap_external>(104): <frozen importlib._bootstrap_external>(119):  --- modulename: _bootstrap_external, funcname: <listcomp>
<frozen importlib._bootstrap_external>(119): <frozen importlib._bootstrap_external>(119): <frozen importlib._bootstrap_external>(119): <frozen importlib._bootstrap_external>(120): <frozen importlib._bootstrap_external>(123): <frozen importlib._bootstrap_external>(1643):  --- modulename: _bootstrap, funcname: _verbose_message
<frozen importlib._bootstrap>(246): <frozen importlib._bootstrap_external>(1644): <frozen importlib._bootstrap_external>(1638): <frozen importlib._bootstrap_external>(1639): <frozen importlib._bootstrap_external>(1640):  --- modulename: _bootstrap_external, funcname: _path_join
<frozen importlib._bootstrap_external>(98): <frozen importlib._bootstrap_external>(100): <frozen importlib._bootstrap_external>(102): <frozen importlib._bootstrap_external>(103): <frozen importlib._bootstrap_external>(104): <frozen importlib._bootstrap_external>(105): <frozen importlib._bootstrap_external>(106): <frozen importlib._bootstrap_external>(107): <frozen importlib._bootstrap_external>(104): <frozen importlib._bootstrap_external>(105): <frozen importlib._bootstrap_external>(108): <frozen importlib._bootstrap_external>(117): <frozen importlib._bootstrap_external>(118): <frozen importlib._bootstrap_external>(104): <frozen importlib._bootstrap_external>(119):  --- modulename: _bootstrap_external, funcname: <listcomp>
<frozen importlib._bootstrap_external>(119): <frozen importlib._bootstrap_external>(119): <frozen importlib._bootstrap_external>(119): <frozen importlib._bootstrap_external>(120): <frozen importlib._bootstrap_external>(123): <frozen importlib._bootstrap_external>(1643):  --- modulename: _bootstrap, funcname: _verbose_message
<frozen importlib._bootstrap>(246): <frozen importlib._bootstrap_external>(1644): <frozen importlib._bootstrap_external>(1638): <frozen importlib._bootstrap_external>(1639): <frozen importlib._bootstrap_external>(1640):  --- modulename: _bootstrap_external, funcname: _path_join
<frozen importlib._bootstrap_external>(98): <frozen importlib._bootstrap_external>(100): <frozen importlib._bootstrap_external>(102): <frozen importlib._bootstrap_external>(103): <frozen importlib._bootstrap_external>(104): <frozen importlib._bootstrap_external>(105): <frozen importlib._bootstrap_external>(106): <frozen importlib._bootstrap_external>(107): <frozen importlib._bootstrap_external>(104): <frozen importlib._bootstrap_external>(105): <frozen importlib._bootstrap_external>(108): <frozen importlib._bootstrap_external>(117): <frozen importlib._bootstrap_external>(118): <frozen importlib._bootstrap_external>(104): <frozen importlib._bootstrap_external>(119):  --- modulename: _bootstrap_external, funcname: <listcomp>
<frozen importlib._bootstrap_external>(119): <frozen importlib._bootstrap_external>(119): <frozen importlib._bootstrap_external>(119): <frozen importlib._bootstrap_external>(120): <frozen importlib._bootstrap_external>(123): <frozen importlib._bootstrap_external>(1643):  --- modulename: _bootstrap, funcname: _verbose_message
<frozen importlib._bootstrap>(246): <frozen importlib._bootstrap_external>(1644): <frozen importlib._bootstrap_external>(1638): <frozen importlib._bootstrap_external>(1648): <frozen importlib._bootstrap_external>(1653): <frozen importlib._bootstrap_external>(1479): <frozen importlib._bootstrap_external>(1480): <frozen importlib._bootstrap_external>(1470): <frozen importlib._bootstrap_external>(1471): <frozen importlib._bootstrap_external>(1473):  --- modulename: _bootstrap_external, funcname: _path_importer_cache
<frozen importlib._bootstrap_external>(1429): <frozen importlib._bootstrap_external>(1436): <frozen importlib._bootstrap_external>(1437): <frozen importlib._bootstrap_external>(1441): <frozen importlib._bootstrap_external>(1474): <frozen importlib._bootstrap_external>(1470): <frozen importlib._bootstrap_external>(1471): <frozen importlib._bootstrap_external>(1473):  --- modulename: _bootstrap_external, funcname: _path_importer_cache
<frozen importlib._bootstrap_external>(1429): <frozen importlib._bootstrap_external>(1436): <frozen importlib._bootstrap_external>(1437): <frozen importlib._bootstrap_external>(1441): <frozen importlib._bootstrap_external>(1474): <frozen importlib._bootstrap_external>(1475): <frozen importlib._bootstrap_external>(1476):  --- modulename: _bootstrap_external, funcname: find_spec
<frozen importlib._bootstrap_external>(1609): <frozen importlib._bootstrap_external>(1610): <frozen importlib._bootstrap_external>(1611): <frozen importlib._bootstrap_external>(1612):  --- modulename: _bootstrap_external, funcname: _path_stat
<frozen importlib._bootstrap_external>(147): <frozen importlib._bootstrap_external>(1615): <frozen importlib._bootstrap_external>(1619):  --- modulename: _bootstrap_external, funcname: _relax_case
<frozen importlib._bootstrap_external>(69): <frozen importlib._bootstrap_external>(1623): <frozen importlib._bootstrap_external>(1624): <frozen importlib._bootstrap_external>(1626): <frozen importlib._bootstrap_external>(1638): <frozen importlib._bootstrap_external>(1639): <frozen importlib._bootstrap_external>(1640):  --- modulename: _bootstrap_external, funcname: _path_join
<frozen importlib._bootstrap_external>(98): <frozen importlib._bootstrap_external>(100): <frozen importlib._bootstrap_external>(102): <frozen importlib._bootstrap_external>(103): <frozen importlib._bootstrap_external>(104): <frozen importlib._bootstrap_external>(105): <frozen importlib._bootstrap_external>(106): <frozen importlib._bootstrap_external>(107): <frozen importlib._bootstrap_external>(104): <frozen importlib._bootstrap_external>(105): <frozen importlib._bootstrap_external>(108): <frozen importlib._bootstrap_external>(117): <frozen importlib._bootstrap_external>(118): <frozen importlib._bootstrap_external>(104): <frozen importlib._bootstrap_external>(119):  --- modulename: _bootstrap_external, funcname: <listcomp>
<frozen importlib._bootstrap_external>(119): <frozen importlib._bootstrap_external>(119): <frozen importlib._bootstrap_external>(119): <frozen importlib._bootstrap_external>(120): <frozen importlib._bootstrap_external>(123): <frozen importlib._bootstrap_external>(1643):  --- modulename: _bootstrap, funcname: _verbose_message
<frozen importlib._bootstrap>(246): <frozen importlib._bootstrap_external>(1644): <frozen importlib._bootstrap_external>(1638): <frozen importlib._bootstrap_external>(1639): <frozen importlib._bootstrap_external>(1640):  --- modulename: _bootstrap_external, funcname: _path_join
<frozen importlib._bootstrap_external>(98): <frozen importlib._bootstrap_external>(100): <frozen importlib._bootstrap_external>(102): <frozen importlib._bootstrap_external>(103): <frozen importlib._bootstrap_external>(104): <frozen importlib._bootstrap_external>(105): <frozen importlib._bootstrap_external>(106): <frozen importlib._bootstrap_external>(107): <frozen importlib._bootstrap_external>(104): <frozen importlib._bootstrap_external>(105): <frozen importlib._bootstrap_external>(108): <frozen importlib._bootstrap_external>(117): <frozen importlib._bootstrap_external>(118): <frozen importlib._bootstrap_external>(104): <frozen importlib._bootstrap_external>(119):  --- modulename: _bootstrap_external, funcname: <listcomp>
<frozen importlib._bootstrap_external>(119): <frozen importlib._bootstrap_external>(119): <frozen importlib._bootstrap_external>(119): <frozen importlib._bootstrap_external>(120): <frozen importlib._bootstrap_external>(123): <frozen importlib._bootstrap_external>(1643):  --- modulename: _bootstrap, funcname: _verbose_message
<frozen importlib._bootstrap>(246): <frozen importlib._bootstrap_external>(1644): <frozen importlib._bootstrap_external>(1645):  --- modulename: _bootstrap_external, funcname: _path_isfile
<frozen importlib._bootstrap_external>(161):  --- modulename: _bootstrap_external, funcname: _path_is_mode_type
<frozen importlib._bootstrap_external>(152): <frozen importlib._bootstrap_external>(153):  --- modulename: _bootstrap_external, funcname: _path_stat
<frozen importlib._bootstrap_external>(147): <frozen importlib._bootstrap_external>(156): <frozen importlib._bootstrap_external>(1646): <frozen importlib._bootstrap_external>(1647): <frozen importlib._bootstrap_external>(1646):  --- modulename: _bootstrap_external, funcname: _get_spec
<frozen importlib._bootstrap_external>(1600):  --- modulename: _bootstrap_external, funcname: __init__
<frozen importlib._bootstrap_external>(1221): <frozen importlib._bootstrap_external>(1222): <frozen importlib._bootstrap_external>(1601): <frozen importlib._bootstrap_external>(1602): <frozen importlib._bootstrap_external>(1601):  --- modulename: _bootstrap_external, funcname: spec_from_file_location
<frozen importlib._bootstrap_external>(790): <frozen importlib._bootstrap_external>(802): <frozen importlib._bootstrap_external>(803):  --- modulename: _bootstrap_external, funcname: _path_isabs
<frozen importlib._bootstrap_external>(174): <frozen importlib._bootstrap_external>(176): <frozen importlib._bootstrap_external>(177): <frozen importlib._bootstrap_external>(815):  --- modulename: _bootstrap, funcname: __init__
<frozen importlib._bootstrap>(359): <frozen importlib._bootstrap>(360): <frozen importlib._bootstrap>(361): <frozen importlib._bootstrap>(362): <frozen importlib._bootstrap>(363): <frozen importlib._bootstrap>(364): <frozen importlib._bootstrap>(367): <frozen importlib._bootstrap>(368): <frozen importlib._bootstrap_external>(816): <frozen importlib._bootstrap_external>(819): <frozen importlib._bootstrap_external>(829): <frozen importlib._bootstrap_external>(840): <frozen importlib._bootstrap_external>(841): <frozen importlib._bootstrap_external>(846): <frozen importlib._bootstrap_external>(1479): <frozen importlib._bootstrap_external>(1481): <frozen importlib._bootstrap_external>(1482): <frozen importlib._bootstrap_external>(1505): <frozen importlib._bootstrap_external>(1507): <frozen importlib._bootstrap_external>(1518): <frozen importlib._bootstrap>(1072):  --- modulename: _bootstrap, funcname: __exit__
<frozen importlib._bootstrap>(1034): <frozen importlib._bootstrap>(1081): <frozen importlib._bootstrap>(1083): <frozen importlib._bootstrap>(1098): <frozen importlib._bootstrap>(1141): <frozen importlib._bootstrap>(1144): <frozen importlib._bootstrap>(1148): <frozen importlib._bootstrap>(1149):  --- modulename: _bootstrap, funcname: _load_unlocked
<frozen importlib._bootstrap>(668): <frozen importlib._bootstrap>(670): <frozen importlib._bootstrap>(676):  --- modulename: _bootstrap, funcname: module_from_spec
<frozen importlib._bootstrap>(569): <frozen importlib._bootstrap>(570): <frozen importlib._bootstrap>(573):  --- modulename: _bootstrap_external, funcname: create_module
<frozen importlib._bootstrap_external>(1233): <frozen importlib._bootstrap_external>(1234): <frozen importlib._bootstrap_external>(1233):  --- modulename: _bootstrap, funcname: _call_with_frames_removed
<frozen importlib._bootstrap>(241): <frozen importlib._bootstrap_external>(1235): <frozen importlib._bootstrap_external>(1236): <frozen importlib._bootstrap_external>(1235):  --- modulename: _bootstrap, funcname: _verbose_message
<frozen importlib._bootstrap>(246): <frozen importlib._bootstrap_external>(1237): <frozen importlib._bootstrap>(577): <frozen importlib._bootstrap>(579):  --- modulename: _bootstrap, funcname: _init_module_attrs
<frozen importlib._bootstrap>(497): <frozen importlib._bootstrap>(503): <frozen importlib._bootstrap>(504): <frozen importlib._bootstrap>(505): <frozen importlib._bootstrap>(526): <frozen importlib._bootstrap>(527): <frozen importlib._bootstrap>(531): <frozen importlib._bootstrap>(532): <frozen importlib._bootstrap>(533):  --- modulename: _bootstrap, funcname: parent
<frozen importlib._bootstrap>(408): <frozen importlib._bootstrap>(409): <frozen importlib._bootstrap>(537): <frozen importlib._bootstrap>(538): <frozen importlib._bootstrap>(542): <frozen importlib._bootstrap>(543): <frozen importlib._bootstrap>(550):  --- modulename: _bootstrap, funcname: has_location
<frozen importlib._bootstrap>(415): <frozen importlib._bootstrap>(551): <frozen importlib._bootstrap>(552): <frozen importlib._bootstrap>(553): <frozen importlib._bootstrap>(557): <frozen importlib._bootstrap>(558):  --- modulename: _bootstrap, funcname: cached
<frozen importlib._bootstrap>(394): <frozen importlib._bootstrap>(395): <frozen importlib._bootstrap>(396): <frozen importlib._bootstrap>(398):  --- modulename: _bootstrap_external, funcname: _get_cached
<frozen importlib._bootstrap_external>(568): <frozen importlib._bootstrap_external>(573): <frozen importlib._bootstrap_external>(576): <frozen importlib._bootstrap>(399): <frozen importlib._bootstrap>(563): <frozen importlib._bootstrap>(580): <frozen importlib._bootstrap>(681): <frozen importlib._bootstrap>(682): <frozen importlib._bootstrap>(683): <frozen importlib._bootstrap>(684): <frozen importlib._bootstrap>(685): <frozen importlib._bootstrap>(690):  --- modulename: _bootstrap_external, funcname: exec_module
<frozen importlib._bootstrap_external>(1241):  --- modulename: _bootstrap, funcname: _call_with_frames_removed
<frozen importlib._bootstrap>(241): <frozen importlib._bootstrap_external>(1242): <frozen importlib._bootstrap_external>(1243): <frozen importlib._bootstrap_external>(1242):  --- modulename: _bootstrap, funcname: _verbose_message
<frozen importlib._bootstrap>(246): <frozen importlib._bootstrap>(701): <frozen importlib._bootstrap>(702): <frozen importlib._bootstrap>(703):  --- modulename: _bootstrap, funcname: _verbose_message
<frozen importlib._bootstrap>(246): <frozen importlib._bootstrap>(705): <frozen importlib._bootstrap>(707): <frozen importlib._bootstrap>(1151): <frozen importlib._bootstrap>(1153): <frozen importlib._bootstrap>(1161): <frozen importlib._bootstrap>(1175):  --- modulename: _bootstrap, funcname: __exit__
<frozen importlib._bootstrap>(174):  --- modulename: _bootstrap, funcname: release
<frozen importlib._bootstrap>(126): <frozen importlib._bootstrap>(127): <frozen importlib._bootstrap>(128): <frozen importlib._bootstrap>(130): <frozen importlib._bootstrap>(131): <frozen importlib._bootstrap>(132): <frozen importlib._bootstrap>(133): <frozen importlib._bootstrap>(134): <frozen importlib._bootstrap>(127):  --- modulename: _bootstrap, funcname: cb
<frozen importlib._bootstrap>(199): <frozen importlib._bootstrap>(200): <frozen importlib._bootstrap>(204): <frozen importlib._bootstrap>(205): <frozen importlib._bootstrap>(207): bz2.py(20): _MODE_CLOSED   = 0
bz2.py(21): _MODE_READ     = 1
bz2.py(23): _MODE_WRITE    = 3
bz2.py(26): class BZ2File(_compression.BaseStream):
 --- modulename: bz2, funcname: BZ2File
bz2.py(26): class BZ2File(_compression.BaseStream):
bz2.py(28):     """A file object providing transparent bzip2 (de)compression.
bz2.py(37):     def __init__(self, filename, mode="r", *, compresslevel=9):
bz2.py(97):     def close(self):
bz2.py(121):     @property
bz2.py(122):     def closed(self):
bz2.py(121):     @property
bz2.py(122):     def closed(self):
bz2.py(126):     def fileno(self):
bz2.py(131):     def seekable(self):
bz2.py(135):     def readable(self):
bz2.py(140):     def writable(self):
bz2.py(145):     def peek(self, n=0):
bz2.py(157):     def read(self, size=-1):
bz2.py(166):     def read1(self, size=-1):
bz2.py(178):     def readinto(self, b):
bz2.py(186):     def readline(self, size=-1):
bz2.py(200):     def readlines(self, size=-1):
bz2.py(214):     def write(self, data):
bz2.py(235):     def writelines(self, seq):
bz2.py(245):     def seek(self, offset, whence=io.SEEK_SET):
bz2.py(263):     def tell(self):
 --- modulename: abc, funcname: __new__
<frozen abc>(106): <frozen abc>(107): <frozen abc>(108): bz2.py(271): def open(filename, mode="rb", compresslevel=9,
bz2.py(272):          encoding=None, errors=None, newline=None):
bz2.py(271): def open(filename, mode="rb", compresslevel=9,
bz2.py(313): def compress(data, compresslevel=9):
bz2.py(324): def decompress(data):
<frozen importlib._bootstrap>(701): <frozen importlib._bootstrap>(702): <frozen importlib._bootstrap>(703):  --- modulename: _bootstrap, funcname: _verbose_message
<frozen importlib._bootstrap>(246): <frozen importlib._bootstrap>(705): <frozen importlib._bootstrap>(707): <frozen importlib._bootstrap>(1151): <frozen importlib._bootstrap>(1153): <frozen importlib._bootstrap>(1161): <frozen importlib._bootstrap>(1175):  --- modulename: _bootstrap, funcname: __exit__
<frozen importlib._bootstrap>(174):  --- modulename: _bootstrap, funcname: release
<frozen importlib._bootstrap>(126): <frozen importlib._bootstrap>(127): <frozen importlib._bootstrap>(128): <frozen importlib._bootstrap>(130): <frozen importlib._bootstrap>(131): <frozen importlib._bootstrap>(132): <frozen importlib._bootstrap>(133): <frozen importlib._bootstrap>(134): <frozen importlib._bootstrap>(127):  --- modulename: _bootstrap, funcname: cb
<frozen importlib._bootstrap>(199): <frozen importlib._bootstrap>(200): <frozen importlib._bootstrap>(204): <frozen importlib._bootstrap>(205): <frozen importlib._bootstrap>(207): shutil.py(23):     del bz2
shutil.py(24):     _BZ2_SUPPORTED = True
shutil.py(28): try:
shutil.py(29):     import lzma
 --- modulename: _bootstrap, funcname: _find_and_load
<frozen importlib._bootstrap>(1172): <frozen importlib._bootstrap>(1173): <frozen importlib._bootstrap>(1175):  --- modulename: _bootstrap, funcname: __init__
<frozen importlib._bootstrap>(166): <frozen importlib._bootstrap>(167):  --- modulename: _bootstrap, funcname: __enter__
<frozen importlib._bootstrap>(170):  --- modulename: _bootstrap, funcname: _get_module_lock
<frozen importlib._bootstrap>(185): <frozen importlib._bootstrap>(186): <frozen importlib._bootstrap>(187): <frozen importlib._bootstrap>(188): <frozen importlib._bootstrap>(189): <frozen importlib._bootstrap>(190): <frozen importlib._bootstrap>(192): <frozen importlib._bootstrap>(193): <frozen importlib._bootstrap>(196):  --- modulename: _bootstrap, funcname: __init__
<frozen importlib._bootstrap>(72): <frozen importlib._bootstrap>(73): <frozen importlib._bootstrap>(74): <frozen importlib._bootstrap>(75): <frozen importlib._bootstrap>(76): <frozen importlib._bootstrap>(77): <frozen importlib._bootstrap>(198): <frozen importlib._bootstrap>(209): <frozen importlib._bootstrap>(211): <frozen importlib._bootstrap>(213): <frozen importlib._bootstrap>(171):  --- modulename: _bootstrap, funcname: acquire
<frozen importlib._bootstrap>(106): <frozen importlib._bootstrap>(107): <frozen importlib._bootstrap>(108): <frozen importlib._bootstrap>(109): <frozen importlib._bootstrap>(110): <frozen importlib._bootstrap>(111): <frozen importlib._bootstrap>(112): <frozen importlib._bootstrap>(113): <frozen importlib._bootstrap>(114): <frozen importlib._bootstrap>(110): <frozen importlib._bootstrap>(123): <frozen importlib._bootstrap>(1176): <frozen importlib._bootstrap>(1177): <frozen importlib._bootstrap>(1178):  --- modulename: _bootstrap, funcname: _find_and_load_unlocked
<frozen importlib._bootstrap>(1123): <frozen importlib._bootstrap>(1124): <frozen importlib._bootstrap>(1125): <frozen importlib._bootstrap>(1126): <frozen importlib._bootstrap>(1140):  --- modulename: _bootstrap, funcname: _find_spec
<frozen importlib._bootstrap>(1058): <frozen importlib._bootstrap>(1059): <frozen importlib._bootstrap>(1064): <frozen importlib._bootstrap>(1070): <frozen importlib._bootstrap>(1071): <frozen importlib._bootstrap>(1072):  --- modulename: _bootstrap, funcname: __enter__
<frozen importlib._bootstrap>(1030): <frozen importlib._bootstrap>(1073): <frozen importlib._bootstrap>(1074): <frozen importlib._bootstrap>(1080): <frozen importlib._bootstrap>(1072):  --- modulename: _bootstrap, funcname: __exit__
<frozen importlib._bootstrap>(1034): <frozen importlib._bootstrap>(1081): <frozen importlib._bootstrap>(1071): <frozen importlib._bootstrap>(1072):  --- modulename: _bootstrap, funcname: __enter__
<frozen importlib._bootstrap>(1030): <frozen importlib._bootstrap>(1073): <frozen importlib._bootstrap>(1074): <frozen importlib._bootstrap>(1080): <frozen importlib._bootstrap>(1072):  --- modulename: _bootstrap, funcname: __exit__
<frozen importlib._bootstrap>(1034): <frozen importlib._bootstrap>(1081): <frozen importlib._bootstrap>(1071): <frozen importlib._bootstrap>(1072):  --- modulename: _bootstrap, funcname: __enter__
<frozen importlib._bootstrap>(1030): <frozen importlib._bootstrap>(1073): <frozen importlib._bootstrap>(1074): <frozen importlib._bootstrap>(1080):  --- modulename: _bootstrap, funcname: find_spec
<frozen importlib._bootstrap>(750): <frozen importlib._bootstrap>(752): <frozen importlib._bootstrap>(755): <frozen importlib._bootstrap>(1072):  --- modulename: _bootstrap, funcname: __exit__
<frozen importlib._bootstrap>(1034): <frozen importlib._bootstrap>(1081): <frozen importlib._bootstrap>(1071): <frozen importlib._bootstrap>(1072):  --- modulename: _bootstrap, funcname: __enter__
<frozen importlib._bootstrap>(1030): <frozen importlib._bootstrap>(1073): <frozen importlib._bootstrap>(1074): <frozen importlib._bootstrap>(1080):  --- modulename: _bootstrap, funcname: find_spec
<frozen importlib._bootstrap>(924):  --- modulename: _bootstrap, funcname: _call_with_frames_removed
<frozen importlib._bootstrap>(241): <frozen importlib._bootstrap>(925): <frozen importlib._bootstrap>(926): <frozen importlib._bootstrap>(1072):  --- modulename: _bootstrap, funcname: __exit__
<frozen importlib._bootstrap>(1034): <frozen importlib._bootstrap>(1081): <frozen importlib._bootstrap>(1071): <frozen importlib._bootstrap>(1072):  --- modulename: _bootstrap, funcname: __enter__
<frozen importlib._bootstrap>(1030): <frozen importlib._bootstrap>(1073): <frozen importlib._bootstrap>(1074): <frozen importlib._bootstrap>(1080):  --- modulename: _bootstrap_external, funcname: find_spec
<frozen importlib._bootstrap_external>(1502): <frozen importlib._bootstrap_external>(1503): <frozen importlib._bootstrap_external>(1504):  --- modulename: _bootstrap_external, funcname: _get_spec
<frozen importlib._bootstrap_external>(1469): <frozen importlib._bootstrap_external>(1470): <frozen importlib._bootstrap_external>(1471): <frozen importlib._bootstrap_external>(1473):  --- modulename: _bootstrap_external, funcname: _path_importer_cache
<frozen importlib._bootstrap_external>(1429): <frozen importlib._bootstrap_external>(1436): <frozen importlib._bootstrap_external>(1437): <frozen importlib._bootstrap_external>(1441): <frozen importlib._bootstrap_external>(1474): <frozen importlib._bootstrap_external>(1475): <frozen importlib._bootstrap_external>(1476):  --- modulename: _bootstrap_external, funcname: find_spec
<frozen importlib._bootstrap_external>(1609): <frozen importlib._bootstrap_external>(1610): <frozen importlib._bootstrap_external>(1611): <frozen importlib._bootstrap_external>(1612):  --- modulename: _bootstrap_external, funcname: _path_stat
<frozen importlib._bootstrap_external>(147): <frozen importlib._bootstrap_external>(1615): <frozen importlib._bootstrap_external>(1619):  --- modulename: _bootstrap_external, funcname: _relax_case
<frozen importlib._bootstrap_external>(69): <frozen importlib._bootstrap_external>(1623): <frozen importlib._bootstrap_external>(1624): <frozen importlib._bootstrap_external>(1626): <frozen importlib._bootstrap_external>(1638): <frozen importlib._bootstrap_external>(1639): <frozen importlib._bootstrap_external>(1640):  --- modulename: _bootstrap_external, funcname: _path_join
<frozen importlib._bootstrap_external>(98): <frozen importlib._bootstrap_external>(100): <frozen importlib._bootstrap_external>(102): <frozen importlib._bootstrap_external>(103): <frozen importlib._bootstrap_external>(104): <frozen importlib._bootstrap_external>(105): <frozen importlib._bootstrap_external>(106): <frozen importlib._bootstrap_external>(107): <frozen importlib._bootstrap_external>(104): <frozen importlib._bootstrap_external>(105): <frozen importlib._bootstrap_external>(108): <frozen importlib._bootstrap_external>(117): <frozen importlib._bootstrap_external>(118): <frozen importlib._bootstrap_external>(104): <frozen importlib._bootstrap_external>(119):  --- modulename: _bootstrap_external, funcname: <listcomp>
<frozen importlib._bootstrap_external>(119): <frozen importlib._bootstrap_external>(119): <frozen importlib._bootstrap_external>(119): <frozen importlib._bootstrap_external>(120): <frozen importlib._bootstrap_external>(123): <frozen importlib._bootstrap_external>(1643):  --- modulename: _bootstrap, funcname: _verbose_message
<frozen importlib._bootstrap>(246): <frozen importlib._bootstrap_external>(1644): <frozen importlib._bootstrap_external>(1638): <frozen importlib._bootstrap_external>(1639): <frozen importlib._bootstrap_external>(1640):  --- modulename: _bootstrap_external, funcname: _path_join
<frozen importlib._bootstrap_external>(98): <frozen importlib._bootstrap_external>(100): <frozen importlib._bootstrap_external>(102): <frozen importlib._bootstrap_external>(103): <frozen importlib._bootstrap_external>(104): <frozen importlib._bootstrap_external>(105): <frozen importlib._bootstrap_external>(106): <frozen importlib._bootstrap_external>(107): <frozen importlib._bootstrap_external>(104): <frozen importlib._bootstrap_external>(105): <frozen importlib._bootstrap_external>(108): <frozen importlib._bootstrap_external>(117): <frozen importlib._bootstrap_external>(118): <frozen importlib._bootstrap_external>(104): <frozen importlib._bootstrap_external>(119):  --- modulename: _bootstrap_external, funcname: <listcomp>
<frozen importlib._bootstrap_external>(119): <frozen importlib._bootstrap_external>(119): <frozen importlib._bootstrap_external>(119): <frozen importlib._bootstrap_external>(120): <frozen importlib._bootstrap_external>(123): <frozen importlib._bootstrap_external>(1643):  --- modulename: _bootstrap, funcname: _verbose_message
<frozen importlib._bootstrap>(246): <frozen importlib._bootstrap_external>(1644): <frozen importlib._bootstrap_external>(1638): <frozen importlib._bootstrap_external>(1639): <frozen importlib._bootstrap_external>(1640):  --- modulename: _bootstrap_external, funcname: _path_join
<frozen importlib._bootstrap_external>(98): <frozen importlib._bootstrap_external>(100): <frozen importlib._bootstrap_external>(102): <frozen importlib._bootstrap_external>(103): <frozen importlib._bootstrap_external>(104): <frozen importlib._bootstrap_external>(105): <frozen importlib._bootstrap_external>(106): <frozen importlib._bootstrap_external>(107): <frozen importlib._bootstrap_external>(104): <frozen importlib._bootstrap_external>(105): <frozen importlib._bootstrap_external>(108): <frozen importlib._bootstrap_external>(117): <frozen importlib._bootstrap_external>(118): <frozen importlib._bootstrap_external>(104): <frozen importlib._bootstrap_external>(119):  --- modulename: _bootstrap_external, funcname: <listcomp>
<frozen importlib._bootstrap_external>(119): <frozen importlib._bootstrap_external>(119): <frozen importlib._bootstrap_external>(119): <frozen importlib._bootstrap_external>(120): <frozen importlib._bootstrap_external>(123): <frozen importlib._bootstrap_external>(1643):  --- modulename: _bootstrap, funcname: _verbose_message
<frozen importlib._bootstrap>(246): <frozen importlib._bootstrap_external>(1644): <frozen importlib._bootstrap_external>(1638): <frozen importlib._bootstrap_external>(1639): <frozen importlib._bootstrap_external>(1640):  --- modulename: _bootstrap_external, funcname: _path_join
<frozen importlib._bootstrap_external>(98): <frozen importlib._bootstrap_external>(100): <frozen importlib._bootstrap_external>(102): <frozen importlib._bootstrap_external>(103): <frozen importlib._bootstrap_external>(104): <frozen importlib._bootstrap_external>(105): <frozen importlib._bootstrap_external>(106): <frozen importlib._bootstrap_external>(107): <frozen importlib._bootstrap_external>(104): <frozen importlib._bootstrap_external>(105): <frozen importlib._bootstrap_external>(108): <frozen importlib._bootstrap_external>(117): <frozen importlib._bootstrap_external>(118): <frozen importlib._bootstrap_external>(104): <frozen importlib._bootstrap_external>(119):  --- modulename: _bootstrap_external, funcname: <listcomp>
<frozen importlib._bootstrap_external>(119): <frozen importlib._bootstrap_external>(119): <frozen importlib._bootstrap_external>(119): <frozen importlib._bootstrap_external>(120): <frozen importlib._bootstrap_external>(123): <frozen importlib._bootstrap_external>(1643):  --- modulename: _bootstrap, funcname: _verbose_message
<frozen importlib._bootstrap>(246): <frozen importlib._bootstrap_external>(1644): <frozen importlib._bootstrap_external>(1638): <frozen importlib._bootstrap_external>(1639): <frozen importlib._bootstrap_external>(1640):  --- modulename: _bootstrap_external, funcname: _path_join
<frozen importlib._bootstrap_external>(98): <frozen importlib._bootstrap_external>(100): <frozen importlib._bootstrap_external>(102): <frozen importlib._bootstrap_external>(103): <frozen importlib._bootstrap_external>(104): <frozen importlib._bootstrap_external>(105): <frozen importlib._bootstrap_external>(106): <frozen importlib._bootstrap_external>(107): <frozen importlib._bootstrap_external>(104): <frozen importlib._bootstrap_external>(105): <frozen importlib._bootstrap_external>(108): <frozen importlib._bootstrap_external>(117): <frozen importlib._bootstrap_external>(118): <frozen importlib._bootstrap_external>(104): <frozen importlib._bootstrap_external>(119):  --- modulename: _bootstrap_external, funcname: <listcomp>
<frozen importlib._bootstrap_external>(119): <frozen importlib._bootstrap_external>(119): <frozen importlib._bootstrap_external>(119): <frozen importlib._bootstrap_external>(120): <frozen importlib._bootstrap_external>(123): <frozen importlib._bootstrap_external>(1643):  --- modulename: _bootstrap, funcname: _verbose_message
<frozen importlib._bootstrap>(246): <frozen importlib._bootstrap_external>(1644): <frozen importlib._bootstrap_external>(1638): <frozen importlib._bootstrap_external>(1648): <frozen importlib._bootstrap_external>(1653): <frozen importlib._bootstrap_external>(1479): <frozen importlib._bootstrap_external>(1480): <frozen importlib._bootstrap_external>(1470): <frozen importlib._bootstrap_external>(1471): <frozen importlib._bootstrap_external>(1473):  --- modulename: _bootstrap_external, funcname: _path_importer_cache
<frozen importlib._bootstrap_external>(1429): <frozen importlib._bootstrap_external>(1436): <frozen importlib._bootstrap_external>(1437): <frozen importlib._bootstrap_external>(1441): <frozen importlib._bootstrap_external>(1474): <frozen importlib._bootstrap_external>(1470): <frozen importlib._bootstrap_external>(1471): <frozen importlib._bootstrap_external>(1473):  --- modulename: _bootstrap_external, funcname: _path_importer_cache
<frozen importlib._bootstrap_external>(1429): <frozen importlib._bootstrap_external>(1436): <frozen importlib._bootstrap_external>(1437): <frozen importlib._bootstrap_external>(1441): <frozen importlib._bootstrap_external>(1474): <frozen importlib._bootstrap_external>(1475): <frozen importlib._bootstrap_external>(1476):  --- modulename: _bootstrap_external, funcname: find_spec
<frozen importlib._bootstrap_external>(1609): <frozen importlib._bootstrap_external>(1610): <frozen importlib._bootstrap_external>(1611): <frozen importlib._bootstrap_external>(1612):  --- modulename: _bootstrap_external, funcname: _path_stat
<frozen importlib._bootstrap_external>(147): <frozen importlib._bootstrap_external>(1615): <frozen importlib._bootstrap_external>(1619):  --- modulename: _bootstrap_external, funcname: _relax_case
<frozen importlib._bootstrap_external>(69): <frozen importlib._bootstrap_external>(1623): <frozen importlib._bootstrap_external>(1624): <frozen importlib._bootstrap_external>(1626): <frozen importlib._bootstrap_external>(1638): <frozen importlib._bootstrap_external>(1639): <frozen importlib._bootstrap_external>(1640):  --- modulename: _bootstrap_external, funcname: _path_join
<frozen importlib._bootstrap_external>(98): <frozen importlib._bootstrap_external>(100): <frozen importlib._bootstrap_external>(102): <frozen importlib._bootstrap_external>(103): <frozen importlib._bootstrap_external>(104): <frozen importlib._bootstrap_external>(105): <frozen importlib._bootstrap_external>(106): <frozen importlib._bootstrap_external>(107): <frozen importlib._bootstrap_external>(104): <frozen importlib._bootstrap_external>(105): <frozen importlib._bootstrap_external>(108): <frozen importlib._bootstrap_external>(117): <frozen importlib._bootstrap_external>(118): <frozen importlib._bootstrap_external>(104): <frozen importlib._bootstrap_external>(119):  --- modulename: _bootstrap_external, funcname: <listcomp>
<frozen importlib._bootstrap_external>(119): <frozen importlib._bootstrap_external>(119): <frozen importlib._bootstrap_external>(119): <frozen importlib._bootstrap_external>(120): <frozen importlib._bootstrap_external>(123): <frozen importlib._bootstrap_external>(1643):  --- modulename: _bootstrap, funcname: _verbose_message
<frozen importlib._bootstrap>(246): <frozen importlib._bootstrap_external>(1644): <frozen importlib._bootstrap_external>(1638): <frozen importlib._bootstrap_external>(1639): <frozen importlib._bootstrap_external>(1640):  --- modulename: _bootstrap_external, funcname: _path_join
<frozen importlib._bootstrap_external>(98): <frozen importlib._bootstrap_external>(100): <frozen importlib._bootstrap_external>(102): <frozen importlib._bootstrap_external>(103): <frozen importlib._bootstrap_external>(104): <frozen importlib._bootstrap_external>(105): <frozen importlib._bootstrap_external>(106): <frozen importlib._bootstrap_external>(107): <frozen importlib._bootstrap_external>(104): <frozen importlib._bootstrap_external>(105): <frozen importlib._bootstrap_external>(108): <frozen importlib._bootstrap_external>(117): <frozen importlib._bootstrap_external>(118): <frozen importlib._bootstrap_external>(104): <frozen importlib._bootstrap_external>(119):  --- modulename: _bootstrap_external, funcname: <listcomp>
<frozen importlib._bootstrap_external>(119): <frozen importlib._bootstrap_external>(119): <frozen importlib._bootstrap_external>(119): <frozen importlib._bootstrap_external>(120): <frozen importlib._bootstrap_external>(123): <frozen importlib._bootstrap_external>(1643):  --- modulename: _bootstrap, funcname: _verbose_message
<frozen importlib._bootstrap>(246): <frozen importlib._bootstrap_external>(1644): <frozen importlib._bootstrap_external>(1638): <frozen importlib._bootstrap_external>(1639): <frozen importlib._bootstrap_external>(1640):  --- modulename: _bootstrap_external, funcname: _path_join
<frozen importlib._bootstrap_external>(98): <frozen importlib._bootstrap_external>(100): <frozen importlib._bootstrap_external>(102): <frozen importlib._bootstrap_external>(103): <frozen importlib._bootstrap_external>(104): <frozen importlib._bootstrap_external>(105): <frozen importlib._bootstrap_external>(106): <frozen importlib._bootstrap_external>(107): <frozen importlib._bootstrap_external>(104): <frozen importlib._bootstrap_external>(105): <frozen importlib._bootstrap_external>(108): <frozen importlib._bootstrap_external>(117): <frozen importlib._bootstrap_external>(118): <frozen importlib._bootstrap_external>(104): <frozen importlib._bootstrap_external>(119):  --- modulename: _bootstrap_external, funcname: <listcomp>
<frozen importlib._bootstrap_external>(119): <frozen importlib._bootstrap_external>(119): <frozen importlib._bootstrap_external>(119): <frozen importlib._bootstrap_external>(120): <frozen importlib._bootstrap_external>(123): <frozen importlib._bootstrap_external>(1643):  --- modulename: _bootstrap, funcname: _verbose_message
<frozen importlib._bootstrap>(246): <frozen importlib._bootstrap_external>(1644): <frozen importlib._bootstrap_external>(1638): <frozen importlib._bootstrap_external>(1639): <frozen importlib._bootstrap_external>(1640):  --- modulename: _bootstrap_external, funcname: _path_join
<frozen importlib._bootstrap_external>(98): <frozen importlib._bootstrap_external>(100): <frozen importlib._bootstrap_external>(102): <frozen importlib._bootstrap_external>(103): <frozen importlib._bootstrap_external>(104): <frozen importlib._bootstrap_external>(105): <frozen importlib._bootstrap_external>(106): <frozen importlib._bootstrap_external>(107): <frozen importlib._bootstrap_external>(104): <frozen importlib._bootstrap_external>(105): <frozen importlib._bootstrap_external>(108): <frozen importlib._bootstrap_external>(117): <frozen importlib._bootstrap_external>(118): <frozen importlib._bootstrap_external>(104): <frozen importlib._bootstrap_external>(119):  --- modulename: _bootstrap_external, funcname: <listcomp>
<frozen importlib._bootstrap_external>(119): <frozen importlib._bootstrap_external>(119): <frozen importlib._bootstrap_external>(119): <frozen importlib._bootstrap_external>(120): <frozen importlib._bootstrap_external>(123): <frozen importlib._bootstrap_external>(1643):  --- modulename: _bootstrap, funcname: _verbose_message
<frozen importlib._bootstrap>(246): <frozen importlib._bootstrap_external>(1644): <frozen importlib._bootstrap_external>(1638): <frozen importlib._bootstrap_external>(1639): <frozen importlib._bootstrap_external>(1640):  --- modulename: _bootstrap_external, funcname: _path_join
<frozen importlib._bootstrap_external>(98): <frozen importlib._bootstrap_external>(100): <frozen importlib._bootstrap_external>(102): <frozen importlib._bootstrap_external>(103): <frozen importlib._bootstrap_external>(104): <frozen importlib._bootstrap_external>(105): <frozen importlib._bootstrap_external>(106): <frozen importlib._bootstrap_external>(107): <frozen importlib._bootstrap_external>(104): <frozen importlib._bootstrap_external>(105): <frozen importlib._bootstrap_external>(108): <frozen importlib._bootstrap_external>(117): <frozen importlib._bootstrap_external>(118): <frozen importlib._bootstrap_external>(104): <frozen importlib._bootstrap_external>(119):  --- modulename: _bootstrap_external, funcname: <listcomp>
<frozen importlib._bootstrap_external>(119): <frozen importlib._bootstrap_external>(119): <frozen importlib._bootstrap_external>(119): <frozen importlib._bootstrap_external>(120): <frozen importlib._bootstrap_external>(123): <frozen importlib._bootstrap_external>(1643):  --- modulename: _bootstrap, funcname: _verbose_message
<frozen importlib._bootstrap>(246): <frozen importlib._bootstrap_external>(1644): <frozen importlib._bootstrap_external>(1638): <frozen importlib._bootstrap_external>(1648): <frozen importlib._bootstrap_external>(1653): <frozen importlib._bootstrap_external>(1479): <frozen importlib._bootstrap_external>(1480): <frozen importlib._bootstrap_external>(1470): <frozen importlib._bootstrap_external>(1471): <frozen importlib._bootstrap_external>(1473):  --- modulename: _bootstrap_external, funcname: _path_importer_cache
<frozen importlib._bootstrap_external>(1429): <frozen importlib._bootstrap_external>(1436): <frozen importlib._bootstrap_external>(1437): <frozen importlib._bootstrap_external>(1441): <frozen importlib._bootstrap_external>(1474): <frozen importlib._bootstrap_external>(1475): <frozen importlib._bootstrap_external>(1476):  --- modulename: _bootstrap_external, funcname: find_spec
<frozen importlib._bootstrap_external>(1609): <frozen importlib._bootstrap_external>(1610): <frozen importlib._bootstrap_external>(1611): <frozen importlib._bootstrap_external>(1612):  --- modulename: _bootstrap_external, funcname: _path_stat
<frozen importlib._bootstrap_external>(147): <frozen importlib._bootstrap_external>(1615): <frozen importlib._bootstrap_external>(1619):  --- modulename: _bootstrap_external, funcname: _relax_case
<frozen importlib._bootstrap_external>(69): <frozen importlib._bootstrap_external>(1623): <frozen importlib._bootstrap_external>(1624): <frozen importlib._bootstrap_external>(1626): <frozen importlib._bootstrap_external>(1638): <frozen importlib._bootstrap_external>(1639): <frozen importlib._bootstrap_external>(1640):  --- modulename: _bootstrap_external, funcname: _path_join
<frozen importlib._bootstrap_external>(98): <frozen importlib._bootstrap_external>(100): <frozen importlib._bootstrap_external>(102): <frozen importlib._bootstrap_external>(103): <frozen importlib._bootstrap_external>(104): <frozen importlib._bootstrap_external>(105): <frozen importlib._bootstrap_external>(106): <frozen importlib._bootstrap_external>(107): <frozen importlib._bootstrap_external>(104): <frozen importlib._bootstrap_external>(105): <frozen importlib._bootstrap_external>(108): <frozen importlib._bootstrap_external>(117): <frozen importlib._bootstrap_external>(118): <frozen importlib._bootstrap_external>(104): <frozen importlib._bootstrap_external>(119):  --- modulename: _bootstrap_external, funcname: <listcomp>
<frozen importlib._bootstrap_external>(119): <frozen importlib._bootstrap_external>(119): <frozen importlib._bootstrap_external>(119): <frozen importlib._bootstrap_external>(120): <frozen importlib._bootstrap_external>(123): <frozen importlib._bootstrap_external>(1643):  --- modulename: _bootstrap, funcname: _verbose_message
<frozen importlib._bootstrap>(246): <frozen importlib._bootstrap_external>(1644): <frozen importlib._bootstrap_external>(1638): <frozen importlib._bootstrap_external>(1639): <frozen importlib._bootstrap_external>(1640):  --- modulename: _bootstrap_external, funcname: _path_join
<frozen importlib._bootstrap_external>(98): <frozen importlib._bootstrap_external>(100): <frozen importlib._bootstrap_external>(102): <frozen importlib._bootstrap_external>(103): <frozen importlib._bootstrap_external>(104): <frozen importlib._bootstrap_external>(105): <frozen importlib._bootstrap_external>(106): <frozen importlib._bootstrap_external>(107): <frozen importlib._bootstrap_external>(104): <frozen importlib._bootstrap_external>(105): <frozen importlib._bootstrap_external>(108): <frozen importlib._bootstrap_external>(117): <frozen importlib._bootstrap_external>(118): <frozen importlib._bootstrap_external>(104): <frozen importlib._bootstrap_external>(119):  --- modulename: _bootstrap_external, funcname: <listcomp>
<frozen importlib._bootstrap_external>(119): <frozen importlib._bootstrap_external>(119): <frozen importlib._bootstrap_external>(119): <frozen importlib._bootstrap_external>(120): <frozen importlib._bootstrap_external>(123): <frozen importlib._bootstrap_external>(1643):  --- modulename: _bootstrap, funcname: _verbose_message
<frozen importlib._bootstrap>(246): <frozen importlib._bootstrap_external>(1644): <frozen importlib._bootstrap_external>(1638): <frozen importlib._bootstrap_external>(1639): <frozen importlib._bootstrap_external>(1640):  --- modulename: _bootstrap_external, funcname: _path_join
<frozen importlib._bootstrap_external>(98): <frozen importlib._bootstrap_external>(100): <frozen importlib._bootstrap_external>(102): <frozen importlib._bootstrap_external>(103): <frozen importlib._bootstrap_external>(104): <frozen importlib._bootstrap_external>(105): <frozen importlib._bootstrap_external>(106): <frozen importlib._bootstrap_external>(107): <frozen importlib._bootstrap_external>(104): <frozen importlib._bootstrap_external>(105): <frozen importlib._bootstrap_external>(108): <frozen importlib._bootstrap_external>(117): <frozen importlib._bootstrap_external>(118): <frozen importlib._bootstrap_external>(104): <frozen importlib._bootstrap_external>(119):  --- modulename: _bootstrap_external, funcname: <listcomp>
<frozen importlib._bootstrap_external>(119): <frozen importlib._bootstrap_external>(119): <frozen importlib._bootstrap_external>(119): <frozen importlib._bootstrap_external>(120): <frozen importlib._bootstrap_external>(123): <frozen importlib._bootstrap_external>(1643):  --- modulename: _bootstrap, funcname: _verbose_message
<frozen importlib._bootstrap>(246): <frozen importlib._bootstrap_external>(1644): <frozen importlib._bootstrap_external>(1645):  --- modulename: _bootstrap_external, funcname: _path_isfile
<frozen importlib._bootstrap_external>(161):  --- modulename: _bootstrap_external, funcname: _path_is_mode_type
<frozen importlib._bootstrap_external>(152): <frozen importlib._bootstrap_external>(153):  --- modulename: _bootstrap_external, funcname: _path_stat
<frozen importlib._bootstrap_external>(147): <frozen importlib._bootstrap_external>(156): <frozen importlib._bootstrap_external>(1646): <frozen importlib._bootstrap_external>(1647): <frozen importlib._bootstrap_external>(1646):  --- modulename: _bootstrap_external, funcname: _get_spec
<frozen importlib._bootstrap_external>(1600):  --- modulename: _bootstrap_external, funcname: __init__
<frozen importlib._bootstrap_external>(1100): <frozen importlib._bootstrap_external>(1101): <frozen importlib._bootstrap_external>(1601): <frozen importlib._bootstrap_external>(1602): <frozen importlib._bootstrap_external>(1601):  --- modulename: _bootstrap_external, funcname: spec_from_file_location
<frozen importlib._bootstrap_external>(790): <frozen importlib._bootstrap_external>(802): <frozen importlib._bootstrap_external>(803):  --- modulename: _bootstrap_external, funcname: _path_isabs
<frozen importlib._bootstrap_external>(174): <frozen importlib._bootstrap_external>(176): <frozen importlib._bootstrap_external>(177): <frozen importlib._bootstrap_external>(815):  --- modulename: _bootstrap, funcname: __init__
<frozen importlib._bootstrap>(359): <frozen importlib._bootstrap>(360): <frozen importlib._bootstrap>(361): <frozen importlib._bootstrap>(362): <frozen importlib._bootstrap>(363): <frozen importlib._bootstrap>(364): <frozen importlib._bootstrap>(367): <frozen importlib._bootstrap>(368): <frozen importlib._bootstrap_external>(816): <frozen importlib._bootstrap_external>(819): <frozen importlib._bootstrap_external>(829): <frozen importlib._bootstrap_external>(840): <frozen importlib._bootstrap_external>(841): <frozen importlib._bootstrap_external>(846): <frozen importlib._bootstrap_external>(1479): <frozen importlib._bootstrap_external>(1481): <frozen importlib._bootstrap_external>(1482): <frozen importlib._bootstrap_external>(1505): <frozen importlib._bootstrap_external>(1507): <frozen importlib._bootstrap_external>(1518): <frozen importlib._bootstrap>(1072):  --- modulename: _bootstrap, funcname: __exit__
<frozen importlib._bootstrap>(1034): <frozen importlib._bootstrap>(1081): <frozen importlib._bootstrap>(1083): <frozen importlib._bootstrap>(1098): <frozen importlib._bootstrap>(1141): <frozen importlib._bootstrap>(1144): <frozen importlib._bootstrap>(1148): <frozen importlib._bootstrap>(1149):  --- modulename: _bootstrap, funcname: _load_unlocked
<frozen importlib._bootstrap>(668): <frozen importlib._bootstrap>(670): <frozen importlib._bootstrap>(676):  --- modulename: _bootstrap, funcname: module_from_spec
<frozen importlib._bootstrap>(569): <frozen importlib._bootstrap>(570): <frozen importlib._bootstrap>(573):  --- modulename: _bootstrap_external, funcname: create_module
<frozen importlib._bootstrap_external>(931): <frozen importlib._bootstrap>(577): <frozen importlib._bootstrap>(578):  --- modulename: _bootstrap, funcname: _new_module
<frozen importlib._bootstrap>(49): <frozen importlib._bootstrap>(579):  --- modulename: _bootstrap, funcname: _init_module_attrs
<frozen importlib._bootstrap>(497): <frozen importlib._bootstrap>(503): <frozen importlib._bootstrap>(504): <frozen importlib._bootstrap>(505): <frozen importlib._bootstrap>(526): <frozen importlib._bootstrap>(527): <frozen importlib._bootstrap>(531): <frozen importlib._bootstrap>(532): <frozen importlib._bootstrap>(533):  --- modulename: _bootstrap, funcname: parent
<frozen importlib._bootstrap>(408): <frozen importlib._bootstrap>(409): <frozen importlib._bootstrap>(537): <frozen importlib._bootstrap>(538): <frozen importlib._bootstrap>(542): <frozen importlib._bootstrap>(543): <frozen importlib._bootstrap>(550):  --- modulename: _bootstrap, funcname: has_location
<frozen importlib._bootstrap>(415): <frozen importlib._bootstrap>(551): <frozen importlib._bootstrap>(552): <frozen importlib._bootstrap>(553): <frozen importlib._bootstrap>(557): <frozen importlib._bootstrap>(558):  --- modulename: _bootstrap, funcname: cached
<frozen importlib._bootstrap>(394): <frozen importlib._bootstrap>(395): <frozen importlib._bootstrap>(396): <frozen importlib._bootstrap>(398):  --- modulename: _bootstrap_external, funcname: _get_cached
<frozen importlib._bootstrap_external>(568): <frozen importlib._bootstrap_external>(569): <frozen importlib._bootstrap_external>(570):  --- modulename: _bootstrap_external, funcname: cache_from_source
<frozen importlib._bootstrap_external>(455): <frozen importlib._bootstrap_external>(462): <frozen importlib._bootstrap_external>(463):  --- modulename: _bootstrap_external, funcname: _path_split
<frozen importlib._bootstrap_external>(134):  --- modulename: _bootstrap_external, funcname: <genexpr>
<frozen importlib._bootstrap_external>(134):  --- modulename: _bootstrap_external, funcname: <genexpr>
<frozen importlib._bootstrap_external>(134):  --- modulename: _bootstrap_external, funcname: <genexpr>
<frozen importlib._bootstrap_external>(134): <frozen importlib._bootstrap_external>(135): <frozen importlib._bootstrap_external>(137): <frozen importlib._bootstrap_external>(464): <frozen importlib._bootstrap_external>(465): <frozen importlib._bootstrap_external>(466): <frozen importlib._bootstrap_external>(468): <frozen importlib._bootstrap_external>(469): <frozen importlib._bootstrap_external>(470): <frozen importlib._bootstrap_external>(471): <frozen importlib._bootstrap_external>(474): <frozen importlib._bootstrap_external>(475): <frozen importlib._bootstrap_external>(479): <frozen importlib._bootstrap_external>(480): <frozen importlib._bootstrap_external>(505):  --- modulename: _bootstrap_external, funcname: _path_join
<frozen importlib._bootstrap_external>(98): <frozen importlib._bootstrap_external>(100): <frozen importlib._bootstrap_external>(102): <frozen importlib._bootstrap_external>(103): <frozen importlib._bootstrap_external>(104): <frozen importlib._bootstrap_external>(105): <frozen importlib._bootstrap_external>(106): <frozen importlib._bootstrap_external>(107): <frozen importlib._bootstrap_external>(104): <frozen importlib._bootstrap_external>(105): <frozen importlib._bootstrap_external>(108): <frozen importlib._bootstrap_external>(117): <frozen importlib._bootstrap_external>(118): <frozen importlib._bootstrap_external>(104): <frozen importlib._bootstrap_external>(105): <frozen importlib._bootstrap_external>(108): <frozen importlib._bootstrap_external>(117): <frozen importlib._bootstrap_external>(118): <frozen importlib._bootstrap_external>(104): <frozen importlib._bootstrap_external>(119):  --- modulename: _bootstrap_external, funcname: <listcomp>
<frozen importlib._bootstrap_external>(119): <frozen importlib._bootstrap_external>(119): <frozen importlib._bootstrap_external>(119): <frozen importlib._bootstrap_external>(119): <frozen importlib._bootstrap_external>(120): <frozen importlib._bootstrap_external>(123): <frozen importlib._bootstrap>(399): <frozen importlib._bootstrap>(559): <frozen importlib._bootstrap>(560):  --- modulename: _bootstrap, funcname: cached
<frozen importlib._bootstrap>(394): <frozen importlib._bootstrap>(399): <frozen importlib._bootstrap>(563): <frozen importlib._bootstrap>(580): <frozen importlib._bootstrap>(681): <frozen importlib._bootstrap>(682): <frozen importlib._bootstrap>(683): <frozen importlib._bootstrap>(684): <frozen importlib._bootstrap>(685): <frozen importlib._bootstrap>(690):  --- modulename: _bootstrap_external, funcname: exec_module
<frozen importlib._bootstrap_external>(936):  --- modulename: _bootstrap_external, funcname: get_code
<frozen importlib._bootstrap_external>(1014):  --- modulename: _bootstrap_external, funcname: _check_name_wrapper
<frozen importlib._bootstrap_external>(600): <frozen importlib._bootstrap_external>(602): <frozen importlib._bootstrap_external>(605):  --- modulename: _bootstrap_external, funcname: get_filename
<frozen importlib._bootstrap_external>(1125): <frozen importlib._bootstrap_external>(1015): <frozen importlib._bootstrap_external>(1016): <frozen importlib._bootstrap_external>(1017): <frozen importlib._bootstrap_external>(1018): <frozen importlib._bootstrap_external>(1019): <frozen importlib._bootstrap_external>(1020): <frozen importlib._bootstrap_external>(1021):  --- modulename: _bootstrap_external, funcname: cache_from_source
<frozen importlib._bootstrap_external>(455): <frozen importlib._bootstrap_external>(462): <frozen importlib._bootstrap_external>(463):  --- modulename: _bootstrap_external, funcname: _path_split
<frozen importlib._bootstrap_external>(134):  --- modulename: _bootstrap_external, funcname: <genexpr>
<frozen importlib._bootstrap_external>(134):  --- modulename: _bootstrap_external, funcname: <genexpr>
<frozen importlib._bootstrap_external>(134):  --- modulename: _bootstrap_external, funcname: <genexpr>
<frozen importlib._bootstrap_external>(134): <frozen importlib._bootstrap_external>(135): <frozen importlib._bootstrap_external>(137): <frozen importlib._bootstrap_external>(464): <frozen importlib._bootstrap_external>(465): <frozen importlib._bootstrap_external>(466): <frozen importlib._bootstrap_external>(468): <frozen importlib._bootstrap_external>(469): <frozen importlib._bootstrap_external>(470): <frozen importlib._bootstrap_external>(471): <frozen importlib._bootstrap_external>(474): <frozen importlib._bootstrap_external>(475): <frozen importlib._bootstrap_external>(479): <frozen importlib._bootstrap_external>(480): <frozen importlib._bootstrap_external>(505):  --- modulename: _bootstrap_external, funcname: _path_join
<frozen importlib._bootstrap_external>(98): <frozen importlib._bootstrap_external>(100): <frozen importlib._bootstrap_external>(102): <frozen importlib._bootstrap_external>(103): <frozen importlib._bootstrap_external>(104): <frozen importlib._bootstrap_external>(105): <frozen importlib._bootstrap_external>(106): <frozen importlib._bootstrap_external>(107): <frozen importlib._bootstrap_external>(104): <frozen importlib._bootstrap_external>(105): <frozen importlib._bootstrap_external>(108): <frozen importlib._bootstrap_external>(117): <frozen importlib._bootstrap_external>(118): <frozen importlib._bootstrap_external>(104): <frozen importlib._bootstrap_external>(105): <frozen importlib._bootstrap_external>(108): <frozen importlib._bootstrap_external>(117): <frozen importlib._bootstrap_external>(118): <frozen importlib._bootstrap_external>(104): <frozen importlib._bootstrap_external>(119):  --- modulename: _bootstrap_external, funcname: <listcomp>
<frozen importlib._bootstrap_external>(119): <frozen importlib._bootstrap_external>(119): <frozen importlib._bootstrap_external>(119): <frozen importlib._bootstrap_external>(119): <frozen importlib._bootstrap_external>(120): <frozen importlib._bootstrap_external>(123): <frozen importlib._bootstrap_external>(1025): <frozen importlib._bootstrap_external>(1026):  --- modulename: _bootstrap_external, funcname: path_stats
<frozen importlib._bootstrap_external>(1148):  --- modulename: _bootstrap_external, funcname: _path_stat
<frozen importlib._bootstrap_external>(147): <frozen importlib._bootstrap_external>(1149): <frozen importlib._bootstrap_external>(1030): <frozen importlib._bootstrap_external>(1031): <frozen importlib._bootstrap_external>(1032):  --- modulename: _bootstrap_external, funcname: get_data
<frozen importlib._bootstrap_external>(1129): <frozen importlib._bootstrap_external>(1130): <frozen importlib._bootstrap_external>(1131): <frozen importlib._bootstrap_external>(1130): <frozen importlib._bootstrap_external>(1037): <frozen importlib._bootstrap_external>(1038): <frozen importlib._bootstrap_external>(1036): <frozen importlib._bootstrap_external>(1040): <frozen importlib._bootstrap_external>(1041):  --- modulename: _bootstrap_external, funcname: _classify_pyc
<frozen importlib._bootstrap_external>(658): <frozen importlib._bootstrap_external>(659): <frozen importlib._bootstrap_external>(663): <frozen importlib._bootstrap_external>(667):  --- modulename: _bootstrap_external, funcname: _unpack_uint32
<frozen importlib._bootstrap_external>(86): <frozen importlib._bootstrap_external>(87): <frozen importlib._bootstrap_external>(669): <frozen importlib._bootstrap_external>(672): <frozen importlib._bootstrap_external>(1042): <frozen importlib._bootstrap_external>(1043): <frozen importlib._bootstrap_external>(1044): <frozen importlib._bootstrap_external>(1057): <frozen importlib._bootstrap_external>(1058): <frozen importlib._bootstrap_external>(1059): <frozen importlib._bootstrap_external>(1060): <frozen importlib._bootstrap_external>(1061): <frozen importlib._bootstrap_external>(1062): <frozen importlib._bootstrap_external>(1057):  --- modulename: _bootstrap_external, funcname: _validate_timestamp_pyc
<frozen importlib._bootstrap_external>(694):  --- modulename: _bootstrap_external, funcname: _unpack_uint32
<frozen importlib._bootstrap_external>(86): <frozen importlib._bootstrap_external>(87): <frozen importlib._bootstrap_external>(698): <frozen importlib._bootstrap_external>(699):  --- modulename: _bootstrap_external, funcname: _unpack_uint32
<frozen importlib._bootstrap_external>(86): <frozen importlib._bootstrap_external>(87): <frozen importlib._bootstrap_external>(698): <frozen importlib._bootstrap_external>(1067): <frozen importlib._bootstrap_external>(1068): <frozen importlib._bootstrap_external>(1067):  --- modulename: _bootstrap, funcname: _verbose_message
<frozen importlib._bootstrap>(246): <frozen importlib._bootstrap_external>(1069): <frozen importlib._bootstrap_external>(1070): <frozen importlib._bootstrap_external>(1071): <frozen importlib._bootstrap_external>(1069):  --- modulename: _bootstrap_external, funcname: _compile_bytecode
<frozen importlib._bootstrap_external>(729): <frozen importlib._bootstrap_external>(730): <frozen importlib._bootstrap_external>(731):  --- modulename: _bootstrap, funcname: _verbose_message
<frozen importlib._bootstrap>(246): <frozen importlib._bootstrap_external>(732): <frozen importlib._bootstrap_external>(733): <frozen importlib._bootstrap_external>(734): <frozen importlib._bootstrap_external>(937): <frozen importlib._bootstrap_external>(940):  --- modulename: _bootstrap, funcname: _call_with_frames_removed
<frozen importlib._bootstrap>(241):  --- modulename: lzma, funcname: <module>
lzma.py(1): """Interface to the liblzma compression library.
lzma.py(11): __all__ = [
lzma.py(24): import builtins
lzma.py(25): import io
lzma.py(26): import os
lzma.py(27): from _lzma import *
 --- modulename: _bootstrap, funcname: _find_and_load
<frozen importlib._bootstrap>(1172): <frozen importlib._bootstrap>(1173): <frozen importlib._bootstrap>(1175):  --- modulename: _bootstrap, funcname: __init__
<frozen importlib._bootstrap>(166): <frozen importlib._bootstrap>(167):  --- modulename: _bootstrap, funcname: __enter__
<frozen importlib._bootstrap>(170):  --- modulename: _bootstrap, funcname: _get_module_lock
<frozen importlib._bootstrap>(185): <frozen importlib._bootstrap>(186): <frozen importlib._bootstrap>(187): <frozen importlib._bootstrap>(188): <frozen importlib._bootstrap>(189): <frozen importlib._bootstrap>(190): <frozen importlib._bootstrap>(192): <frozen importlib._bootstrap>(193): <frozen importlib._bootstrap>(196):  --- modulename: _bootstrap, funcname: __init__
<frozen importlib._bootstrap>(72): <frozen importlib._bootstrap>(73): <frozen importlib._bootstrap>(74): <frozen importlib._bootstrap>(75): <frozen importlib._bootstrap>(76): <frozen importlib._bootstrap>(77): <frozen importlib._bootstrap>(198): <frozen importlib._bootstrap>(209): <frozen importlib._bootstrap>(211): <frozen importlib._bootstrap>(213): <frozen importlib._bootstrap>(171):  --- modulename: _bootstrap, funcname: acquire
<frozen importlib._bootstrap>(106): <frozen importlib._bootstrap>(107): <frozen importlib._bootstrap>(108): <frozen importlib._bootstrap>(109): <frozen importlib._bootstrap>(110): <frozen importlib._bootstrap>(111): <frozen importlib._bootstrap>(112): <frozen importlib._bootstrap>(113): <frozen importlib._bootstrap>(114): <frozen importlib._bootstrap>(110): <frozen importlib._bootstrap>(123): <frozen importlib._bootstrap>(1176): <frozen importlib._bootstrap>(1177): <frozen importlib._bootstrap>(1178):  --- modulename: _bootstrap, funcname: _find_and_load_unlocked
<frozen importlib._bootstrap>(1123): <frozen importlib._bootstrap>(1124): <frozen importlib._bootstrap>(1125): <frozen importlib._bootstrap>(1126): <frozen importlib._bootstrap>(1140):  --- modulename: _bootstrap, funcname: _find_spec
<frozen importlib._bootstrap>(1058): <frozen importlib._bootstrap>(1059): <frozen importlib._bootstrap>(1064): <frozen importlib._bootstrap>(1070): <frozen importlib._bootstrap>(1071): <frozen importlib._bootstrap>(1072):  --- modulename: _bootstrap, funcname: __enter__
<frozen importlib._bootstrap>(1030): <frozen importlib._bootstrap>(1073): <frozen importlib._bootstrap>(1074): <frozen importlib._bootstrap>(1080): <frozen importlib._bootstrap>(1072):  --- modulename: _bootstrap, funcname: __exit__
<frozen importlib._bootstrap>(1034): <frozen importlib._bootstrap>(1081): <frozen importlib._bootstrap>(1071): <frozen importlib._bootstrap>(1072):  --- modulename: _bootstrap, funcname: __enter__
<frozen importlib._bootstrap>(1030): <frozen importlib._bootstrap>(1073): <frozen importlib._bootstrap>(1074): <frozen importlib._bootstrap>(1080): <frozen importlib._bootstrap>(1072):  --- modulename: _bootstrap, funcname: __exit__
<frozen importlib._bootstrap>(1034): <frozen importlib._bootstrap>(1081): <frozen importlib._bootstrap>(1071): <frozen importlib._bootstrap>(1072):  --- modulename: _bootstrap, funcname: __enter__
<frozen importlib._bootstrap>(1030): <frozen importlib._bootstrap>(1073): <frozen importlib._bootstrap>(1074): <frozen importlib._bootstrap>(1080):  --- modulename: _bootstrap, funcname: find_spec
<frozen importlib._bootstrap>(750): <frozen importlib._bootstrap>(752): <frozen importlib._bootstrap>(755): <frozen importlib._bootstrap>(1072):  --- modulename: _bootstrap, funcname: __exit__
<frozen importlib._bootstrap>(1034): <frozen importlib._bootstrap>(1081): <frozen importlib._bootstrap>(1071): <frozen importlib._bootstrap>(1072):  --- modulename: _bootstrap, funcname: __enter__
<frozen importlib._bootstrap>(1030): <frozen importlib._bootstrap>(1073): <frozen importlib._bootstrap>(1074): <frozen importlib._bootstrap>(1080):  --- modulename: _bootstrap, funcname: find_spec
<frozen importlib._bootstrap>(924):  --- modulename: _bootstrap, funcname: _call_with_frames_removed
<frozen importlib._bootstrap>(241): <frozen importlib._bootstrap>(925): <frozen importlib._bootstrap>(926): <frozen importlib._bootstrap>(1072):  --- modulename: _bootstrap, funcname: __exit__
<frozen importlib._bootstrap>(1034): <frozen importlib._bootstrap>(1081): <frozen importlib._bootstrap>(1071): <frozen importlib._bootstrap>(1072):  --- modulename: _bootstrap, funcname: __enter__
<frozen importlib._bootstrap>(1030): <frozen importlib._bootstrap>(1073): <frozen importlib._bootstrap>(1074): <frozen importlib._bootstrap>(1080):  --- modulename: _bootstrap_external, funcname: find_spec
<frozen importlib._bootstrap_external>(1502): <frozen importlib._bootstrap_external>(1503): <frozen importlib._bootstrap_external>(1504):  --- modulename: _bootstrap_external, funcname: _get_spec
<frozen importlib._bootstrap_external>(1469): <frozen importlib._bootstrap_external>(1470): <frozen importlib._bootstrap_external>(1471): <frozen importlib._bootstrap_external>(1473):  --- modulename: _bootstrap_external, funcname: _path_importer_cache
<frozen importlib._bootstrap_external>(1429): <frozen importlib._bootstrap_external>(1436): <frozen importlib._bootstrap_external>(1437): <frozen importlib._bootstrap_external>(1441): <frozen importlib._bootstrap_external>(1474): <frozen importlib._bootstrap_external>(1475): <frozen importlib._bootstrap_external>(1476):  --- modulename: _bootstrap_external, funcname: find_spec
<frozen importlib._bootstrap_external>(1609): <frozen importlib._bootstrap_external>(1610): <frozen importlib._bootstrap_external>(1611): <frozen importlib._bootstrap_external>(1612):  --- modulename: _bootstrap_external, funcname: _path_stat
<frozen importlib._bootstrap_external>(147): <frozen importlib._bootstrap_external>(1615): <frozen importlib._bootstrap_external>(1619):  --- modulename: _bootstrap_external, funcname: _relax_case
<frozen importlib._bootstrap_external>(69): <frozen importlib._bootstrap_external>(1623): <frozen importlib._bootstrap_external>(1624): <frozen importlib._bootstrap_external>(1626): <frozen importlib._bootstrap_external>(1638): <frozen importlib._bootstrap_external>(1639): <frozen importlib._bootstrap_external>(1640):  --- modulename: _bootstrap_external, funcname: _path_join
<frozen importlib._bootstrap_external>(98): <frozen importlib._bootstrap_external>(100): <frozen importlib._bootstrap_external>(102): <frozen importlib._bootstrap_external>(103): <frozen importlib._bootstrap_external>(104): <frozen importlib._bootstrap_external>(105): <frozen importlib._bootstrap_external>(106): <frozen importlib._bootstrap_external>(107): <frozen importlib._bootstrap_external>(104): <frozen importlib._bootstrap_external>(105): <frozen importlib._bootstrap_external>(108): <frozen importlib._bootstrap_external>(117): <frozen importlib._bootstrap_external>(118): <frozen importlib._bootstrap_external>(104): <frozen importlib._bootstrap_external>(119):  --- modulename: _bootstrap_external, funcname: <listcomp>
<frozen importlib._bootstrap_external>(119): <frozen importlib._bootstrap_external>(119): <frozen importlib._bootstrap_external>(119): <frozen importlib._bootstrap_external>(120): <frozen importlib._bootstrap_external>(123): <frozen importlib._bootstrap_external>(1643):  --- modulename: _bootstrap, funcname: _verbose_message
<frozen importlib._bootstrap>(246): <frozen importlib._bootstrap_external>(1644): <frozen importlib._bootstrap_external>(1638): <frozen importlib._bootstrap_external>(1639): <frozen importlib._bootstrap_external>(1640):  --- modulename: _bootstrap_external, funcname: _path_join
<frozen importlib._bootstrap_external>(98): <frozen importlib._bootstrap_external>(100): <frozen importlib._bootstrap_external>(102): <frozen importlib._bootstrap_external>(103): <frozen importlib._bootstrap_external>(104): <frozen importlib._bootstrap_external>(105): <frozen importlib._bootstrap_external>(106): <frozen importlib._bootstrap_external>(107): <frozen importlib._bootstrap_external>(104): <frozen importlib._bootstrap_external>(105): <frozen importlib._bootstrap_external>(108): <frozen importlib._bootstrap_external>(117): <frozen importlib._bootstrap_external>(118): <frozen importlib._bootstrap_external>(104): <frozen importlib._bootstrap_external>(119):  --- modulename: _bootstrap_external, funcname: <listcomp>
<frozen importlib._bootstrap_external>(119): <frozen importlib._bootstrap_external>(119): <frozen importlib._bootstrap_external>(119): <frozen importlib._bootstrap_external>(120): <frozen importlib._bootstrap_external>(123): <frozen importlib._bootstrap_external>(1643):  --- modulename: _bootstrap, funcname: _verbose_message
<frozen importlib._bootstrap>(246): <frozen importlib._bootstrap_external>(1644): <frozen importlib._bootstrap_external>(1638): <frozen importlib._bootstrap_external>(1639): <frozen importlib._bootstrap_external>(1640):  --- modulename: _bootstrap_external, funcname: _path_join
<frozen importlib._bootstrap_external>(98): <frozen importlib._bootstrap_external>(100): <frozen importlib._bootstrap_external>(102): <frozen importlib._bootstrap_external>(103): <frozen importlib._bootstrap_external>(104): <frozen importlib._bootstrap_external>(105): <frozen importlib._bootstrap_external>(106): <frozen importlib._bootstrap_external>(107): <frozen importlib._bootstrap_external>(104): <frozen importlib._bootstrap_external>(105): <frozen importlib._bootstrap_external>(108): <frozen importlib._bootstrap_external>(117): <frozen importlib._bootstrap_external>(118): <frozen importlib._bootstrap_external>(104): <frozen importlib._bootstrap_external>(119):  --- modulename: _bootstrap_external, funcname: <listcomp>
<frozen importlib._bootstrap_external>(119): <frozen importlib._bootstrap_external>(119): <frozen importlib._bootstrap_external>(119): <frozen importlib._bootstrap_external>(120): <frozen importlib._bootstrap_external>(123): <frozen importlib._bootstrap_external>(1643):  --- modulename: _bootstrap, funcname: _verbose_message
<frozen importlib._bootstrap>(246): <frozen importlib._bootstrap_external>(1644): <frozen importlib._bootstrap_external>(1638): <frozen importlib._bootstrap_external>(1639): <frozen importlib._bootstrap_external>(1640):  --- modulename: _bootstrap_external, funcname: _path_join
<frozen importlib._bootstrap_external>(98): <frozen importlib._bootstrap_external>(100): <frozen importlib._bootstrap_external>(102): <frozen importlib._bootstrap_external>(103): <frozen importlib._bootstrap_external>(104): <frozen importlib._bootstrap_external>(105): <frozen importlib._bootstrap_external>(106): <frozen importlib._bootstrap_external>(107): <frozen importlib._bootstrap_external>(104): <frozen importlib._bootstrap_external>(105): <frozen importlib._bootstrap_external>(108): <frozen importlib._bootstrap_external>(117): <frozen importlib._bootstrap_external>(118): <frozen importlib._bootstrap_external>(104): <frozen importlib._bootstrap_external>(119):  --- modulename: _bootstrap_external, funcname: <listcomp>
<frozen importlib._bootstrap_external>(119): <frozen importlib._bootstrap_external>(119): <frozen importlib._bootstrap_external>(119): <frozen importlib._bootstrap_external>(120): <frozen importlib._bootstrap_external>(123): <frozen importlib._bootstrap_external>(1643):  --- modulename: _bootstrap, funcname: _verbose_message
<frozen importlib._bootstrap>(246): <frozen importlib._bootstrap_external>(1644): <frozen importlib._bootstrap_external>(1638): <frozen importlib._bootstrap_external>(1639): <frozen importlib._bootstrap_external>(1640):  --- modulename: _bootstrap_external, funcname: _path_join
<frozen importlib._bootstrap_external>(98): <frozen importlib._bootstrap_external>(100): <frozen importlib._bootstrap_external>(102): <frozen importlib._bootstrap_external>(103): <frozen importlib._bootstrap_external>(104): <frozen importlib._bootstrap_external>(105): <frozen importlib._bootstrap_external>(106): <frozen importlib._bootstrap_external>(107): <frozen importlib._bootstrap_external>(104): <frozen importlib._bootstrap_external>(105): <frozen importlib._bootstrap_external>(108): <frozen importlib._bootstrap_external>(117): <frozen importlib._bootstrap_external>(118): <frozen importlib._bootstrap_external>(104): <frozen importlib._bootstrap_external>(119):  --- modulename: _bootstrap_external, funcname: <listcomp>
<frozen importlib._bootstrap_external>(119): <frozen importlib._bootstrap_external>(119): <frozen importlib._bootstrap_external>(119): <frozen importlib._bootstrap_external>(120): <frozen importlib._bootstrap_external>(123): <frozen importlib._bootstrap_external>(1643):  --- modulename: _bootstrap, funcname: _verbose_message
<frozen importlib._bootstrap>(246): <frozen importlib._bootstrap_external>(1644): <frozen importlib._bootstrap_external>(1638): <frozen importlib._bootstrap_external>(1648): <frozen importlib._bootstrap_external>(1653): <frozen importlib._bootstrap_external>(1479): <frozen importlib._bootstrap_external>(1480): <frozen importlib._bootstrap_external>(1470): <frozen importlib._bootstrap_external>(1471): <frozen importlib._bootstrap_external>(1473):  --- modulename: _bootstrap_external, funcname: _path_importer_cache
<frozen importlib._bootstrap_external>(1429): <frozen importlib._bootstrap_external>(1436): <frozen importlib._bootstrap_external>(1437): <frozen importlib._bootstrap_external>(1441): <frozen importlib._bootstrap_external>(1474): <frozen importlib._bootstrap_external>(1470): <frozen importlib._bootstrap_external>(1471): <frozen importlib._bootstrap_external>(1473):  --- modulename: _bootstrap_external, funcname: _path_importer_cache
<frozen importlib._bootstrap_external>(1429): <frozen importlib._bootstrap_external>(1436): <frozen importlib._bootstrap_external>(1437): <frozen importlib._bootstrap_external>(1441): <frozen importlib._bootstrap_external>(1474): <frozen importlib._bootstrap_external>(1475): <frozen importlib._bootstrap_external>(1476):  --- modulename: _bootstrap_external, funcname: find_spec
<frozen importlib._bootstrap_external>(1609): <frozen importlib._bootstrap_external>(1610): <frozen importlib._bootstrap_external>(1611): <frozen importlib._bootstrap_external>(1612):  --- modulename: _bootstrap_external, funcname: _path_stat
<frozen importlib._bootstrap_external>(147): <frozen importlib._bootstrap_external>(1615): <frozen importlib._bootstrap_external>(1619):  --- modulename: _bootstrap_external, funcname: _relax_case
<frozen importlib._bootstrap_external>(69): <frozen importlib._bootstrap_external>(1623): <frozen importlib._bootstrap_external>(1624): <frozen importlib._bootstrap_external>(1626): <frozen importlib._bootstrap_external>(1638): <frozen importlib._bootstrap_external>(1639): <frozen importlib._bootstrap_external>(1640):  --- modulename: _bootstrap_external, funcname: _path_join
<frozen importlib._bootstrap_external>(98): <frozen importlib._bootstrap_external>(100): <frozen importlib._bootstrap_external>(102): <frozen importlib._bootstrap_external>(103): <frozen importlib._bootstrap_external>(104): <frozen importlib._bootstrap_external>(105): <frozen importlib._bootstrap_external>(106): <frozen importlib._bootstrap_external>(107): <frozen importlib._bootstrap_external>(104): <frozen importlib._bootstrap_external>(105): <frozen importlib._bootstrap_external>(108): <frozen importlib._bootstrap_external>(117): <frozen importlib._bootstrap_external>(118): <frozen importlib._bootstrap_external>(104): <frozen importlib._bootstrap_external>(119):  --- modulename: _bootstrap_external, funcname: <listcomp>
<frozen importlib._bootstrap_external>(119): <frozen importlib._bootstrap_external>(119): <frozen importlib._bootstrap_external>(119): <frozen importlib._bootstrap_external>(120): <frozen importlib._bootstrap_external>(123): <frozen importlib._bootstrap_external>(1643):  --- modulename: _bootstrap, funcname: _verbose_message
<frozen importlib._bootstrap>(246): <frozen importlib._bootstrap_external>(1644): <frozen importlib._bootstrap_external>(1638): <frozen importlib._bootstrap_external>(1639): <frozen importlib._bootstrap_external>(1640):  --- modulename: _bootstrap_external, funcname: _path_join
<frozen importlib._bootstrap_external>(98): <frozen importlib._bootstrap_external>(100): <frozen importlib._bootstrap_external>(102): <frozen importlib._bootstrap_external>(103): <frozen importlib._bootstrap_external>(104): <frozen importlib._bootstrap_external>(105): <frozen importlib._bootstrap_external>(106): <frozen importlib._bootstrap_external>(107): <frozen importlib._bootstrap_external>(104): <frozen importlib._bootstrap_external>(105): <frozen importlib._bootstrap_external>(108): <frozen importlib._bootstrap_external>(117): <frozen importlib._bootstrap_external>(118): <frozen importlib._bootstrap_external>(104): <frozen importlib._bootstrap_external>(119):  --- modulename: _bootstrap_external, funcname: <listcomp>
<frozen importlib._bootstrap_external>(119): <frozen importlib._bootstrap_external>(119): <frozen importlib._bootstrap_external>(119): <frozen importlib._bootstrap_external>(120): <frozen importlib._bootstrap_external>(123): <frozen importlib._bootstrap_external>(1643):  --- modulename: _bootstrap, funcname: _verbose_message
<frozen importlib._bootstrap>(246): <frozen importlib._bootstrap_external>(1644): <frozen importlib._bootstrap_external>(1645):  --- modulename: _bootstrap_external, funcname: _path_isfile
<frozen importlib._bootstrap_external>(161):  --- modulename: _bootstrap_external, funcname: _path_is_mode_type
<frozen importlib._bootstrap_external>(152): <frozen importlib._bootstrap_external>(153):  --- modulename: _bootstrap_external, funcname: _path_stat
<frozen importlib._bootstrap_external>(147): <frozen importlib._bootstrap_external>(156): <frozen importlib._bootstrap_external>(1646): <frozen importlib._bootstrap_external>(1647): <frozen importlib._bootstrap_external>(1646):  --- modulename: _bootstrap_external, funcname: _get_spec
<frozen importlib._bootstrap_external>(1600):  --- modulename: _bootstrap_external, funcname: __init__
<frozen importlib._bootstrap_external>(1221): <frozen importlib._bootstrap_external>(1222): <frozen importlib._bootstrap_external>(1601): <frozen importlib._bootstrap_external>(1602): <frozen importlib._bootstrap_external>(1601):  --- modulename: _bootstrap_external, funcname: spec_from_file_location
<frozen importlib._bootstrap_external>(790): <frozen importlib._bootstrap_external>(802): <frozen importlib._bootstrap_external>(803):  --- modulename: _bootstrap_external, funcname: _path_isabs
<frozen importlib._bootstrap_external>(174): <frozen importlib._bootstrap_external>(176): <frozen importlib._bootstrap_external>(177): <frozen importlib._bootstrap_external>(815):  --- modulename: _bootstrap, funcname: __init__
<frozen importlib._bootstrap>(359): <frozen importlib._bootstrap>(360): <frozen importlib._bootstrap>(361): <frozen importlib._bootstrap>(362): <frozen importlib._bootstrap>(363): <frozen importlib._bootstrap>(364): <frozen importlib._bootstrap>(367): <frozen importlib._bootstrap>(368): <frozen importlib._bootstrap_external>(816): <frozen importlib._bootstrap_external>(819): <frozen importlib._bootstrap_external>(829): <frozen importlib._bootstrap_external>(840): <frozen importlib._bootstrap_external>(841): <frozen importlib._bootstrap_external>(846): <frozen importlib._bootstrap_external>(1479): <frozen importlib._bootstrap_external>(1481): <frozen importlib._bootstrap_external>(1482): <frozen importlib._bootstrap_external>(1505): <frozen importlib._bootstrap_external>(1507): <frozen importlib._bootstrap_external>(1518): <frozen importlib._bootstrap>(1072):  --- modulename: _bootstrap, funcname: __exit__
<frozen importlib._bootstrap>(1034): <frozen importlib._bootstrap>(1081): <frozen importlib._bootstrap>(1083): <frozen importlib._bootstrap>(1098): <frozen importlib._bootstrap>(1141): <frozen importlib._bootstrap>(1144): <frozen importlib._bootstrap>(1148): <frozen importlib._bootstrap>(1149):  --- modulename: _bootstrap, funcname: _load_unlocked
<frozen importlib._bootstrap>(668): <frozen importlib._bootstrap>(670): <frozen importlib._bootstrap>(676):  --- modulename: _bootstrap, funcname: module_from_spec
<frozen importlib._bootstrap>(569): <frozen importlib._bootstrap>(570): <frozen importlib._bootstrap>(573):  --- modulename: _bootstrap_external, funcname: create_module
<frozen importlib._bootstrap_external>(1233): <frozen importlib._bootstrap_external>(1234): <frozen importlib._bootstrap_external>(1233):  --- modulename: _bootstrap, funcname: _call_with_frames_removed
<frozen importlib._bootstrap>(241): <frozen importlib._bootstrap_external>(1235): <frozen importlib._bootstrap_external>(1236): <frozen importlib._bootstrap_external>(1235):  --- modulename: _bootstrap, funcname: _verbose_message
<frozen importlib._bootstrap>(246): <frozen importlib._bootstrap_external>(1237): <frozen importlib._bootstrap>(577): <frozen importlib._bootstrap>(579):  --- modulename: _bootstrap, funcname: _init_module_attrs
<frozen importlib._bootstrap>(497): <frozen importlib._bootstrap>(503): <frozen importlib._bootstrap>(504): <frozen importlib._bootstrap>(505): <frozen importlib._bootstrap>(526): <frozen importlib._bootstrap>(527): <frozen importlib._bootstrap>(531): <frozen importlib._bootstrap>(532): <frozen importlib._bootstrap>(533):  --- modulename: _bootstrap, funcname: parent
<frozen importlib._bootstrap>(408): <frozen importlib._bootstrap>(409): <frozen importlib._bootstrap>(537): <frozen importlib._bootstrap>(538): <frozen importlib._bootstrap>(542): <frozen importlib._bootstrap>(543): <frozen importlib._bootstrap>(550):  --- modulename: _bootstrap, funcname: has_location
<frozen importlib._bootstrap>(415): <frozen importlib._bootstrap>(551): <frozen importlib._bootstrap>(552): <frozen importlib._bootstrap>(553): <frozen importlib._bootstrap>(557): <frozen importlib._bootstrap>(558):  --- modulename: _bootstrap, funcname: cached
<frozen importlib._bootstrap>(394): <frozen importlib._bootstrap>(395): <frozen importlib._bootstrap>(396): <frozen importlib._bootstrap>(398):  --- modulename: _bootstrap_external, funcname: _get_cached
<frozen importlib._bootstrap_external>(568): <frozen importlib._bootstrap_external>(573): <frozen importlib._bootstrap_external>(576): <frozen importlib._bootstrap>(399): <frozen importlib._bootstrap>(563): <frozen importlib._bootstrap>(580): <frozen importlib._bootstrap>(681): <frozen importlib._bootstrap>(682): <frozen importlib._bootstrap>(683): <frozen importlib._bootstrap>(684): <frozen importlib._bootstrap>(685): <frozen importlib._bootstrap>(690):  --- modulename: _bootstrap_external, funcname: exec_module
<frozen importlib._bootstrap_external>(1241):  --- modulename: _bootstrap, funcname: _call_with_frames_removed
<frozen importlib._bootstrap>(241): <frozen importlib._bootstrap_external>(1242): <frozen importlib._bootstrap_external>(1243): <frozen importlib._bootstrap_external>(1242):  --- modulename: _bootstrap, funcname: _verbose_message
<frozen importlib._bootstrap>(246): <frozen importlib._bootstrap>(701): <frozen importlib._bootstrap>(702): <frozen importlib._bootstrap>(703):  --- modulename: _bootstrap, funcname: _verbose_message
<frozen importlib._bootstrap>(246): <frozen importlib._bootstrap>(705): <frozen importlib._bootstrap>(707): <frozen importlib._bootstrap>(1151): <frozen importlib._bootstrap>(1153): <frozen importlib._bootstrap>(1161): <frozen importlib._bootstrap>(1175):  --- modulename: _bootstrap, funcname: __exit__
<frozen importlib._bootstrap>(174):  --- modulename: _bootstrap, funcname: release
<frozen importlib._bootstrap>(126): <frozen importlib._bootstrap>(127): <frozen importlib._bootstrap>(128): <frozen importlib._bootstrap>(130): <frozen importlib._bootstrap>(131): <frozen importlib._bootstrap>(132): <frozen importlib._bootstrap>(133): <frozen importlib._bootstrap>(134): <frozen importlib._bootstrap>(127):  --- modulename: _bootstrap, funcname: cb
<frozen importlib._bootstrap>(199): <frozen importlib._bootstrap>(200): <frozen importlib._bootstrap>(204): <frozen importlib._bootstrap>(205): <frozen importlib._bootstrap>(207): lzma.py(28): from _lzma import _encode_filter_properties, _decode_filter_properties
lzma.py(29): import _compression
lzma.py(32): _MODE_CLOSED   = 0
lzma.py(33): _MODE_READ     = 1
lzma.py(35): _MODE_WRITE    = 3
lzma.py(38): class LZMAFile(_compression.BaseStream):
 --- modulename: lzma, funcname: LZMAFile
lzma.py(38): class LZMAFile(_compression.BaseStream):
lzma.py(40):     """A file object providing transparent LZMA (de)compression.
lzma.py(49):     def __init__(self, filename=None, mode="r", *,
lzma.py(50):                  format=None, check=-1, preset=None, filters=None):
lzma.py(49):     def __init__(self, filename=None, mode="r", *,
lzma.py(134):     def close(self):
lzma.py(158):     @property
lzma.py(159):     def closed(self):
lzma.py(158):     @property
lzma.py(159):     def closed(self):
lzma.py(163):     def fileno(self):
lzma.py(168):     def seekable(self):
lzma.py(172):     def readable(self):
lzma.py(177):     def writable(self):
lzma.py(182):     def peek(self, size=-1):
lzma.py(193):     def read(self, size=-1):
lzma.py(202):     def read1(self, size=-1):
lzma.py(214):     def readline(self, size=-1):
lzma.py(224):     def write(self, data):
lzma.py(245):     def seek(self, offset, whence=io.SEEK_SET):
lzma.py(263):     def tell(self):
 --- modulename: abc, funcname: __new__
<frozen abc>(106): <frozen abc>(107): <frozen abc>(108): lzma.py(271): def open(filename, mode="rb", *,
lzma.py(272):          format=None, check=-1, preset=None, filters=None,
lzma.py(273):          encoding=None, errors=None, newline=None):
lzma.py(271): def open(filename, mode="rb", *,
lzma.py(319): def compress(data, format=FORMAT_XZ, check=-1, preset=None, filters=None):
lzma.py(331): def decompress(data, format=FORMAT_AUTO, memlimit=None, filters=None):
<frozen importlib._bootstrap>(701): <frozen importlib._bootstrap>(702): <frozen importlib._bootstrap>(703):  --- modulename: _bootstrap, funcname: _verbose_message
<frozen importlib._bootstrap>(246): <frozen importlib._bootstrap>(705): <frozen importlib._bootstrap>(707): <frozen importlib._bootstrap>(1151): <frozen importlib._bootstrap>(1153): <frozen importlib._bootstrap>(1161): <frozen importlib._bootstrap>(1175):  --- modulename: _bootstrap, funcname: __exit__
<frozen importlib._bootstrap>(174):  --- modulename: _bootstrap, funcname: release
<frozen importlib._bootstrap>(126): <frozen importlib._bootstrap>(127): <frozen importlib._bootstrap>(128): <frozen importlib._bootstrap>(130): <frozen importlib._bootstrap>(131): <frozen importlib._bootstrap>(132): <frozen importlib._bootstrap>(133): <frozen importlib._bootstrap>(134): <frozen importlib._bootstrap>(127):  --- modulename: _bootstrap, funcname: cb
<frozen importlib._bootstrap>(199): <frozen importlib._bootstrap>(200): <frozen importlib._bootstrap>(204): <frozen importlib._bootstrap>(205): <frozen importlib._bootstrap>(207): shutil.py(30):     del lzma
shutil.py(31):     _LZMA_SUPPORTED = True
shutil.py(35): _WINDOWS = os.name == 'nt'
shutil.py(36): posix = nt = None
shutil.py(37): if os.name == 'posix':
shutil.py(39): elif _WINDOWS:
shutil.py(40):     import nt
shutil.py(42): COPY_BUFSIZE = 1024 * 1024 if _WINDOWS else 64 * 1024
shutil.py(45): _USE_CP_SENDFILE = hasattr(os, "sendfile") and sys.platform.startswith("linux")
shutil.py(46): _HAS_FCOPYFILE = posix and hasattr(posix, "_fcopyfile")  # macOS
shutil.py(49): _WIN_DEFAULT_PATHEXT = ".COM;.EXE;.BAT;.CMD;.VBS;.JS;.WS;.MSC"
shutil.py(51): __all__ = ["copyfileobj", "copyfile", "copymode", "copystat", "copy", "copy2",
shutil.py(61): class Error(OSError):
 --- modulename: shutil, funcname: Error
shutil.py(61): class Error(OSError):
shutil.py(62):     pass
shutil.py(64): class SameFileError(Error):
 --- modulename: shutil, funcname: SameFileError
shutil.py(64): class SameFileError(Error):
shutil.py(65):     """Raised when source and destination are the same file."""
shutil.py(67): class SpecialFileError(OSError):
 --- modulename: shutil, funcname: SpecialFileError
shutil.py(67): class SpecialFileError(OSError):
shutil.py(68):     """Raised when trying to do a kind of operation (e.g. copying) which is
shutil.py(71): class ExecError(OSError):
 --- modulename: shutil, funcname: ExecError
shutil.py(71): class ExecError(OSError):
shutil.py(72):     """Raised when a command could not be executed"""
shutil.py(74): class ReadError(OSError):
 --- modulename: shutil, funcname: ReadError
shutil.py(74): class ReadError(OSError):
shutil.py(75):     """Raised when an archive cannot be read"""
shutil.py(77): class RegistryError(Exception):
 --- modulename: shutil, funcname: RegistryError
shutil.py(77): class RegistryError(Exception):
shutil.py(78):     """Raised when a registry operation with the archiving
shutil.py(81): class _GiveupOnFastCopy(Exception):
 --- modulename: shutil, funcname: _GiveupOnFastCopy
shutil.py(81): class _GiveupOnFastCopy(Exception):
shutil.py(82):     """Raised as a signal to fallback on using raw read()/write()
shutil.py(86): def _fastcopy_fcopyfile(fsrc, fdst, flags):
shutil.py(106): def _fastcopy_sendfile(fsrc, fdst):
shutil.py(170): def _copyfileobj_readinto(fsrc, fdst, length=COPY_BUFSIZE):
shutil.py(189): def copyfileobj(fsrc, fdst, length=0):
shutil.py(202): def _samefile(src, dst):
shutil.py(220): def _stat(fn):
shutil.py(223): def _islink(fn):
shutil.py(226): def copyfile(src, dst, *, follow_symlinks=True):
shutil.py(290): def copymode(src, dst, *, follow_symlinks=True):
shutil.py(311): if hasattr(os, 'listxattr'):
shutil.py(336):     def _copyxattr(*args, **kwargs):
shutil.py(339): def copystat(src, dst, *, follow_symlinks=True):
shutil.py(405): def copy(src, dst, *, follow_symlinks=True):
shutil.py(423): def copy2(src, dst, *, follow_symlinks=True):
shutil.py(440): def ignore_patterns(*patterns):
shutil.py(453):               ignore_dangling_symlinks, dirs_exist_ok=False):
shutil.py(452): def _copytree(entries, src, dst, symlinks, ignore, copy_function,
shutil.py(517): def copytree(src, dst, symlinks=False, ignore=None, copy_function=copy2,
shutil.py(518):              ignore_dangling_symlinks=False, dirs_exist_ok=False):
shutil.py(517): def copytree(src, dst, symlinks=False, ignore=None, copy_function=copy2,
shutil.py(565): if hasattr(os.stat_result, 'st_file_attributes'):
shutil.py(569):     def _rmtree_isdir(entry):
shutil.py(578):     def _rmtree_islink(path):
shutil.py(597): def _rmtree_unsafe(path, onerror):
shutil.py(628): def _rmtree_safe_fd(topfd, path, onerror):
shutil.py(684): _use_fd_functions = ({os.open, os.stat, os.unlink, os.rmdir} <=
shutil.py(685):                      os.supports_dir_fd and
shutil.py(684): _use_fd_functions = ({os.open, os.stat, os.unlink, os.rmdir} <=
shutil.py(689): def rmtree(path, ignore_errors=False, onerror=None, *, dir_fd=None):
shutil.py(762): rmtree.avoids_symlink_attacks = _use_fd_functions
shutil.py(764): def _basename(path):
shutil.py(782): def move(src, dst, copy_function=copy2):
shutil.py(848): def _destinsrc(src, dst):
shutil.py(857): def _is_immutable(src):
shutil.py(862): def _get_gid(name):
shutil.py(880): def _get_uid(name):
shutil.py(898): def _make_tarball(base_name, base_dir, compress="gzip", verbose=0, dry_run=0,
shutil.py(899):                   owner=None, group=None, logger=None, root_dir=None):
shutil.py(898): def _make_tarball(base_name, base_dir, compress="gzip", verbose=0, dry_run=0,
shutil.py(968): def _make_zipfile(base_name, base_dir, verbose=0, dry_run=0,
shutil.py(969):                   logger=None, owner=None, group=None, root_dir=None):
shutil.py(968): def _make_zipfile(base_name, base_dir, verbose=0, dry_run=0,
shutil.py(1031):     'tar':   (_make_tarball, [('compress', None)],
shutil.py(1032):               "uncompressed tar file", True),
shutil.py(1031):     'tar':   (_make_tarball, [('compress', None)],
shutil.py(1030): _ARCHIVE_FORMATS = {
shutil.py(1035): if _ZLIB_SUPPORTED:
shutil.py(1036):     _ARCHIVE_FORMATS['gztar'] = (_make_tarball, [('compress', 'gzip')],
shutil.py(1037):                                 "gzip'ed tar-file", True)
shutil.py(1036):     _ARCHIVE_FORMATS['gztar'] = (_make_tarball, [('compress', 'gzip')],
shutil.py(1038):     _ARCHIVE_FORMATS['zip'] = (_make_zipfile, [], "ZIP file", True)
shutil.py(1040): if _BZ2_SUPPORTED:
shutil.py(1041):     _ARCHIVE_FORMATS['bztar'] = (_make_tarball, [('compress', 'bzip2')],
shutil.py(1042):                                 "bzip2'ed tar-file", True)
shutil.py(1041):     _ARCHIVE_FORMATS['bztar'] = (_make_tarball, [('compress', 'bzip2')],
shutil.py(1044): if _LZMA_SUPPORTED:
shutil.py(1045):     _ARCHIVE_FORMATS['xztar'] = (_make_tarball, [('compress', 'xz')],
shutil.py(1046):                                 "xz'ed tar-file", True)
shutil.py(1045):     _ARCHIVE_FORMATS['xztar'] = (_make_tarball, [('compress', 'xz')],
shutil.py(1048): def get_archive_formats():
shutil.py(1058): def register_archive_format(name, function, extra_args=None, description=''):
shutil.py(1079): def unregister_archive_format(name):
shutil.py(1082): def make_archive(base_name, format, root_dir=None, base_dir=None, verbose=0,
shutil.py(1083):                  dry_run=0, owner=None, group=None, logger=None):
shutil.py(1082): def make_archive(base_name, format, root_dir=None, base_dir=None, verbose=0,
shutil.py(1142): def get_unpack_formats():
shutil.py(1153): def _check_unpack_options(extensions, function, extra_args):
shutil.py(1171): def register_unpack_format(name, extensions, function, extra_args=None,
shutil.py(1172):                            description=''):
shutil.py(1171): def register_unpack_format(name, extensions, function, extra_args=None,
shutil.py(1193): def unregister_unpack_format(name):
shutil.py(1197): def _ensure_directory(path):
shutil.py(1203): def _unpack_zipfile(filename, extract_dir):
shutil.py(1233): def _unpack_tarfile(filename, extract_dir):
shutil.py(1253):     'tar':   (['.tar'], _unpack_tarfile, [], "uncompressed tar file"),
shutil.py(1254):     'zip':   (['.zip'], _unpack_zipfile, [], "ZIP file"),
shutil.py(1252): _UNPACK_FORMATS = {
shutil.py(1257): if _ZLIB_SUPPORTED:
shutil.py(1258):     _UNPACK_FORMATS['gztar'] = (['.tar.gz', '.tgz'], _unpack_tarfile, [],
shutil.py(1259):                                 "gzip'ed tar-file")
shutil.py(1258):     _UNPACK_FORMATS['gztar'] = (['.tar.gz', '.tgz'], _unpack_tarfile, [],
shutil.py(1261): if _BZ2_SUPPORTED:
shutil.py(1262):     _UNPACK_FORMATS['bztar'] = (['.tar.bz2', '.tbz2'], _unpack_tarfile, [],
shutil.py(1263):                                 "bzip2'ed tar-file")
shutil.py(1262):     _UNPACK_FORMATS['bztar'] = (['.tar.bz2', '.tbz2'], _unpack_tarfile, [],
shutil.py(1265): if _LZMA_SUPPORTED:
shutil.py(1266):     _UNPACK_FORMATS['xztar'] = (['.tar.xz', '.txz'], _unpack_tarfile, [],
shutil.py(1267):                                 "xz'ed tar-file")
shutil.py(1266):     _UNPACK_FORMATS['xztar'] = (['.tar.xz', '.txz'], _unpack_tarfile, [],
shutil.py(1269): def _find_unpack_format(filename):
shutil.py(1276): def unpack_archive(filename, extract_dir=None, format=None):
shutil.py(1318): if hasattr(os, 'statvfs'):
shutil.py(1338): elif _WINDOWS:
shutil.py(1340):     __all__.append('disk_usage')
shutil.py(1341):     _ntuple_diskusage = collections.namedtuple('usage', 'total used free')
shutil.py(1343):     def disk_usage(path):
shutil.py(1354): def chown(path, user=None, group=None):
shutil.py(1386): def get_terminal_size(fallback=(80, 24)):
shutil.py(1435): def _access_check(fn, mode):
shutil.py(1440): def which(cmd, mode=os.F_OK | os.X_OK, path=None):
<frozen importlib._bootstrap>(701): <frozen importlib._bootstrap>(702): <frozen importlib._bootstrap>(703):  --- modulename: _bootstrap, funcname: _verbose_message
<frozen importlib._bootstrap>(246): <frozen importlib._bootstrap>(705): <frozen importlib._bootstrap>(707): <frozen importlib._bootstrap>(1151): <frozen importlib._bootstrap>(1153): <frozen importlib._bootstrap>(1161): <frozen importlib._bootstrap>(1175):  --- modulename: _bootstrap, funcname: __exit__
<frozen importlib._bootstrap>(174):  --- modulename: _bootstrap, funcname: release
<frozen importlib._bootstrap>(126): <frozen importlib._bootstrap>(127): <frozen importlib._bootstrap>(128): <frozen importlib._bootstrap>(130): <frozen importlib._bootstrap>(131): <frozen importlib._bootstrap>(132): <frozen importlib._bootstrap>(133): <frozen importlib._bootstrap>(134): <frozen importlib._bootstrap>(127):  --- modulename: _bootstrap, funcname: cb
<frozen importlib._bootstrap>(199): <frozen importlib._bootstrap>(200): <frozen importlib._bootstrap>(204): <frozen importlib._bootstrap>(205): <frozen importlib._bootstrap>(207): tempfile.py(44): import errno as _errno
tempfile.py(45): from random import Random as _Random
 --- modulename: _bootstrap, funcname: _find_and_load
<frozen importlib._bootstrap>(1172): <frozen importlib._bootstrap>(1173): <frozen importlib._bootstrap>(1175):  --- modulename: _bootstrap, funcname: __init__
<frozen importlib._bootstrap>(166): <frozen importlib._bootstrap>(167):  --- modulename: _bootstrap, funcname: __enter__
<frozen importlib._bootstrap>(170):  --- modulename: _bootstrap, funcname: _get_module_lock
<frozen importlib._bootstrap>(185): <frozen importlib._bootstrap>(186): <frozen importlib._bootstrap>(187): <frozen importlib._bootstrap>(188): <frozen importlib._bootstrap>(189): <frozen importlib._bootstrap>(190): <frozen importlib._bootstrap>(192): <frozen importlib._bootstrap>(193): <frozen importlib._bootstrap>(196):  --- modulename: _bootstrap, funcname: __init__
<frozen importlib._bootstrap>(72): <frozen importlib._bootstrap>(73): <frozen importlib._bootstrap>(74): <frozen importlib._bootstrap>(75): <frozen importlib._bootstrap>(76): <frozen importlib._bootstrap>(77): <frozen importlib._bootstrap>(198): <frozen importlib._bootstrap>(209): <frozen importlib._bootstrap>(211): <frozen importlib._bootstrap>(213): <frozen importlib._bootstrap>(171):  --- modulename: _bootstrap, funcname: acquire
<frozen importlib._bootstrap>(106): <frozen importlib._bootstrap>(107): <frozen importlib._bootstrap>(108): <frozen importlib._bootstrap>(109): <frozen importlib._bootstrap>(110): <frozen importlib._bootstrap>(111): <frozen importlib._bootstrap>(112): <frozen importlib._bootstrap>(113): <frozen importlib._bootstrap>(114): <frozen importlib._bootstrap>(110): <frozen importlib._bootstrap>(123): <frozen importlib._bootstrap>(1176): <frozen importlib._bootstrap>(1177): <frozen importlib._bootstrap>(1178):  --- modulename: _bootstrap, funcname: _find_and_load_unlocked
<frozen importlib._bootstrap>(1123): <frozen importlib._bootstrap>(1124): <frozen importlib._bootstrap>(1125): <frozen importlib._bootstrap>(1126): <frozen importlib._bootstrap>(1140):  --- modulename: _bootstrap, funcname: _find_spec
<frozen importlib._bootstrap>(1058): <frozen importlib._bootstrap>(1059): <frozen importlib._bootstrap>(1064): <frozen importlib._bootstrap>(1070): <frozen importlib._bootstrap>(1071): <frozen importlib._bootstrap>(1072):  --- modulename: _bootstrap, funcname: __enter__
<frozen importlib._bootstrap>(1030): <frozen importlib._bootstrap>(1073): <frozen importlib._bootstrap>(1074): <frozen importlib._bootstrap>(1080): <frozen importlib._bootstrap>(1072):  --- modulename: _bootstrap, funcname: __exit__
<frozen importlib._bootstrap>(1034): <frozen importlib._bootstrap>(1081): <frozen importlib._bootstrap>(1071): <frozen importlib._bootstrap>(1072):  --- modulename: _bootstrap, funcname: __enter__
<frozen importlib._bootstrap>(1030): <frozen importlib._bootstrap>(1073): <frozen importlib._bootstrap>(1074): <frozen importlib._bootstrap>(1080): <frozen importlib._bootstrap>(1072):  --- modulename: _bootstrap, funcname: __exit__
<frozen importlib._bootstrap>(1034): <frozen importlib._bootstrap>(1081): <frozen importlib._bootstrap>(1071): <frozen importlib._bootstrap>(1072):  --- modulename: _bootstrap, funcname: __enter__
<frozen importlib._bootstrap>(1030): <frozen importlib._bootstrap>(1073): <frozen importlib._bootstrap>(1074): <frozen importlib._bootstrap>(1080):  --- modulename: _bootstrap, funcname: find_spec
<frozen importlib._bootstrap>(750): <frozen importlib._bootstrap>(752): <frozen importlib._bootstrap>(755): <frozen importlib._bootstrap>(1072):  --- modulename: _bootstrap, funcname: __exit__
<frozen importlib._bootstrap>(1034): <frozen importlib._bootstrap>(1081): <frozen importlib._bootstrap>(1071): <frozen importlib._bootstrap>(1072):  --- modulename: _bootstrap, funcname: __enter__
<frozen importlib._bootstrap>(1030): <frozen importlib._bootstrap>(1073): <frozen importlib._bootstrap>(1074): <frozen importlib._bootstrap>(1080):  --- modulename: _bootstrap, funcname: find_spec
<frozen importlib._bootstrap>(924):  --- modulename: _bootstrap, funcname: _call_with_frames_removed
<frozen importlib._bootstrap>(241): <frozen importlib._bootstrap>(925): <frozen importlib._bootstrap>(926): <frozen importlib._bootstrap>(1072):  --- modulename: _bootstrap, funcname: __exit__
<frozen importlib._bootstrap>(1034): <frozen importlib._bootstrap>(1081): <frozen importlib._bootstrap>(1071): <frozen importlib._bootstrap>(1072):  --- modulename: _bootstrap, funcname: __enter__
<frozen importlib._bootstrap>(1030): <frozen importlib._bootstrap>(1073): <frozen importlib._bootstrap>(1074): <frozen importlib._bootstrap>(1080):  --- modulename: _bootstrap_external, funcname: find_spec
<frozen importlib._bootstrap_external>(1502): <frozen importlib._bootstrap_external>(1503): <frozen importlib._bootstrap_external>(1504):  --- modulename: _bootstrap_external, funcname: _get_spec
<frozen importlib._bootstrap_external>(1469): <frozen importlib._bootstrap_external>(1470): <frozen importlib._bootstrap_external>(1471): <frozen importlib._bootstrap_external>(1473):  --- modulename: _bootstrap_external, funcname: _path_importer_cache
<frozen importlib._bootstrap_external>(1429): <frozen importlib._bootstrap_external>(1436): <frozen importlib._bootstrap_external>(1437): <frozen importlib._bootstrap_external>(1441): <frozen importlib._bootstrap_external>(1474): <frozen importlib._bootstrap_external>(1475): <frozen importlib._bootstrap_external>(1476):  --- modulename: _bootstrap_external, funcname: find_spec
<frozen importlib._bootstrap_external>(1609): <frozen importlib._bootstrap_external>(1610): <frozen importlib._bootstrap_external>(1611): <frozen importlib._bootstrap_external>(1612):  --- modulename: _bootstrap_external, funcname: _path_stat
<frozen importlib._bootstrap_external>(147): <frozen importlib._bootstrap_external>(1615): <frozen importlib._bootstrap_external>(1619):  --- modulename: _bootstrap_external, funcname: _relax_case
<frozen importlib._bootstrap_external>(69): <frozen importlib._bootstrap_external>(1623): <frozen importlib._bootstrap_external>(1624): <frozen importlib._bootstrap_external>(1626): <frozen importlib._bootstrap_external>(1638): <frozen importlib._bootstrap_external>(1639): <frozen importlib._bootstrap_external>(1640):  --- modulename: _bootstrap_external, funcname: _path_join
<frozen importlib._bootstrap_external>(98): <frozen importlib._bootstrap_external>(100): <frozen importlib._bootstrap_external>(102): <frozen importlib._bootstrap_external>(103): <frozen importlib._bootstrap_external>(104): <frozen importlib._bootstrap_external>(105): <frozen importlib._bootstrap_external>(106): <frozen importlib._bootstrap_external>(107): <frozen importlib._bootstrap_external>(104): <frozen importlib._bootstrap_external>(105): <frozen importlib._bootstrap_external>(108): <frozen importlib._bootstrap_external>(117): <frozen importlib._bootstrap_external>(118): <frozen importlib._bootstrap_external>(104): <frozen importlib._bootstrap_external>(119):  --- modulename: _bootstrap_external, funcname: <listcomp>
<frozen importlib._bootstrap_external>(119): <frozen importlib._bootstrap_external>(119): <frozen importlib._bootstrap_external>(119): <frozen importlib._bootstrap_external>(120): <frozen importlib._bootstrap_external>(123): <frozen importlib._bootstrap_external>(1643):  --- modulename: _bootstrap, funcname: _verbose_message
<frozen importlib._bootstrap>(246): <frozen importlib._bootstrap_external>(1644): <frozen importlib._bootstrap_external>(1638): <frozen importlib._bootstrap_external>(1639): <frozen importlib._bootstrap_external>(1640):  --- modulename: _bootstrap_external, funcname: _path_join
<frozen importlib._bootstrap_external>(98): <frozen importlib._bootstrap_external>(100): <frozen importlib._bootstrap_external>(102): <frozen importlib._bootstrap_external>(103): <frozen importlib._bootstrap_external>(104): <frozen importlib._bootstrap_external>(105): <frozen importlib._bootstrap_external>(106): <frozen importlib._bootstrap_external>(107): <frozen importlib._bootstrap_external>(104): <frozen importlib._bootstrap_external>(105): <frozen importlib._bootstrap_external>(108): <frozen importlib._bootstrap_external>(117): <frozen importlib._bootstrap_external>(118): <frozen importlib._bootstrap_external>(104): <frozen importlib._bootstrap_external>(119):  --- modulename: _bootstrap_external, funcname: <listcomp>
<frozen importlib._bootstrap_external>(119): <frozen importlib._bootstrap_external>(119): <frozen importlib._bootstrap_external>(119): <frozen importlib._bootstrap_external>(120): <frozen importlib._bootstrap_external>(123): <frozen importlib._bootstrap_external>(1643):  --- modulename: _bootstrap, funcname: _verbose_message
<frozen importlib._bootstrap>(246): <frozen importlib._bootstrap_external>(1644): <frozen importlib._bootstrap_external>(1638): <frozen importlib._bootstrap_external>(1639): <frozen importlib._bootstrap_external>(1640):  --- modulename: _bootstrap_external, funcname: _path_join
<frozen importlib._bootstrap_external>(98): <frozen importlib._bootstrap_external>(100): <frozen importlib._bootstrap_external>(102): <frozen importlib._bootstrap_external>(103): <frozen importlib._bootstrap_external>(104): <frozen importlib._bootstrap_external>(105): <frozen importlib._bootstrap_external>(106): <frozen importlib._bootstrap_external>(107): <frozen importlib._bootstrap_external>(104): <frozen importlib._bootstrap_external>(105): <frozen importlib._bootstrap_external>(108): <frozen importlib._bootstrap_external>(117): <frozen importlib._bootstrap_external>(118): <frozen importlib._bootstrap_external>(104): <frozen importlib._bootstrap_external>(119):  --- modulename: _bootstrap_external, funcname: <listcomp>
<frozen importlib._bootstrap_external>(119): <frozen importlib._bootstrap_external>(119): <frozen importlib._bootstrap_external>(119): <frozen importlib._bootstrap_external>(120): <frozen importlib._bootstrap_external>(123): <frozen importlib._bootstrap_external>(1643):  --- modulename: _bootstrap, funcname: _verbose_message
<frozen importlib._bootstrap>(246): <frozen importlib._bootstrap_external>(1644): <frozen importlib._bootstrap_external>(1638): <frozen importlib._bootstrap_external>(1639): <frozen importlib._bootstrap_external>(1640):  --- modulename: _bootstrap_external, funcname: _path_join
<frozen importlib._bootstrap_external>(98): <frozen importlib._bootstrap_external>(100): <frozen importlib._bootstrap_external>(102): <frozen importlib._bootstrap_external>(103): <frozen importlib._bootstrap_external>(104): <frozen importlib._bootstrap_external>(105): <frozen importlib._bootstrap_external>(106): <frozen importlib._bootstrap_external>(107): <frozen importlib._bootstrap_external>(104): <frozen importlib._bootstrap_external>(105): <frozen importlib._bootstrap_external>(108): <frozen importlib._bootstrap_external>(117): <frozen importlib._bootstrap_external>(118): <frozen importlib._bootstrap_external>(104): <frozen importlib._bootstrap_external>(119):  --- modulename: _bootstrap_external, funcname: <listcomp>
<frozen importlib._bootstrap_external>(119): <frozen importlib._bootstrap_external>(119): <frozen importlib._bootstrap_external>(119): <frozen importlib._bootstrap_external>(120): <frozen importlib._bootstrap_external>(123): <frozen importlib._bootstrap_external>(1643):  --- modulename: _bootstrap, funcname: _verbose_message
<frozen importlib._bootstrap>(246): <frozen importlib._bootstrap_external>(1644): <frozen importlib._bootstrap_external>(1638): <frozen importlib._bootstrap_external>(1639): <frozen importlib._bootstrap_external>(1640):  --- modulename: _bootstrap_external, funcname: _path_join
<frozen importlib._bootstrap_external>(98): <frozen importlib._bootstrap_external>(100): <frozen importlib._bootstrap_external>(102): <frozen importlib._bootstrap_external>(103): <frozen importlib._bootstrap_external>(104): <frozen importlib._bootstrap_external>(105): <frozen importlib._bootstrap_external>(106): <frozen importlib._bootstrap_external>(107): <frozen importlib._bootstrap_external>(104): <frozen importlib._bootstrap_external>(105): <frozen importlib._bootstrap_external>(108): <frozen importlib._bootstrap_external>(117): <frozen importlib._bootstrap_external>(118): <frozen importlib._bootstrap_external>(104): <frozen importlib._bootstrap_external>(119):  --- modulename: _bootstrap_external, funcname: <listcomp>
<frozen importlib._bootstrap_external>(119): <frozen importlib._bootstrap_external>(119): <frozen importlib._bootstrap_external>(119): <frozen importlib._bootstrap_external>(120): <frozen importlib._bootstrap_external>(123): <frozen importlib._bootstrap_external>(1643):  --- modulename: _bootstrap, funcname: _verbose_message
<frozen importlib._bootstrap>(246): <frozen importlib._bootstrap_external>(1644): <frozen importlib._bootstrap_external>(1638): <frozen importlib._bootstrap_external>(1648): <frozen importlib._bootstrap_external>(1653): <frozen importlib._bootstrap_external>(1479): <frozen importlib._bootstrap_external>(1480): <frozen importlib._bootstrap_external>(1470): <frozen importlib._bootstrap_external>(1471): <frozen importlib._bootstrap_external>(1473):  --- modulename: _bootstrap_external, funcname: _path_importer_cache
<frozen importlib._bootstrap_external>(1429): <frozen importlib._bootstrap_external>(1436): <frozen importlib._bootstrap_external>(1437): <frozen importlib._bootstrap_external>(1441): <frozen importlib._bootstrap_external>(1474): <frozen importlib._bootstrap_external>(1470): <frozen importlib._bootstrap_external>(1471): <frozen importlib._bootstrap_external>(1473):  --- modulename: _bootstrap_external, funcname: _path_importer_cache
<frozen importlib._bootstrap_external>(1429): <frozen importlib._bootstrap_external>(1436): <frozen importlib._bootstrap_external>(1437): <frozen importlib._bootstrap_external>(1441): <frozen importlib._bootstrap_external>(1474): <frozen importlib._bootstrap_external>(1475): <frozen importlib._bootstrap_external>(1476):  --- modulename: _bootstrap_external, funcname: find_spec
<frozen importlib._bootstrap_external>(1609): <frozen importlib._bootstrap_external>(1610): <frozen importlib._bootstrap_external>(1611): <frozen importlib._bootstrap_external>(1612):  --- modulename: _bootstrap_external, funcname: _path_stat
<frozen importlib._bootstrap_external>(147): <frozen importlib._bootstrap_external>(1615): <frozen importlib._bootstrap_external>(1619):  --- modulename: _bootstrap_external, funcname: _relax_case
<frozen importlib._bootstrap_external>(69): <frozen importlib._bootstrap_external>(1623): <frozen importlib._bootstrap_external>(1624): <frozen importlib._bootstrap_external>(1626): <frozen importlib._bootstrap_external>(1638): <frozen importlib._bootstrap_external>(1639): <frozen importlib._bootstrap_external>(1640):  --- modulename: _bootstrap_external, funcname: _path_join
<frozen importlib._bootstrap_external>(98): <frozen importlib._bootstrap_external>(100): <frozen importlib._bootstrap_external>(102): <frozen importlib._bootstrap_external>(103): <frozen importlib._bootstrap_external>(104): <frozen importlib._bootstrap_external>(105): <frozen importlib._bootstrap_external>(106): <frozen importlib._bootstrap_external>(107): <frozen importlib._bootstrap_external>(104): <frozen importlib._bootstrap_external>(105): <frozen importlib._bootstrap_external>(108): <frozen importlib._bootstrap_external>(117): <frozen importlib._bootstrap_external>(118): <frozen importlib._bootstrap_external>(104): <frozen importlib._bootstrap_external>(119):  --- modulename: _bootstrap_external, funcname: <listcomp>
<frozen importlib._bootstrap_external>(119): <frozen importlib._bootstrap_external>(119): <frozen importlib._bootstrap_external>(119): <frozen importlib._bootstrap_external>(120): <frozen importlib._bootstrap_external>(123): <frozen importlib._bootstrap_external>(1643):  --- modulename: _bootstrap, funcname: _verbose_message
<frozen importlib._bootstrap>(246): <frozen importlib._bootstrap_external>(1644): <frozen importlib._bootstrap_external>(1638): <frozen importlib._bootstrap_external>(1639): <frozen importlib._bootstrap_external>(1640):  --- modulename: _bootstrap_external, funcname: _path_join
<frozen importlib._bootstrap_external>(98): <frozen importlib._bootstrap_external>(100): <frozen importlib._bootstrap_external>(102): <frozen importlib._bootstrap_external>(103): <frozen importlib._bootstrap_external>(104): <frozen importlib._bootstrap_external>(105): <frozen importlib._bootstrap_external>(106): <frozen importlib._bootstrap_external>(107): <frozen importlib._bootstrap_external>(104): <frozen importlib._bootstrap_external>(105): <frozen importlib._bootstrap_external>(108): <frozen importlib._bootstrap_external>(117): <frozen importlib._bootstrap_external>(118): <frozen importlib._bootstrap_external>(104): <frozen importlib._bootstrap_external>(119):  --- modulename: _bootstrap_external, funcname: <listcomp>
<frozen importlib._bootstrap_external>(119): <frozen importlib._bootstrap_external>(119): <frozen importlib._bootstrap_external>(119): <frozen importlib._bootstrap_external>(120): <frozen importlib._bootstrap_external>(123): <frozen importlib._bootstrap_external>(1643):  --- modulename: _bootstrap, funcname: _verbose_message
<frozen importlib._bootstrap>(246): <frozen importlib._bootstrap_external>(1644): <frozen importlib._bootstrap_external>(1638): <frozen importlib._bootstrap_external>(1639): <frozen importlib._bootstrap_external>(1640):  --- modulename: _bootstrap_external, funcname: _path_join
<frozen importlib._bootstrap_external>(98): <frozen importlib._bootstrap_external>(100): <frozen importlib._bootstrap_external>(102): <frozen importlib._bootstrap_external>(103): <frozen importlib._bootstrap_external>(104): <frozen importlib._bootstrap_external>(105): <frozen importlib._bootstrap_external>(106): <frozen importlib._bootstrap_external>(107): <frozen importlib._bootstrap_external>(104): <frozen importlib._bootstrap_external>(105): <frozen importlib._bootstrap_external>(108): <frozen importlib._bootstrap_external>(117): <frozen importlib._bootstrap_external>(118): <frozen importlib._bootstrap_external>(104): <frozen importlib._bootstrap_external>(119):  --- modulename: _bootstrap_external, funcname: <listcomp>
<frozen importlib._bootstrap_external>(119): <frozen importlib._bootstrap_external>(119): <frozen importlib._bootstrap_external>(119): <frozen importlib._bootstrap_external>(120): <frozen importlib._bootstrap_external>(123): <frozen importlib._bootstrap_external>(1643):  --- modulename: _bootstrap, funcname: _verbose_message
<frozen importlib._bootstrap>(246): <frozen importlib._bootstrap_external>(1644): <frozen importlib._bootstrap_external>(1638): <frozen importlib._bootstrap_external>(1639): <frozen importlib._bootstrap_external>(1640):  --- modulename: _bootstrap_external, funcname: _path_join
<frozen importlib._bootstrap_external>(98): <frozen importlib._bootstrap_external>(100): <frozen importlib._bootstrap_external>(102): <frozen importlib._bootstrap_external>(103): <frozen importlib._bootstrap_external>(104): <frozen importlib._bootstrap_external>(105): <frozen importlib._bootstrap_external>(106): <frozen importlib._bootstrap_external>(107): <frozen importlib._bootstrap_external>(104): <frozen importlib._bootstrap_external>(105): <frozen importlib._bootstrap_external>(108): <frozen importlib._bootstrap_external>(117): <frozen importlib._bootstrap_external>(118): <frozen importlib._bootstrap_external>(104): <frozen importlib._bootstrap_external>(119):  --- modulename: _bootstrap_external, funcname: <listcomp>
<frozen importlib._bootstrap_external>(119): <frozen importlib._bootstrap_external>(119): <frozen importlib._bootstrap_external>(119): <frozen importlib._bootstrap_external>(120): <frozen importlib._bootstrap_external>(123): <frozen importlib._bootstrap_external>(1643):  --- modulename: _bootstrap, funcname: _verbose_message
<frozen importlib._bootstrap>(246): <frozen importlib._bootstrap_external>(1644): <frozen importlib._bootstrap_external>(1638): <frozen importlib._bootstrap_external>(1639): <frozen importlib._bootstrap_external>(1640):  --- modulename: _bootstrap_external, funcname: _path_join
<frozen importlib._bootstrap_external>(98): <frozen importlib._bootstrap_external>(100): <frozen importlib._bootstrap_external>(102): <frozen importlib._bootstrap_external>(103): <frozen importlib._bootstrap_external>(104): <frozen importlib._bootstrap_external>(105): <frozen importlib._bootstrap_external>(106): <frozen importlib._bootstrap_external>(107): <frozen importlib._bootstrap_external>(104): <frozen importlib._bootstrap_external>(105): <frozen importlib._bootstrap_external>(108): <frozen importlib._bootstrap_external>(117): <frozen importlib._bootstrap_external>(118): <frozen importlib._bootstrap_external>(104): <frozen importlib._bootstrap_external>(119):  --- modulename: _bootstrap_external, funcname: <listcomp>
<frozen importlib._bootstrap_external>(119): <frozen importlib._bootstrap_external>(119): <frozen importlib._bootstrap_external>(119): <frozen importlib._bootstrap_external>(120): <frozen importlib._bootstrap_external>(123): <frozen importlib._bootstrap_external>(1643):  --- modulename: _bootstrap, funcname: _verbose_message
<frozen importlib._bootstrap>(246): <frozen importlib._bootstrap_external>(1644): <frozen importlib._bootstrap_external>(1638): <frozen importlib._bootstrap_external>(1648): <frozen importlib._bootstrap_external>(1653): <frozen importlib._bootstrap_external>(1479): <frozen importlib._bootstrap_external>(1480): <frozen importlib._bootstrap_external>(1470): <frozen importlib._bootstrap_external>(1471): <frozen importlib._bootstrap_external>(1473):  --- modulename: _bootstrap_external, funcname: _path_importer_cache
<frozen importlib._bootstrap_external>(1429): <frozen importlib._bootstrap_external>(1436): <frozen importlib._bootstrap_external>(1437): <frozen importlib._bootstrap_external>(1441): <frozen importlib._bootstrap_external>(1474): <frozen importlib._bootstrap_external>(1475): <frozen importlib._bootstrap_external>(1476):  --- modulename: _bootstrap_external, funcname: find_spec
<frozen importlib._bootstrap_external>(1609): <frozen importlib._bootstrap_external>(1610): <frozen importlib._bootstrap_external>(1611): <frozen importlib._bootstrap_external>(1612):  --- modulename: _bootstrap_external, funcname: _path_stat
<frozen importlib._bootstrap_external>(147): <frozen importlib._bootstrap_external>(1615): <frozen importlib._bootstrap_external>(1619):  --- modulename: _bootstrap_external, funcname: _relax_case
<frozen importlib._bootstrap_external>(69): <frozen importlib._bootstrap_external>(1623): <frozen importlib._bootstrap_external>(1624): <frozen importlib._bootstrap_external>(1626): <frozen importlib._bootstrap_external>(1638): <frozen importlib._bootstrap_external>(1639): <frozen importlib._bootstrap_external>(1640):  --- modulename: _bootstrap_external, funcname: _path_join
<frozen importlib._bootstrap_external>(98): <frozen importlib._bootstrap_external>(100): <frozen importlib._bootstrap_external>(102): <frozen importlib._bootstrap_external>(103): <frozen importlib._bootstrap_external>(104): <frozen importlib._bootstrap_external>(105): <frozen importlib._bootstrap_external>(106): <frozen importlib._bootstrap_external>(107): <frozen importlib._bootstrap_external>(104): <frozen importlib._bootstrap_external>(105): <frozen importlib._bootstrap_external>(108): <frozen importlib._bootstrap_external>(117): <frozen importlib._bootstrap_external>(118): <frozen importlib._bootstrap_external>(104): <frozen importlib._bootstrap_external>(119):  --- modulename: _bootstrap_external, funcname: <listcomp>
<frozen importlib._bootstrap_external>(119): <frozen importlib._bootstrap_external>(119): <frozen importlib._bootstrap_external>(119): <frozen importlib._bootstrap_external>(120): <frozen importlib._bootstrap_external>(123): <frozen importlib._bootstrap_external>(1643):  --- modulename: _bootstrap, funcname: _verbose_message
<frozen importlib._bootstrap>(246): <frozen importlib._bootstrap_external>(1644): <frozen importlib._bootstrap_external>(1638): <frozen importlib._bootstrap_external>(1639): <frozen importlib._bootstrap_external>(1640):  --- modulename: _bootstrap_external, funcname: _path_join
<frozen importlib._bootstrap_external>(98): <frozen importlib._bootstrap_external>(100): <frozen importlib._bootstrap_external>(102): <frozen importlib._bootstrap_external>(103): <frozen importlib._bootstrap_external>(104): <frozen importlib._bootstrap_external>(105): <frozen importlib._bootstrap_external>(106): <frozen importlib._bootstrap_external>(107): <frozen importlib._bootstrap_external>(104): <frozen importlib._bootstrap_external>(105): <frozen importlib._bootstrap_external>(108): <frozen importlib._bootstrap_external>(117): <frozen importlib._bootstrap_external>(118): <frozen importlib._bootstrap_external>(104): <frozen importlib._bootstrap_external>(119):  --- modulename: _bootstrap_external, funcname: <listcomp>
<frozen importlib._bootstrap_external>(119): <frozen importlib._bootstrap_external>(119): <frozen importlib._bootstrap_external>(119): <frozen importlib._bootstrap_external>(120): <frozen importlib._bootstrap_external>(123): <frozen importlib._bootstrap_external>(1643):  --- modulename: _bootstrap, funcname: _verbose_message
<frozen importlib._bootstrap>(246): <frozen importlib._bootstrap_external>(1644): <frozen importlib._bootstrap_external>(1638): <frozen importlib._bootstrap_external>(1639): <frozen importlib._bootstrap_external>(1640):  --- modulename: _bootstrap_external, funcname: _path_join
<frozen importlib._bootstrap_external>(98): <frozen importlib._bootstrap_external>(100): <frozen importlib._bootstrap_external>(102): <frozen importlib._bootstrap_external>(103): <frozen importlib._bootstrap_external>(104): <frozen importlib._bootstrap_external>(105): <frozen importlib._bootstrap_external>(106): <frozen importlib._bootstrap_external>(107): <frozen importlib._bootstrap_external>(104): <frozen importlib._bootstrap_external>(105): <frozen importlib._bootstrap_external>(108): <frozen importlib._bootstrap_external>(117): <frozen importlib._bootstrap_external>(118): <frozen importlib._bootstrap_external>(104): <frozen importlib._bootstrap_external>(119):  --- modulename: _bootstrap_external, funcname: <listcomp>
<frozen importlib._bootstrap_external>(119): <frozen importlib._bootstrap_external>(119): <frozen importlib._bootstrap_external>(119): <frozen importlib._bootstrap_external>(120): <frozen importlib._bootstrap_external>(123): <frozen importlib._bootstrap_external>(1643):  --- modulename: _bootstrap, funcname: _verbose_message
<frozen importlib._bootstrap>(246): <frozen importlib._bootstrap_external>(1644): <frozen importlib._bootstrap_external>(1645):  --- modulename: _bootstrap_external, funcname: _path_isfile
<frozen importlib._bootstrap_external>(161):  --- modulename: _bootstrap_external, funcname: _path_is_mode_type
<frozen importlib._bootstrap_external>(152): <frozen importlib._bootstrap_external>(153):  --- modulename: _bootstrap_external, funcname: _path_stat
<frozen importlib._bootstrap_external>(147): <frozen importlib._bootstrap_external>(156): <frozen importlib._bootstrap_external>(1646): <frozen importlib._bootstrap_external>(1647): <frozen importlib._bootstrap_external>(1646):  --- modulename: _bootstrap_external, funcname: _get_spec
<frozen importlib._bootstrap_external>(1600):  --- modulename: _bootstrap_external, funcname: __init__
<frozen importlib._bootstrap_external>(1100): <frozen importlib._bootstrap_external>(1101): <frozen importlib._bootstrap_external>(1601): <frozen importlib._bootstrap_external>(1602): <frozen importlib._bootstrap_external>(1601):  --- modulename: _bootstrap_external, funcname: spec_from_file_location
<frozen importlib._bootstrap_external>(790): <frozen importlib._bootstrap_external>(802): <frozen importlib._bootstrap_external>(803):  --- modulename: _bootstrap_external, funcname: _path_isabs
<frozen importlib._bootstrap_external>(174): <frozen importlib._bootstrap_external>(176): <frozen importlib._bootstrap_external>(177): <frozen importlib._bootstrap_external>(815):  --- modulename: _bootstrap, funcname: __init__
<frozen importlib._bootstrap>(359): <frozen importlib._bootstrap>(360): <frozen importlib._bootstrap>(361): <frozen importlib._bootstrap>(362): <frozen importlib._bootstrap>(363): <frozen importlib._bootstrap>(364): <frozen importlib._bootstrap>(367): <frozen importlib._bootstrap>(368): <frozen importlib._bootstrap_external>(816): <frozen importlib._bootstrap_external>(819): <frozen importlib._bootstrap_external>(829): <frozen importlib._bootstrap_external>(840): <frozen importlib._bootstrap_external>(841): <frozen importlib._bootstrap_external>(846): <frozen importlib._bootstrap_external>(1479): <frozen importlib._bootstrap_external>(1481): <frozen importlib._bootstrap_external>(1482): <frozen importlib._bootstrap_external>(1505): <frozen importlib._bootstrap_external>(1507): <frozen importlib._bootstrap_external>(1518): <frozen importlib._bootstrap>(1072):  --- modulename: _bootstrap, funcname: __exit__
<frozen importlib._bootstrap>(1034): <frozen importlib._bootstrap>(1081): <frozen importlib._bootstrap>(1083): <frozen importlib._bootstrap>(1098): <frozen importlib._bootstrap>(1141): <frozen importlib._bootstrap>(1144): <frozen importlib._bootstrap>(1148): <frozen importlib._bootstrap>(1149):  --- modulename: _bootstrap, funcname: _load_unlocked
<frozen importlib._bootstrap>(668): <frozen importlib._bootstrap>(670): <frozen importlib._bootstrap>(676):  --- modulename: _bootstrap, funcname: module_from_spec
<frozen importlib._bootstrap>(569): <frozen importlib._bootstrap>(570): <frozen importlib._bootstrap>(573):  --- modulename: _bootstrap_external, funcname: create_module
<frozen importlib._bootstrap_external>(931): <frozen importlib._bootstrap>(577): <frozen importlib._bootstrap>(578):  --- modulename: _bootstrap, funcname: _new_module
<frozen importlib._bootstrap>(49): <frozen importlib._bootstrap>(579):  --- modulename: _bootstrap, funcname: _init_module_attrs
<frozen importlib._bootstrap>(497): <frozen importlib._bootstrap>(503): <frozen importlib._bootstrap>(504): <frozen importlib._bootstrap>(505): <frozen importlib._bootstrap>(526): <frozen importlib._bootstrap>(527): <frozen importlib._bootstrap>(531): <frozen importlib._bootstrap>(532): <frozen importlib._bootstrap>(533):  --- modulename: _bootstrap, funcname: parent
<frozen importlib._bootstrap>(408): <frozen importlib._bootstrap>(409): <frozen importlib._bootstrap>(537): <frozen importlib._bootstrap>(538): <frozen importlib._bootstrap>(542): <frozen importlib._bootstrap>(543): <frozen importlib._bootstrap>(550):  --- modulename: _bootstrap, funcname: has_location
<frozen importlib._bootstrap>(415): <frozen importlib._bootstrap>(551): <frozen importlib._bootstrap>(552): <frozen importlib._bootstrap>(553): <frozen importlib._bootstrap>(557): <frozen importlib._bootstrap>(558):  --- modulename: _bootstrap, funcname: cached
<frozen importlib._bootstrap>(394): <frozen importlib._bootstrap>(395): <frozen importlib._bootstrap>(396): <frozen importlib._bootstrap>(398):  --- modulename: _bootstrap_external, funcname: _get_cached
<frozen importlib._bootstrap_external>(568): <frozen importlib._bootstrap_external>(569): <frozen importlib._bootstrap_external>(570):  --- modulename: _bootstrap_external, funcname: cache_from_source
<frozen importlib._bootstrap_external>(455): <frozen importlib._bootstrap_external>(462): <frozen importlib._bootstrap_external>(463):  --- modulename: _bootstrap_external, funcname: _path_split
<frozen importlib._bootstrap_external>(134):  --- modulename: _bootstrap_external, funcname: <genexpr>
<frozen importlib._bootstrap_external>(134):  --- modulename: _bootstrap_external, funcname: <genexpr>
<frozen importlib._bootstrap_external>(134):  --- modulename: _bootstrap_external, funcname: <genexpr>
<frozen importlib._bootstrap_external>(134): <frozen importlib._bootstrap_external>(135): <frozen importlib._bootstrap_external>(137): <frozen importlib._bootstrap_external>(464): <frozen importlib._bootstrap_external>(465): <frozen importlib._bootstrap_external>(466): <frozen importlib._bootstrap_external>(468): <frozen importlib._bootstrap_external>(469): <frozen importlib._bootstrap_external>(470): <frozen importlib._bootstrap_external>(471): <frozen importlib._bootstrap_external>(474): <frozen importlib._bootstrap_external>(475): <frozen importlib._bootstrap_external>(479): <frozen importlib._bootstrap_external>(480): <frozen importlib._bootstrap_external>(505):  --- modulename: _bootstrap_external, funcname: _path_join
<frozen importlib._bootstrap_external>(98): <frozen importlib._bootstrap_external>(100): <frozen importlib._bootstrap_external>(102): <frozen importlib._bootstrap_external>(103): <frozen importlib._bootstrap_external>(104): <frozen importlib._bootstrap_external>(105): <frozen importlib._bootstrap_external>(106): <frozen importlib._bootstrap_external>(107): <frozen importlib._bootstrap_external>(104): <frozen importlib._bootstrap_external>(105): <frozen importlib._bootstrap_external>(108): <frozen importlib._bootstrap_external>(117): <frozen importlib._bootstrap_external>(118): <frozen importlib._bootstrap_external>(104): <frozen importlib._bootstrap_external>(105): <frozen importlib._bootstrap_external>(108): <frozen importlib._bootstrap_external>(117): <frozen importlib._bootstrap_external>(118): <frozen importlib._bootstrap_external>(104): <frozen importlib._bootstrap_external>(119):  --- modulename: _bootstrap_external, funcname: <listcomp>
<frozen importlib._bootstrap_external>(119): <frozen importlib._bootstrap_external>(119): <frozen importlib._bootstrap_external>(119): <frozen importlib._bootstrap_external>(119): <frozen importlib._bootstrap_external>(120): <frozen importlib._bootstrap_external>(123): <frozen importlib._bootstrap>(399): <frozen importlib._bootstrap>(559): <frozen importlib._bootstrap>(560):  --- modulename: _bootstrap, funcname: cached
<frozen importlib._bootstrap>(394): <frozen importlib._bootstrap>(399): <frozen importlib._bootstrap>(563): <frozen importlib._bootstrap>(580): <frozen importlib._bootstrap>(681): <frozen importlib._bootstrap>(682): <frozen importlib._bootstrap>(683): <frozen importlib._bootstrap>(684): <frozen importlib._bootstrap>(685): <frozen importlib._bootstrap>(690):  --- modulename: _bootstrap_external, funcname: exec_module
<frozen importlib._bootstrap_external>(936):  --- modulename: _bootstrap_external, funcname: get_code
<frozen importlib._bootstrap_external>(1014):  --- modulename: _bootstrap_external, funcname: _check_name_wrapper
<frozen importlib._bootstrap_external>(600): <frozen importlib._bootstrap_external>(602): <frozen importlib._bootstrap_external>(605):  --- modulename: _bootstrap_external, funcname: get_filename
<frozen importlib._bootstrap_external>(1125): <frozen importlib._bootstrap_external>(1015): <frozen importlib._bootstrap_external>(1016): <frozen importlib._bootstrap_external>(1017): <frozen importlib._bootstrap_external>(1018): <frozen importlib._bootstrap_external>(1019): <frozen importlib._bootstrap_external>(1020): <frozen importlib._bootstrap_external>(1021):  --- modulename: _bootstrap_external, funcname: cache_from_source
<frozen importlib._bootstrap_external>(455): <frozen importlib._bootstrap_external>(462): <frozen importlib._bootstrap_external>(463):  --- modulename: _bootstrap_external, funcname: _path_split
<frozen importlib._bootstrap_external>(134):  --- modulename: _bootstrap_external, funcname: <genexpr>
<frozen importlib._bootstrap_external>(134):  --- modulename: _bootstrap_external, funcname: <genexpr>
<frozen importlib._bootstrap_external>(134):  --- modulename: _bootstrap_external, funcname: <genexpr>
<frozen importlib._bootstrap_external>(134): <frozen importlib._bootstrap_external>(135): <frozen importlib._bootstrap_external>(137): <frozen importlib._bootstrap_external>(464): <frozen importlib._bootstrap_external>(465): <frozen importlib._bootstrap_external>(466): <frozen importlib._bootstrap_external>(468): <frozen importlib._bootstrap_external>(469): <frozen importlib._bootstrap_external>(470): <frozen importlib._bootstrap_external>(471): <frozen importlib._bootstrap_external>(474): <frozen importlib._bootstrap_external>(475): <frozen importlib._bootstrap_external>(479): <frozen importlib._bootstrap_external>(480): <frozen importlib._bootstrap_external>(505):  --- modulename: _bootstrap_external, funcname: _path_join
<frozen importlib._bootstrap_external>(98): <frozen importlib._bootstrap_external>(100): <frozen importlib._bootstrap_external>(102): <frozen importlib._bootstrap_external>(103): <frozen importlib._bootstrap_external>(104): <frozen importlib._bootstrap_external>(105): <frozen importlib._bootstrap_external>(106): <frozen importlib._bootstrap_external>(107): <frozen importlib._bootstrap_external>(104): <frozen importlib._bootstrap_external>(105): <frozen importlib._bootstrap_external>(108): <frozen importlib._bootstrap_external>(117): <frozen importlib._bootstrap_external>(118): <frozen importlib._bootstrap_external>(104): <frozen importlib._bootstrap_external>(105): <frozen importlib._bootstrap_external>(108): <frozen importlib._bootstrap_external>(117): <frozen importlib._bootstrap_external>(118): <frozen importlib._bootstrap_external>(104): <frozen importlib._bootstrap_external>(119):  --- modulename: _bootstrap_external, funcname: <listcomp>
<frozen importlib._bootstrap_external>(119): <frozen importlib._bootstrap_external>(119): <frozen importlib._bootstrap_external>(119): <frozen importlib._bootstrap_external>(119): <frozen importlib._bootstrap_external>(120): <frozen importlib._bootstrap_external>(123): <frozen importlib._bootstrap_external>(1025): <frozen importlib._bootstrap_external>(1026):  --- modulename: _bootstrap_external, funcname: path_stats
<frozen importlib._bootstrap_external>(1148):  --- modulename: _bootstrap_external, funcname: _path_stat
<frozen importlib._bootstrap_external>(147): <frozen importlib._bootstrap_external>(1149): <frozen importlib._bootstrap_external>(1030): <frozen importlib._bootstrap_external>(1031): <frozen importlib._bootstrap_external>(1032):  --- modulename: _bootstrap_external, funcname: get_data
<frozen importlib._bootstrap_external>(1129): <frozen importlib._bootstrap_external>(1130): <frozen importlib._bootstrap_external>(1131): <frozen importlib._bootstrap_external>(1130): <frozen importlib._bootstrap_external>(1037): <frozen importlib._bootstrap_external>(1038): <frozen importlib._bootstrap_external>(1036): <frozen importlib._bootstrap_external>(1040): <frozen importlib._bootstrap_external>(1041):  --- modulename: _bootstrap_external, funcname: _classify_pyc
<frozen importlib._bootstrap_external>(658): <frozen importlib._bootstrap_external>(659): <frozen importlib._bootstrap_external>(663): <frozen importlib._bootstrap_external>(667):  --- modulename: _bootstrap_external, funcname: _unpack_uint32
<frozen importlib._bootstrap_external>(86): <frozen importlib._bootstrap_external>(87): <frozen importlib._bootstrap_external>(669): <frozen importlib._bootstrap_external>(672): <frozen importlib._bootstrap_external>(1042): <frozen importlib._bootstrap_external>(1043): <frozen importlib._bootstrap_external>(1044): <frozen importlib._bootstrap_external>(1057): <frozen importlib._bootstrap_external>(1058): <frozen importlib._bootstrap_external>(1059): <frozen importlib._bootstrap_external>(1060): <frozen importlib._bootstrap_external>(1061): <frozen importlib._bootstrap_external>(1062): <frozen importlib._bootstrap_external>(1057):  --- modulename: _bootstrap_external, funcname: _validate_timestamp_pyc
<frozen importlib._bootstrap_external>(694):  --- modulename: _bootstrap_external, funcname: _unpack_uint32
<frozen importlib._bootstrap_external>(86): <frozen importlib._bootstrap_external>(87): <frozen importlib._bootstrap_external>(698): <frozen importlib._bootstrap_external>(699):  --- modulename: _bootstrap_external, funcname: _unpack_uint32
<frozen importlib._bootstrap_external>(86): <frozen importlib._bootstrap_external>(87): <frozen importlib._bootstrap_external>(698): <frozen importlib._bootstrap_external>(1067): <frozen importlib._bootstrap_external>(1068): <frozen importlib._bootstrap_external>(1067):  --- modulename: _bootstrap, funcname: _verbose_message
<frozen importlib._bootstrap>(246): <frozen importlib._bootstrap_external>(1069): <frozen importlib._bootstrap_external>(1070): <frozen importlib._bootstrap_external>(1071): <frozen importlib._bootstrap_external>(1069):  --- modulename: _bootstrap_external, funcname: _compile_bytecode
<frozen importlib._bootstrap_external>(729): <frozen importlib._bootstrap_external>(730): <frozen importlib._bootstrap_external>(731):  --- modulename: _bootstrap, funcname: _verbose_message
<frozen importlib._bootstrap>(246): <frozen importlib._bootstrap_external>(732): <frozen importlib._bootstrap_external>(733): <frozen importlib._bootstrap_external>(734): <frozen importlib._bootstrap_external>(937): <frozen importlib._bootstrap_external>(940):  --- modulename: _bootstrap, funcname: _call_with_frames_removed
<frozen importlib._bootstrap>(241):  --- modulename: random, funcname: <module>
random.py(1): """Random variable generators.
random.py(48): from warnings import warn as _warn
random.py(49): from math import log as _log, exp as _exp, pi as _pi, e as _e, ceil as _ceil
random.py(50): from math import sqrt as _sqrt, acos as _acos, cos as _cos, sin as _sin
random.py(51): from math import tau as TWOPI, floor as _floor, isfinite as _isfinite
random.py(52): from os import urandom as _urandom
random.py(53): from _collections_abc import Set as _Set, Sequence as _Sequence
random.py(54): from operator import index as _index
random.py(55): from itertools import accumulate as _accumulate, repeat as _repeat
random.py(56): from bisect import bisect as _bisect
 --- modulename: _bootstrap, funcname: _find_and_load
<frozen importlib._bootstrap>(1172): <frozen importlib._bootstrap>(1173): <frozen importlib._bootstrap>(1175):  --- modulename: _bootstrap, funcname: __init__
<frozen importlib._bootstrap>(166): <frozen importlib._bootstrap>(167):  --- modulename: _bootstrap, funcname: __enter__
<frozen importlib._bootstrap>(170):  --- modulename: _bootstrap, funcname: _get_module_lock
<frozen importlib._bootstrap>(185): <frozen importlib._bootstrap>(186): <frozen importlib._bootstrap>(187): <frozen importlib._bootstrap>(188): <frozen importlib._bootstrap>(189): <frozen importlib._bootstrap>(190): <frozen importlib._bootstrap>(192): <frozen importlib._bootstrap>(193): <frozen importlib._bootstrap>(196):  --- modulename: _bootstrap, funcname: __init__
<frozen importlib._bootstrap>(72): <frozen importlib._bootstrap>(73): <frozen importlib._bootstrap>(74): <frozen importlib._bootstrap>(75): <frozen importlib._bootstrap>(76): <frozen importlib._bootstrap>(77): <frozen importlib._bootstrap>(198): <frozen importlib._bootstrap>(209): <frozen importlib._bootstrap>(211): <frozen importlib._bootstrap>(213): <frozen importlib._bootstrap>(171):  --- modulename: _bootstrap, funcname: acquire
<frozen importlib._bootstrap>(106): <frozen importlib._bootstrap>(107): <frozen importlib._bootstrap>(108): <frozen importlib._bootstrap>(109): <frozen importlib._bootstrap>(110): <frozen importlib._bootstrap>(111): <frozen importlib._bootstrap>(112): <frozen importlib._bootstrap>(113): <frozen importlib._bootstrap>(114): <frozen importlib._bootstrap>(110): <frozen importlib._bootstrap>(123): <frozen importlib._bootstrap>(1176): <frozen importlib._bootstrap>(1177): <frozen importlib._bootstrap>(1178):  --- modulename: _bootstrap, funcname: _find_and_load_unlocked
<frozen importlib._bootstrap>(1123): <frozen importlib._bootstrap>(1124): <frozen importlib._bootstrap>(1125): <frozen importlib._bootstrap>(1126): <frozen importlib._bootstrap>(1140):  --- modulename: _bootstrap, funcname: _find_spec
<frozen importlib._bootstrap>(1058): <frozen importlib._bootstrap>(1059): <frozen importlib._bootstrap>(1064): <frozen importlib._bootstrap>(1070): <frozen importlib._bootstrap>(1071): <frozen importlib._bootstrap>(1072):  --- modulename: _bootstrap, funcname: __enter__
<frozen importlib._bootstrap>(1030): <frozen importlib._bootstrap>(1073): <frozen importlib._bootstrap>(1074): <frozen importlib._bootstrap>(1080): <frozen importlib._bootstrap>(1072):  --- modulename: _bootstrap, funcname: __exit__
<frozen importlib._bootstrap>(1034): <frozen importlib._bootstrap>(1081): <frozen importlib._bootstrap>(1071): <frozen importlib._bootstrap>(1072):  --- modulename: _bootstrap, funcname: __enter__
<frozen importlib._bootstrap>(1030): <frozen importlib._bootstrap>(1073): <frozen importlib._bootstrap>(1074): <frozen importlib._bootstrap>(1080): <frozen importlib._bootstrap>(1072):  --- modulename: _bootstrap, funcname: __exit__
<frozen importlib._bootstrap>(1034): <frozen importlib._bootstrap>(1081): <frozen importlib._bootstrap>(1071): <frozen importlib._bootstrap>(1072):  --- modulename: _bootstrap, funcname: __enter__
<frozen importlib._bootstrap>(1030): <frozen importlib._bootstrap>(1073): <frozen importlib._bootstrap>(1074): <frozen importlib._bootstrap>(1080):  --- modulename: _bootstrap, funcname: find_spec
<frozen importlib._bootstrap>(750): <frozen importlib._bootstrap>(752): <frozen importlib._bootstrap>(755): <frozen importlib._bootstrap>(1072):  --- modulename: _bootstrap, funcname: __exit__
<frozen importlib._bootstrap>(1034): <frozen importlib._bootstrap>(1081): <frozen importlib._bootstrap>(1071): <frozen importlib._bootstrap>(1072):  --- modulename: _bootstrap, funcname: __enter__
<frozen importlib._bootstrap>(1030): <frozen importlib._bootstrap>(1073): <frozen importlib._bootstrap>(1074): <frozen importlib._bootstrap>(1080):  --- modulename: _bootstrap, funcname: find_spec
<frozen importlib._bootstrap>(924):  --- modulename: _bootstrap, funcname: _call_with_frames_removed
<frozen importlib._bootstrap>(241): <frozen importlib._bootstrap>(925): <frozen importlib._bootstrap>(926): <frozen importlib._bootstrap>(1072):  --- modulename: _bootstrap, funcname: __exit__
<frozen importlib._bootstrap>(1034): <frozen importlib._bootstrap>(1081): <frozen importlib._bootstrap>(1071): <frozen importlib._bootstrap>(1072):  --- modulename: _bootstrap, funcname: __enter__
<frozen importlib._bootstrap>(1030): <frozen importlib._bootstrap>(1073): <frozen importlib._bootstrap>(1074): <frozen importlib._bootstrap>(1080):  --- modulename: _bootstrap_external, funcname: find_spec
<frozen importlib._bootstrap_external>(1502): <frozen importlib._bootstrap_external>(1503): <frozen importlib._bootstrap_external>(1504):  --- modulename: _bootstrap_external, funcname: _get_spec
<frozen importlib._bootstrap_external>(1469): <frozen importlib._bootstrap_external>(1470): <frozen importlib._bootstrap_external>(1471): <frozen importlib._bootstrap_external>(1473):  --- modulename: _bootstrap_external, funcname: _path_importer_cache
<frozen importlib._bootstrap_external>(1429): <frozen importlib._bootstrap_external>(1436): <frozen importlib._bootstrap_external>(1437): <frozen importlib._bootstrap_external>(1441): <frozen importlib._bootstrap_external>(1474): <frozen importlib._bootstrap_external>(1475): <frozen importlib._bootstrap_external>(1476):  --- modulename: _bootstrap_external, funcname: find_spec
<frozen importlib._bootstrap_external>(1609): <frozen importlib._bootstrap_external>(1610): <frozen importlib._bootstrap_external>(1611): <frozen importlib._bootstrap_external>(1612):  --- modulename: _bootstrap_external, funcname: _path_stat
<frozen importlib._bootstrap_external>(147): <frozen importlib._bootstrap_external>(1615): <frozen importlib._bootstrap_external>(1619):  --- modulename: _bootstrap_external, funcname: _relax_case
<frozen importlib._bootstrap_external>(69): <frozen importlib._bootstrap_external>(1623): <frozen importlib._bootstrap_external>(1624): <frozen importlib._bootstrap_external>(1626): <frozen importlib._bootstrap_external>(1638): <frozen importlib._bootstrap_external>(1639): <frozen importlib._bootstrap_external>(1640):  --- modulename: _bootstrap_external, funcname: _path_join
<frozen importlib._bootstrap_external>(98): <frozen importlib._bootstrap_external>(100): <frozen importlib._bootstrap_external>(102): <frozen importlib._bootstrap_external>(103): <frozen importlib._bootstrap_external>(104): <frozen importlib._bootstrap_external>(105): <frozen importlib._bootstrap_external>(106): <frozen importlib._bootstrap_external>(107): <frozen importlib._bootstrap_external>(104): <frozen importlib._bootstrap_external>(105): <frozen importlib._bootstrap_external>(108): <frozen importlib._bootstrap_external>(117): <frozen importlib._bootstrap_external>(118): <frozen importlib._bootstrap_external>(104): <frozen importlib._bootstrap_external>(119):  --- modulename: _bootstrap_external, funcname: <listcomp>
<frozen importlib._bootstrap_external>(119): <frozen importlib._bootstrap_external>(119): <frozen importlib._bootstrap_external>(119): <frozen importlib._bootstrap_external>(120): <frozen importlib._bootstrap_external>(123): <frozen importlib._bootstrap_external>(1643):  --- modulename: _bootstrap, funcname: _verbose_message
<frozen importlib._bootstrap>(246): <frozen importlib._bootstrap_external>(1644): <frozen importlib._bootstrap_external>(1638): <frozen importlib._bootstrap_external>(1639): <frozen importlib._bootstrap_external>(1640):  --- modulename: _bootstrap_external, funcname: _path_join
<frozen importlib._bootstrap_external>(98): <frozen importlib._bootstrap_external>(100): <frozen importlib._bootstrap_external>(102): <frozen importlib._bootstrap_external>(103): <frozen importlib._bootstrap_external>(104): <frozen importlib._bootstrap_external>(105): <frozen importlib._bootstrap_external>(106): <frozen importlib._bootstrap_external>(107): <frozen importlib._bootstrap_external>(104): <frozen importlib._bootstrap_external>(105): <frozen importlib._bootstrap_external>(108): <frozen importlib._bootstrap_external>(117): <frozen importlib._bootstrap_external>(118): <frozen importlib._bootstrap_external>(104): <frozen importlib._bootstrap_external>(119):  --- modulename: _bootstrap_external, funcname: <listcomp>
<frozen importlib._bootstrap_external>(119): <frozen importlib._bootstrap_external>(119): <frozen importlib._bootstrap_external>(119): <frozen importlib._bootstrap_external>(120): <frozen importlib._bootstrap_external>(123): <frozen importlib._bootstrap_external>(1643):  --- modulename: _bootstrap, funcname: _verbose_message
<frozen importlib._bootstrap>(246): <frozen importlib._bootstrap_external>(1644): <frozen importlib._bootstrap_external>(1638): <frozen importlib._bootstrap_external>(1639): <frozen importlib._bootstrap_external>(1640):  --- modulename: _bootstrap_external, funcname: _path_join
<frozen importlib._bootstrap_external>(98): <frozen importlib._bootstrap_external>(100): <frozen importlib._bootstrap_external>(102): <frozen importlib._bootstrap_external>(103): <frozen importlib._bootstrap_external>(104): <frozen importlib._bootstrap_external>(105): <frozen importlib._bootstrap_external>(106): <frozen importlib._bootstrap_external>(107): <frozen importlib._bootstrap_external>(104): <frozen importlib._bootstrap_external>(105): <frozen importlib._bootstrap_external>(108): <frozen importlib._bootstrap_external>(117): <frozen importlib._bootstrap_external>(118): <frozen importlib._bootstrap_external>(104): <frozen importlib._bootstrap_external>(119):  --- modulename: _bootstrap_external, funcname: <listcomp>
<frozen importlib._bootstrap_external>(119): <frozen importlib._bootstrap_external>(119): <frozen importlib._bootstrap_external>(119): <frozen importlib._bootstrap_external>(120): <frozen importlib._bootstrap_external>(123): <frozen importlib._bootstrap_external>(1643):  --- modulename: _bootstrap, funcname: _verbose_message
<frozen importlib._bootstrap>(246): <frozen importlib._bootstrap_external>(1644): <frozen importlib._bootstrap_external>(1638): <frozen importlib._bootstrap_external>(1639): <frozen importlib._bootstrap_external>(1640):  --- modulename: _bootstrap_external, funcname: _path_join
<frozen importlib._bootstrap_external>(98): <frozen importlib._bootstrap_external>(100): <frozen importlib._bootstrap_external>(102): <frozen importlib._bootstrap_external>(103): <frozen importlib._bootstrap_external>(104): <frozen importlib._bootstrap_external>(105): <frozen importlib._bootstrap_external>(106): <frozen importlib._bootstrap_external>(107): <frozen importlib._bootstrap_external>(104): <frozen importlib._bootstrap_external>(105): <frozen importlib._bootstrap_external>(108): <frozen importlib._bootstrap_external>(117): <frozen importlib._bootstrap_external>(118): <frozen importlib._bootstrap_external>(104): <frozen importlib._bootstrap_external>(119):  --- modulename: _bootstrap_external, funcname: <listcomp>
<frozen importlib._bootstrap_external>(119): <frozen importlib._bootstrap_external>(119): <frozen importlib._bootstrap_external>(119): <frozen importlib._bootstrap_external>(120): <frozen importlib._bootstrap_external>(123): <frozen importlib._bootstrap_external>(1643):  --- modulename: _bootstrap, funcname: _verbose_message
<frozen importlib._bootstrap>(246): <frozen importlib._bootstrap_external>(1644): <frozen importlib._bootstrap_external>(1638): <frozen importlib._bootstrap_external>(1639): <frozen importlib._bootstrap_external>(1640):  --- modulename: _bootstrap_external, funcname: _path_join
<frozen importlib._bootstrap_external>(98): <frozen importlib._bootstrap_external>(100): <frozen importlib._bootstrap_external>(102): <frozen importlib._bootstrap_external>(103): <frozen importlib._bootstrap_external>(104): <frozen importlib._bootstrap_external>(105): <frozen importlib._bootstrap_external>(106): <frozen importlib._bootstrap_external>(107): <frozen importlib._bootstrap_external>(104): <frozen importlib._bootstrap_external>(105): <frozen importlib._bootstrap_external>(108): <frozen importlib._bootstrap_external>(117): <frozen importlib._bootstrap_external>(118): <frozen importlib._bootstrap_external>(104): <frozen importlib._bootstrap_external>(119):  --- modulename: _bootstrap_external, funcname: <listcomp>
<frozen importlib._bootstrap_external>(119): <frozen importlib._bootstrap_external>(119): <frozen importlib._bootstrap_external>(119): <frozen importlib._bootstrap_external>(120): <frozen importlib._bootstrap_external>(123): <frozen importlib._bootstrap_external>(1643):  --- modulename: _bootstrap, funcname: _verbose_message
<frozen importlib._bootstrap>(246): <frozen importlib._bootstrap_external>(1644): <frozen importlib._bootstrap_external>(1638): <frozen importlib._bootstrap_external>(1648): <frozen importlib._bootstrap_external>(1653): <frozen importlib._bootstrap_external>(1479): <frozen importlib._bootstrap_external>(1480): <frozen importlib._bootstrap_external>(1470): <frozen importlib._bootstrap_external>(1471): <frozen importlib._bootstrap_external>(1473):  --- modulename: _bootstrap_external, funcname: _path_importer_cache
<frozen importlib._bootstrap_external>(1429): <frozen importlib._bootstrap_external>(1436): <frozen importlib._bootstrap_external>(1437): <frozen importlib._bootstrap_external>(1441): <frozen importlib._bootstrap_external>(1474): <frozen importlib._bootstrap_external>(1470): <frozen importlib._bootstrap_external>(1471): <frozen importlib._bootstrap_external>(1473):  --- modulename: _bootstrap_external, funcname: _path_importer_cache
<frozen importlib._bootstrap_external>(1429): <frozen importlib._bootstrap_external>(1436): <frozen importlib._bootstrap_external>(1437): <frozen importlib._bootstrap_external>(1441): <frozen importlib._bootstrap_external>(1474): <frozen importlib._bootstrap_external>(1475): <frozen importlib._bootstrap_external>(1476):  --- modulename: _bootstrap_external, funcname: find_spec
<frozen importlib._bootstrap_external>(1609): <frozen importlib._bootstrap_external>(1610): <frozen importlib._bootstrap_external>(1611): <frozen importlib._bootstrap_external>(1612):  --- modulename: _bootstrap_external, funcname: _path_stat
<frozen importlib._bootstrap_external>(147): <frozen importlib._bootstrap_external>(1615): <frozen importlib._bootstrap_external>(1619):  --- modulename: _bootstrap_external, funcname: _relax_case
<frozen importlib._bootstrap_external>(69): <frozen importlib._bootstrap_external>(1623): <frozen importlib._bootstrap_external>(1624): <frozen importlib._bootstrap_external>(1626): <frozen importlib._bootstrap_external>(1638): <frozen importlib._bootstrap_external>(1639): <frozen importlib._bootstrap_external>(1640):  --- modulename: _bootstrap_external, funcname: _path_join
<frozen importlib._bootstrap_external>(98): <frozen importlib._bootstrap_external>(100): <frozen importlib._bootstrap_external>(102): <frozen importlib._bootstrap_external>(103): <frozen importlib._bootstrap_external>(104): <frozen importlib._bootstrap_external>(105): <frozen importlib._bootstrap_external>(106): <frozen importlib._bootstrap_external>(107): <frozen importlib._bootstrap_external>(104): <frozen importlib._bootstrap_external>(105): <frozen importlib._bootstrap_external>(108): <frozen importlib._bootstrap_external>(117): <frozen importlib._bootstrap_external>(118): <frozen importlib._bootstrap_external>(104): <frozen importlib._bootstrap_external>(119):  --- modulename: _bootstrap_external, funcname: <listcomp>
<frozen importlib._bootstrap_external>(119): <frozen importlib._bootstrap_external>(119): <frozen importlib._bootstrap_external>(119): <frozen importlib._bootstrap_external>(120): <frozen importlib._bootstrap_external>(123): <frozen importlib._bootstrap_external>(1643):  --- modulename: _bootstrap, funcname: _verbose_message
<frozen importlib._bootstrap>(246): <frozen importlib._bootstrap_external>(1644): <frozen importlib._bootstrap_external>(1638): <frozen importlib._bootstrap_external>(1639): <frozen importlib._bootstrap_external>(1640):  --- modulename: _bootstrap_external, funcname: _path_join
<frozen importlib._bootstrap_external>(98): <frozen importlib._bootstrap_external>(100): <frozen importlib._bootstrap_external>(102): <frozen importlib._bootstrap_external>(103): <frozen importlib._bootstrap_external>(104): <frozen importlib._bootstrap_external>(105): <frozen importlib._bootstrap_external>(106): <frozen importlib._bootstrap_external>(107): <frozen importlib._bootstrap_external>(104): <frozen importlib._bootstrap_external>(105): <frozen importlib._bootstrap_external>(108): <frozen importlib._bootstrap_external>(117): <frozen importlib._bootstrap_external>(118): <frozen importlib._bootstrap_external>(104): <frozen importlib._bootstrap_external>(119):  --- modulename: _bootstrap_external, funcname: <listcomp>
<frozen importlib._bootstrap_external>(119): <frozen importlib._bootstrap_external>(119): <frozen importlib._bootstrap_external>(119): <frozen importlib._bootstrap_external>(120): <frozen importlib._bootstrap_external>(123): <frozen importlib._bootstrap_external>(1643):  --- modulename: _bootstrap, funcname: _verbose_message
<frozen importlib._bootstrap>(246): <frozen importlib._bootstrap_external>(1644): <frozen importlib._bootstrap_external>(1638): <frozen importlib._bootstrap_external>(1639): <frozen importlib._bootstrap_external>(1640):  --- modulename: _bootstrap_external, funcname: _path_join
<frozen importlib._bootstrap_external>(98): <frozen importlib._bootstrap_external>(100): <frozen importlib._bootstrap_external>(102): <frozen importlib._bootstrap_external>(103): <frozen importlib._bootstrap_external>(104): <frozen importlib._bootstrap_external>(105): <frozen importlib._bootstrap_external>(106): <frozen importlib._bootstrap_external>(107): <frozen importlib._bootstrap_external>(104): <frozen importlib._bootstrap_external>(105): <frozen importlib._bootstrap_external>(108): <frozen importlib._bootstrap_external>(117): <frozen importlib._bootstrap_external>(118): <frozen importlib._bootstrap_external>(104): <frozen importlib._bootstrap_external>(119):  --- modulename: _bootstrap_external, funcname: <listcomp>
<frozen importlib._bootstrap_external>(119): <frozen importlib._bootstrap_external>(119): <frozen importlib._bootstrap_external>(119): <frozen importlib._bootstrap_external>(120): <frozen importlib._bootstrap_external>(123): <frozen importlib._bootstrap_external>(1643):  --- modulename: _bootstrap, funcname: _verbose_message
<frozen importlib._bootstrap>(246): <frozen importlib._bootstrap_external>(1644): <frozen importlib._bootstrap_external>(1638): <frozen importlib._bootstrap_external>(1639): <frozen importlib._bootstrap_external>(1640):  --- modulename: _bootstrap_external, funcname: _path_join
<frozen importlib._bootstrap_external>(98): <frozen importlib._bootstrap_external>(100): <frozen importlib._bootstrap_external>(102): <frozen importlib._bootstrap_external>(103): <frozen importlib._bootstrap_external>(104): <frozen importlib._bootstrap_external>(105): <frozen importlib._bootstrap_external>(106): <frozen importlib._bootstrap_external>(107): <frozen importlib._bootstrap_external>(104): <frozen importlib._bootstrap_external>(105): <frozen importlib._bootstrap_external>(108): <frozen importlib._bootstrap_external>(117): <frozen importlib._bootstrap_external>(118): <frozen importlib._bootstrap_external>(104): <frozen importlib._bootstrap_external>(119):  --- modulename: _bootstrap_external, funcname: <listcomp>
<frozen importlib._bootstrap_external>(119): <frozen importlib._bootstrap_external>(119): <frozen importlib._bootstrap_external>(119): <frozen importlib._bootstrap_external>(120): <frozen importlib._bootstrap_external>(123): <frozen importlib._bootstrap_external>(1643):  --- modulename: _bootstrap, funcname: _verbose_message
<frozen importlib._bootstrap>(246): <frozen importlib._bootstrap_external>(1644): <frozen importlib._bootstrap_external>(1638): <frozen importlib._bootstrap_external>(1639): <frozen importlib._bootstrap_external>(1640):  --- modulename: _bootstrap_external, funcname: _path_join
<frozen importlib._bootstrap_external>(98): <frozen importlib._bootstrap_external>(100): <frozen importlib._bootstrap_external>(102): <frozen importlib._bootstrap_external>(103): <frozen importlib._bootstrap_external>(104): <frozen importlib._bootstrap_external>(105): <frozen importlib._bootstrap_external>(106): <frozen importlib._bootstrap_external>(107): <frozen importlib._bootstrap_external>(104): <frozen importlib._bootstrap_external>(105): <frozen importlib._bootstrap_external>(108): <frozen importlib._bootstrap_external>(117): <frozen importlib._bootstrap_external>(118): <frozen importlib._bootstrap_external>(104): <frozen importlib._bootstrap_external>(119):  --- modulename: _bootstrap_external, funcname: <listcomp>
<frozen importlib._bootstrap_external>(119): <frozen importlib._bootstrap_external>(119): <frozen importlib._bootstrap_external>(119): <frozen importlib._bootstrap_external>(120): <frozen importlib._bootstrap_external>(123): <frozen importlib._bootstrap_external>(1643):  --- modulename: _bootstrap, funcname: _verbose_message
<frozen importlib._bootstrap>(246): <frozen importlib._bootstrap_external>(1644): <frozen importlib._bootstrap_external>(1638): <frozen importlib._bootstrap_external>(1648): <frozen importlib._bootstrap_external>(1653): <frozen importlib._bootstrap_external>(1479): <frozen importlib._bootstrap_external>(1480): <frozen importlib._bootstrap_external>(1470): <frozen importlib._bootstrap_external>(1471): <frozen importlib._bootstrap_external>(1473):  --- modulename: _bootstrap_external, funcname: _path_importer_cache
<frozen importlib._bootstrap_external>(1429): <frozen importlib._bootstrap_external>(1436): <frozen importlib._bootstrap_external>(1437): <frozen importlib._bootstrap_external>(1441): <frozen importlib._bootstrap_external>(1474): <frozen importlib._bootstrap_external>(1475): <frozen importlib._bootstrap_external>(1476):  --- modulename: _bootstrap_external, funcname: find_spec
<frozen importlib._bootstrap_external>(1609): <frozen importlib._bootstrap_external>(1610): <frozen importlib._bootstrap_external>(1611): <frozen importlib._bootstrap_external>(1612):  --- modulename: _bootstrap_external, funcname: _path_stat
<frozen importlib._bootstrap_external>(147): <frozen importlib._bootstrap_external>(1615): <frozen importlib._bootstrap_external>(1619):  --- modulename: _bootstrap_external, funcname: _relax_case
<frozen importlib._bootstrap_external>(69): <frozen importlib._bootstrap_external>(1623): <frozen importlib._bootstrap_external>(1624): <frozen importlib._bootstrap_external>(1626): <frozen importlib._bootstrap_external>(1638): <frozen importlib._bootstrap_external>(1639): <frozen importlib._bootstrap_external>(1640):  --- modulename: _bootstrap_external, funcname: _path_join
<frozen importlib._bootstrap_external>(98): <frozen importlib._bootstrap_external>(100): <frozen importlib._bootstrap_external>(102): <frozen importlib._bootstrap_external>(103): <frozen importlib._bootstrap_external>(104): <frozen importlib._bootstrap_external>(105): <frozen importlib._bootstrap_external>(106): <frozen importlib._bootstrap_external>(107): <frozen importlib._bootstrap_external>(104): <frozen importlib._bootstrap_external>(105): <frozen importlib._bootstrap_external>(108): <frozen importlib._bootstrap_external>(117): <frozen importlib._bootstrap_external>(118): <frozen importlib._bootstrap_external>(104): <frozen importlib._bootstrap_external>(119):  --- modulename: _bootstrap_external, funcname: <listcomp>
<frozen importlib._bootstrap_external>(119): <frozen importlib._bootstrap_external>(119): <frozen importlib._bootstrap_external>(119): <frozen importlib._bootstrap_external>(120): <frozen importlib._bootstrap_external>(123): <frozen importlib._bootstrap_external>(1643):  --- modulename: _bootstrap, funcname: _verbose_message
<frozen importlib._bootstrap>(246): <frozen importlib._bootstrap_external>(1644): <frozen importlib._bootstrap_external>(1638): <frozen importlib._bootstrap_external>(1639): <frozen importlib._bootstrap_external>(1640):  --- modulename: _bootstrap_external, funcname: _path_join
<frozen importlib._bootstrap_external>(98): <frozen importlib._bootstrap_external>(100): <frozen importlib._bootstrap_external>(102): <frozen importlib._bootstrap_external>(103): <frozen importlib._bootstrap_external>(104): <frozen importlib._bootstrap_external>(105): <frozen importlib._bootstrap_external>(106): <frozen importlib._bootstrap_external>(107): <frozen importlib._bootstrap_external>(104): <frozen importlib._bootstrap_external>(105): <frozen importlib._bootstrap_external>(108): <frozen importlib._bootstrap_external>(117): <frozen importlib._bootstrap_external>(118): <frozen importlib._bootstrap_external>(104): <frozen importlib._bootstrap_external>(119):  --- modulename: _bootstrap_external, funcname: <listcomp>
<frozen importlib._bootstrap_external>(119): <frozen importlib._bootstrap_external>(119): <frozen importlib._bootstrap_external>(119): <frozen importlib._bootstrap_external>(120): <frozen importlib._bootstrap_external>(123): <frozen importlib._bootstrap_external>(1643):  --- modulename: _bootstrap, funcname: _verbose_message
<frozen importlib._bootstrap>(246): <frozen importlib._bootstrap_external>(1644): <frozen importlib._bootstrap_external>(1638): <frozen importlib._bootstrap_external>(1639): <frozen importlib._bootstrap_external>(1640):  --- modulename: _bootstrap_external, funcname: _path_join
<frozen importlib._bootstrap_external>(98): <frozen importlib._bootstrap_external>(100): <frozen importlib._bootstrap_external>(102): <frozen importlib._bootstrap_external>(103): <frozen importlib._bootstrap_external>(104): <frozen importlib._bootstrap_external>(105): <frozen importlib._bootstrap_external>(106): <frozen importlib._bootstrap_external>(107): <frozen importlib._bootstrap_external>(104): <frozen importlib._bootstrap_external>(105): <frozen importlib._bootstrap_external>(108): <frozen importlib._bootstrap_external>(117): <frozen importlib._bootstrap_external>(118): <frozen importlib._bootstrap_external>(104): <frozen importlib._bootstrap_external>(119):  --- modulename: _bootstrap_external, funcname: <listcomp>
<frozen importlib._bootstrap_external>(119): <frozen importlib._bootstrap_external>(119): <frozen importlib._bootstrap_external>(119): <frozen importlib._bootstrap_external>(120): <frozen importlib._bootstrap_external>(123): <frozen importlib._bootstrap_external>(1643):  --- modulename: _bootstrap, funcname: _verbose_message
<frozen importlib._bootstrap>(246): <frozen importlib._bootstrap_external>(1644): <frozen importlib._bootstrap_external>(1645):  --- modulename: _bootstrap_external, funcname: _path_isfile
<frozen importlib._bootstrap_external>(161):  --- modulename: _bootstrap_external, funcname: _path_is_mode_type
<frozen importlib._bootstrap_external>(152): <frozen importlib._bootstrap_external>(153):  --- modulename: _bootstrap_external, funcname: _path_stat
<frozen importlib._bootstrap_external>(147): <frozen importlib._bootstrap_external>(156): <frozen importlib._bootstrap_external>(1646): <frozen importlib._bootstrap_external>(1647): <frozen importlib._bootstrap_external>(1646):  --- modulename: _bootstrap_external, funcname: _get_spec
<frozen importlib._bootstrap_external>(1600):  --- modulename: _bootstrap_external, funcname: __init__
<frozen importlib._bootstrap_external>(1100): <frozen importlib._bootstrap_external>(1101): <frozen importlib._bootstrap_external>(1601): <frozen importlib._bootstrap_external>(1602): <frozen importlib._bootstrap_external>(1601):  --- modulename: _bootstrap_external, funcname: spec_from_file_location
<frozen importlib._bootstrap_external>(790): <frozen importlib._bootstrap_external>(802): <frozen importlib._bootstrap_external>(803):  --- modulename: _bootstrap_external, funcname: _path_isabs
<frozen importlib._bootstrap_external>(174): <frozen importlib._bootstrap_external>(176): <frozen importlib._bootstrap_external>(177): <frozen importlib._bootstrap_external>(815):  --- modulename: _bootstrap, funcname: __init__
<frozen importlib._bootstrap>(359): <frozen importlib._bootstrap>(360): <frozen importlib._bootstrap>(361): <frozen importlib._bootstrap>(362): <frozen importlib._bootstrap>(363): <frozen importlib._bootstrap>(364): <frozen importlib._bootstrap>(367): <frozen importlib._bootstrap>(368): <frozen importlib._bootstrap_external>(816): <frozen importlib._bootstrap_external>(819): <frozen importlib._bootstrap_external>(829): <frozen importlib._bootstrap_external>(840): <frozen importlib._bootstrap_external>(841): <frozen importlib._bootstrap_external>(846): <frozen importlib._bootstrap_external>(1479): <frozen importlib._bootstrap_external>(1481): <frozen importlib._bootstrap_external>(1482): <frozen importlib._bootstrap_external>(1505): <frozen importlib._bootstrap_external>(1507): <frozen importlib._bootstrap_external>(1518): <frozen importlib._bootstrap>(1072):  --- modulename: _bootstrap, funcname: __exit__
<frozen importlib._bootstrap>(1034): <frozen importlib._bootstrap>(1081): <frozen importlib._bootstrap>(1083): <frozen importlib._bootstrap>(1098): <frozen importlib._bootstrap>(1141): <frozen importlib._bootstrap>(1144): <frozen importlib._bootstrap>(1148): <frozen importlib._bootstrap>(1149):  --- modulename: _bootstrap, funcname: _load_unlocked
<frozen importlib._bootstrap>(668): <frozen importlib._bootstrap>(670): <frozen importlib._bootstrap>(676):  --- modulename: _bootstrap, funcname: module_from_spec
<frozen importlib._bootstrap>(569): <frozen importlib._bootstrap>(570): <frozen importlib._bootstrap>(573):  --- modulename: _bootstrap_external, funcname: create_module
<frozen importlib._bootstrap_external>(931): <frozen importlib._bootstrap>(577): <frozen importlib._bootstrap>(578):  --- modulename: _bootstrap, funcname: _new_module
<frozen importlib._bootstrap>(49): <frozen importlib._bootstrap>(579):  --- modulename: _bootstrap, funcname: _init_module_attrs
<frozen importlib._bootstrap>(497): <frozen importlib._bootstrap>(503): <frozen importlib._bootstrap>(504): <frozen importlib._bootstrap>(505): <frozen importlib._bootstrap>(526): <frozen importlib._bootstrap>(527): <frozen importlib._bootstrap>(531): <frozen importlib._bootstrap>(532): <frozen importlib._bootstrap>(533):  --- modulename: _bootstrap, funcname: parent
<frozen importlib._bootstrap>(408): <frozen importlib._bootstrap>(409): <frozen importlib._bootstrap>(537): <frozen importlib._bootstrap>(538): <frozen importlib._bootstrap>(542): <frozen importlib._bootstrap>(543): <frozen importlib._bootstrap>(550):  --- modulename: _bootstrap, funcname: has_location
<frozen importlib._bootstrap>(415): <frozen importlib._bootstrap>(551): <frozen importlib._bootstrap>(552): <frozen importlib._bootstrap>(553): <frozen importlib._bootstrap>(557): <frozen importlib._bootstrap>(558):  --- modulename: _bootstrap, funcname: cached
<frozen importlib._bootstrap>(394): <frozen importlib._bootstrap>(395): <frozen importlib._bootstrap>(396): <frozen importlib._bootstrap>(398):  --- modulename: _bootstrap_external, funcname: _get_cached
<frozen importlib._bootstrap_external>(568): <frozen importlib._bootstrap_external>(569): <frozen importlib._bootstrap_external>(570):  --- modulename: _bootstrap_external, funcname: cache_from_source
<frozen importlib._bootstrap_external>(455): <frozen importlib._bootstrap_external>(462): <frozen importlib._bootstrap_external>(463):  --- modulename: _bootstrap_external, funcname: _path_split
<frozen importlib._bootstrap_external>(134):  --- modulename: _bootstrap_external, funcname: <genexpr>
<frozen importlib._bootstrap_external>(134):  --- modulename: _bootstrap_external, funcname: <genexpr>
<frozen importlib._bootstrap_external>(134):  --- modulename: _bootstrap_external, funcname: <genexpr>
<frozen importlib._bootstrap_external>(134): <frozen importlib._bootstrap_external>(135): <frozen importlib._bootstrap_external>(137): <frozen importlib._bootstrap_external>(464): <frozen importlib._bootstrap_external>(465): <frozen importlib._bootstrap_external>(466): <frozen importlib._bootstrap_external>(468): <frozen importlib._bootstrap_external>(469): <frozen importlib._bootstrap_external>(470): <frozen importlib._bootstrap_external>(471): <frozen importlib._bootstrap_external>(474): <frozen importlib._bootstrap_external>(475): <frozen importlib._bootstrap_external>(479): <frozen importlib._bootstrap_external>(480): <frozen importlib._bootstrap_external>(505):  --- modulename: _bootstrap_external, funcname: _path_join
<frozen importlib._bootstrap_external>(98): <frozen importlib._bootstrap_external>(100): <frozen importlib._bootstrap_external>(102): <frozen importlib._bootstrap_external>(103): <frozen importlib._bootstrap_external>(104): <frozen importlib._bootstrap_external>(105): <frozen importlib._bootstrap_external>(106): <frozen importlib._bootstrap_external>(107): <frozen importlib._bootstrap_external>(104): <frozen importlib._bootstrap_external>(105): <frozen importlib._bootstrap_external>(108): <frozen importlib._bootstrap_external>(117): <frozen importlib._bootstrap_external>(118): <frozen importlib._bootstrap_external>(104): <frozen importlib._bootstrap_external>(105): <frozen importlib._bootstrap_external>(108): <frozen importlib._bootstrap_external>(117): <frozen importlib._bootstrap_external>(118): <frozen importlib._bootstrap_external>(104): <frozen importlib._bootstrap_external>(119):  --- modulename: _bootstrap_external, funcname: <listcomp>
<frozen importlib._bootstrap_external>(119): <frozen importlib._bootstrap_external>(119): <frozen importlib._bootstrap_external>(119): <frozen importlib._bootstrap_external>(119): <frozen importlib._bootstrap_external>(120): <frozen importlib._bootstrap_external>(123): <frozen importlib._bootstrap>(399): <frozen importlib._bootstrap>(559): <frozen importlib._bootstrap>(560):  --- modulename: _bootstrap, funcname: cached
<frozen importlib._bootstrap>(394): <frozen importlib._bootstrap>(399): <frozen importlib._bootstrap>(563): <frozen importlib._bootstrap>(580): <frozen importlib._bootstrap>(681): <frozen importlib._bootstrap>(682): <frozen importlib._bootstrap>(683): <frozen importlib._bootstrap>(684): <frozen importlib._bootstrap>(685): <frozen importlib._bootstrap>(690):  --- modulename: _bootstrap_external, funcname: exec_module
<frozen importlib._bootstrap_external>(936):  --- modulename: _bootstrap_external, funcname: get_code
<frozen importlib._bootstrap_external>(1014):  --- modulename: _bootstrap_external, funcname: _check_name_wrapper
<frozen importlib._bootstrap_external>(600): <frozen importlib._bootstrap_external>(602): <frozen importlib._bootstrap_external>(605):  --- modulename: _bootstrap_external, funcname: get_filename
<frozen importlib._bootstrap_external>(1125): <frozen importlib._bootstrap_external>(1015): <frozen importlib._bootstrap_external>(1016): <frozen importlib._bootstrap_external>(1017): <frozen importlib._bootstrap_external>(1018): <frozen importlib._bootstrap_external>(1019): <frozen importlib._bootstrap_external>(1020): <frozen importlib._bootstrap_external>(1021):  --- modulename: _bootstrap_external, funcname: cache_from_source
<frozen importlib._bootstrap_external>(455): <frozen importlib._bootstrap_external>(462): <frozen importlib._bootstrap_external>(463):  --- modulename: _bootstrap_external, funcname: _path_split
<frozen importlib._bootstrap_external>(134):  --- modulename: _bootstrap_external, funcname: <genexpr>
<frozen importlib._bootstrap_external>(134):  --- modulename: _bootstrap_external, funcname: <genexpr>
<frozen importlib._bootstrap_external>(134):  --- modulename: _bootstrap_external, funcname: <genexpr>
<frozen importlib._bootstrap_external>(134): <frozen importlib._bootstrap_external>(135): <frozen importlib._bootstrap_external>(137): <frozen importlib._bootstrap_external>(464): <frozen importlib._bootstrap_external>(465): <frozen importlib._bootstrap_external>(466): <frozen importlib._bootstrap_external>(468): <frozen importlib._bootstrap_external>(469): <frozen importlib._bootstrap_external>(470): <frozen importlib._bootstrap_external>(471): <frozen importlib._bootstrap_external>(474): <frozen importlib._bootstrap_external>(475): <frozen importlib._bootstrap_external>(479): <frozen importlib._bootstrap_external>(480): <frozen importlib._bootstrap_external>(505):  --- modulename: _bootstrap_external, funcname: _path_join
<frozen importlib._bootstrap_external>(98): <frozen importlib._bootstrap_external>(100): <frozen importlib._bootstrap_external>(102): <frozen importlib._bootstrap_external>(103): <frozen importlib._bootstrap_external>(104): <frozen importlib._bootstrap_external>(105): <frozen importlib._bootstrap_external>(106): <frozen importlib._bootstrap_external>(107): <frozen importlib._bootstrap_external>(104): <frozen importlib._bootstrap_external>(105): <frozen importlib._bootstrap_external>(108): <frozen importlib._bootstrap_external>(117): <frozen importlib._bootstrap_external>(118): <frozen importlib._bootstrap_external>(104): <frozen importlib._bootstrap_external>(105): <frozen importlib._bootstrap_external>(108): <frozen importlib._bootstrap_external>(117): <frozen importlib._bootstrap_external>(118): <frozen importlib._bootstrap_external>(104): <frozen importlib._bootstrap_external>(119):  --- modulename: _bootstrap_external, funcname: <listcomp>
<frozen importlib._bootstrap_external>(119): <frozen importlib._bootstrap_external>(119): <frozen importlib._bootstrap_external>(119): <frozen importlib._bootstrap_external>(119): <frozen importlib._bootstrap_external>(120): <frozen importlib._bootstrap_external>(123): <frozen importlib._bootstrap_external>(1025): <frozen importlib._bootstrap_external>(1026):  --- modulename: _bootstrap_external, funcname: path_stats
<frozen importlib._bootstrap_external>(1148):  --- modulename: _bootstrap_external, funcname: _path_stat
<frozen importlib._bootstrap_external>(147): <frozen importlib._bootstrap_external>(1149): <frozen importlib._bootstrap_external>(1030): <frozen importlib._bootstrap_external>(1031): <frozen importlib._bootstrap_external>(1032):  --- modulename: _bootstrap_external, funcname: get_data
<frozen importlib._bootstrap_external>(1129): <frozen importlib._bootstrap_external>(1130): <frozen importlib._bootstrap_external>(1131): <frozen importlib._bootstrap_external>(1130): <frozen importlib._bootstrap_external>(1037): <frozen importlib._bootstrap_external>(1038): <frozen importlib._bootstrap_external>(1036): <frozen importlib._bootstrap_external>(1040): <frozen importlib._bootstrap_external>(1041):  --- modulename: _bootstrap_external, funcname: _classify_pyc
<frozen importlib._bootstrap_external>(658): <frozen importlib._bootstrap_external>(659): <frozen importlib._bootstrap_external>(663): <frozen importlib._bootstrap_external>(667):  --- modulename: _bootstrap_external, funcname: _unpack_uint32
<frozen importlib._bootstrap_external>(86): <frozen importlib._bootstrap_external>(87): <frozen importlib._bootstrap_external>(669): <frozen importlib._bootstrap_external>(672): <frozen importlib._bootstrap_external>(1042): <frozen importlib._bootstrap_external>(1043): <frozen importlib._bootstrap_external>(1044): <frozen importlib._bootstrap_external>(1057): <frozen importlib._bootstrap_external>(1058): <frozen importlib._bootstrap_external>(1059): <frozen importlib._bootstrap_external>(1060): <frozen importlib._bootstrap_external>(1061): <frozen importlib._bootstrap_external>(1062): <frozen importlib._bootstrap_external>(1057):  --- modulename: _bootstrap_external, funcname: _validate_timestamp_pyc
<frozen importlib._bootstrap_external>(694):  --- modulename: _bootstrap_external, funcname: _unpack_uint32
<frozen importlib._bootstrap_external>(86): <frozen importlib._bootstrap_external>(87): <frozen importlib._bootstrap_external>(698): <frozen importlib._bootstrap_external>(699):  --- modulename: _bootstrap_external, funcname: _unpack_uint32
<frozen importlib._bootstrap_external>(86): <frozen importlib._bootstrap_external>(87): <frozen importlib._bootstrap_external>(698): <frozen importlib._bootstrap_external>(1067): <frozen importlib._bootstrap_external>(1068): <frozen importlib._bootstrap_external>(1067):  --- modulename: _bootstrap, funcname: _verbose_message
<frozen importlib._bootstrap>(246): <frozen importlib._bootstrap_external>(1069): <frozen importlib._bootstrap_external>(1070): <frozen importlib._bootstrap_external>(1071): <frozen importlib._bootstrap_external>(1069):  --- modulename: _bootstrap_external, funcname: _compile_bytecode
<frozen importlib._bootstrap_external>(729): <frozen importlib._bootstrap_external>(730): <frozen importlib._bootstrap_external>(731):  --- modulename: _bootstrap, funcname: _verbose_message
<frozen importlib._bootstrap>(246): <frozen importlib._bootstrap_external>(732): <frozen importlib._bootstrap_external>(733): <frozen importlib._bootstrap_external>(734): <frozen importlib._bootstrap_external>(937): <frozen importlib._bootstrap_external>(940):  --- modulename: _bootstrap, funcname: _call_with_frames_removed
<frozen importlib._bootstrap>(241):  --- modulename: bisect, funcname: <module>
bisect.py(1): """Bisection algorithms."""
bisect.py(4): def insort_right(a, x, lo=0, hi=None, *, key=None):
bisect.py(19): def bisect_right(a, x, lo=0, hi=None, *, key=None):
bisect.py(53): def insort_left(a, x, lo=0, hi=None, *, key=None):
bisect.py(68): def bisect_left(a, x, lo=0, hi=None, *, key=None):
bisect.py(103): try:
bisect.py(104):     from _bisect import *
 --- modulename: _bootstrap, funcname: _find_and_load
<frozen importlib._bootstrap>(1172): <frozen importlib._bootstrap>(1173): <frozen importlib._bootstrap>(1175):  --- modulename: _bootstrap, funcname: __init__
<frozen importlib._bootstrap>(166): <frozen importlib._bootstrap>(167):  --- modulename: _bootstrap, funcname: __enter__
<frozen importlib._bootstrap>(170):  --- modulename: _bootstrap, funcname: _get_module_lock
<frozen importlib._bootstrap>(185): <frozen importlib._bootstrap>(186): <frozen importlib._bootstrap>(187): <frozen importlib._bootstrap>(188): <frozen importlib._bootstrap>(189): <frozen importlib._bootstrap>(190): <frozen importlib._bootstrap>(192): <frozen importlib._bootstrap>(193): <frozen importlib._bootstrap>(196):  --- modulename: _bootstrap, funcname: __init__
<frozen importlib._bootstrap>(72): <frozen importlib._bootstrap>(73): <frozen importlib._bootstrap>(74): <frozen importlib._bootstrap>(75): <frozen importlib._bootstrap>(76): <frozen importlib._bootstrap>(77): <frozen importlib._bootstrap>(198): <frozen importlib._bootstrap>(209): <frozen importlib._bootstrap>(211): <frozen importlib._bootstrap>(213): <frozen importlib._bootstrap>(171):  --- modulename: _bootstrap, funcname: acquire
<frozen importlib._bootstrap>(106): <frozen importlib._bootstrap>(107): <frozen importlib._bootstrap>(108): <frozen importlib._bootstrap>(109): <frozen importlib._bootstrap>(110): <frozen importlib._bootstrap>(111): <frozen importlib._bootstrap>(112): <frozen importlib._bootstrap>(113): <frozen importlib._bootstrap>(114): <frozen importlib._bootstrap>(110): <frozen importlib._bootstrap>(123): <frozen importlib._bootstrap>(1176): <frozen importlib._bootstrap>(1177): <frozen importlib._bootstrap>(1178):  --- modulename: _bootstrap, funcname: _find_and_load_unlocked
<frozen importlib._bootstrap>(1123): <frozen importlib._bootstrap>(1124): <frozen importlib._bootstrap>(1125): <frozen importlib._bootstrap>(1126): <frozen importlib._bootstrap>(1140):  --- modulename: _bootstrap, funcname: _find_spec
<frozen importlib._bootstrap>(1058): <frozen importlib._bootstrap>(1059): <frozen importlib._bootstrap>(1064): <frozen importlib._bootstrap>(1070): <frozen importlib._bootstrap>(1071): <frozen importlib._bootstrap>(1072):  --- modulename: _bootstrap, funcname: __enter__
<frozen importlib._bootstrap>(1030): <frozen importlib._bootstrap>(1073): <frozen importlib._bootstrap>(1074): <frozen importlib._bootstrap>(1080): <frozen importlib._bootstrap>(1072):  --- modulename: _bootstrap, funcname: __exit__
<frozen importlib._bootstrap>(1034): <frozen importlib._bootstrap>(1081): <frozen importlib._bootstrap>(1071): <frozen importlib._bootstrap>(1072):  --- modulename: _bootstrap, funcname: __enter__
<frozen importlib._bootstrap>(1030): <frozen importlib._bootstrap>(1073): <frozen importlib._bootstrap>(1074): <frozen importlib._bootstrap>(1080): <frozen importlib._bootstrap>(1072):  --- modulename: _bootstrap, funcname: __exit__
<frozen importlib._bootstrap>(1034): <frozen importlib._bootstrap>(1081): <frozen importlib._bootstrap>(1071): <frozen importlib._bootstrap>(1072):  --- modulename: _bootstrap, funcname: __enter__
<frozen importlib._bootstrap>(1030): <frozen importlib._bootstrap>(1073): <frozen importlib._bootstrap>(1074): <frozen importlib._bootstrap>(1080):  --- modulename: _bootstrap, funcname: find_spec
<frozen importlib._bootstrap>(750): <frozen importlib._bootstrap>(752): <frozen importlib._bootstrap>(753):  --- modulename: _bootstrap, funcname: spec_from_loader
<frozen importlib._bootstrap>(424): <frozen importlib._bootstrap>(427): <frozen importlib._bootstrap>(438): <frozen importlib._bootstrap>(439): <frozen importlib._bootstrap>(440): <frozen importlib._bootstrap>(441):  --- modulename: _bootstrap, funcname: _requires_builtin_wrapper
<frozen importlib._bootstrap>(255): <frozen importlib._bootstrap>(258):  --- modulename: _bootstrap, funcname: is_package
<frozen importlib._bootstrap>(801): <frozen importlib._bootstrap>(448):  --- modulename: _bootstrap, funcname: __init__
<frozen importlib._bootstrap>(359): <frozen importlib._bootstrap>(360): <frozen importlib._bootstrap>(361): <frozen importlib._bootstrap>(362): <frozen importlib._bootstrap>(363): <frozen importlib._bootstrap>(364): <frozen importlib._bootstrap>(367): <frozen importlib._bootstrap>(368): <frozen importlib._bootstrap>(1072):  --- modulename: _bootstrap, funcname: __exit__
<frozen importlib._bootstrap>(1034): <frozen importlib._bootstrap>(1081): <frozen importlib._bootstrap>(1083): <frozen importlib._bootstrap>(1098): <frozen importlib._bootstrap>(1141): <frozen importlib._bootstrap>(1144): <frozen importlib._bootstrap>(1148): <frozen importlib._bootstrap>(1149):  --- modulename: _bootstrap, funcname: _load_unlocked
<frozen importlib._bootstrap>(668): <frozen importlib._bootstrap>(670): <frozen importlib._bootstrap>(676):  --- modulename: _bootstrap, funcname: module_from_spec
<frozen importlib._bootstrap>(569): <frozen importlib._bootstrap>(570): <frozen importlib._bootstrap>(573):  --- modulename: _bootstrap, funcname: create_module
<frozen importlib._bootstrap>(775): <frozen importlib._bootstrap>(778):  --- modulename: _bootstrap, funcname: _call_with_frames_removed
<frozen importlib._bootstrap>(241): <frozen importlib._bootstrap>(577): <frozen importlib._bootstrap>(579):  --- modulename: _bootstrap, funcname: _init_module_attrs
<frozen importlib._bootstrap>(497): <frozen importlib._bootstrap>(503): <frozen importlib._bootstrap>(504): <frozen importlib._bootstrap>(505): <frozen importlib._bootstrap>(526): <frozen importlib._bootstrap>(527): <frozen importlib._bootstrap>(531): <frozen importlib._bootstrap>(532): <frozen importlib._bootstrap>(533):  --- modulename: _bootstrap, funcname: parent
<frozen importlib._bootstrap>(408): <frozen importlib._bootstrap>(409): <frozen importlib._bootstrap>(537): <frozen importlib._bootstrap>(538): <frozen importlib._bootstrap>(542): <frozen importlib._bootstrap>(543): <frozen importlib._bootstrap>(550):  --- modulename: _bootstrap, funcname: has_location
<frozen importlib._bootstrap>(415): <frozen importlib._bootstrap>(563): <frozen importlib._bootstrap>(580): <frozen importlib._bootstrap>(681): <frozen importlib._bootstrap>(682): <frozen importlib._bootstrap>(683): <frozen importlib._bootstrap>(684): <frozen importlib._bootstrap>(685): <frozen importlib._bootstrap>(690):  --- modulename: _bootstrap, funcname: exec_module
<frozen importlib._bootstrap>(783):  --- modulename: _bootstrap, funcname: _call_with_frames_removed
<frozen importlib._bootstrap>(241): <frozen importlib._bootstrap>(701): <frozen importlib._bootstrap>(702): <frozen importlib._bootstrap>(703):  --- modulename: _bootstrap, funcname: _verbose_message
<frozen importlib._bootstrap>(246): <frozen importlib._bootstrap>(705): <frozen importlib._bootstrap>(707): <frozen importlib._bootstrap>(1151): <frozen importlib._bootstrap>(1153): <frozen importlib._bootstrap>(1161): <frozen importlib._bootstrap>(1175):  --- modulename: _bootstrap, funcname: __exit__
<frozen importlib._bootstrap>(174):  --- modulename: _bootstrap, funcname: release
<frozen importlib._bootstrap>(126): <frozen importlib._bootstrap>(127): <frozen importlib._bootstrap>(128): <frozen importlib._bootstrap>(130): <frozen importlib._bootstrap>(131): <frozen importlib._bootstrap>(132): <frozen importlib._bootstrap>(133): <frozen importlib._bootstrap>(134): <frozen importlib._bootstrap>(127):  --- modulename: _bootstrap, funcname: cb
<frozen importlib._bootstrap>(199): <frozen importlib._bootstrap>(200): <frozen importlib._bootstrap>(204): <frozen importlib._bootstrap>(205): <frozen importlib._bootstrap>(207): bisect.py(109): bisect = bisect_right
bisect.py(110): insort = insort_right
<frozen importlib._bootstrap>(701): <frozen importlib._bootstrap>(702): <frozen importlib._bootstrap>(703):  --- modulename: _bootstrap, funcname: _verbose_message
<frozen importlib._bootstrap>(246): <frozen importlib._bootstrap>(705): <frozen importlib._bootstrap>(707): <frozen importlib._bootstrap>(1151): <frozen importlib._bootstrap>(1153): <frozen importlib._bootstrap>(1161): <frozen importlib._bootstrap>(1175):  --- modulename: _bootstrap, funcname: __exit__
<frozen importlib._bootstrap>(174):  --- modulename: _bootstrap, funcname: release
<frozen importlib._bootstrap>(126): <frozen importlib._bootstrap>(127): <frozen importlib._bootstrap>(128): <frozen importlib._bootstrap>(130): <frozen importlib._bootstrap>(131): <frozen importlib._bootstrap>(132): <frozen importlib._bootstrap>(133): <frozen importlib._bootstrap>(134): <frozen importlib._bootstrap>(127):  --- modulename: _bootstrap, funcname: cb
<frozen importlib._bootstrap>(199): <frozen importlib._bootstrap>(200): <frozen importlib._bootstrap>(204): <frozen importlib._bootstrap>(205): <frozen importlib._bootstrap>(207): random.py(57): import os as _os
random.py(58): import _random
 --- modulename: _bootstrap, funcname: _find_and_load
<frozen importlib._bootstrap>(1172): <frozen importlib._bootstrap>(1173): <frozen importlib._bootstrap>(1175):  --- modulename: _bootstrap, funcname: __init__
<frozen importlib._bootstrap>(166): <frozen importlib._bootstrap>(167):  --- modulename: _bootstrap, funcname: __enter__
<frozen importlib._bootstrap>(170):  --- modulename: _bootstrap, funcname: _get_module_lock
<frozen importlib._bootstrap>(185): <frozen importlib._bootstrap>(186): <frozen importlib._bootstrap>(187): <frozen importlib._bootstrap>(188): <frozen importlib._bootstrap>(189): <frozen importlib._bootstrap>(190): <frozen importlib._bootstrap>(192): <frozen importlib._bootstrap>(193): <frozen importlib._bootstrap>(196):  --- modulename: _bootstrap, funcname: __init__
<frozen importlib._bootstrap>(72): <frozen importlib._bootstrap>(73): <frozen importlib._bootstrap>(74): <frozen importlib._bootstrap>(75): <frozen importlib._bootstrap>(76): <frozen importlib._bootstrap>(77): <frozen importlib._bootstrap>(198): <frozen importlib._bootstrap>(209): <frozen importlib._bootstrap>(211): <frozen importlib._bootstrap>(213): <frozen importlib._bootstrap>(171):  --- modulename: _bootstrap, funcname: acquire
<frozen importlib._bootstrap>(106): <frozen importlib._bootstrap>(107): <frozen importlib._bootstrap>(108): <frozen importlib._bootstrap>(109): <frozen importlib._bootstrap>(110): <frozen importlib._bootstrap>(111): <frozen importlib._bootstrap>(112): <frozen importlib._bootstrap>(113): <frozen importlib._bootstrap>(114): <frozen importlib._bootstrap>(110): <frozen importlib._bootstrap>(123): <frozen importlib._bootstrap>(1176): <frozen importlib._bootstrap>(1177): <frozen importlib._bootstrap>(1178):  --- modulename: _bootstrap, funcname: _find_and_load_unlocked
<frozen importlib._bootstrap>(1123): <frozen importlib._bootstrap>(1124): <frozen importlib._bootstrap>(1125): <frozen importlib._bootstrap>(1126): <frozen importlib._bootstrap>(1140):  --- modulename: _bootstrap, funcname: _find_spec
<frozen importlib._bootstrap>(1058): <frozen importlib._bootstrap>(1059): <frozen importlib._bootstrap>(1064): <frozen importlib._bootstrap>(1070): <frozen importlib._bootstrap>(1071): <frozen importlib._bootstrap>(1072):  --- modulename: _bootstrap, funcname: __enter__
<frozen importlib._bootstrap>(1030): <frozen importlib._bootstrap>(1073): <frozen importlib._bootstrap>(1074): <frozen importlib._bootstrap>(1080): <frozen importlib._bootstrap>(1072):  --- modulename: _bootstrap, funcname: __exit__
<frozen importlib._bootstrap>(1034): <frozen importlib._bootstrap>(1081): <frozen importlib._bootstrap>(1071): <frozen importlib._bootstrap>(1072):  --- modulename: _bootstrap, funcname: __enter__
<frozen importlib._bootstrap>(1030): <frozen importlib._bootstrap>(1073): <frozen importlib._bootstrap>(1074): <frozen importlib._bootstrap>(1080): <frozen importlib._bootstrap>(1072):  --- modulename: _bootstrap, funcname: __exit__
<frozen importlib._bootstrap>(1034): <frozen importlib._bootstrap>(1081): <frozen importlib._bootstrap>(1071): <frozen importlib._bootstrap>(1072):  --- modulename: _bootstrap, funcname: __enter__
<frozen importlib._bootstrap>(1030): <frozen importlib._bootstrap>(1073): <frozen importlib._bootstrap>(1074): <frozen importlib._bootstrap>(1080):  --- modulename: _bootstrap, funcname: find_spec
<frozen importlib._bootstrap>(750): <frozen importlib._bootstrap>(752): <frozen importlib._bootstrap>(753):  --- modulename: _bootstrap, funcname: spec_from_loader
<frozen importlib._bootstrap>(424): <frozen importlib._bootstrap>(427): <frozen importlib._bootstrap>(438): <frozen importlib._bootstrap>(439): <frozen importlib._bootstrap>(440): <frozen importlib._bootstrap>(441):  --- modulename: _bootstrap, funcname: _requires_builtin_wrapper
<frozen importlib._bootstrap>(255): <frozen importlib._bootstrap>(258):  --- modulename: _bootstrap, funcname: is_package
<frozen importlib._bootstrap>(801): <frozen importlib._bootstrap>(448):  --- modulename: _bootstrap, funcname: __init__
<frozen importlib._bootstrap>(359): <frozen importlib._bootstrap>(360): <frozen importlib._bootstrap>(361): <frozen importlib._bootstrap>(362): <frozen importlib._bootstrap>(363): <frozen importlib._bootstrap>(364): <frozen importlib._bootstrap>(367): <frozen importlib._bootstrap>(368): <frozen importlib._bootstrap>(1072):  --- modulename: _bootstrap, funcname: __exit__
<frozen importlib._bootstrap>(1034): <frozen importlib._bootstrap>(1081): <frozen importlib._bootstrap>(1083): <frozen importlib._bootstrap>(1098): <frozen importlib._bootstrap>(1141): <frozen importlib._bootstrap>(1144): <frozen importlib._bootstrap>(1148): <frozen importlib._bootstrap>(1149):  --- modulename: _bootstrap, funcname: _load_unlocked
<frozen importlib._bootstrap>(668): <frozen importlib._bootstrap>(670): <frozen importlib._bootstrap>(676):  --- modulename: _bootstrap, funcname: module_from_spec
<frozen importlib._bootstrap>(569): <frozen importlib._bootstrap>(570): <frozen importlib._bootstrap>(573):  --- modulename: _bootstrap, funcname: create_module
<frozen importlib._bootstrap>(775): <frozen importlib._bootstrap>(778):  --- modulename: _bootstrap, funcname: _call_with_frames_removed
<frozen importlib._bootstrap>(241): <frozen importlib._bootstrap>(577): <frozen importlib._bootstrap>(579):  --- modulename: _bootstrap, funcname: _init_module_attrs
<frozen importlib._bootstrap>(497): <frozen importlib._bootstrap>(503): <frozen importlib._bootstrap>(504): <frozen importlib._bootstrap>(505): <frozen importlib._bootstrap>(526): <frozen importlib._bootstrap>(527): <frozen importlib._bootstrap>(531): <frozen importlib._bootstrap>(532): <frozen importlib._bootstrap>(533):  --- modulename: _bootstrap, funcname: parent
<frozen importlib._bootstrap>(408): <frozen importlib._bootstrap>(409): <frozen importlib._bootstrap>(537): <frozen importlib._bootstrap>(538): <frozen importlib._bootstrap>(542): <frozen importlib._bootstrap>(543): <frozen importlib._bootstrap>(550):  --- modulename: _bootstrap, funcname: has_location
<frozen importlib._bootstrap>(415): <frozen importlib._bootstrap>(563): <frozen importlib._bootstrap>(580): <frozen importlib._bootstrap>(681): <frozen importlib._bootstrap>(682): <frozen importlib._bootstrap>(683): <frozen importlib._bootstrap>(684): <frozen importlib._bootstrap>(685): <frozen importlib._bootstrap>(690):  --- modulename: _bootstrap, funcname: exec_module
<frozen importlib._bootstrap>(783):  --- modulename: _bootstrap, funcname: _call_with_frames_removed
<frozen importlib._bootstrap>(241): <frozen importlib._bootstrap>(701): <frozen importlib._bootstrap>(702): <frozen importlib._bootstrap>(703):  --- modulename: _bootstrap, funcname: _verbose_message
<frozen importlib._bootstrap>(246): <frozen importlib._bootstrap>(705): <frozen importlib._bootstrap>(707): <frozen importlib._bootstrap>(1151): <frozen importlib._bootstrap>(1153): <frozen importlib._bootstrap>(1161): <frozen importlib._bootstrap>(1175):  --- modulename: _bootstrap, funcname: __exit__
<frozen importlib._bootstrap>(174):  --- modulename: _bootstrap, funcname: release
<frozen importlib._bootstrap>(126): <frozen importlib._bootstrap>(127): <frozen importlib._bootstrap>(128): <frozen importlib._bootstrap>(130): <frozen importlib._bootstrap>(131): <frozen importlib._bootstrap>(132): <frozen importlib._bootstrap>(133): <frozen importlib._bootstrap>(134): <frozen importlib._bootstrap>(127):  --- modulename: _bootstrap, funcname: cb
<frozen importlib._bootstrap>(199): <frozen importlib._bootstrap>(200): <frozen importlib._bootstrap>(204): <frozen importlib._bootstrap>(205): <frozen importlib._bootstrap>(207): random.py(60): try:
random.py(62):     from _sha512 import sha512 as _sha512
 --- modulename: _bootstrap, funcname: _find_and_load
<frozen importlib._bootstrap>(1172): <frozen importlib._bootstrap>(1173): <frozen importlib._bootstrap>(1175):  --- modulename: _bootstrap, funcname: __init__
<frozen importlib._bootstrap>(166): <frozen importlib._bootstrap>(167):  --- modulename: _bootstrap, funcname: __enter__
<frozen importlib._bootstrap>(170):  --- modulename: _bootstrap, funcname: _get_module_lock
<frozen importlib._bootstrap>(185): <frozen importlib._bootstrap>(186): <frozen importlib._bootstrap>(187): <frozen importlib._bootstrap>(188): <frozen importlib._bootstrap>(189): <frozen importlib._bootstrap>(190): <frozen importlib._bootstrap>(192): <frozen importlib._bootstrap>(193): <frozen importlib._bootstrap>(196):  --- modulename: _bootstrap, funcname: __init__
<frozen importlib._bootstrap>(72): <frozen importlib._bootstrap>(73): <frozen importlib._bootstrap>(74): <frozen importlib._bootstrap>(75): <frozen importlib._bootstrap>(76): <frozen importlib._bootstrap>(77): <frozen importlib._bootstrap>(198): <frozen importlib._bootstrap>(209): <frozen importlib._bootstrap>(211): <frozen importlib._bootstrap>(213): <frozen importlib._bootstrap>(171):  --- modulename: _bootstrap, funcname: acquire
<frozen importlib._bootstrap>(106): <frozen importlib._bootstrap>(107): <frozen importlib._bootstrap>(108): <frozen importlib._bootstrap>(109): <frozen importlib._bootstrap>(110): <frozen importlib._bootstrap>(111): <frozen importlib._bootstrap>(112): <frozen importlib._bootstrap>(113): <frozen importlib._bootstrap>(114): <frozen importlib._bootstrap>(110): <frozen importlib._bootstrap>(123): <frozen importlib._bootstrap>(1176): <frozen importlib._bootstrap>(1177): <frozen importlib._bootstrap>(1178):  --- modulename: _bootstrap, funcname: _find_and_load_unlocked
<frozen importlib._bootstrap>(1123): <frozen importlib._bootstrap>(1124): <frozen importlib._bootstrap>(1125): <frozen importlib._bootstrap>(1126): <frozen importlib._bootstrap>(1140):  --- modulename: _bootstrap, funcname: _find_spec
<frozen importlib._bootstrap>(1058): <frozen importlib._bootstrap>(1059): <frozen importlib._bootstrap>(1064): <frozen importlib._bootstrap>(1070): <frozen importlib._bootstrap>(1071): <frozen importlib._bootstrap>(1072):  --- modulename: _bootstrap, funcname: __enter__
<frozen importlib._bootstrap>(1030): <frozen importlib._bootstrap>(1073): <frozen importlib._bootstrap>(1074): <frozen importlib._bootstrap>(1080): <frozen importlib._bootstrap>(1072):  --- modulename: _bootstrap, funcname: __exit__
<frozen importlib._bootstrap>(1034): <frozen importlib._bootstrap>(1081): <frozen importlib._bootstrap>(1071): <frozen importlib._bootstrap>(1072):  --- modulename: _bootstrap, funcname: __enter__
<frozen importlib._bootstrap>(1030): <frozen importlib._bootstrap>(1073): <frozen importlib._bootstrap>(1074): <frozen importlib._bootstrap>(1080): <frozen importlib._bootstrap>(1072):  --- modulename: _bootstrap, funcname: __exit__
<frozen importlib._bootstrap>(1034): <frozen importlib._bootstrap>(1081): <frozen importlib._bootstrap>(1071): <frozen importlib._bootstrap>(1072):  --- modulename: _bootstrap, funcname: __enter__
<frozen importlib._bootstrap>(1030): <frozen importlib._bootstrap>(1073): <frozen importlib._bootstrap>(1074): <frozen importlib._bootstrap>(1080):  --- modulename: _bootstrap, funcname: find_spec
<frozen importlib._bootstrap>(750): <frozen importlib._bootstrap>(752): <frozen importlib._bootstrap>(753):  --- modulename: _bootstrap, funcname: spec_from_loader
<frozen importlib._bootstrap>(424): <frozen importlib._bootstrap>(427): <frozen importlib._bootstrap>(438): <frozen importlib._bootstrap>(439): <frozen importlib._bootstrap>(440): <frozen importlib._bootstrap>(441):  --- modulename: _bootstrap, funcname: _requires_builtin_wrapper
<frozen importlib._bootstrap>(255): <frozen importlib._bootstrap>(258):  --- modulename: _bootstrap, funcname: is_package
<frozen importlib._bootstrap>(801): <frozen importlib._bootstrap>(448):  --- modulename: _bootstrap, funcname: __init__
<frozen importlib._bootstrap>(359): <frozen importlib._bootstrap>(360): <frozen importlib._bootstrap>(361): <frozen importlib._bootstrap>(362): <frozen importlib._bootstrap>(363): <frozen importlib._bootstrap>(364): <frozen importlib._bootstrap>(367): <frozen importlib._bootstrap>(368): <frozen importlib._bootstrap>(1072):  --- modulename: _bootstrap, funcname: __exit__
<frozen importlib._bootstrap>(1034): <frozen importlib._bootstrap>(1081): <frozen importlib._bootstrap>(1083): <frozen importlib._bootstrap>(1098): <frozen importlib._bootstrap>(1141): <frozen importlib._bootstrap>(1144): <frozen importlib._bootstrap>(1148): <frozen importlib._bootstrap>(1149):  --- modulename: _bootstrap, funcname: _load_unlocked
<frozen importlib._bootstrap>(668): <frozen importlib._bootstrap>(670): <frozen importlib._bootstrap>(676):  --- modulename: _bootstrap, funcname: module_from_spec
<frozen importlib._bootstrap>(569): <frozen importlib._bootstrap>(570): <frozen importlib._bootstrap>(573):  --- modulename: _bootstrap, funcname: create_module
<frozen importlib._bootstrap>(775): <frozen importlib._bootstrap>(778):  --- modulename: _bootstrap, funcname: _call_with_frames_removed
<frozen importlib._bootstrap>(241): <frozen importlib._bootstrap>(577): <frozen importlib._bootstrap>(579):  --- modulename: _bootstrap, funcname: _init_module_attrs
<frozen importlib._bootstrap>(497): <frozen importlib._bootstrap>(503): <frozen importlib._bootstrap>(504): <frozen importlib._bootstrap>(505): <frozen importlib._bootstrap>(526): <frozen importlib._bootstrap>(527): <frozen importlib._bootstrap>(531): <frozen importlib._bootstrap>(532): <frozen importlib._bootstrap>(533):  --- modulename: _bootstrap, funcname: parent
<frozen importlib._bootstrap>(408): <frozen importlib._bootstrap>(409): <frozen importlib._bootstrap>(537): <frozen importlib._bootstrap>(538): <frozen importlib._bootstrap>(542): <frozen importlib._bootstrap>(543): <frozen importlib._bootstrap>(550):  --- modulename: _bootstrap, funcname: has_location
<frozen importlib._bootstrap>(415): <frozen importlib._bootstrap>(563): <frozen importlib._bootstrap>(580): <frozen importlib._bootstrap>(681): <frozen importlib._bootstrap>(682): <frozen importlib._bootstrap>(683): <frozen importlib._bootstrap>(684): <frozen importlib._bootstrap>(685): <frozen importlib._bootstrap>(690):  --- modulename: _bootstrap, funcname: exec_module
<frozen importlib._bootstrap>(783):  --- modulename: _bootstrap, funcname: _call_with_frames_removed
<frozen importlib._bootstrap>(241): <frozen importlib._bootstrap>(701): <frozen importlib._bootstrap>(702): <frozen importlib._bootstrap>(703):  --- modulename: _bootstrap, funcname: _verbose_message
<frozen importlib._bootstrap>(246): <frozen importlib._bootstrap>(705): <frozen importlib._bootstrap>(707): <frozen importlib._bootstrap>(1151): <frozen importlib._bootstrap>(1153): <frozen importlib._bootstrap>(1161): <frozen importlib._bootstrap>(1175):  --- modulename: _bootstrap, funcname: __exit__
<frozen importlib._bootstrap>(174):  --- modulename: _bootstrap, funcname: release
<frozen importlib._bootstrap>(126): <frozen importlib._bootstrap>(127): <frozen importlib._bootstrap>(128): <frozen importlib._bootstrap>(130): <frozen importlib._bootstrap>(131): <frozen importlib._bootstrap>(132): <frozen importlib._bootstrap>(133): <frozen importlib._bootstrap>(134): <frozen importlib._bootstrap>(127):  --- modulename: _bootstrap, funcname: cb
<frozen importlib._bootstrap>(199): <frozen importlib._bootstrap>(200): <frozen importlib._bootstrap>(204): <frozen importlib._bootstrap>(205): <frozen importlib._bootstrap>(207): random.py(67): __all__ = [
random.py(95): NV_MAGICCONST = 4 * _exp(-0.5) / _sqrt(2.0)
random.py(96): LOG4 = _log(4.0)
random.py(97): SG_MAGICCONST = 1.0 + _log(4.5)
random.py(98): BPF = 53        # Number of bits in a float
random.py(99): RECIP_BPF = 2 ** -BPF
random.py(100): _ONE = 1
random.py(103): class Random(_random.Random):
 --- modulename: random, funcname: Random
random.py(103): class Random(_random.Random):
random.py(104):     """Random number generator base class used by bound module functions.
random.py(117):     VERSION = 3     # used by getstate/setstate
random.py(119):     def __init__(self, x=None):
random.py(128):     def seed(self, a=None, version=2):
random.py(166):     def getstate(self):
random.py(170):     def setstate(self, state):
random.py(203):     def __getstate__(self):  # for pickle
random.py(206):     def __setstate__(self, state):  # for pickle
random.py(209):     def __reduce__(self):
random.py(215):     def __init_subclass__(cls, /, **kwargs):
random.py(235):     def _randbelow_with_getrandbits(self, n):
random.py(245):     def _randbelow_without_getrandbits(self, n, maxsize=1<<BPF):
random.py(264):     _randbelow = _randbelow_with_getrandbits
random.py(277):     def randbytes(self, n):
random.py(284):     def randrange(self, start, stop=None, step=_ONE):
random.py(358):     def randint(self, a, b):
random.py(367):     def choice(self, seq):
random.py(373):     def shuffle(self, x):
random.py(382):     def sample(self, population, k, *, counts=None):
random.py(477):     def choices(self, population, weights=None, *, cum_weights=None, k=1):
random.py(517):     def uniform(self, a, b):
random.py(521):     def triangular(self, low=0.0, high=1.0, mode=None):
random.py(541):     def normalvariate(self, mu=0.0, sigma=1.0):
random.py(562):     def gauss(self, mu=0.0, sigma=1.0):
random.py(600):     def lognormvariate(self, mu, sigma):
random.py(610):     def expovariate(self, lambd):
random.py(627):     def vonmisesvariate(self, mu, kappa):
random.py(669):     def gammavariate(self, alpha, beta):
random.py(734):     def betavariate(self, alpha, beta):
random.py(761):     def paretovariate(self, alpha):
random.py(768):     def weibullvariate(self, alpha, beta):
random.py(784): class SystemRandom(Random):
 --- modulename: random, funcname: SystemRandom
random.py(784): class SystemRandom(Random):
random.py(785):     """Alternate random number generator using sources provided
random.py(793):     def random(self):
random.py(797):     def getrandbits(self, k):
random.py(805):     def randbytes(self, n):
random.py(811):     def seed(self, *args, **kwds):
random.py(815):     def _notimplemented(self, *args, **kwds):
random.py(818):     getstate = setstate = _notimplemented
 --- modulename: random, funcname: __init_subclass__
random.py(224):         for c in cls.__mro__:
random.py(225):             if '_randbelow' in c.__dict__:
random.py(228):             if 'getrandbits' in c.__dict__:
random.py(229):                 cls._randbelow = cls._randbelow_with_getrandbits
random.py(230):                 break
random.py(828): _inst = Random()
 --- modulename: random, funcname: __init__
random.py(125):         self.seed(x)
 --- modulename: random, funcname: seed
random.py(146):         if version == 1 and isinstance(a, (str, bytes)):
random.py(154):         elif version == 2 and isinstance(a, (str, bytes, bytearray)):
random.py(159):         elif not isinstance(a, (type(None), int, float, str, bytes, bytearray)):
random.py(163):         super().seed(a)
random.py(164):         self.gauss_next = None
random.py(126):         self.gauss_next = None
random.py(829): seed = _inst.seed
random.py(830): random = _inst.random
random.py(831): uniform = _inst.uniform
random.py(832): triangular = _inst.triangular
random.py(833): randint = _inst.randint
random.py(834): choice = _inst.choice
random.py(835): randrange = _inst.randrange
random.py(836): sample = _inst.sample
random.py(837): shuffle = _inst.shuffle
random.py(838): choices = _inst.choices
random.py(839): normalvariate = _inst.normalvariate
random.py(840): lognormvariate = _inst.lognormvariate
random.py(841): expovariate = _inst.expovariate
random.py(842): vonmisesvariate = _inst.vonmisesvariate
random.py(843): gammavariate = _inst.gammavariate
random.py(844): gauss = _inst.gauss
random.py(845): betavariate = _inst.betavariate
random.py(846): paretovariate = _inst.paretovariate
random.py(847): weibullvariate = _inst.weibullvariate
random.py(848): getstate = _inst.getstate
random.py(849): setstate = _inst.setstate
random.py(850): getrandbits = _inst.getrandbits
random.py(851): randbytes = _inst.randbytes
random.py(857): def _test_generator(n, func, args):
random.py(874): def _test(N=2000):
random.py(896): if hasattr(_os, "fork"):
random.py(900): if __name__ == '__main__':
<frozen importlib._bootstrap>(701): <frozen importlib._bootstrap>(702): <frozen importlib._bootstrap>(703):  --- modulename: _bootstrap, funcname: _verbose_message
<frozen importlib._bootstrap>(246): <frozen importlib._bootstrap>(705): <frozen importlib._bootstrap>(707): <frozen importlib._bootstrap>(1151): <frozen importlib._bootstrap>(1153): <frozen importlib._bootstrap>(1161): <frozen importlib._bootstrap>(1175):  --- modulename: _bootstrap, funcname: __exit__
<frozen importlib._bootstrap>(174):  --- modulename: _bootstrap, funcname: release
<frozen importlib._bootstrap>(126): <frozen importlib._bootstrap>(127): <frozen importlib._bootstrap>(128): <frozen importlib._bootstrap>(130): <frozen importlib._bootstrap>(131): <frozen importlib._bootstrap>(132): <frozen importlib._bootstrap>(133): <frozen importlib._bootstrap>(134): <frozen importlib._bootstrap>(127):  --- modulename: _bootstrap, funcname: cb
<frozen importlib._bootstrap>(199): <frozen importlib._bootstrap>(200): <frozen importlib._bootstrap>(204): <frozen importlib._bootstrap>(205): <frozen importlib._bootstrap>(207): tempfile.py(46): import sys as _sys
tempfile.py(47): import types as _types
tempfile.py(48): import weakref as _weakref
tempfile.py(49): import _thread
tempfile.py(50): _allocate_lock = _thread.allocate_lock
tempfile.py(52): _text_openflags = _os.O_RDWR | _os.O_CREAT | _os.O_EXCL
tempfile.py(53): if hasattr(_os, 'O_NOFOLLOW'):
tempfile.py(56): _bin_openflags = _text_openflags
tempfile.py(57): if hasattr(_os, 'O_BINARY'):
tempfile.py(58):     _bin_openflags |= _os.O_BINARY
tempfile.py(60): if hasattr(_os, 'TMP_MAX'):
tempfile.py(61):     TMP_MAX = _os.TMP_MAX
tempfile.py(69): template = "tmp"
tempfile.py(73): _once_lock = _allocate_lock()
tempfile.py(76): def _exists(fn):
tempfile.py(85): def _infer_return_type(*args):
tempfile.py(114): def _sanitize_params(prefix, suffix, dir):
tempfile.py(132): class _RandomNameSequence:
 --- modulename: tempfile, funcname: _RandomNameSequence
tempfile.py(132): class _RandomNameSequence:
tempfile.py(133):     """An instance of _RandomNameSequence generates an endless
tempfile.py(140):     characters = "abcdefghijklmnopqrstuvwxyz0123456789_"
tempfile.py(142):     @property
tempfile.py(143):     def rng(self):
tempfile.py(142):     @property
tempfile.py(143):     def rng(self):
tempfile.py(150):     def __iter__(self):
tempfile.py(153):     def __next__(self):
tempfile.py(156): def _candidate_tempdir_list():
tempfile.py(183): def _get_default_tempdir():
tempfile.py(227): _name_sequence = None
tempfile.py(229): def _get_candidate_names():
tempfile.py(243): def _mkstemp_inner(dir, pre, suf, flags, output_type):
tempfile.py(275): def gettempprefix():
tempfile.py(279): def gettempprefixb():
tempfile.py(283): tempdir = None
tempfile.py(285): def _gettempdir():
tempfile.py(297): def gettempdir():
tempfile.py(301): def gettempdirb():
tempfile.py(305): def mkstemp(suffix=None, prefix=None, dir=None, text=False):
tempfile.py(344): def mkdtemp(suffix=None, prefix=None, dir=None):
tempfile.py(384): def mktemp(suffix="", prefix=template, dir=None):
tempfile.py(416): class _TemporaryFileCloser:
 --- modulename: tempfile, funcname: _TemporaryFileCloser
tempfile.py(416): class _TemporaryFileCloser:
tempfile.py(417):     """A separate object allowing proper closing of a temporary file's
tempfile.py(421):     file = None  # Set here since __del__ checks it
tempfile.py(422):     close_called = False
tempfile.py(424):     def __init__(self, file, name, delete=True):
tempfile.py(432):     if _os.name != 'nt':
tempfile.py(453):         def close(self):
tempfile.py(459): class _TemporaryFileWrapper:
 --- modulename: tempfile, funcname: _TemporaryFileWrapper
tempfile.py(459): class _TemporaryFileWrapper:
tempfile.py(460):     """Temporary file wrapper
tempfile.py(467):     def __init__(self, file, name, delete=True):
tempfile.py(473):     def __getattr__(self, name):
tempfile.py(494):     def __enter__(self):
tempfile.py(500):     def __exit__(self, exc, value, tb):
tempfile.py(505):     def close(self):
tempfile.py(512):     def __iter__(self):
tempfile.py(522): def NamedTemporaryFile(mode='w+b', buffering=-1, encoding=None,
tempfile.py(523):                        newline=None, suffix=None, prefix=None,
tempfile.py(524):                        dir=None, delete=True, *, errors=None):
tempfile.py(522): def NamedTemporaryFile(mode='w+b', buffering=-1, encoding=None,
tempfile.py(524):                        dir=None, delete=True, *, errors=None):
tempfile.py(522): def NamedTemporaryFile(mode='w+b', buffering=-1, encoding=None,
tempfile.py(579): if _os.name != 'posix' or _sys.platform == 'cygwin':
tempfile.py(582):     TemporaryFile = NamedTemporaryFile
tempfile.py(665): class SpooledTemporaryFile(_io.IOBase):
 --- modulename: tempfile, funcname: SpooledTemporaryFile
tempfile.py(665): class SpooledTemporaryFile(_io.IOBase):
tempfile.py(666):     """Temporary file wrapper, specialized to switch from BytesIO
tempfile.py(670):     _rolled = False
tempfile.py(672):     def __init__(self, max_size=0, mode='w+b', buffering=-1,
tempfile.py(673):                  encoding=None, newline=None,
tempfile.py(674):                  suffix=None, prefix=None, dir=None, *, errors=None):
tempfile.py(672):     def __init__(self, max_size=0, mode='w+b', buffering=-1,
tempfile.py(674):                  suffix=None, prefix=None, dir=None, *, errors=None):
tempfile.py(672):     def __init__(self, max_size=0, mode='w+b', buffering=-1,
tempfile.py(689):     __class_getitem__ = classmethod(_types.GenericAlias)
tempfile.py(691):     def _check(self, file):
tempfile.py(697):     def rollover(self):
tempfile.py(718):     def __enter__(self):
tempfile.py(723):     def __exit__(self, exc, value, tb):
tempfile.py(727):     def __iter__(self):
tempfile.py(730):     def __del__(self):
tempfile.py(740):     def close(self):
tempfile.py(743):     @property
tempfile.py(744):     def closed(self):
tempfile.py(743):     @property
tempfile.py(744):     def closed(self):
tempfile.py(747):     @property
tempfile.py(748):     def encoding(self):
tempfile.py(747):     @property
tempfile.py(748):     def encoding(self):
tempfile.py(751):     @property
tempfile.py(752):     def errors(self):
tempfile.py(751):     @property
tempfile.py(752):     def errors(self):
tempfile.py(755):     def fileno(self):
tempfile.py(759):     def flush(self):
tempfile.py(762):     def isatty(self):
tempfile.py(765):     @property
tempfile.py(766):     def mode(self):
tempfile.py(765):     @property
tempfile.py(766):     def mode(self):
tempfile.py(772):     @property
tempfile.py(773):     def name(self):
tempfile.py(772):     @property
tempfile.py(773):     def name(self):
tempfile.py(779):     @property
tempfile.py(780):     def newlines(self):
tempfile.py(779):     @property
tempfile.py(780):     def newlines(self):
tempfile.py(783):     def readable(self):
tempfile.py(786):     def read(self, *args):
tempfile.py(789):     def read1(self, *args):
tempfile.py(792):     def readinto(self, b):
tempfile.py(795):     def readinto1(self, b):
tempfile.py(798):     def readline(self, *args):
tempfile.py(801):     def readlines(self, *args):
tempfile.py(804):     def seekable(self):
tempfile.py(807):     def seek(self, *args):
tempfile.py(810):     def tell(self):
tempfile.py(813):     def truncate(self, size=None):
tempfile.py(821):     def writable(self):
tempfile.py(824):     def write(self, s):
tempfile.py(830):     def writelines(self, iterable):
tempfile.py(836):     def detach(self):
 --- modulename: abc, funcname: __new__
<frozen abc>(106): <frozen abc>(107): <frozen abc>(108): tempfile.py(840): class TemporaryDirectory:
 --- modulename: tempfile, funcname: TemporaryDirectory
tempfile.py(840): class TemporaryDirectory:
tempfile.py(841):     """Create and return a temporary directory.  This has the same
tempfile.py(852):     def __init__(self, suffix=None, prefix=None, dir=None,
tempfile.py(853):                  ignore_cleanup_errors=False):
tempfile.py(852):     def __init__(self, suffix=None, prefix=None, dir=None,
tempfile.py(861):     @classmethod
tempfile.py(862):     def _rmtree(cls, name, ignore_errors=False):
tempfile.py(861):     @classmethod
tempfile.py(862):     def _rmtree(cls, name, ignore_errors=False):
tempfile.py(892):     @classmethod
tempfile.py(893):     def _cleanup(cls, name, warn_message, ignore_errors=False):
tempfile.py(892):     @classmethod
tempfile.py(893):     def _cleanup(cls, name, warn_message, ignore_errors=False):
tempfile.py(897):     def __repr__(self):
tempfile.py(900):     def __enter__(self):
tempfile.py(903):     def __exit__(self, exc, value, tb):
tempfile.py(906):     def cleanup(self):
tempfile.py(910):     __class_getitem__ = classmethod(_types.GenericAlias)
<frozen importlib._bootstrap>(701): <frozen importlib._bootstrap>(702): <frozen importlib._bootstrap>(703):  --- modulename: _bootstrap, funcname: _verbose_message
<frozen importlib._bootstrap>(246): <frozen importlib._bootstrap>(705): <frozen importlib._bootstrap>(707): <frozen importlib._bootstrap>(1151): <frozen importlib._bootstrap>(1153): <frozen importlib._bootstrap>(1161): <frozen importlib._bootstrap>(1175):  --- modulename: _bootstrap, funcname: __exit__
<frozen importlib._bootstrap>(174):  --- modulename: _bootstrap, funcname: release
<frozen importlib._bootstrap>(126): <frozen importlib._bootstrap>(127): <frozen importlib._bootstrap>(128): <frozen importlib._bootstrap>(130): <frozen importlib._bootstrap>(131): <frozen importlib._bootstrap>(132): <frozen importlib._bootstrap>(133): <frozen importlib._bootstrap>(134): <frozen importlib._bootstrap>(127):  --- modulename: _bootstrap, funcname: cb
<frozen importlib._bootstrap>(199): <frozen importlib._bootstrap>(200): <frozen importlib._bootstrap>(204): <frozen importlib._bootstrap>(205): <frozen importlib._bootstrap>(207): synchronize.py(17): import _multiprocessing
 --- modulename: _bootstrap, funcname: _find_and_load
<frozen importlib._bootstrap>(1172): <frozen importlib._bootstrap>(1173): <frozen importlib._bootstrap>(1175):  --- modulename: _bootstrap, funcname: __init__
<frozen importlib._bootstrap>(166): <frozen importlib._bootstrap>(167):  --- modulename: _bootstrap, funcname: __enter__
<frozen importlib._bootstrap>(170):  --- modulename: _bootstrap, funcname: _get_module_lock
<frozen importlib._bootstrap>(185): <frozen importlib._bootstrap>(186): <frozen importlib._bootstrap>(187): <frozen importlib._bootstrap>(188): <frozen importlib._bootstrap>(189): <frozen importlib._bootstrap>(190): <frozen importlib._bootstrap>(192): <frozen importlib._bootstrap>(193): <frozen importlib._bootstrap>(196):  --- modulename: _bootstrap, funcname: __init__
<frozen importlib._bootstrap>(72): <frozen importlib._bootstrap>(73): <frozen importlib._bootstrap>(74): <frozen importlib._bootstrap>(75): <frozen importlib._bootstrap>(76): <frozen importlib._bootstrap>(77): <frozen importlib._bootstrap>(198): <frozen importlib._bootstrap>(209): <frozen importlib._bootstrap>(211): <frozen importlib._bootstrap>(213): <frozen importlib._bootstrap>(171):  --- modulename: _bootstrap, funcname: acquire
<frozen importlib._bootstrap>(106): <frozen importlib._bootstrap>(107): <frozen importlib._bootstrap>(108): <frozen importlib._bootstrap>(109): <frozen importlib._bootstrap>(110): <frozen importlib._bootstrap>(111): <frozen importlib._bootstrap>(112): <frozen importlib._bootstrap>(113): <frozen importlib._bootstrap>(114): <frozen importlib._bootstrap>(110): <frozen importlib._bootstrap>(123): <frozen importlib._bootstrap>(1176): <frozen importlib._bootstrap>(1177): <frozen importlib._bootstrap>(1178):  --- modulename: _bootstrap, funcname: _find_and_load_unlocked
<frozen importlib._bootstrap>(1123): <frozen importlib._bootstrap>(1124): <frozen importlib._bootstrap>(1125): <frozen importlib._bootstrap>(1126): <frozen importlib._bootstrap>(1140):  --- modulename: _bootstrap, funcname: _find_spec
<frozen importlib._bootstrap>(1058): <frozen importlib._bootstrap>(1059): <frozen importlib._bootstrap>(1064): <frozen importlib._bootstrap>(1070): <frozen importlib._bootstrap>(1071): <frozen importlib._bootstrap>(1072):  --- modulename: _bootstrap, funcname: __enter__
<frozen importlib._bootstrap>(1030): <frozen importlib._bootstrap>(1073): <frozen importlib._bootstrap>(1074): <frozen importlib._bootstrap>(1080): <frozen importlib._bootstrap>(1072):  --- modulename: _bootstrap, funcname: __exit__
<frozen importlib._bootstrap>(1034): <frozen importlib._bootstrap>(1081): <frozen importlib._bootstrap>(1071): <frozen importlib._bootstrap>(1072):  --- modulename: _bootstrap, funcname: __enter__
<frozen importlib._bootstrap>(1030): <frozen importlib._bootstrap>(1073): <frozen importlib._bootstrap>(1074): <frozen importlib._bootstrap>(1080): <frozen importlib._bootstrap>(1072):  --- modulename: _bootstrap, funcname: __exit__
<frozen importlib._bootstrap>(1034): <frozen importlib._bootstrap>(1081): <frozen importlib._bootstrap>(1071): <frozen importlib._bootstrap>(1072):  --- modulename: _bootstrap, funcname: __enter__
<frozen importlib._bootstrap>(1030): <frozen importlib._bootstrap>(1073): <frozen importlib._bootstrap>(1074): <frozen importlib._bootstrap>(1080):  --- modulename: _bootstrap, funcname: find_spec
<frozen importlib._bootstrap>(750): <frozen importlib._bootstrap>(752): <frozen importlib._bootstrap>(755): <frozen importlib._bootstrap>(1072):  --- modulename: _bootstrap, funcname: __exit__
<frozen importlib._bootstrap>(1034): <frozen importlib._bootstrap>(1081): <frozen importlib._bootstrap>(1071): <frozen importlib._bootstrap>(1072):  --- modulename: _bootstrap, funcname: __enter__
<frozen importlib._bootstrap>(1030): <frozen importlib._bootstrap>(1073): <frozen importlib._bootstrap>(1074): <frozen importlib._bootstrap>(1080):  --- modulename: _bootstrap, funcname: find_spec
<frozen importlib._bootstrap>(924):  --- modulename: _bootstrap, funcname: _call_with_frames_removed
<frozen importlib._bootstrap>(241): <frozen importlib._bootstrap>(925): <frozen importlib._bootstrap>(926): <frozen importlib._bootstrap>(1072):  --- modulename: _bootstrap, funcname: __exit__
<frozen importlib._bootstrap>(1034): <frozen importlib._bootstrap>(1081): <frozen importlib._bootstrap>(1071): <frozen importlib._bootstrap>(1072):  --- modulename: _bootstrap, funcname: __enter__
<frozen importlib._bootstrap>(1030): <frozen importlib._bootstrap>(1073): <frozen importlib._bootstrap>(1074): <frozen importlib._bootstrap>(1080):  --- modulename: _bootstrap_external, funcname: find_spec
<frozen importlib._bootstrap_external>(1502): <frozen importlib._bootstrap_external>(1503): <frozen importlib._bootstrap_external>(1504):  --- modulename: _bootstrap_external, funcname: _get_spec
<frozen importlib._bootstrap_external>(1469): <frozen importlib._bootstrap_external>(1470): <frozen importlib._bootstrap_external>(1471): <frozen importlib._bootstrap_external>(1473):  --- modulename: _bootstrap_external, funcname: _path_importer_cache
<frozen importlib._bootstrap_external>(1429): <frozen importlib._bootstrap_external>(1436): <frozen importlib._bootstrap_external>(1437): <frozen importlib._bootstrap_external>(1441): <frozen importlib._bootstrap_external>(1474): <frozen importlib._bootstrap_external>(1475): <frozen importlib._bootstrap_external>(1476):  --- modulename: _bootstrap_external, funcname: find_spec
<frozen importlib._bootstrap_external>(1609): <frozen importlib._bootstrap_external>(1610): <frozen importlib._bootstrap_external>(1611): <frozen importlib._bootstrap_external>(1612):  --- modulename: _bootstrap_external, funcname: _path_stat
<frozen importlib._bootstrap_external>(147): <frozen importlib._bootstrap_external>(1615): <frozen importlib._bootstrap_external>(1619):  --- modulename: _bootstrap_external, funcname: _relax_case
<frozen importlib._bootstrap_external>(69): <frozen importlib._bootstrap_external>(1623): <frozen importlib._bootstrap_external>(1624): <frozen importlib._bootstrap_external>(1626): <frozen importlib._bootstrap_external>(1638): <frozen importlib._bootstrap_external>(1639): <frozen importlib._bootstrap_external>(1640):  --- modulename: _bootstrap_external, funcname: _path_join
<frozen importlib._bootstrap_external>(98): <frozen importlib._bootstrap_external>(100): <frozen importlib._bootstrap_external>(102): <frozen importlib._bootstrap_external>(103): <frozen importlib._bootstrap_external>(104): <frozen importlib._bootstrap_external>(105): <frozen importlib._bootstrap_external>(106): <frozen importlib._bootstrap_external>(107): <frozen importlib._bootstrap_external>(104): <frozen importlib._bootstrap_external>(105): <frozen importlib._bootstrap_external>(108): <frozen importlib._bootstrap_external>(117): <frozen importlib._bootstrap_external>(118): <frozen importlib._bootstrap_external>(104): <frozen importlib._bootstrap_external>(119):  --- modulename: _bootstrap_external, funcname: <listcomp>
<frozen importlib._bootstrap_external>(119): <frozen importlib._bootstrap_external>(119): <frozen importlib._bootstrap_external>(119): <frozen importlib._bootstrap_external>(120): <frozen importlib._bootstrap_external>(123): <frozen importlib._bootstrap_external>(1643):  --- modulename: _bootstrap, funcname: _verbose_message
<frozen importlib._bootstrap>(246): <frozen importlib._bootstrap_external>(1644): <frozen importlib._bootstrap_external>(1638): <frozen importlib._bootstrap_external>(1639): <frozen importlib._bootstrap_external>(1640):  --- modulename: _bootstrap_external, funcname: _path_join
<frozen importlib._bootstrap_external>(98): <frozen importlib._bootstrap_external>(100): <frozen importlib._bootstrap_external>(102): <frozen importlib._bootstrap_external>(103): <frozen importlib._bootstrap_external>(104): <frozen importlib._bootstrap_external>(105): <frozen importlib._bootstrap_external>(106): <frozen importlib._bootstrap_external>(107): <frozen importlib._bootstrap_external>(104): <frozen importlib._bootstrap_external>(105): <frozen importlib._bootstrap_external>(108): <frozen importlib._bootstrap_external>(117): <frozen importlib._bootstrap_external>(118): <frozen importlib._bootstrap_external>(104): <frozen importlib._bootstrap_external>(119):  --- modulename: _bootstrap_external, funcname: <listcomp>
<frozen importlib._bootstrap_external>(119): <frozen importlib._bootstrap_external>(119): <frozen importlib._bootstrap_external>(119): <frozen importlib._bootstrap_external>(120): <frozen importlib._bootstrap_external>(123): <frozen importlib._bootstrap_external>(1643):  --- modulename: _bootstrap, funcname: _verbose_message
<frozen importlib._bootstrap>(246): <frozen importlib._bootstrap_external>(1644): <frozen importlib._bootstrap_external>(1638): <frozen importlib._bootstrap_external>(1639): <frozen importlib._bootstrap_external>(1640):  --- modulename: _bootstrap_external, funcname: _path_join
<frozen importlib._bootstrap_external>(98): <frozen importlib._bootstrap_external>(100): <frozen importlib._bootstrap_external>(102): <frozen importlib._bootstrap_external>(103): <frozen importlib._bootstrap_external>(104): <frozen importlib._bootstrap_external>(105): <frozen importlib._bootstrap_external>(106): <frozen importlib._bootstrap_external>(107): <frozen importlib._bootstrap_external>(104): <frozen importlib._bootstrap_external>(105): <frozen importlib._bootstrap_external>(108): <frozen importlib._bootstrap_external>(117): <frozen importlib._bootstrap_external>(118): <frozen importlib._bootstrap_external>(104): <frozen importlib._bootstrap_external>(119):  --- modulename: _bootstrap_external, funcname: <listcomp>
<frozen importlib._bootstrap_external>(119): <frozen importlib._bootstrap_external>(119): <frozen importlib._bootstrap_external>(119): <frozen importlib._bootstrap_external>(120): <frozen importlib._bootstrap_external>(123): <frozen importlib._bootstrap_external>(1643):  --- modulename: _bootstrap, funcname: _verbose_message
<frozen importlib._bootstrap>(246): <frozen importlib._bootstrap_external>(1644): <frozen importlib._bootstrap_external>(1638): <frozen importlib._bootstrap_external>(1639): <frozen importlib._bootstrap_external>(1640):  --- modulename: _bootstrap_external, funcname: _path_join
<frozen importlib._bootstrap_external>(98): <frozen importlib._bootstrap_external>(100): <frozen importlib._bootstrap_external>(102): <frozen importlib._bootstrap_external>(103): <frozen importlib._bootstrap_external>(104): <frozen importlib._bootstrap_external>(105): <frozen importlib._bootstrap_external>(106): <frozen importlib._bootstrap_external>(107): <frozen importlib._bootstrap_external>(104): <frozen importlib._bootstrap_external>(105): <frozen importlib._bootstrap_external>(108): <frozen importlib._bootstrap_external>(117): <frozen importlib._bootstrap_external>(118): <frozen importlib._bootstrap_external>(104): <frozen importlib._bootstrap_external>(119):  --- modulename: _bootstrap_external, funcname: <listcomp>
<frozen importlib._bootstrap_external>(119): <frozen importlib._bootstrap_external>(119): <frozen importlib._bootstrap_external>(119): <frozen importlib._bootstrap_external>(120): <frozen importlib._bootstrap_external>(123): <frozen importlib._bootstrap_external>(1643):  --- modulename: _bootstrap, funcname: _verbose_message
<frozen importlib._bootstrap>(246): <frozen importlib._bootstrap_external>(1644): <frozen importlib._bootstrap_external>(1638): <frozen importlib._bootstrap_external>(1639): <frozen importlib._bootstrap_external>(1640):  --- modulename: _bootstrap_external, funcname: _path_join
<frozen importlib._bootstrap_external>(98): <frozen importlib._bootstrap_external>(100): <frozen importlib._bootstrap_external>(102): <frozen importlib._bootstrap_external>(103): <frozen importlib._bootstrap_external>(104): <frozen importlib._bootstrap_external>(105): <frozen importlib._bootstrap_external>(106): <frozen importlib._bootstrap_external>(107): <frozen importlib._bootstrap_external>(104): <frozen importlib._bootstrap_external>(105): <frozen importlib._bootstrap_external>(108): <frozen importlib._bootstrap_external>(117): <frozen importlib._bootstrap_external>(118): <frozen importlib._bootstrap_external>(104): <frozen importlib._bootstrap_external>(119):  --- modulename: _bootstrap_external, funcname: <listcomp>
<frozen importlib._bootstrap_external>(119): <frozen importlib._bootstrap_external>(119): <frozen importlib._bootstrap_external>(119): <frozen importlib._bootstrap_external>(120): <frozen importlib._bootstrap_external>(123): <frozen importlib._bootstrap_external>(1643):  --- modulename: _bootstrap, funcname: _verbose_message
<frozen importlib._bootstrap>(246): <frozen importlib._bootstrap_external>(1644): <frozen importlib._bootstrap_external>(1638): <frozen importlib._bootstrap_external>(1648): <frozen importlib._bootstrap_external>(1653): <frozen importlib._bootstrap_external>(1479): <frozen importlib._bootstrap_external>(1480): <frozen importlib._bootstrap_external>(1470): <frozen importlib._bootstrap_external>(1471): <frozen importlib._bootstrap_external>(1473):  --- modulename: _bootstrap_external, funcname: _path_importer_cache
<frozen importlib._bootstrap_external>(1429): <frozen importlib._bootstrap_external>(1436): <frozen importlib._bootstrap_external>(1437): <frozen importlib._bootstrap_external>(1441): <frozen importlib._bootstrap_external>(1474): <frozen importlib._bootstrap_external>(1470): <frozen importlib._bootstrap_external>(1471): <frozen importlib._bootstrap_external>(1473):  --- modulename: _bootstrap_external, funcname: _path_importer_cache
<frozen importlib._bootstrap_external>(1429): <frozen importlib._bootstrap_external>(1436): <frozen importlib._bootstrap_external>(1437): <frozen importlib._bootstrap_external>(1441): <frozen importlib._bootstrap_external>(1474): <frozen importlib._bootstrap_external>(1475): <frozen importlib._bootstrap_external>(1476):  --- modulename: _bootstrap_external, funcname: find_spec
<frozen importlib._bootstrap_external>(1609): <frozen importlib._bootstrap_external>(1610): <frozen importlib._bootstrap_external>(1611): <frozen importlib._bootstrap_external>(1612):  --- modulename: _bootstrap_external, funcname: _path_stat
<frozen importlib._bootstrap_external>(147): <frozen importlib._bootstrap_external>(1615): <frozen importlib._bootstrap_external>(1619):  --- modulename: _bootstrap_external, funcname: _relax_case
<frozen importlib._bootstrap_external>(69): <frozen importlib._bootstrap_external>(1623): <frozen importlib._bootstrap_external>(1624): <frozen importlib._bootstrap_external>(1626): <frozen importlib._bootstrap_external>(1638): <frozen importlib._bootstrap_external>(1639): <frozen importlib._bootstrap_external>(1640):  --- modulename: _bootstrap_external, funcname: _path_join
<frozen importlib._bootstrap_external>(98): <frozen importlib._bootstrap_external>(100): <frozen importlib._bootstrap_external>(102): <frozen importlib._bootstrap_external>(103): <frozen importlib._bootstrap_external>(104): <frozen importlib._bootstrap_external>(105): <frozen importlib._bootstrap_external>(106): <frozen importlib._bootstrap_external>(107): <frozen importlib._bootstrap_external>(104): <frozen importlib._bootstrap_external>(105): <frozen importlib._bootstrap_external>(108): <frozen importlib._bootstrap_external>(117): <frozen importlib._bootstrap_external>(118): <frozen importlib._bootstrap_external>(104): <frozen importlib._bootstrap_external>(119):  --- modulename: _bootstrap_external, funcname: <listcomp>
<frozen importlib._bootstrap_external>(119): <frozen importlib._bootstrap_external>(119): <frozen importlib._bootstrap_external>(119): <frozen importlib._bootstrap_external>(120): <frozen importlib._bootstrap_external>(123): <frozen importlib._bootstrap_external>(1643):  --- modulename: _bootstrap, funcname: _verbose_message
<frozen importlib._bootstrap>(246): <frozen importlib._bootstrap_external>(1644): <frozen importlib._bootstrap_external>(1638): <frozen importlib._bootstrap_external>(1639): <frozen importlib._bootstrap_external>(1640):  --- modulename: _bootstrap_external, funcname: _path_join
<frozen importlib._bootstrap_external>(98): <frozen importlib._bootstrap_external>(100): <frozen importlib._bootstrap_external>(102): <frozen importlib._bootstrap_external>(103): <frozen importlib._bootstrap_external>(104): <frozen importlib._bootstrap_external>(105): <frozen importlib._bootstrap_external>(106): <frozen importlib._bootstrap_external>(107): <frozen importlib._bootstrap_external>(104): <frozen importlib._bootstrap_external>(105): <frozen importlib._bootstrap_external>(108): <frozen importlib._bootstrap_external>(117): <frozen importlib._bootstrap_external>(118): <frozen importlib._bootstrap_external>(104): <frozen importlib._bootstrap_external>(119):  --- modulename: _bootstrap_external, funcname: <listcomp>
<frozen importlib._bootstrap_external>(119): <frozen importlib._bootstrap_external>(119): <frozen importlib._bootstrap_external>(119): <frozen importlib._bootstrap_external>(120): <frozen importlib._bootstrap_external>(123): <frozen importlib._bootstrap_external>(1643):  --- modulename: _bootstrap, funcname: _verbose_message
<frozen importlib._bootstrap>(246): <frozen importlib._bootstrap_external>(1644): <frozen importlib._bootstrap_external>(1645):  --- modulename: _bootstrap_external, funcname: _path_isfile
<frozen importlib._bootstrap_external>(161):  --- modulename: _bootstrap_external, funcname: _path_is_mode_type
<frozen importlib._bootstrap_external>(152): <frozen importlib._bootstrap_external>(153):  --- modulename: _bootstrap_external, funcname: _path_stat
<frozen importlib._bootstrap_external>(147): <frozen importlib._bootstrap_external>(156): <frozen importlib._bootstrap_external>(1646): <frozen importlib._bootstrap_external>(1647): <frozen importlib._bootstrap_external>(1646):  --- modulename: _bootstrap_external, funcname: _get_spec
<frozen importlib._bootstrap_external>(1600):  --- modulename: _bootstrap_external, funcname: __init__
<frozen importlib._bootstrap_external>(1221): <frozen importlib._bootstrap_external>(1222): <frozen importlib._bootstrap_external>(1601): <frozen importlib._bootstrap_external>(1602): <frozen importlib._bootstrap_external>(1601):  --- modulename: _bootstrap_external, funcname: spec_from_file_location
<frozen importlib._bootstrap_external>(790): <frozen importlib._bootstrap_external>(802): <frozen importlib._bootstrap_external>(803):  --- modulename: _bootstrap_external, funcname: _path_isabs
<frozen importlib._bootstrap_external>(174): <frozen importlib._bootstrap_external>(176): <frozen importlib._bootstrap_external>(177): <frozen importlib._bootstrap_external>(815):  --- modulename: _bootstrap, funcname: __init__
<frozen importlib._bootstrap>(359): <frozen importlib._bootstrap>(360): <frozen importlib._bootstrap>(361): <frozen importlib._bootstrap>(362): <frozen importlib._bootstrap>(363): <frozen importlib._bootstrap>(364): <frozen importlib._bootstrap>(367): <frozen importlib._bootstrap>(368): <frozen importlib._bootstrap_external>(816): <frozen importlib._bootstrap_external>(819): <frozen importlib._bootstrap_external>(829): <frozen importlib._bootstrap_external>(840): <frozen importlib._bootstrap_external>(841): <frozen importlib._bootstrap_external>(846): <frozen importlib._bootstrap_external>(1479): <frozen importlib._bootstrap_external>(1481): <frozen importlib._bootstrap_external>(1482): <frozen importlib._bootstrap_external>(1505): <frozen importlib._bootstrap_external>(1507): <frozen importlib._bootstrap_external>(1518): <frozen importlib._bootstrap>(1072):  --- modulename: _bootstrap, funcname: __exit__
<frozen importlib._bootstrap>(1034): <frozen importlib._bootstrap>(1081): <frozen importlib._bootstrap>(1083): <frozen importlib._bootstrap>(1098): <frozen importlib._bootstrap>(1141): <frozen importlib._bootstrap>(1144): <frozen importlib._bootstrap>(1148): <frozen importlib._bootstrap>(1149):  --- modulename: _bootstrap, funcname: _load_unlocked
<frozen importlib._bootstrap>(668): <frozen importlib._bootstrap>(670): <frozen importlib._bootstrap>(676):  --- modulename: _bootstrap, funcname: module_from_spec
<frozen importlib._bootstrap>(569): <frozen importlib._bootstrap>(570): <frozen importlib._bootstrap>(573):  --- modulename: _bootstrap_external, funcname: create_module
<frozen importlib._bootstrap_external>(1233): <frozen importlib._bootstrap_external>(1234): <frozen importlib._bootstrap_external>(1233):  --- modulename: _bootstrap, funcname: _call_with_frames_removed
<frozen importlib._bootstrap>(241): <frozen importlib._bootstrap_external>(1235): <frozen importlib._bootstrap_external>(1236): <frozen importlib._bootstrap_external>(1235):  --- modulename: _bootstrap, funcname: _verbose_message
<frozen importlib._bootstrap>(246): <frozen importlib._bootstrap_external>(1237): <frozen importlib._bootstrap>(577): <frozen importlib._bootstrap>(579):  --- modulename: _bootstrap, funcname: _init_module_attrs
<frozen importlib._bootstrap>(497): <frozen importlib._bootstrap>(503): <frozen importlib._bootstrap>(504): <frozen importlib._bootstrap>(505): <frozen importlib._bootstrap>(526): <frozen importlib._bootstrap>(527): <frozen importlib._bootstrap>(531): <frozen importlib._bootstrap>(532): <frozen importlib._bootstrap>(533):  --- modulename: _bootstrap, funcname: parent
<frozen importlib._bootstrap>(408): <frozen importlib._bootstrap>(409): <frozen importlib._bootstrap>(537): <frozen importlib._bootstrap>(538): <frozen importlib._bootstrap>(542): <frozen importlib._bootstrap>(543): <frozen importlib._bootstrap>(550):  --- modulename: _bootstrap, funcname: has_location
<frozen importlib._bootstrap>(415): <frozen importlib._bootstrap>(551): <frozen importlib._bootstrap>(552): <frozen importlib._bootstrap>(553): <frozen importlib._bootstrap>(557): <frozen importlib._bootstrap>(558):  --- modulename: _bootstrap, funcname: cached
<frozen importlib._bootstrap>(394): <frozen importlib._bootstrap>(395): <frozen importlib._bootstrap>(396): <frozen importlib._bootstrap>(398):  --- modulename: _bootstrap_external, funcname: _get_cached
<frozen importlib._bootstrap_external>(568): <frozen importlib._bootstrap_external>(573): <frozen importlib._bootstrap_external>(576): <frozen importlib._bootstrap>(399): <frozen importlib._bootstrap>(563): <frozen importlib._bootstrap>(580): <frozen importlib._bootstrap>(681): <frozen importlib._bootstrap>(682): <frozen importlib._bootstrap>(683): <frozen importlib._bootstrap>(684): <frozen importlib._bootstrap>(685): <frozen importlib._bootstrap>(690):  --- modulename: _bootstrap_external, funcname: exec_module
<frozen importlib._bootstrap_external>(1241):  --- modulename: _bootstrap, funcname: _call_with_frames_removed
<frozen importlib._bootstrap>(241): <frozen importlib._bootstrap_external>(1242): <frozen importlib._bootstrap_external>(1243): <frozen importlib._bootstrap_external>(1242):  --- modulename: _bootstrap, funcname: _verbose_message
<frozen importlib._bootstrap>(246): <frozen importlib._bootstrap>(701): <frozen importlib._bootstrap>(702): <frozen importlib._bootstrap>(703):  --- modulename: _bootstrap, funcname: _verbose_message
<frozen importlib._bootstrap>(246): <frozen importlib._bootstrap>(705): <frozen importlib._bootstrap>(707): <frozen importlib._bootstrap>(1151): <frozen importlib._bootstrap>(1153): <frozen importlib._bootstrap>(1161): <frozen importlib._bootstrap>(1175):  --- modulename: _bootstrap, funcname: __exit__
<frozen importlib._bootstrap>(174):  --- modulename: _bootstrap, funcname: release
<frozen importlib._bootstrap>(126): <frozen importlib._bootstrap>(127): <frozen importlib._bootstrap>(128): <frozen importlib._bootstrap>(130): <frozen importlib._bootstrap>(131): <frozen importlib._bootstrap>(132): <frozen importlib._bootstrap>(133): <frozen importlib._bootstrap>(134): <frozen importlib._bootstrap>(127):  --- modulename: _bootstrap, funcname: cb
<frozen importlib._bootstrap>(199): <frozen importlib._bootstrap>(200): <frozen importlib._bootstrap>(204): <frozen importlib._bootstrap>(205): <frozen importlib._bootstrap>(207): synchronize.py(18): import time
synchronize.py(20): from . import context
 --- modulename: _bootstrap, funcname: parent
<frozen importlib._bootstrap>(408): <frozen importlib._bootstrap>(409):  --- modulename: _bootstrap, funcname: _handle_fromlist
<frozen importlib._bootstrap>(1219): <frozen importlib._bootstrap>(1220): <frozen importlib._bootstrap>(1227): <frozen importlib._bootstrap>(1231): <frozen importlib._bootstrap>(1219): <frozen importlib._bootstrap>(1243): synchronize.py(21): from . import process
 --- modulename: _bootstrap, funcname: parent
<frozen importlib._bootstrap>(408): <frozen importlib._bootstrap>(409):  --- modulename: _bootstrap, funcname: _handle_fromlist
<frozen importlib._bootstrap>(1219): <frozen importlib._bootstrap>(1220): <frozen importlib._bootstrap>(1227): <frozen importlib._bootstrap>(1231): <frozen importlib._bootstrap>(1219): <frozen importlib._bootstrap>(1243): synchronize.py(22): from . import util
 --- modulename: _bootstrap, funcname: parent
<frozen importlib._bootstrap>(408): <frozen importlib._bootstrap>(409):  --- modulename: _bootstrap, funcname: _handle_fromlist
<frozen importlib._bootstrap>(1219): <frozen importlib._bootstrap>(1220): <frozen importlib._bootstrap>(1227): <frozen importlib._bootstrap>(1231): <frozen importlib._bootstrap>(1232): <frozen importlib._bootstrap>(1233): <frozen importlib._bootstrap>(1234):  --- modulename: _bootstrap, funcname: _call_with_frames_removed
<frozen importlib._bootstrap>(241):  --- modulename: _bootstrap, funcname: _find_and_load
<frozen importlib._bootstrap>(1172): <frozen importlib._bootstrap>(1173): <frozen importlib._bootstrap>(1175):  --- modulename: _bootstrap, funcname: __init__
<frozen importlib._bootstrap>(166): <frozen importlib._bootstrap>(167):  --- modulename: _bootstrap, funcname: __enter__
<frozen importlib._bootstrap>(170):  --- modulename: _bootstrap, funcname: _get_module_lock
<frozen importlib._bootstrap>(185): <frozen importlib._bootstrap>(186): <frozen importlib._bootstrap>(187): <frozen importlib._bootstrap>(188): <frozen importlib._bootstrap>(189): <frozen importlib._bootstrap>(190): <frozen importlib._bootstrap>(192): <frozen importlib._bootstrap>(193): <frozen importlib._bootstrap>(196):  --- modulename: _bootstrap, funcname: __init__
<frozen importlib._bootstrap>(72): <frozen importlib._bootstrap>(73): <frozen importlib._bootstrap>(74): <frozen importlib._bootstrap>(75): <frozen importlib._bootstrap>(76): <frozen importlib._bootstrap>(77): <frozen importlib._bootstrap>(198): <frozen importlib._bootstrap>(209): <frozen importlib._bootstrap>(211): <frozen importlib._bootstrap>(213): <frozen importlib._bootstrap>(171):  --- modulename: _bootstrap, funcname: acquire
<frozen importlib._bootstrap>(106): <frozen importlib._bootstrap>(107): <frozen importlib._bootstrap>(108): <frozen importlib._bootstrap>(109): <frozen importlib._bootstrap>(110): <frozen importlib._bootstrap>(111): <frozen importlib._bootstrap>(112): <frozen importlib._bootstrap>(113): <frozen importlib._bootstrap>(114): <frozen importlib._bootstrap>(110): <frozen importlib._bootstrap>(123): <frozen importlib._bootstrap>(1176): <frozen importlib._bootstrap>(1177): <frozen importlib._bootstrap>(1178):  --- modulename: _bootstrap, funcname: _find_and_load_unlocked
<frozen importlib._bootstrap>(1123): <frozen importlib._bootstrap>(1124): <frozen importlib._bootstrap>(1125): <frozen importlib._bootstrap>(1126): <frozen importlib._bootstrap>(1127): <frozen importlib._bootstrap>(1130): <frozen importlib._bootstrap>(1132): <frozen importlib._bootstrap>(1133): <frozen importlib._bootstrap>(1134): <frozen importlib._bootstrap>(1138): <frozen importlib._bootstrap>(1139): <frozen importlib._bootstrap>(1140):  --- modulename: _bootstrap, funcname: _find_spec
<frozen importlib._bootstrap>(1058): <frozen importlib._bootstrap>(1059): <frozen importlib._bootstrap>(1064): <frozen importlib._bootstrap>(1070): <frozen importlib._bootstrap>(1071): <frozen importlib._bootstrap>(1072):  --- modulename: _bootstrap, funcname: __enter__
<frozen importlib._bootstrap>(1030): <frozen importlib._bootstrap>(1073): <frozen importlib._bootstrap>(1074): <frozen importlib._bootstrap>(1080): <frozen importlib._bootstrap>(1072):  --- modulename: _bootstrap, funcname: __exit__
<frozen importlib._bootstrap>(1034): <frozen importlib._bootstrap>(1081): <frozen importlib._bootstrap>(1071): <frozen importlib._bootstrap>(1072):  --- modulename: _bootstrap, funcname: __enter__
<frozen importlib._bootstrap>(1030): <frozen importlib._bootstrap>(1073): <frozen importlib._bootstrap>(1074): <frozen importlib._bootstrap>(1080): <frozen importlib._bootstrap>(1072):  --- modulename: _bootstrap, funcname: __exit__
<frozen importlib._bootstrap>(1034): <frozen importlib._bootstrap>(1081): <frozen importlib._bootstrap>(1071): <frozen importlib._bootstrap>(1072):  --- modulename: _bootstrap, funcname: __enter__
<frozen importlib._bootstrap>(1030): <frozen importlib._bootstrap>(1073): <frozen importlib._bootstrap>(1074): <frozen importlib._bootstrap>(1080):  --- modulename: _bootstrap, funcname: find_spec
<frozen importlib._bootstrap>(750): <frozen importlib._bootstrap>(751): <frozen importlib._bootstrap>(1072):  --- modulename: _bootstrap, funcname: __exit__
<frozen importlib._bootstrap>(1034): <frozen importlib._bootstrap>(1081): <frozen importlib._bootstrap>(1071): <frozen importlib._bootstrap>(1072):  --- modulename: _bootstrap, funcname: __enter__
<frozen importlib._bootstrap>(1030): <frozen importlib._bootstrap>(1073): <frozen importlib._bootstrap>(1074): <frozen importlib._bootstrap>(1080):  --- modulename: _bootstrap, funcname: find_spec
<frozen importlib._bootstrap>(924):  --- modulename: _bootstrap, funcname: _call_with_frames_removed
<frozen importlib._bootstrap>(241): <frozen importlib._bootstrap>(925): <frozen importlib._bootstrap>(926): <frozen importlib._bootstrap>(1072):  --- modulename: _bootstrap, funcname: __exit__
<frozen importlib._bootstrap>(1034): <frozen importlib._bootstrap>(1081): <frozen importlib._bootstrap>(1071): <frozen importlib._bootstrap>(1072):  --- modulename: _bootstrap, funcname: __enter__
<frozen importlib._bootstrap>(1030): <frozen importlib._bootstrap>(1073): <frozen importlib._bootstrap>(1074): <frozen importlib._bootstrap>(1080):  --- modulename: _bootstrap_external, funcname: find_spec
<frozen importlib._bootstrap_external>(1502): <frozen importlib._bootstrap_external>(1504):  --- modulename: _bootstrap_external, funcname: _get_spec
<frozen importlib._bootstrap_external>(1469): <frozen importlib._bootstrap_external>(1470): <frozen importlib._bootstrap_external>(1471): <frozen importlib._bootstrap_external>(1473):  --- modulename: _bootstrap_external, funcname: _path_importer_cache
<frozen importlib._bootstrap_external>(1429): <frozen importlib._bootstrap_external>(1436): <frozen importlib._bootstrap_external>(1437): <frozen importlib._bootstrap_external>(1441): <frozen importlib._bootstrap_external>(1474): <frozen importlib._bootstrap_external>(1475): <frozen importlib._bootstrap_external>(1476):  --- modulename: _bootstrap_external, funcname: find_spec
<frozen importlib._bootstrap_external>(1609): <frozen importlib._bootstrap_external>(1610): <frozen importlib._bootstrap_external>(1611): <frozen importlib._bootstrap_external>(1612):  --- modulename: _bootstrap_external, funcname: _path_stat
<frozen importlib._bootstrap_external>(147): <frozen importlib._bootstrap_external>(1615): <frozen importlib._bootstrap_external>(1619):  --- modulename: _bootstrap_external, funcname: _relax_case
<frozen importlib._bootstrap_external>(69): <frozen importlib._bootstrap_external>(1623): <frozen importlib._bootstrap_external>(1624): <frozen importlib._bootstrap_external>(1626): <frozen importlib._bootstrap_external>(1638): <frozen importlib._bootstrap_external>(1639): <frozen importlib._bootstrap_external>(1640):  --- modulename: _bootstrap_external, funcname: _path_join
<frozen importlib._bootstrap_external>(98): <frozen importlib._bootstrap_external>(100): <frozen importlib._bootstrap_external>(102): <frozen importlib._bootstrap_external>(103): <frozen importlib._bootstrap_external>(104): <frozen importlib._bootstrap_external>(105): <frozen importlib._bootstrap_external>(106): <frozen importlib._bootstrap_external>(107): <frozen importlib._bootstrap_external>(104): <frozen importlib._bootstrap_external>(105): <frozen importlib._bootstrap_external>(108): <frozen importlib._bootstrap_external>(117): <frozen importlib._bootstrap_external>(118): <frozen importlib._bootstrap_external>(104): <frozen importlib._bootstrap_external>(119):  --- modulename: _bootstrap_external, funcname: <listcomp>
<frozen importlib._bootstrap_external>(119): <frozen importlib._bootstrap_external>(119): <frozen importlib._bootstrap_external>(119): <frozen importlib._bootstrap_external>(120): <frozen importlib._bootstrap_external>(123): <frozen importlib._bootstrap_external>(1643):  --- modulename: _bootstrap, funcname: _verbose_message
<frozen importlib._bootstrap>(246): <frozen importlib._bootstrap_external>(1644): <frozen importlib._bootstrap_external>(1638): <frozen importlib._bootstrap_external>(1639): <frozen importlib._bootstrap_external>(1640):  --- modulename: _bootstrap_external, funcname: _path_join
<frozen importlib._bootstrap_external>(98): <frozen importlib._bootstrap_external>(100): <frozen importlib._bootstrap_external>(102): <frozen importlib._bootstrap_external>(103): <frozen importlib._bootstrap_external>(104): <frozen importlib._bootstrap_external>(105): <frozen importlib._bootstrap_external>(106): <frozen importlib._bootstrap_external>(107): <frozen importlib._bootstrap_external>(104): <frozen importlib._bootstrap_external>(105): <frozen importlib._bootstrap_external>(108): <frozen importlib._bootstrap_external>(117): <frozen importlib._bootstrap_external>(118): <frozen importlib._bootstrap_external>(104): <frozen importlib._bootstrap_external>(119):  --- modulename: _bootstrap_external, funcname: <listcomp>
<frozen importlib._bootstrap_external>(119): <frozen importlib._bootstrap_external>(119): <frozen importlib._bootstrap_external>(119): <frozen importlib._bootstrap_external>(120): <frozen importlib._bootstrap_external>(123): <frozen importlib._bootstrap_external>(1643):  --- modulename: _bootstrap, funcname: _verbose_message
<frozen importlib._bootstrap>(246): <frozen importlib._bootstrap_external>(1644): <frozen importlib._bootstrap_external>(1638): <frozen importlib._bootstrap_external>(1639): <frozen importlib._bootstrap_external>(1640):  --- modulename: _bootstrap_external, funcname: _path_join
<frozen importlib._bootstrap_external>(98): <frozen importlib._bootstrap_external>(100): <frozen importlib._bootstrap_external>(102): <frozen importlib._bootstrap_external>(103): <frozen importlib._bootstrap_external>(104): <frozen importlib._bootstrap_external>(105): <frozen importlib._bootstrap_external>(106): <frozen importlib._bootstrap_external>(107): <frozen importlib._bootstrap_external>(104): <frozen importlib._bootstrap_external>(105): <frozen importlib._bootstrap_external>(108): <frozen importlib._bootstrap_external>(117): <frozen importlib._bootstrap_external>(118): <frozen importlib._bootstrap_external>(104): <frozen importlib._bootstrap_external>(119):  --- modulename: _bootstrap_external, funcname: <listcomp>
<frozen importlib._bootstrap_external>(119): <frozen importlib._bootstrap_external>(119): <frozen importlib._bootstrap_external>(119): <frozen importlib._bootstrap_external>(120): <frozen importlib._bootstrap_external>(123): <frozen importlib._bootstrap_external>(1643):  --- modulename: _bootstrap, funcname: _verbose_message
<frozen importlib._bootstrap>(246): <frozen importlib._bootstrap_external>(1644): <frozen importlib._bootstrap_external>(1645):  --- modulename: _bootstrap_external, funcname: _path_isfile
<frozen importlib._bootstrap_external>(161):  --- modulename: _bootstrap_external, funcname: _path_is_mode_type
<frozen importlib._bootstrap_external>(152): <frozen importlib._bootstrap_external>(153):  --- modulename: _bootstrap_external, funcname: _path_stat
<frozen importlib._bootstrap_external>(147): <frozen importlib._bootstrap_external>(156): <frozen importlib._bootstrap_external>(1646): <frozen importlib._bootstrap_external>(1647): <frozen importlib._bootstrap_external>(1646):  --- modulename: _bootstrap_external, funcname: _get_spec
<frozen importlib._bootstrap_external>(1600):  --- modulename: _bootstrap_external, funcname: __init__
<frozen importlib._bootstrap_external>(1100): <frozen importlib._bootstrap_external>(1101): <frozen importlib._bootstrap_external>(1601): <frozen importlib._bootstrap_external>(1602): <frozen importlib._bootstrap_external>(1601):  --- modulename: _bootstrap_external, funcname: spec_from_file_location
<frozen importlib._bootstrap_external>(790): <frozen importlib._bootstrap_external>(802): <frozen importlib._bootstrap_external>(803):  --- modulename: _bootstrap_external, funcname: _path_isabs
<frozen importlib._bootstrap_external>(174): <frozen importlib._bootstrap_external>(176): <frozen importlib._bootstrap_external>(177): <frozen importlib._bootstrap_external>(815):  --- modulename: _bootstrap, funcname: __init__
<frozen importlib._bootstrap>(359): <frozen importlib._bootstrap>(360): <frozen importlib._bootstrap>(361): <frozen importlib._bootstrap>(362): <frozen importlib._bootstrap>(363): <frozen importlib._bootstrap>(364): <frozen importlib._bootstrap>(367): <frozen importlib._bootstrap>(368): <frozen importlib._bootstrap_external>(816): <frozen importlib._bootstrap_external>(819): <frozen importlib._bootstrap_external>(829): <frozen importlib._bootstrap_external>(840): <frozen importlib._bootstrap_external>(841): <frozen importlib._bootstrap_external>(846): <frozen importlib._bootstrap_external>(1479): <frozen importlib._bootstrap_external>(1481): <frozen importlib._bootstrap_external>(1482): <frozen importlib._bootstrap_external>(1505): <frozen importlib._bootstrap_external>(1507): <frozen importlib._bootstrap_external>(1518): <frozen importlib._bootstrap>(1072):  --- modulename: _bootstrap, funcname: __exit__
<frozen importlib._bootstrap>(1034): <frozen importlib._bootstrap>(1081): <frozen importlib._bootstrap>(1083): <frozen importlib._bootstrap>(1098): <frozen importlib._bootstrap>(1141): <frozen importlib._bootstrap>(1144): <frozen importlib._bootstrap>(1147): <frozen importlib._bootstrap>(1148): <frozen importlib._bootstrap>(1149):  --- modulename: _bootstrap, funcname: _load_unlocked
<frozen importlib._bootstrap>(668): <frozen importlib._bootstrap>(670): <frozen importlib._bootstrap>(676):  --- modulename: _bootstrap, funcname: module_from_spec
<frozen importlib._bootstrap>(569): <frozen importlib._bootstrap>(570): <frozen importlib._bootstrap>(573):  --- modulename: _bootstrap_external, funcname: create_module
<frozen importlib._bootstrap_external>(931): <frozen importlib._bootstrap>(577): <frozen importlib._bootstrap>(578):  --- modulename: _bootstrap, funcname: _new_module
<frozen importlib._bootstrap>(49): <frozen importlib._bootstrap>(579):  --- modulename: _bootstrap, funcname: _init_module_attrs
<frozen importlib._bootstrap>(497): <frozen importlib._bootstrap>(503): <frozen importlib._bootstrap>(504): <frozen importlib._bootstrap>(505): <frozen importlib._bootstrap>(526): <frozen importlib._bootstrap>(527): <frozen importlib._bootstrap>(531): <frozen importlib._bootstrap>(532): <frozen importlib._bootstrap>(533):  --- modulename: _bootstrap, funcname: parent
<frozen importlib._bootstrap>(408): <frozen importlib._bootstrap>(409): <frozen importlib._bootstrap>(537): <frozen importlib._bootstrap>(538): <frozen importlib._bootstrap>(542): <frozen importlib._bootstrap>(543): <frozen importlib._bootstrap>(550):  --- modulename: _bootstrap, funcname: has_location
<frozen importlib._bootstrap>(415): <frozen importlib._bootstrap>(551): <frozen importlib._bootstrap>(552): <frozen importlib._bootstrap>(553): <frozen importlib._bootstrap>(557): <frozen importlib._bootstrap>(558):  --- modulename: _bootstrap, funcname: cached
<frozen importlib._bootstrap>(394): <frozen importlib._bootstrap>(395): <frozen importlib._bootstrap>(396): <frozen importlib._bootstrap>(398):  --- modulename: _bootstrap_external, funcname: _get_cached
<frozen importlib._bootstrap_external>(568): <frozen importlib._bootstrap_external>(569): <frozen importlib._bootstrap_external>(570):  --- modulename: _bootstrap_external, funcname: cache_from_source
<frozen importlib._bootstrap_external>(455): <frozen importlib._bootstrap_external>(462): <frozen importlib._bootstrap_external>(463):  --- modulename: _bootstrap_external, funcname: _path_split
<frozen importlib._bootstrap_external>(134):  --- modulename: _bootstrap_external, funcname: <genexpr>
<frozen importlib._bootstrap_external>(134):  --- modulename: _bootstrap_external, funcname: <genexpr>
<frozen importlib._bootstrap_external>(134):  --- modulename: _bootstrap_external, funcname: <genexpr>
<frozen importlib._bootstrap_external>(134): <frozen importlib._bootstrap_external>(135): <frozen importlib._bootstrap_external>(137): <frozen importlib._bootstrap_external>(464): <frozen importlib._bootstrap_external>(465): <frozen importlib._bootstrap_external>(466): <frozen importlib._bootstrap_external>(468): <frozen importlib._bootstrap_external>(469): <frozen importlib._bootstrap_external>(470): <frozen importlib._bootstrap_external>(471): <frozen importlib._bootstrap_external>(474): <frozen importlib._bootstrap_external>(475): <frozen importlib._bootstrap_external>(479): <frozen importlib._bootstrap_external>(480): <frozen importlib._bootstrap_external>(505):  --- modulename: _bootstrap_external, funcname: _path_join
<frozen importlib._bootstrap_external>(98): <frozen importlib._bootstrap_external>(100): <frozen importlib._bootstrap_external>(102): <frozen importlib._bootstrap_external>(103): <frozen importlib._bootstrap_external>(104): <frozen importlib._bootstrap_external>(105): <frozen importlib._bootstrap_external>(106): <frozen importlib._bootstrap_external>(107): <frozen importlib._bootstrap_external>(104): <frozen importlib._bootstrap_external>(105): <frozen importlib._bootstrap_external>(108): <frozen importlib._bootstrap_external>(117): <frozen importlib._bootstrap_external>(118): <frozen importlib._bootstrap_external>(104): <frozen importlib._bootstrap_external>(105): <frozen importlib._bootstrap_external>(108): <frozen importlib._bootstrap_external>(117): <frozen importlib._bootstrap_external>(118): <frozen importlib._bootstrap_external>(104): <frozen importlib._bootstrap_external>(119):  --- modulename: _bootstrap_external, funcname: <listcomp>
<frozen importlib._bootstrap_external>(119): <frozen importlib._bootstrap_external>(119): <frozen importlib._bootstrap_external>(119): <frozen importlib._bootstrap_external>(119): <frozen importlib._bootstrap_external>(120): <frozen importlib._bootstrap_external>(123): <frozen importlib._bootstrap>(399): <frozen importlib._bootstrap>(559): <frozen importlib._bootstrap>(560):  --- modulename: _bootstrap, funcname: cached
<frozen importlib._bootstrap>(394): <frozen importlib._bootstrap>(399): <frozen importlib._bootstrap>(563): <frozen importlib._bootstrap>(580): <frozen importlib._bootstrap>(681): <frozen importlib._bootstrap>(682): <frozen importlib._bootstrap>(683): <frozen importlib._bootstrap>(684): <frozen importlib._bootstrap>(685): <frozen importlib._bootstrap>(690):  --- modulename: _bootstrap_external, funcname: exec_module
<frozen importlib._bootstrap_external>(936):  --- modulename: _bootstrap_external, funcname: get_code
<frozen importlib._bootstrap_external>(1014):  --- modulename: _bootstrap_external, funcname: _check_name_wrapper
<frozen importlib._bootstrap_external>(600): <frozen importlib._bootstrap_external>(602): <frozen importlib._bootstrap_external>(605):  --- modulename: _bootstrap_external, funcname: get_filename
<frozen importlib._bootstrap_external>(1125): <frozen importlib._bootstrap_external>(1015): <frozen importlib._bootstrap_external>(1016): <frozen importlib._bootstrap_external>(1017): <frozen importlib._bootstrap_external>(1018): <frozen importlib._bootstrap_external>(1019): <frozen importlib._bootstrap_external>(1020): <frozen importlib._bootstrap_external>(1021):  --- modulename: _bootstrap_external, funcname: cache_from_source
<frozen importlib._bootstrap_external>(455): <frozen importlib._bootstrap_external>(462): <frozen importlib._bootstrap_external>(463):  --- modulename: _bootstrap_external, funcname: _path_split
<frozen importlib._bootstrap_external>(134):  --- modulename: _bootstrap_external, funcname: <genexpr>
<frozen importlib._bootstrap_external>(134):  --- modulename: _bootstrap_external, funcname: <genexpr>
<frozen importlib._bootstrap_external>(134):  --- modulename: _bootstrap_external, funcname: <genexpr>
<frozen importlib._bootstrap_external>(134): <frozen importlib._bootstrap_external>(135): <frozen importlib._bootstrap_external>(137): <frozen importlib._bootstrap_external>(464): <frozen importlib._bootstrap_external>(465): <frozen importlib._bootstrap_external>(466): <frozen importlib._bootstrap_external>(468): <frozen importlib._bootstrap_external>(469): <frozen importlib._bootstrap_external>(470): <frozen importlib._bootstrap_external>(471): <frozen importlib._bootstrap_external>(474): <frozen importlib._bootstrap_external>(475): <frozen importlib._bootstrap_external>(479): <frozen importlib._bootstrap_external>(480): <frozen importlib._bootstrap_external>(505):  --- modulename: _bootstrap_external, funcname: _path_join
<frozen importlib._bootstrap_external>(98): <frozen importlib._bootstrap_external>(100): <frozen importlib._bootstrap_external>(102): <frozen importlib._bootstrap_external>(103): <frozen importlib._bootstrap_external>(104): <frozen importlib._bootstrap_external>(105): <frozen importlib._bootstrap_external>(106): <frozen importlib._bootstrap_external>(107): <frozen importlib._bootstrap_external>(104): <frozen importlib._bootstrap_external>(105): <frozen importlib._bootstrap_external>(108): <frozen importlib._bootstrap_external>(117): <frozen importlib._bootstrap_external>(118): <frozen importlib._bootstrap_external>(104): <frozen importlib._bootstrap_external>(105): <frozen importlib._bootstrap_external>(108): <frozen importlib._bootstrap_external>(117): <frozen importlib._bootstrap_external>(118): <frozen importlib._bootstrap_external>(104): <frozen importlib._bootstrap_external>(119):  --- modulename: _bootstrap_external, funcname: <listcomp>
<frozen importlib._bootstrap_external>(119): <frozen importlib._bootstrap_external>(119): <frozen importlib._bootstrap_external>(119): <frozen importlib._bootstrap_external>(119): <frozen importlib._bootstrap_external>(120): <frozen importlib._bootstrap_external>(123): <frozen importlib._bootstrap_external>(1025): <frozen importlib._bootstrap_external>(1026):  --- modulename: _bootstrap_external, funcname: path_stats
<frozen importlib._bootstrap_external>(1148):  --- modulename: _bootstrap_external, funcname: _path_stat
<frozen importlib._bootstrap_external>(147): <frozen importlib._bootstrap_external>(1149): <frozen importlib._bootstrap_external>(1030): <frozen importlib._bootstrap_external>(1031): <frozen importlib._bootstrap_external>(1032):  --- modulename: _bootstrap_external, funcname: get_data
<frozen importlib._bootstrap_external>(1129): <frozen importlib._bootstrap_external>(1130): <frozen importlib._bootstrap_external>(1131): <frozen importlib._bootstrap_external>(1130): <frozen importlib._bootstrap_external>(1037): <frozen importlib._bootstrap_external>(1038): <frozen importlib._bootstrap_external>(1036): <frozen importlib._bootstrap_external>(1040): <frozen importlib._bootstrap_external>(1041):  --- modulename: _bootstrap_external, funcname: _classify_pyc
<frozen importlib._bootstrap_external>(658): <frozen importlib._bootstrap_external>(659): <frozen importlib._bootstrap_external>(663): <frozen importlib._bootstrap_external>(667):  --- modulename: _bootstrap_external, funcname: _unpack_uint32
<frozen importlib._bootstrap_external>(86): <frozen importlib._bootstrap_external>(87): <frozen importlib._bootstrap_external>(669): <frozen importlib._bootstrap_external>(672): <frozen importlib._bootstrap_external>(1042): <frozen importlib._bootstrap_external>(1043): <frozen importlib._bootstrap_external>(1044): <frozen importlib._bootstrap_external>(1057): <frozen importlib._bootstrap_external>(1058): <frozen importlib._bootstrap_external>(1059): <frozen importlib._bootstrap_external>(1060): <frozen importlib._bootstrap_external>(1061): <frozen importlib._bootstrap_external>(1062): <frozen importlib._bootstrap_external>(1057):  --- modulename: _bootstrap_external, funcname: _validate_timestamp_pyc
<frozen importlib._bootstrap_external>(694):  --- modulename: _bootstrap_external, funcname: _unpack_uint32
<frozen importlib._bootstrap_external>(86): <frozen importlib._bootstrap_external>(87): <frozen importlib._bootstrap_external>(698): <frozen importlib._bootstrap_external>(699):  --- modulename: _bootstrap_external, funcname: _unpack_uint32
<frozen importlib._bootstrap_external>(86): <frozen importlib._bootstrap_external>(87): <frozen importlib._bootstrap_external>(698): <frozen importlib._bootstrap_external>(1067): <frozen importlib._bootstrap_external>(1068): <frozen importlib._bootstrap_external>(1067):  --- modulename: _bootstrap, funcname: _verbose_message
<frozen importlib._bootstrap>(246): <frozen importlib._bootstrap_external>(1069): <frozen importlib._bootstrap_external>(1070): <frozen importlib._bootstrap_external>(1071): <frozen importlib._bootstrap_external>(1069):  --- modulename: _bootstrap_external, funcname: _compile_bytecode
<frozen importlib._bootstrap_external>(729): <frozen importlib._bootstrap_external>(730): <frozen importlib._bootstrap_external>(731):  --- modulename: _bootstrap, funcname: _verbose_message
<frozen importlib._bootstrap>(246): <frozen importlib._bootstrap_external>(732): <frozen importlib._bootstrap_external>(733): <frozen importlib._bootstrap_external>(734): <frozen importlib._bootstrap_external>(937): <frozen importlib._bootstrap_external>(940):  --- modulename: _bootstrap, funcname: _call_with_frames_removed
<frozen importlib._bootstrap>(241):  --- modulename: util, funcname: <module>
util.py(10): import os
util.py(11): import itertools
util.py(12): import sys
util.py(13): import weakref
util.py(14): import atexit
util.py(15): import threading        # we want threading to install it's
util.py(17): from subprocess import _args_from_interpreter_flags
 --- modulename: _bootstrap, funcname: _find_and_load
<frozen importlib._bootstrap>(1172): <frozen importlib._bootstrap>(1173): <frozen importlib._bootstrap>(1175):  --- modulename: _bootstrap, funcname: __init__
<frozen importlib._bootstrap>(166): <frozen importlib._bootstrap>(167):  --- modulename: _bootstrap, funcname: __enter__
<frozen importlib._bootstrap>(170):  --- modulename: _bootstrap, funcname: _get_module_lock
<frozen importlib._bootstrap>(185): <frozen importlib._bootstrap>(186): <frozen importlib._bootstrap>(187): <frozen importlib._bootstrap>(188): <frozen importlib._bootstrap>(189): <frozen importlib._bootstrap>(190): <frozen importlib._bootstrap>(192): <frozen importlib._bootstrap>(193): <frozen importlib._bootstrap>(196):  --- modulename: _bootstrap, funcname: __init__
<frozen importlib._bootstrap>(72): <frozen importlib._bootstrap>(73): <frozen importlib._bootstrap>(74): <frozen importlib._bootstrap>(75): <frozen importlib._bootstrap>(76): <frozen importlib._bootstrap>(77): <frozen importlib._bootstrap>(198): <frozen importlib._bootstrap>(209): <frozen importlib._bootstrap>(211): <frozen importlib._bootstrap>(213): <frozen importlib._bootstrap>(171):  --- modulename: _bootstrap, funcname: acquire
<frozen importlib._bootstrap>(106): <frozen importlib._bootstrap>(107): <frozen importlib._bootstrap>(108): <frozen importlib._bootstrap>(109): <frozen importlib._bootstrap>(110): <frozen importlib._bootstrap>(111): <frozen importlib._bootstrap>(112): <frozen importlib._bootstrap>(113): <frozen importlib._bootstrap>(114): <frozen importlib._bootstrap>(110): <frozen importlib._bootstrap>(123): <frozen importlib._bootstrap>(1176): <frozen importlib._bootstrap>(1177): <frozen importlib._bootstrap>(1178):  --- modulename: _bootstrap, funcname: _find_and_load_unlocked
<frozen importlib._bootstrap>(1123): <frozen importlib._bootstrap>(1124): <frozen importlib._bootstrap>(1125): <frozen importlib._bootstrap>(1126): <frozen importlib._bootstrap>(1140):  --- modulename: _bootstrap, funcname: _find_spec
<frozen importlib._bootstrap>(1058): <frozen importlib._bootstrap>(1059): <frozen importlib._bootstrap>(1064): <frozen importlib._bootstrap>(1070): <frozen importlib._bootstrap>(1071): <frozen importlib._bootstrap>(1072):  --- modulename: _bootstrap, funcname: __enter__
<frozen importlib._bootstrap>(1030): <frozen importlib._bootstrap>(1073): <frozen importlib._bootstrap>(1074): <frozen importlib._bootstrap>(1080): <frozen importlib._bootstrap>(1072):  --- modulename: _bootstrap, funcname: __exit__
<frozen importlib._bootstrap>(1034): <frozen importlib._bootstrap>(1081): <frozen importlib._bootstrap>(1071): <frozen importlib._bootstrap>(1072):  --- modulename: _bootstrap, funcname: __enter__
<frozen importlib._bootstrap>(1030): <frozen importlib._bootstrap>(1073): <frozen importlib._bootstrap>(1074): <frozen importlib._bootstrap>(1080): <frozen importlib._bootstrap>(1072):  --- modulename: _bootstrap, funcname: __exit__
<frozen importlib._bootstrap>(1034): <frozen importlib._bootstrap>(1081): <frozen importlib._bootstrap>(1071): <frozen importlib._bootstrap>(1072):  --- modulename: _bootstrap, funcname: __enter__
<frozen importlib._bootstrap>(1030): <frozen importlib._bootstrap>(1073): <frozen importlib._bootstrap>(1074): <frozen importlib._bootstrap>(1080):  --- modulename: _bootstrap, funcname: find_spec
<frozen importlib._bootstrap>(750): <frozen importlib._bootstrap>(752): <frozen importlib._bootstrap>(755): <frozen importlib._bootstrap>(1072):  --- modulename: _bootstrap, funcname: __exit__
<frozen importlib._bootstrap>(1034): <frozen importlib._bootstrap>(1081): <frozen importlib._bootstrap>(1071): <frozen importlib._bootstrap>(1072):  --- modulename: _bootstrap, funcname: __enter__
<frozen importlib._bootstrap>(1030): <frozen importlib._bootstrap>(1073): <frozen importlib._bootstrap>(1074): <frozen importlib._bootstrap>(1080):  --- modulename: _bootstrap, funcname: find_spec
<frozen importlib._bootstrap>(924):  --- modulename: _bootstrap, funcname: _call_with_frames_removed
<frozen importlib._bootstrap>(241): <frozen importlib._bootstrap>(925): <frozen importlib._bootstrap>(926): <frozen importlib._bootstrap>(1072):  --- modulename: _bootstrap, funcname: __exit__
<frozen importlib._bootstrap>(1034): <frozen importlib._bootstrap>(1081): <frozen importlib._bootstrap>(1071): <frozen importlib._bootstrap>(1072):  --- modulename: _bootstrap, funcname: __enter__
<frozen importlib._bootstrap>(1030): <frozen importlib._bootstrap>(1073): <frozen importlib._bootstrap>(1074): <frozen importlib._bootstrap>(1080):  --- modulename: _bootstrap_external, funcname: find_spec
<frozen importlib._bootstrap_external>(1502): <frozen importlib._bootstrap_external>(1503): <frozen importlib._bootstrap_external>(1504):  --- modulename: _bootstrap_external, funcname: _get_spec
<frozen importlib._bootstrap_external>(1469): <frozen importlib._bootstrap_external>(1470): <frozen importlib._bootstrap_external>(1471): <frozen importlib._bootstrap_external>(1473):  --- modulename: _bootstrap_external, funcname: _path_importer_cache
<frozen importlib._bootstrap_external>(1429): <frozen importlib._bootstrap_external>(1436): <frozen importlib._bootstrap_external>(1437): <frozen importlib._bootstrap_external>(1441): <frozen importlib._bootstrap_external>(1474): <frozen importlib._bootstrap_external>(1475): <frozen importlib._bootstrap_external>(1476):  --- modulename: _bootstrap_external, funcname: find_spec
<frozen importlib._bootstrap_external>(1609): <frozen importlib._bootstrap_external>(1610): <frozen importlib._bootstrap_external>(1611): <frozen importlib._bootstrap_external>(1612):  --- modulename: _bootstrap_external, funcname: _path_stat
<frozen importlib._bootstrap_external>(147): <frozen importlib._bootstrap_external>(1615): <frozen importlib._bootstrap_external>(1619):  --- modulename: _bootstrap_external, funcname: _relax_case
<frozen importlib._bootstrap_external>(69): <frozen importlib._bootstrap_external>(1623): <frozen importlib._bootstrap_external>(1624): <frozen importlib._bootstrap_external>(1626): <frozen importlib._bootstrap_external>(1638): <frozen importlib._bootstrap_external>(1639): <frozen importlib._bootstrap_external>(1640):  --- modulename: _bootstrap_external, funcname: _path_join
<frozen importlib._bootstrap_external>(98): <frozen importlib._bootstrap_external>(100): <frozen importlib._bootstrap_external>(102): <frozen importlib._bootstrap_external>(103): <frozen importlib._bootstrap_external>(104): <frozen importlib._bootstrap_external>(105): <frozen importlib._bootstrap_external>(106): <frozen importlib._bootstrap_external>(107): <frozen importlib._bootstrap_external>(104): <frozen importlib._bootstrap_external>(105): <frozen importlib._bootstrap_external>(108): <frozen importlib._bootstrap_external>(117): <frozen importlib._bootstrap_external>(118): <frozen importlib._bootstrap_external>(104): <frozen importlib._bootstrap_external>(119):  --- modulename: _bootstrap_external, funcname: <listcomp>
<frozen importlib._bootstrap_external>(119): <frozen importlib._bootstrap_external>(119): <frozen importlib._bootstrap_external>(119): <frozen importlib._bootstrap_external>(120): <frozen importlib._bootstrap_external>(123): <frozen importlib._bootstrap_external>(1643):  --- modulename: _bootstrap, funcname: _verbose_message
<frozen importlib._bootstrap>(246): <frozen importlib._bootstrap_external>(1644): <frozen importlib._bootstrap_external>(1638): <frozen importlib._bootstrap_external>(1639): <frozen importlib._bootstrap_external>(1640):  --- modulename: _bootstrap_external, funcname: _path_join
<frozen importlib._bootstrap_external>(98): <frozen importlib._bootstrap_external>(100): <frozen importlib._bootstrap_external>(102): <frozen importlib._bootstrap_external>(103): <frozen importlib._bootstrap_external>(104): <frozen importlib._bootstrap_external>(105): <frozen importlib._bootstrap_external>(106): <frozen importlib._bootstrap_external>(107): <frozen importlib._bootstrap_external>(104): <frozen importlib._bootstrap_external>(105): <frozen importlib._bootstrap_external>(108): <frozen importlib._bootstrap_external>(117): <frozen importlib._bootstrap_external>(118): <frozen importlib._bootstrap_external>(104): <frozen importlib._bootstrap_external>(119):  --- modulename: _bootstrap_external, funcname: <listcomp>
<frozen importlib._bootstrap_external>(119): <frozen importlib._bootstrap_external>(119): <frozen importlib._bootstrap_external>(119): <frozen importlib._bootstrap_external>(120): <frozen importlib._bootstrap_external>(123): <frozen importlib._bootstrap_external>(1643):  --- modulename: _bootstrap, funcname: _verbose_message
<frozen importlib._bootstrap>(246): <frozen importlib._bootstrap_external>(1644): <frozen importlib._bootstrap_external>(1638): <frozen importlib._bootstrap_external>(1639): <frozen importlib._bootstrap_external>(1640):  --- modulename: _bootstrap_external, funcname: _path_join
<frozen importlib._bootstrap_external>(98): <frozen importlib._bootstrap_external>(100): <frozen importlib._bootstrap_external>(102): <frozen importlib._bootstrap_external>(103): <frozen importlib._bootstrap_external>(104): <frozen importlib._bootstrap_external>(105): <frozen importlib._bootstrap_external>(106): <frozen importlib._bootstrap_external>(107): <frozen importlib._bootstrap_external>(104): <frozen importlib._bootstrap_external>(105): <frozen importlib._bootstrap_external>(108): <frozen importlib._bootstrap_external>(117): <frozen importlib._bootstrap_external>(118): <frozen importlib._bootstrap_external>(104): <frozen importlib._bootstrap_external>(119):  --- modulename: _bootstrap_external, funcname: <listcomp>
<frozen importlib._bootstrap_external>(119): <frozen importlib._bootstrap_external>(119): <frozen importlib._bootstrap_external>(119): <frozen importlib._bootstrap_external>(120): <frozen importlib._bootstrap_external>(123): <frozen importlib._bootstrap_external>(1643):  --- modulename: _bootstrap, funcname: _verbose_message
<frozen importlib._bootstrap>(246): <frozen importlib._bootstrap_external>(1644): <frozen importlib._bootstrap_external>(1638): <frozen importlib._bootstrap_external>(1639): <frozen importlib._bootstrap_external>(1640):  --- modulename: _bootstrap_external, funcname: _path_join
<frozen importlib._bootstrap_external>(98): <frozen importlib._bootstrap_external>(100): <frozen importlib._bootstrap_external>(102): <frozen importlib._bootstrap_external>(103): <frozen importlib._bootstrap_external>(104): <frozen importlib._bootstrap_external>(105): <frozen importlib._bootstrap_external>(106): <frozen importlib._bootstrap_external>(107): <frozen importlib._bootstrap_external>(104): <frozen importlib._bootstrap_external>(105): <frozen importlib._bootstrap_external>(108): <frozen importlib._bootstrap_external>(117): <frozen importlib._bootstrap_external>(118): <frozen importlib._bootstrap_external>(104): <frozen importlib._bootstrap_external>(119):  --- modulename: _bootstrap_external, funcname: <listcomp>
<frozen importlib._bootstrap_external>(119): <frozen importlib._bootstrap_external>(119): <frozen importlib._bootstrap_external>(119): <frozen importlib._bootstrap_external>(120): <frozen importlib._bootstrap_external>(123): <frozen importlib._bootstrap_external>(1643):  --- modulename: _bootstrap, funcname: _verbose_message
<frozen importlib._bootstrap>(246): <frozen importlib._bootstrap_external>(1644): <frozen importlib._bootstrap_external>(1638): <frozen importlib._bootstrap_external>(1639): <frozen importlib._bootstrap_external>(1640):  --- modulename: _bootstrap_external, funcname: _path_join
<frozen importlib._bootstrap_external>(98): <frozen importlib._bootstrap_external>(100): <frozen importlib._bootstrap_external>(102): <frozen importlib._bootstrap_external>(103): <frozen importlib._bootstrap_external>(104): <frozen importlib._bootstrap_external>(105): <frozen importlib._bootstrap_external>(106): <frozen importlib._bootstrap_external>(107): <frozen importlib._bootstrap_external>(104): <frozen importlib._bootstrap_external>(105): <frozen importlib._bootstrap_external>(108): <frozen importlib._bootstrap_external>(117): <frozen importlib._bootstrap_external>(118): <frozen importlib._bootstrap_external>(104): <frozen importlib._bootstrap_external>(119):  --- modulename: _bootstrap_external, funcname: <listcomp>
<frozen importlib._bootstrap_external>(119): <frozen importlib._bootstrap_external>(119): <frozen importlib._bootstrap_external>(119): <frozen importlib._bootstrap_external>(120): <frozen importlib._bootstrap_external>(123): <frozen importlib._bootstrap_external>(1643):  --- modulename: _bootstrap, funcname: _verbose_message
<frozen importlib._bootstrap>(246): <frozen importlib._bootstrap_external>(1644): <frozen importlib._bootstrap_external>(1638): <frozen importlib._bootstrap_external>(1648): <frozen importlib._bootstrap_external>(1653): <frozen importlib._bootstrap_external>(1479): <frozen importlib._bootstrap_external>(1480): <frozen importlib._bootstrap_external>(1470): <frozen importlib._bootstrap_external>(1471): <frozen importlib._bootstrap_external>(1473):  --- modulename: _bootstrap_external, funcname: _path_importer_cache
<frozen importlib._bootstrap_external>(1429): <frozen importlib._bootstrap_external>(1436): <frozen importlib._bootstrap_external>(1437): <frozen importlib._bootstrap_external>(1441): <frozen importlib._bootstrap_external>(1474): <frozen importlib._bootstrap_external>(1470): <frozen importlib._bootstrap_external>(1471): <frozen importlib._bootstrap_external>(1473):  --- modulename: _bootstrap_external, funcname: _path_importer_cache
<frozen importlib._bootstrap_external>(1429): <frozen importlib._bootstrap_external>(1436): <frozen importlib._bootstrap_external>(1437): <frozen importlib._bootstrap_external>(1441): <frozen importlib._bootstrap_external>(1474): <frozen importlib._bootstrap_external>(1475): <frozen importlib._bootstrap_external>(1476):  --- modulename: _bootstrap_external, funcname: find_spec
<frozen importlib._bootstrap_external>(1609): <frozen importlib._bootstrap_external>(1610): <frozen importlib._bootstrap_external>(1611): <frozen importlib._bootstrap_external>(1612):  --- modulename: _bootstrap_external, funcname: _path_stat
<frozen importlib._bootstrap_external>(147): <frozen importlib._bootstrap_external>(1615): <frozen importlib._bootstrap_external>(1619):  --- modulename: _bootstrap_external, funcname: _relax_case
<frozen importlib._bootstrap_external>(69): <frozen importlib._bootstrap_external>(1623): <frozen importlib._bootstrap_external>(1624): <frozen importlib._bootstrap_external>(1626): <frozen importlib._bootstrap_external>(1638): <frozen importlib._bootstrap_external>(1639): <frozen importlib._bootstrap_external>(1640):  --- modulename: _bootstrap_external, funcname: _path_join
<frozen importlib._bootstrap_external>(98): <frozen importlib._bootstrap_external>(100): <frozen importlib._bootstrap_external>(102): <frozen importlib._bootstrap_external>(103): <frozen importlib._bootstrap_external>(104): <frozen importlib._bootstrap_external>(105): <frozen importlib._bootstrap_external>(106): <frozen importlib._bootstrap_external>(107): <frozen importlib._bootstrap_external>(104): <frozen importlib._bootstrap_external>(105): <frozen importlib._bootstrap_external>(108): <frozen importlib._bootstrap_external>(117): <frozen importlib._bootstrap_external>(118): <frozen importlib._bootstrap_external>(104): <frozen importlib._bootstrap_external>(119):  --- modulename: _bootstrap_external, funcname: <listcomp>
<frozen importlib._bootstrap_external>(119): <frozen importlib._bootstrap_external>(119): <frozen importlib._bootstrap_external>(119): <frozen importlib._bootstrap_external>(120): <frozen importlib._bootstrap_external>(123): <frozen importlib._bootstrap_external>(1643):  --- modulename: _bootstrap, funcname: _verbose_message
<frozen importlib._bootstrap>(246): <frozen importlib._bootstrap_external>(1644): <frozen importlib._bootstrap_external>(1638): <frozen importlib._bootstrap_external>(1639): <frozen importlib._bootstrap_external>(1640):  --- modulename: _bootstrap_external, funcname: _path_join
<frozen importlib._bootstrap_external>(98): <frozen importlib._bootstrap_external>(100): <frozen importlib._bootstrap_external>(102): <frozen importlib._bootstrap_external>(103): <frozen importlib._bootstrap_external>(104): <frozen importlib._bootstrap_external>(105): <frozen importlib._bootstrap_external>(106): <frozen importlib._bootstrap_external>(107): <frozen importlib._bootstrap_external>(104): <frozen importlib._bootstrap_external>(105): <frozen importlib._bootstrap_external>(108): <frozen importlib._bootstrap_external>(117): <frozen importlib._bootstrap_external>(118): <frozen importlib._bootstrap_external>(104): <frozen importlib._bootstrap_external>(119):  --- modulename: _bootstrap_external, funcname: <listcomp>
<frozen importlib._bootstrap_external>(119): <frozen importlib._bootstrap_external>(119): <frozen importlib._bootstrap_external>(119): <frozen importlib._bootstrap_external>(120): <frozen importlib._bootstrap_external>(123): <frozen importlib._bootstrap_external>(1643):  --- modulename: _bootstrap, funcname: _verbose_message
<frozen importlib._bootstrap>(246): <frozen importlib._bootstrap_external>(1644): <frozen importlib._bootstrap_external>(1638): <frozen importlib._bootstrap_external>(1639): <frozen importlib._bootstrap_external>(1640):  --- modulename: _bootstrap_external, funcname: _path_join
<frozen importlib._bootstrap_external>(98): <frozen importlib._bootstrap_external>(100): <frozen importlib._bootstrap_external>(102): <frozen importlib._bootstrap_external>(103): <frozen importlib._bootstrap_external>(104): <frozen importlib._bootstrap_external>(105): <frozen importlib._bootstrap_external>(106): <frozen importlib._bootstrap_external>(107): <frozen importlib._bootstrap_external>(104): <frozen importlib._bootstrap_external>(105): <frozen importlib._bootstrap_external>(108): <frozen importlib._bootstrap_external>(117): <frozen importlib._bootstrap_external>(118): <frozen importlib._bootstrap_external>(104): <frozen importlib._bootstrap_external>(119):  --- modulename: _bootstrap_external, funcname: <listcomp>
<frozen importlib._bootstrap_external>(119): <frozen importlib._bootstrap_external>(119): <frozen importlib._bootstrap_external>(119): <frozen importlib._bootstrap_external>(120): <frozen importlib._bootstrap_external>(123): <frozen importlib._bootstrap_external>(1643):  --- modulename: _bootstrap, funcname: _verbose_message
<frozen importlib._bootstrap>(246): <frozen importlib._bootstrap_external>(1644): <frozen importlib._bootstrap_external>(1638): <frozen importlib._bootstrap_external>(1639): <frozen importlib._bootstrap_external>(1640):  --- modulename: _bootstrap_external, funcname: _path_join
<frozen importlib._bootstrap_external>(98): <frozen importlib._bootstrap_external>(100): <frozen importlib._bootstrap_external>(102): <frozen importlib._bootstrap_external>(103): <frozen importlib._bootstrap_external>(104): <frozen importlib._bootstrap_external>(105): <frozen importlib._bootstrap_external>(106): <frozen importlib._bootstrap_external>(107): <frozen importlib._bootstrap_external>(104): <frozen importlib._bootstrap_external>(105): <frozen importlib._bootstrap_external>(108): <frozen importlib._bootstrap_external>(117): <frozen importlib._bootstrap_external>(118): <frozen importlib._bootstrap_external>(104): <frozen importlib._bootstrap_external>(119):  --- modulename: _bootstrap_external, funcname: <listcomp>
<frozen importlib._bootstrap_external>(119): <frozen importlib._bootstrap_external>(119): <frozen importlib._bootstrap_external>(119): <frozen importlib._bootstrap_external>(120): <frozen importlib._bootstrap_external>(123): <frozen importlib._bootstrap_external>(1643):  --- modulename: _bootstrap, funcname: _verbose_message
<frozen importlib._bootstrap>(246): <frozen importlib._bootstrap_external>(1644): <frozen importlib._bootstrap_external>(1638): <frozen importlib._bootstrap_external>(1639): <frozen importlib._bootstrap_external>(1640):  --- modulename: _bootstrap_external, funcname: _path_join
<frozen importlib._bootstrap_external>(98): <frozen importlib._bootstrap_external>(100): <frozen importlib._bootstrap_external>(102): <frozen importlib._bootstrap_external>(103): <frozen importlib._bootstrap_external>(104): <frozen importlib._bootstrap_external>(105): <frozen importlib._bootstrap_external>(106): <frozen importlib._bootstrap_external>(107): <frozen importlib._bootstrap_external>(104): <frozen importlib._bootstrap_external>(105): <frozen importlib._bootstrap_external>(108): <frozen importlib._bootstrap_external>(117): <frozen importlib._bootstrap_external>(118): <frozen importlib._bootstrap_external>(104): <frozen importlib._bootstrap_external>(119):  --- modulename: _bootstrap_external, funcname: <listcomp>
<frozen importlib._bootstrap_external>(119): <frozen importlib._bootstrap_external>(119): <frozen importlib._bootstrap_external>(119): <frozen importlib._bootstrap_external>(120): <frozen importlib._bootstrap_external>(123): <frozen importlib._bootstrap_external>(1643):  --- modulename: _bootstrap, funcname: _verbose_message
<frozen importlib._bootstrap>(246): <frozen importlib._bootstrap_external>(1644): <frozen importlib._bootstrap_external>(1638): <frozen importlib._bootstrap_external>(1648): <frozen importlib._bootstrap_external>(1653): <frozen importlib._bootstrap_external>(1479): <frozen importlib._bootstrap_external>(1480): <frozen importlib._bootstrap_external>(1470): <frozen importlib._bootstrap_external>(1471): <frozen importlib._bootstrap_external>(1473):  --- modulename: _bootstrap_external, funcname: _path_importer_cache
<frozen importlib._bootstrap_external>(1429): <frozen importlib._bootstrap_external>(1436): <frozen importlib._bootstrap_external>(1437): <frozen importlib._bootstrap_external>(1441): <frozen importlib._bootstrap_external>(1474): <frozen importlib._bootstrap_external>(1475): <frozen importlib._bootstrap_external>(1476):  --- modulename: _bootstrap_external, funcname: find_spec
<frozen importlib._bootstrap_external>(1609): <frozen importlib._bootstrap_external>(1610): <frozen importlib._bootstrap_external>(1611): <frozen importlib._bootstrap_external>(1612):  --- modulename: _bootstrap_external, funcname: _path_stat
<frozen importlib._bootstrap_external>(147): <frozen importlib._bootstrap_external>(1615): <frozen importlib._bootstrap_external>(1619):  --- modulename: _bootstrap_external, funcname: _relax_case
<frozen importlib._bootstrap_external>(69): <frozen importlib._bootstrap_external>(1623): <frozen importlib._bootstrap_external>(1624): <frozen importlib._bootstrap_external>(1626): <frozen importlib._bootstrap_external>(1638): <frozen importlib._bootstrap_external>(1639): <frozen importlib._bootstrap_external>(1640):  --- modulename: _bootstrap_external, funcname: _path_join
<frozen importlib._bootstrap_external>(98): <frozen importlib._bootstrap_external>(100): <frozen importlib._bootstrap_external>(102): <frozen importlib._bootstrap_external>(103): <frozen importlib._bootstrap_external>(104): <frozen importlib._bootstrap_external>(105): <frozen importlib._bootstrap_external>(106): <frozen importlib._bootstrap_external>(107): <frozen importlib._bootstrap_external>(104): <frozen importlib._bootstrap_external>(105): <frozen importlib._bootstrap_external>(108): <frozen importlib._bootstrap_external>(117): <frozen importlib._bootstrap_external>(118): <frozen importlib._bootstrap_external>(104): <frozen importlib._bootstrap_external>(119):  --- modulename: _bootstrap_external, funcname: <listcomp>
<frozen importlib._bootstrap_external>(119): <frozen importlib._bootstrap_external>(119): <frozen importlib._bootstrap_external>(119): <frozen importlib._bootstrap_external>(120): <frozen importlib._bootstrap_external>(123): <frozen importlib._bootstrap_external>(1643):  --- modulename: _bootstrap, funcname: _verbose_message
<frozen importlib._bootstrap>(246): <frozen importlib._bootstrap_external>(1644): <frozen importlib._bootstrap_external>(1638): <frozen importlib._bootstrap_external>(1639): <frozen importlib._bootstrap_external>(1640):  --- modulename: _bootstrap_external, funcname: _path_join
<frozen importlib._bootstrap_external>(98): <frozen importlib._bootstrap_external>(100): <frozen importlib._bootstrap_external>(102): <frozen importlib._bootstrap_external>(103): <frozen importlib._bootstrap_external>(104): <frozen importlib._bootstrap_external>(105): <frozen importlib._bootstrap_external>(106): <frozen importlib._bootstrap_external>(107): <frozen importlib._bootstrap_external>(104): <frozen importlib._bootstrap_external>(105): <frozen importlib._bootstrap_external>(108): <frozen importlib._bootstrap_external>(117): <frozen importlib._bootstrap_external>(118): <frozen importlib._bootstrap_external>(104): <frozen importlib._bootstrap_external>(119):  --- modulename: _bootstrap_external, funcname: <listcomp>
<frozen importlib._bootstrap_external>(119): <frozen importlib._bootstrap_external>(119): <frozen importlib._bootstrap_external>(119): <frozen importlib._bootstrap_external>(120): <frozen importlib._bootstrap_external>(123): <frozen importlib._bootstrap_external>(1643):  --- modulename: _bootstrap, funcname: _verbose_message
<frozen importlib._bootstrap>(246): <frozen importlib._bootstrap_external>(1644): <frozen importlib._bootstrap_external>(1638): <frozen importlib._bootstrap_external>(1639): <frozen importlib._bootstrap_external>(1640):  --- modulename: _bootstrap_external, funcname: _path_join
<frozen importlib._bootstrap_external>(98): <frozen importlib._bootstrap_external>(100): <frozen importlib._bootstrap_external>(102): <frozen importlib._bootstrap_external>(103): <frozen importlib._bootstrap_external>(104): <frozen importlib._bootstrap_external>(105): <frozen importlib._bootstrap_external>(106): <frozen importlib._bootstrap_external>(107): <frozen importlib._bootstrap_external>(104): <frozen importlib._bootstrap_external>(105): <frozen importlib._bootstrap_external>(108): <frozen importlib._bootstrap_external>(117): <frozen importlib._bootstrap_external>(118): <frozen importlib._bootstrap_external>(104): <frozen importlib._bootstrap_external>(119):  --- modulename: _bootstrap_external, funcname: <listcomp>
<frozen importlib._bootstrap_external>(119): <frozen importlib._bootstrap_external>(119): <frozen importlib._bootstrap_external>(119): <frozen importlib._bootstrap_external>(120): <frozen importlib._bootstrap_external>(123): <frozen importlib._bootstrap_external>(1643):  --- modulename: _bootstrap, funcname: _verbose_message
<frozen importlib._bootstrap>(246): <frozen importlib._bootstrap_external>(1644): <frozen importlib._bootstrap_external>(1645):  --- modulename: _bootstrap_external, funcname: _path_isfile
<frozen importlib._bootstrap_external>(161):  --- modulename: _bootstrap_external, funcname: _path_is_mode_type
<frozen importlib._bootstrap_external>(152): <frozen importlib._bootstrap_external>(153):  --- modulename: _bootstrap_external, funcname: _path_stat
<frozen importlib._bootstrap_external>(147): <frozen importlib._bootstrap_external>(156): <frozen importlib._bootstrap_external>(1646): <frozen importlib._bootstrap_external>(1647): <frozen importlib._bootstrap_external>(1646):  --- modulename: _bootstrap_external, funcname: _get_spec
<frozen importlib._bootstrap_external>(1600):  --- modulename: _bootstrap_external, funcname: __init__
<frozen importlib._bootstrap_external>(1100): <frozen importlib._bootstrap_external>(1101): <frozen importlib._bootstrap_external>(1601): <frozen importlib._bootstrap_external>(1602): <frozen importlib._bootstrap_external>(1601):  --- modulename: _bootstrap_external, funcname: spec_from_file_location
<frozen importlib._bootstrap_external>(790): <frozen importlib._bootstrap_external>(802): <frozen importlib._bootstrap_external>(803):  --- modulename: _bootstrap_external, funcname: _path_isabs
<frozen importlib._bootstrap_external>(174): <frozen importlib._bootstrap_external>(176): <frozen importlib._bootstrap_external>(177): <frozen importlib._bootstrap_external>(815):  --- modulename: _bootstrap, funcname: __init__
<frozen importlib._bootstrap>(359): <frozen importlib._bootstrap>(360): <frozen importlib._bootstrap>(361): <frozen importlib._bootstrap>(362): <frozen importlib._bootstrap>(363): <frozen importlib._bootstrap>(364): <frozen importlib._bootstrap>(367): <frozen importlib._bootstrap>(368): <frozen importlib._bootstrap_external>(816): <frozen importlib._bootstrap_external>(819): <frozen importlib._bootstrap_external>(829): <frozen importlib._bootstrap_external>(840): <frozen importlib._bootstrap_external>(841): <frozen importlib._bootstrap_external>(846): <frozen importlib._bootstrap_external>(1479): <frozen importlib._bootstrap_external>(1481): <frozen importlib._bootstrap_external>(1482): <frozen importlib._bootstrap_external>(1505): <frozen importlib._bootstrap_external>(1507): <frozen importlib._bootstrap_external>(1518): <frozen importlib._bootstrap>(1072):  --- modulename: _bootstrap, funcname: __exit__
<frozen importlib._bootstrap>(1034): <frozen importlib._bootstrap>(1081): <frozen importlib._bootstrap>(1083): <frozen importlib._bootstrap>(1098): <frozen importlib._bootstrap>(1141): <frozen importlib._bootstrap>(1144): <frozen importlib._bootstrap>(1148): <frozen importlib._bootstrap>(1149):  --- modulename: _bootstrap, funcname: _load_unlocked
<frozen importlib._bootstrap>(668): <frozen importlib._bootstrap>(670): <frozen importlib._bootstrap>(676):  --- modulename: _bootstrap, funcname: module_from_spec
<frozen importlib._bootstrap>(569): <frozen importlib._bootstrap>(570): <frozen importlib._bootstrap>(573):  --- modulename: _bootstrap_external, funcname: create_module
<frozen importlib._bootstrap_external>(931): <frozen importlib._bootstrap>(577): <frozen importlib._bootstrap>(578):  --- modulename: _bootstrap, funcname: _new_module
<frozen importlib._bootstrap>(49): <frozen importlib._bootstrap>(579):  --- modulename: _bootstrap, funcname: _init_module_attrs
<frozen importlib._bootstrap>(497): <frozen importlib._bootstrap>(503): <frozen importlib._bootstrap>(504): <frozen importlib._bootstrap>(505): <frozen importlib._bootstrap>(526): <frozen importlib._bootstrap>(527): <frozen importlib._bootstrap>(531): <frozen importlib._bootstrap>(532): <frozen importlib._bootstrap>(533):  --- modulename: _bootstrap, funcname: parent
<frozen importlib._bootstrap>(408): <frozen importlib._bootstrap>(409): <frozen importlib._bootstrap>(537): <frozen importlib._bootstrap>(538): <frozen importlib._bootstrap>(542): <frozen importlib._bootstrap>(543): <frozen importlib._bootstrap>(550):  --- modulename: _bootstrap, funcname: has_location
<frozen importlib._bootstrap>(415): <frozen importlib._bootstrap>(551): <frozen importlib._bootstrap>(552): <frozen importlib._bootstrap>(553): <frozen importlib._bootstrap>(557): <frozen importlib._bootstrap>(558):  --- modulename: _bootstrap, funcname: cached
<frozen importlib._bootstrap>(394): <frozen importlib._bootstrap>(395): <frozen importlib._bootstrap>(396): <frozen importlib._bootstrap>(398):  --- modulename: _bootstrap_external, funcname: _get_cached
<frozen importlib._bootstrap_external>(568): <frozen importlib._bootstrap_external>(569): <frozen importlib._bootstrap_external>(570):  --- modulename: _bootstrap_external, funcname: cache_from_source
<frozen importlib._bootstrap_external>(455): <frozen importlib._bootstrap_external>(462): <frozen importlib._bootstrap_external>(463):  --- modulename: _bootstrap_external, funcname: _path_split
<frozen importlib._bootstrap_external>(134):  --- modulename: _bootstrap_external, funcname: <genexpr>
<frozen importlib._bootstrap_external>(134):  --- modulename: _bootstrap_external, funcname: <genexpr>
<frozen importlib._bootstrap_external>(134):  --- modulename: _bootstrap_external, funcname: <genexpr>
<frozen importlib._bootstrap_external>(134): <frozen importlib._bootstrap_external>(135): <frozen importlib._bootstrap_external>(137): <frozen importlib._bootstrap_external>(464): <frozen importlib._bootstrap_external>(465): <frozen importlib._bootstrap_external>(466): <frozen importlib._bootstrap_external>(468): <frozen importlib._bootstrap_external>(469): <frozen importlib._bootstrap_external>(470): <frozen importlib._bootstrap_external>(471): <frozen importlib._bootstrap_external>(474): <frozen importlib._bootstrap_external>(475): <frozen importlib._bootstrap_external>(479): <frozen importlib._bootstrap_external>(480): <frozen importlib._bootstrap_external>(505):  --- modulename: _bootstrap_external, funcname: _path_join
<frozen importlib._bootstrap_external>(98): <frozen importlib._bootstrap_external>(100): <frozen importlib._bootstrap_external>(102): <frozen importlib._bootstrap_external>(103): <frozen importlib._bootstrap_external>(104): <frozen importlib._bootstrap_external>(105): <frozen importlib._bootstrap_external>(106): <frozen importlib._bootstrap_external>(107): <frozen importlib._bootstrap_external>(104): <frozen importlib._bootstrap_external>(105): <frozen importlib._bootstrap_external>(108): <frozen importlib._bootstrap_external>(117): <frozen importlib._bootstrap_external>(118): <frozen importlib._bootstrap_external>(104): <frozen importlib._bootstrap_external>(105): <frozen importlib._bootstrap_external>(108): <frozen importlib._bootstrap_external>(117): <frozen importlib._bootstrap_external>(118): <frozen importlib._bootstrap_external>(104): <frozen importlib._bootstrap_external>(119):  --- modulename: _bootstrap_external, funcname: <listcomp>
<frozen importlib._bootstrap_external>(119): <frozen importlib._bootstrap_external>(119): <frozen importlib._bootstrap_external>(119): <frozen importlib._bootstrap_external>(119): <frozen importlib._bootstrap_external>(120): <frozen importlib._bootstrap_external>(123): <frozen importlib._bootstrap>(399): <frozen importlib._bootstrap>(559): <frozen importlib._bootstrap>(560):  --- modulename: _bootstrap, funcname: cached
<frozen importlib._bootstrap>(394): <frozen importlib._bootstrap>(399): <frozen importlib._bootstrap>(563): <frozen importlib._bootstrap>(580): <frozen importlib._bootstrap>(681): <frozen importlib._bootstrap>(682): <frozen importlib._bootstrap>(683): <frozen importlib._bootstrap>(684): <frozen importlib._bootstrap>(685): <frozen importlib._bootstrap>(690):  --- modulename: _bootstrap_external, funcname: exec_module
<frozen importlib._bootstrap_external>(936):  --- modulename: _bootstrap_external, funcname: get_code
<frozen importlib._bootstrap_external>(1014):  --- modulename: _bootstrap_external, funcname: _check_name_wrapper
<frozen importlib._bootstrap_external>(600): <frozen importlib._bootstrap_external>(602): <frozen importlib._bootstrap_external>(605):  --- modulename: _bootstrap_external, funcname: get_filename
<frozen importlib._bootstrap_external>(1125): <frozen importlib._bootstrap_external>(1015): <frozen importlib._bootstrap_external>(1016): <frozen importlib._bootstrap_external>(1017): <frozen importlib._bootstrap_external>(1018): <frozen importlib._bootstrap_external>(1019): <frozen importlib._bootstrap_external>(1020): <frozen importlib._bootstrap_external>(1021):  --- modulename: _bootstrap_external, funcname: cache_from_source
<frozen importlib._bootstrap_external>(455): <frozen importlib._bootstrap_external>(462): <frozen importlib._bootstrap_external>(463):  --- modulename: _bootstrap_external, funcname: _path_split
<frozen importlib._bootstrap_external>(134):  --- modulename: _bootstrap_external, funcname: <genexpr>
<frozen importlib._bootstrap_external>(134):  --- modulename: _bootstrap_external, funcname: <genexpr>
<frozen importlib._bootstrap_external>(134):  --- modulename: _bootstrap_external, funcname: <genexpr>
<frozen importlib._bootstrap_external>(134): <frozen importlib._bootstrap_external>(135): <frozen importlib._bootstrap_external>(137): <frozen importlib._bootstrap_external>(464): <frozen importlib._bootstrap_external>(465): <frozen importlib._bootstrap_external>(466): <frozen importlib._bootstrap_external>(468): <frozen importlib._bootstrap_external>(469): <frozen importlib._bootstrap_external>(470): <frozen importlib._bootstrap_external>(471): <frozen importlib._bootstrap_external>(474): <frozen importlib._bootstrap_external>(475): <frozen importlib._bootstrap_external>(479): <frozen importlib._bootstrap_external>(480): <frozen importlib._bootstrap_external>(505):  --- modulename: _bootstrap_external, funcname: _path_join
<frozen importlib._bootstrap_external>(98): <frozen importlib._bootstrap_external>(100): <frozen importlib._bootstrap_external>(102): <frozen importlib._bootstrap_external>(103): <frozen importlib._bootstrap_external>(104): <frozen importlib._bootstrap_external>(105): <frozen importlib._bootstrap_external>(106): <frozen importlib._bootstrap_external>(107): <frozen importlib._bootstrap_external>(104): <frozen importlib._bootstrap_external>(105): <frozen importlib._bootstrap_external>(108): <frozen importlib._bootstrap_external>(117): <frozen importlib._bootstrap_external>(118): <frozen importlib._bootstrap_external>(104): <frozen importlib._bootstrap_external>(105): <frozen importlib._bootstrap_external>(108): <frozen importlib._bootstrap_external>(117): <frozen importlib._bootstrap_external>(118): <frozen importlib._bootstrap_external>(104): <frozen importlib._bootstrap_external>(119):  --- modulename: _bootstrap_external, funcname: <listcomp>
<frozen importlib._bootstrap_external>(119): <frozen importlib._bootstrap_external>(119): <frozen importlib._bootstrap_external>(119): <frozen importlib._bootstrap_external>(119): <frozen importlib._bootstrap_external>(120): <frozen importlib._bootstrap_external>(123): <frozen importlib._bootstrap_external>(1025): <frozen importlib._bootstrap_external>(1026):  --- modulename: _bootstrap_external, funcname: path_stats
<frozen importlib._bootstrap_external>(1148):  --- modulename: _bootstrap_external, funcname: _path_stat
<frozen importlib._bootstrap_external>(147): <frozen importlib._bootstrap_external>(1149): <frozen importlib._bootstrap_external>(1030): <frozen importlib._bootstrap_external>(1031): <frozen importlib._bootstrap_external>(1032):  --- modulename: _bootstrap_external, funcname: get_data
<frozen importlib._bootstrap_external>(1129): <frozen importlib._bootstrap_external>(1130): <frozen importlib._bootstrap_external>(1131): <frozen importlib._bootstrap_external>(1130): <frozen importlib._bootstrap_external>(1037): <frozen importlib._bootstrap_external>(1038): <frozen importlib._bootstrap_external>(1036): <frozen importlib._bootstrap_external>(1040): <frozen importlib._bootstrap_external>(1041):  --- modulename: _bootstrap_external, funcname: _classify_pyc
<frozen importlib._bootstrap_external>(658): <frozen importlib._bootstrap_external>(659): <frozen importlib._bootstrap_external>(663): <frozen importlib._bootstrap_external>(667):  --- modulename: _bootstrap_external, funcname: _unpack_uint32
<frozen importlib._bootstrap_external>(86): <frozen importlib._bootstrap_external>(87): <frozen importlib._bootstrap_external>(669): <frozen importlib._bootstrap_external>(672): <frozen importlib._bootstrap_external>(1042): <frozen importlib._bootstrap_external>(1043): <frozen importlib._bootstrap_external>(1044): <frozen importlib._bootstrap_external>(1057): <frozen importlib._bootstrap_external>(1058): <frozen importlib._bootstrap_external>(1059): <frozen importlib._bootstrap_external>(1060): <frozen importlib._bootstrap_external>(1061): <frozen importlib._bootstrap_external>(1062): <frozen importlib._bootstrap_external>(1057):  --- modulename: _bootstrap_external, funcname: _validate_timestamp_pyc
<frozen importlib._bootstrap_external>(694):  --- modulename: _bootstrap_external, funcname: _unpack_uint32
<frozen importlib._bootstrap_external>(86): <frozen importlib._bootstrap_external>(87): <frozen importlib._bootstrap_external>(698): <frozen importlib._bootstrap_external>(699):  --- modulename: _bootstrap_external, funcname: _unpack_uint32
<frozen importlib._bootstrap_external>(86): <frozen importlib._bootstrap_external>(87): <frozen importlib._bootstrap_external>(698): <frozen importlib._bootstrap_external>(1067): <frozen importlib._bootstrap_external>(1068): <frozen importlib._bootstrap_external>(1067):  --- modulename: _bootstrap, funcname: _verbose_message
<frozen importlib._bootstrap>(246): <frozen importlib._bootstrap_external>(1069): <frozen importlib._bootstrap_external>(1070): <frozen importlib._bootstrap_external>(1071): <frozen importlib._bootstrap_external>(1069):  --- modulename: _bootstrap_external, funcname: _compile_bytecode
<frozen importlib._bootstrap_external>(729): <frozen importlib._bootstrap_external>(730): <frozen importlib._bootstrap_external>(731):  --- modulename: _bootstrap, funcname: _verbose_message
<frozen importlib._bootstrap>(246): <frozen importlib._bootstrap_external>(732): <frozen importlib._bootstrap_external>(733): <frozen importlib._bootstrap_external>(734): <frozen importlib._bootstrap_external>(937): <frozen importlib._bootstrap_external>(940):  --- modulename: _bootstrap, funcname: _call_with_frames_removed
<frozen importlib._bootstrap>(241):  --- modulename: subprocess, funcname: <module>
subprocess.py(9): r"""Subprocesses with accessible I/O streams
subprocess.py(43): import builtins
subprocess.py(44): import errno
subprocess.py(45): import io
subprocess.py(46): import locale
 --- modulename: _bootstrap, funcname: _find_and_load
<frozen importlib._bootstrap>(1172): <frozen importlib._bootstrap>(1173): <frozen importlib._bootstrap>(1175):  --- modulename: _bootstrap, funcname: __init__
<frozen importlib._bootstrap>(166): <frozen importlib._bootstrap>(167):  --- modulename: _bootstrap, funcname: __enter__
<frozen importlib._bootstrap>(170):  --- modulename: _bootstrap, funcname: _get_module_lock
<frozen importlib._bootstrap>(185): <frozen importlib._bootstrap>(186): <frozen importlib._bootstrap>(187): <frozen importlib._bootstrap>(188): <frozen importlib._bootstrap>(189): <frozen importlib._bootstrap>(190): <frozen importlib._bootstrap>(192): <frozen importlib._bootstrap>(193): <frozen importlib._bootstrap>(196):  --- modulename: _bootstrap, funcname: __init__
<frozen importlib._bootstrap>(72): <frozen importlib._bootstrap>(73): <frozen importlib._bootstrap>(74): <frozen importlib._bootstrap>(75): <frozen importlib._bootstrap>(76): <frozen importlib._bootstrap>(77): <frozen importlib._bootstrap>(198): <frozen importlib._bootstrap>(209): <frozen importlib._bootstrap>(211): <frozen importlib._bootstrap>(213): <frozen importlib._bootstrap>(171):  --- modulename: _bootstrap, funcname: acquire
<frozen importlib._bootstrap>(106): <frozen importlib._bootstrap>(107): <frozen importlib._bootstrap>(108): <frozen importlib._bootstrap>(109): <frozen importlib._bootstrap>(110): <frozen importlib._bootstrap>(111): <frozen importlib._bootstrap>(112): <frozen importlib._bootstrap>(113): <frozen importlib._bootstrap>(114): <frozen importlib._bootstrap>(110): <frozen importlib._bootstrap>(123): <frozen importlib._bootstrap>(1176): <frozen importlib._bootstrap>(1177): <frozen importlib._bootstrap>(1178):  --- modulename: _bootstrap, funcname: _find_and_load_unlocked
<frozen importlib._bootstrap>(1123): <frozen importlib._bootstrap>(1124): <frozen importlib._bootstrap>(1125): <frozen importlib._bootstrap>(1126): <frozen importlib._bootstrap>(1140):  --- modulename: _bootstrap, funcname: _find_spec
<frozen importlib._bootstrap>(1058): <frozen importlib._bootstrap>(1059): <frozen importlib._bootstrap>(1064): <frozen importlib._bootstrap>(1070): <frozen importlib._bootstrap>(1071): <frozen importlib._bootstrap>(1072):  --- modulename: _bootstrap, funcname: __enter__
<frozen importlib._bootstrap>(1030): <frozen importlib._bootstrap>(1073): <frozen importlib._bootstrap>(1074): <frozen importlib._bootstrap>(1080): <frozen importlib._bootstrap>(1072):  --- modulename: _bootstrap, funcname: __exit__
<frozen importlib._bootstrap>(1034): <frozen importlib._bootstrap>(1081): <frozen importlib._bootstrap>(1071): <frozen importlib._bootstrap>(1072):  --- modulename: _bootstrap, funcname: __enter__
<frozen importlib._bootstrap>(1030): <frozen importlib._bootstrap>(1073): <frozen importlib._bootstrap>(1074): <frozen importlib._bootstrap>(1080): <frozen importlib._bootstrap>(1072):  --- modulename: _bootstrap, funcname: __exit__
<frozen importlib._bootstrap>(1034): <frozen importlib._bootstrap>(1081): <frozen importlib._bootstrap>(1071): <frozen importlib._bootstrap>(1072):  --- modulename: _bootstrap, funcname: __enter__
<frozen importlib._bootstrap>(1030): <frozen importlib._bootstrap>(1073): <frozen importlib._bootstrap>(1074): <frozen importlib._bootstrap>(1080):  --- modulename: _bootstrap, funcname: find_spec
<frozen importlib._bootstrap>(750): <frozen importlib._bootstrap>(752): <frozen importlib._bootstrap>(755): <frozen importlib._bootstrap>(1072):  --- modulename: _bootstrap, funcname: __exit__
<frozen importlib._bootstrap>(1034): <frozen importlib._bootstrap>(1081): <frozen importlib._bootstrap>(1071): <frozen importlib._bootstrap>(1072):  --- modulename: _bootstrap, funcname: __enter__
<frozen importlib._bootstrap>(1030): <frozen importlib._bootstrap>(1073): <frozen importlib._bootstrap>(1074): <frozen importlib._bootstrap>(1080):  --- modulename: _bootstrap, funcname: find_spec
<frozen importlib._bootstrap>(924):  --- modulename: _bootstrap, funcname: _call_with_frames_removed
<frozen importlib._bootstrap>(241): <frozen importlib._bootstrap>(925): <frozen importlib._bootstrap>(926): <frozen importlib._bootstrap>(1072):  --- modulename: _bootstrap, funcname: __exit__
<frozen importlib._bootstrap>(1034): <frozen importlib._bootstrap>(1081): <frozen importlib._bootstrap>(1071): <frozen importlib._bootstrap>(1072):  --- modulename: _bootstrap, funcname: __enter__
<frozen importlib._bootstrap>(1030): <frozen importlib._bootstrap>(1073): <frozen importlib._bootstrap>(1074): <frozen importlib._bootstrap>(1080):  --- modulename: _bootstrap_external, funcname: find_spec
<frozen importlib._bootstrap_external>(1502): <frozen importlib._bootstrap_external>(1503): <frozen importlib._bootstrap_external>(1504):  --- modulename: _bootstrap_external, funcname: _get_spec
<frozen importlib._bootstrap_external>(1469): <frozen importlib._bootstrap_external>(1470): <frozen importlib._bootstrap_external>(1471): <frozen importlib._bootstrap_external>(1473):  --- modulename: _bootstrap_external, funcname: _path_importer_cache
<frozen importlib._bootstrap_external>(1429): <frozen importlib._bootstrap_external>(1436): <frozen importlib._bootstrap_external>(1437): <frozen importlib._bootstrap_external>(1441): <frozen importlib._bootstrap_external>(1474): <frozen importlib._bootstrap_external>(1475): <frozen importlib._bootstrap_external>(1476):  --- modulename: _bootstrap_external, funcname: find_spec
<frozen importlib._bootstrap_external>(1609): <frozen importlib._bootstrap_external>(1610): <frozen importlib._bootstrap_external>(1611): <frozen importlib._bootstrap_external>(1612):  --- modulename: _bootstrap_external, funcname: _path_stat
<frozen importlib._bootstrap_external>(147): <frozen importlib._bootstrap_external>(1615): <frozen importlib._bootstrap_external>(1619):  --- modulename: _bootstrap_external, funcname: _relax_case
<frozen importlib._bootstrap_external>(69): <frozen importlib._bootstrap_external>(1623): <frozen importlib._bootstrap_external>(1624): <frozen importlib._bootstrap_external>(1626): <frozen importlib._bootstrap_external>(1638): <frozen importlib._bootstrap_external>(1639): <frozen importlib._bootstrap_external>(1640):  --- modulename: _bootstrap_external, funcname: _path_join
<frozen importlib._bootstrap_external>(98): <frozen importlib._bootstrap_external>(100): <frozen importlib._bootstrap_external>(102): <frozen importlib._bootstrap_external>(103): <frozen importlib._bootstrap_external>(104): <frozen importlib._bootstrap_external>(105): <frozen importlib._bootstrap_external>(106): <frozen importlib._bootstrap_external>(107): <frozen importlib._bootstrap_external>(104): <frozen importlib._bootstrap_external>(105): <frozen importlib._bootstrap_external>(108): <frozen importlib._bootstrap_external>(117): <frozen importlib._bootstrap_external>(118): <frozen importlib._bootstrap_external>(104): <frozen importlib._bootstrap_external>(119):  --- modulename: _bootstrap_external, funcname: <listcomp>
<frozen importlib._bootstrap_external>(119): <frozen importlib._bootstrap_external>(119): <frozen importlib._bootstrap_external>(119): <frozen importlib._bootstrap_external>(120): <frozen importlib._bootstrap_external>(123): <frozen importlib._bootstrap_external>(1643):  --- modulename: _bootstrap, funcname: _verbose_message
<frozen importlib._bootstrap>(246): <frozen importlib._bootstrap_external>(1644): <frozen importlib._bootstrap_external>(1638): <frozen importlib._bootstrap_external>(1639): <frozen importlib._bootstrap_external>(1640):  --- modulename: _bootstrap_external, funcname: _path_join
<frozen importlib._bootstrap_external>(98): <frozen importlib._bootstrap_external>(100): <frozen importlib._bootstrap_external>(102): <frozen importlib._bootstrap_external>(103): <frozen importlib._bootstrap_external>(104): <frozen importlib._bootstrap_external>(105): <frozen importlib._bootstrap_external>(106): <frozen importlib._bootstrap_external>(107): <frozen importlib._bootstrap_external>(104): <frozen importlib._bootstrap_external>(105): <frozen importlib._bootstrap_external>(108): <frozen importlib._bootstrap_external>(117): <frozen importlib._bootstrap_external>(118): <frozen importlib._bootstrap_external>(104): <frozen importlib._bootstrap_external>(119):  --- modulename: _bootstrap_external, funcname: <listcomp>
<frozen importlib._bootstrap_external>(119): <frozen importlib._bootstrap_external>(119): <frozen importlib._bootstrap_external>(119): <frozen importlib._bootstrap_external>(120): <frozen importlib._bootstrap_external>(123): <frozen importlib._bootstrap_external>(1643):  --- modulename: _bootstrap, funcname: _verbose_message
<frozen importlib._bootstrap>(246): <frozen importlib._bootstrap_external>(1644): <frozen importlib._bootstrap_external>(1638): <frozen importlib._bootstrap_external>(1639): <frozen importlib._bootstrap_external>(1640):  --- modulename: _bootstrap_external, funcname: _path_join
<frozen importlib._bootstrap_external>(98): <frozen importlib._bootstrap_external>(100): <frozen importlib._bootstrap_external>(102): <frozen importlib._bootstrap_external>(103): <frozen importlib._bootstrap_external>(104): <frozen importlib._bootstrap_external>(105): <frozen importlib._bootstrap_external>(106): <frozen importlib._bootstrap_external>(107): <frozen importlib._bootstrap_external>(104): <frozen importlib._bootstrap_external>(105): <frozen importlib._bootstrap_external>(108): <frozen importlib._bootstrap_external>(117): <frozen importlib._bootstrap_external>(118): <frozen importlib._bootstrap_external>(104): <frozen importlib._bootstrap_external>(119):  --- modulename: _bootstrap_external, funcname: <listcomp>
<frozen importlib._bootstrap_external>(119): <frozen importlib._bootstrap_external>(119): <frozen importlib._bootstrap_external>(119): <frozen importlib._bootstrap_external>(120): <frozen importlib._bootstrap_external>(123): <frozen importlib._bootstrap_external>(1643):  --- modulename: _bootstrap, funcname: _verbose_message
<frozen importlib._bootstrap>(246): <frozen importlib._bootstrap_external>(1644): <frozen importlib._bootstrap_external>(1638): <frozen importlib._bootstrap_external>(1639): <frozen importlib._bootstrap_external>(1640):  --- modulename: _bootstrap_external, funcname: _path_join
<frozen importlib._bootstrap_external>(98): <frozen importlib._bootstrap_external>(100): <frozen importlib._bootstrap_external>(102): <frozen importlib._bootstrap_external>(103): <frozen importlib._bootstrap_external>(104): <frozen importlib._bootstrap_external>(105): <frozen importlib._bootstrap_external>(106): <frozen importlib._bootstrap_external>(107): <frozen importlib._bootstrap_external>(104): <frozen importlib._bootstrap_external>(105): <frozen importlib._bootstrap_external>(108): <frozen importlib._bootstrap_external>(117): <frozen importlib._bootstrap_external>(118): <frozen importlib._bootstrap_external>(104): <frozen importlib._bootstrap_external>(119):  --- modulename: _bootstrap_external, funcname: <listcomp>
<frozen importlib._bootstrap_external>(119): <frozen importlib._bootstrap_external>(119): <frozen importlib._bootstrap_external>(119): <frozen importlib._bootstrap_external>(120): <frozen importlib._bootstrap_external>(123): <frozen importlib._bootstrap_external>(1643):  --- modulename: _bootstrap, funcname: _verbose_message
<frozen importlib._bootstrap>(246): <frozen importlib._bootstrap_external>(1644): <frozen importlib._bootstrap_external>(1638): <frozen importlib._bootstrap_external>(1639): <frozen importlib._bootstrap_external>(1640):  --- modulename: _bootstrap_external, funcname: _path_join
<frozen importlib._bootstrap_external>(98): <frozen importlib._bootstrap_external>(100): <frozen importlib._bootstrap_external>(102): <frozen importlib._bootstrap_external>(103): <frozen importlib._bootstrap_external>(104): <frozen importlib._bootstrap_external>(105): <frozen importlib._bootstrap_external>(106): <frozen importlib._bootstrap_external>(107): <frozen importlib._bootstrap_external>(104): <frozen importlib._bootstrap_external>(105): <frozen importlib._bootstrap_external>(108): <frozen importlib._bootstrap_external>(117): <frozen importlib._bootstrap_external>(118): <frozen importlib._bootstrap_external>(104): <frozen importlib._bootstrap_external>(119):  --- modulename: _bootstrap_external, funcname: <listcomp>
<frozen importlib._bootstrap_external>(119): <frozen importlib._bootstrap_external>(119): <frozen importlib._bootstrap_external>(119): <frozen importlib._bootstrap_external>(120): <frozen importlib._bootstrap_external>(123): <frozen importlib._bootstrap_external>(1643):  --- modulename: _bootstrap, funcname: _verbose_message
<frozen importlib._bootstrap>(246): <frozen importlib._bootstrap_external>(1644): <frozen importlib._bootstrap_external>(1638): <frozen importlib._bootstrap_external>(1648): <frozen importlib._bootstrap_external>(1653): <frozen importlib._bootstrap_external>(1479): <frozen importlib._bootstrap_external>(1480): <frozen importlib._bootstrap_external>(1470): <frozen importlib._bootstrap_external>(1471): <frozen importlib._bootstrap_external>(1473):  --- modulename: _bootstrap_external, funcname: _path_importer_cache
<frozen importlib._bootstrap_external>(1429): <frozen importlib._bootstrap_external>(1436): <frozen importlib._bootstrap_external>(1437): <frozen importlib._bootstrap_external>(1441): <frozen importlib._bootstrap_external>(1474): <frozen importlib._bootstrap_external>(1470): <frozen importlib._bootstrap_external>(1471): <frozen importlib._bootstrap_external>(1473):  --- modulename: _bootstrap_external, funcname: _path_importer_cache
<frozen importlib._bootstrap_external>(1429): <frozen importlib._bootstrap_external>(1436): <frozen importlib._bootstrap_external>(1437): <frozen importlib._bootstrap_external>(1441): <frozen importlib._bootstrap_external>(1474): <frozen importlib._bootstrap_external>(1475): <frozen importlib._bootstrap_external>(1476):  --- modulename: _bootstrap_external, funcname: find_spec
<frozen importlib._bootstrap_external>(1609): <frozen importlib._bootstrap_external>(1610): <frozen importlib._bootstrap_external>(1611): <frozen importlib._bootstrap_external>(1612):  --- modulename: _bootstrap_external, funcname: _path_stat
<frozen importlib._bootstrap_external>(147): <frozen importlib._bootstrap_external>(1615): <frozen importlib._bootstrap_external>(1619):  --- modulename: _bootstrap_external, funcname: _relax_case
<frozen importlib._bootstrap_external>(69): <frozen importlib._bootstrap_external>(1623): <frozen importlib._bootstrap_external>(1624): <frozen importlib._bootstrap_external>(1626): <frozen importlib._bootstrap_external>(1638): <frozen importlib._bootstrap_external>(1639): <frozen importlib._bootstrap_external>(1640):  --- modulename: _bootstrap_external, funcname: _path_join
<frozen importlib._bootstrap_external>(98): <frozen importlib._bootstrap_external>(100): <frozen importlib._bootstrap_external>(102): <frozen importlib._bootstrap_external>(103): <frozen importlib._bootstrap_external>(104): <frozen importlib._bootstrap_external>(105): <frozen importlib._bootstrap_external>(106): <frozen importlib._bootstrap_external>(107): <frozen importlib._bootstrap_external>(104): <frozen importlib._bootstrap_external>(105): <frozen importlib._bootstrap_external>(108): <frozen importlib._bootstrap_external>(117): <frozen importlib._bootstrap_external>(118): <frozen importlib._bootstrap_external>(104): <frozen importlib._bootstrap_external>(119):  --- modulename: _bootstrap_external, funcname: <listcomp>
<frozen importlib._bootstrap_external>(119): <frozen importlib._bootstrap_external>(119): <frozen importlib._bootstrap_external>(119): <frozen importlib._bootstrap_external>(120): <frozen importlib._bootstrap_external>(123): <frozen importlib._bootstrap_external>(1643):  --- modulename: _bootstrap, funcname: _verbose_message
<frozen importlib._bootstrap>(246): <frozen importlib._bootstrap_external>(1644): <frozen importlib._bootstrap_external>(1638): <frozen importlib._bootstrap_external>(1639): <frozen importlib._bootstrap_external>(1640):  --- modulename: _bootstrap_external, funcname: _path_join
<frozen importlib._bootstrap_external>(98): <frozen importlib._bootstrap_external>(100): <frozen importlib._bootstrap_external>(102): <frozen importlib._bootstrap_external>(103): <frozen importlib._bootstrap_external>(104): <frozen importlib._bootstrap_external>(105): <frozen importlib._bootstrap_external>(106): <frozen importlib._bootstrap_external>(107): <frozen importlib._bootstrap_external>(104): <frozen importlib._bootstrap_external>(105): <frozen importlib._bootstrap_external>(108): <frozen importlib._bootstrap_external>(117): <frozen importlib._bootstrap_external>(118): <frozen importlib._bootstrap_external>(104): <frozen importlib._bootstrap_external>(119):  --- modulename: _bootstrap_external, funcname: <listcomp>
<frozen importlib._bootstrap_external>(119): <frozen importlib._bootstrap_external>(119): <frozen importlib._bootstrap_external>(119): <frozen importlib._bootstrap_external>(120): <frozen importlib._bootstrap_external>(123): <frozen importlib._bootstrap_external>(1643):  --- modulename: _bootstrap, funcname: _verbose_message
<frozen importlib._bootstrap>(246): <frozen importlib._bootstrap_external>(1644): <frozen importlib._bootstrap_external>(1638): <frozen importlib._bootstrap_external>(1639): <frozen importlib._bootstrap_external>(1640):  --- modulename: _bootstrap_external, funcname: _path_join
<frozen importlib._bootstrap_external>(98): <frozen importlib._bootstrap_external>(100): <frozen importlib._bootstrap_external>(102): <frozen importlib._bootstrap_external>(103): <frozen importlib._bootstrap_external>(104): <frozen importlib._bootstrap_external>(105): <frozen importlib._bootstrap_external>(106): <frozen importlib._bootstrap_external>(107): <frozen importlib._bootstrap_external>(104): <frozen importlib._bootstrap_external>(105): <frozen importlib._bootstrap_external>(108): <frozen importlib._bootstrap_external>(117): <frozen importlib._bootstrap_external>(118): <frozen importlib._bootstrap_external>(104): <frozen importlib._bootstrap_external>(119):  --- modulename: _bootstrap_external, funcname: <listcomp>
<frozen importlib._bootstrap_external>(119): <frozen importlib._bootstrap_external>(119): <frozen importlib._bootstrap_external>(119): <frozen importlib._bootstrap_external>(120): <frozen importlib._bootstrap_external>(123): <frozen importlib._bootstrap_external>(1643):  --- modulename: _bootstrap, funcname: _verbose_message
<frozen importlib._bootstrap>(246): <frozen importlib._bootstrap_external>(1644): <frozen importlib._bootstrap_external>(1638): <frozen importlib._bootstrap_external>(1639): <frozen importlib._bootstrap_external>(1640):  --- modulename: _bootstrap_external, funcname: _path_join
<frozen importlib._bootstrap_external>(98): <frozen importlib._bootstrap_external>(100): <frozen importlib._bootstrap_external>(102): <frozen importlib._bootstrap_external>(103): <frozen importlib._bootstrap_external>(104): <frozen importlib._bootstrap_external>(105): <frozen importlib._bootstrap_external>(106): <frozen importlib._bootstrap_external>(107): <frozen importlib._bootstrap_external>(104): <frozen importlib._bootstrap_external>(105): <frozen importlib._bootstrap_external>(108): <frozen importlib._bootstrap_external>(117): <frozen importlib._bootstrap_external>(118): <frozen importlib._bootstrap_external>(104): <frozen importlib._bootstrap_external>(119):  --- modulename: _bootstrap_external, funcname: <listcomp>
<frozen importlib._bootstrap_external>(119): <frozen importlib._bootstrap_external>(119): <frozen importlib._bootstrap_external>(119): <frozen importlib._bootstrap_external>(120): <frozen importlib._bootstrap_external>(123): <frozen importlib._bootstrap_external>(1643):  --- modulename: _bootstrap, funcname: _verbose_message
<frozen importlib._bootstrap>(246): <frozen importlib._bootstrap_external>(1644): <frozen importlib._bootstrap_external>(1638): <frozen importlib._bootstrap_external>(1639): <frozen importlib._bootstrap_external>(1640):  --- modulename: _bootstrap_external, funcname: _path_join
<frozen importlib._bootstrap_external>(98): <frozen importlib._bootstrap_external>(100): <frozen importlib._bootstrap_external>(102): <frozen importlib._bootstrap_external>(103): <frozen importlib._bootstrap_external>(104): <frozen importlib._bootstrap_external>(105): <frozen importlib._bootstrap_external>(106): <frozen importlib._bootstrap_external>(107): <frozen importlib._bootstrap_external>(104): <frozen importlib._bootstrap_external>(105): <frozen importlib._bootstrap_external>(108): <frozen importlib._bootstrap_external>(117): <frozen importlib._bootstrap_external>(118): <frozen importlib._bootstrap_external>(104): <frozen importlib._bootstrap_external>(119):  --- modulename: _bootstrap_external, funcname: <listcomp>
<frozen importlib._bootstrap_external>(119): <frozen importlib._bootstrap_external>(119): <frozen importlib._bootstrap_external>(119): <frozen importlib._bootstrap_external>(120): <frozen importlib._bootstrap_external>(123): <frozen importlib._bootstrap_external>(1643):  --- modulename: _bootstrap, funcname: _verbose_message
<frozen importlib._bootstrap>(246): <frozen importlib._bootstrap_external>(1644): <frozen importlib._bootstrap_external>(1638): <frozen importlib._bootstrap_external>(1648): <frozen importlib._bootstrap_external>(1653): <frozen importlib._bootstrap_external>(1479): <frozen importlib._bootstrap_external>(1480): <frozen importlib._bootstrap_external>(1470): <frozen importlib._bootstrap_external>(1471): <frozen importlib._bootstrap_external>(1473):  --- modulename: _bootstrap_external, funcname: _path_importer_cache
<frozen importlib._bootstrap_external>(1429): <frozen importlib._bootstrap_external>(1436): <frozen importlib._bootstrap_external>(1437): <frozen importlib._bootstrap_external>(1441): <frozen importlib._bootstrap_external>(1474): <frozen importlib._bootstrap_external>(1475): <frozen importlib._bootstrap_external>(1476):  --- modulename: _bootstrap_external, funcname: find_spec
<frozen importlib._bootstrap_external>(1609): <frozen importlib._bootstrap_external>(1610): <frozen importlib._bootstrap_external>(1611): <frozen importlib._bootstrap_external>(1612):  --- modulename: _bootstrap_external, funcname: _path_stat
<frozen importlib._bootstrap_external>(147): <frozen importlib._bootstrap_external>(1615): <frozen importlib._bootstrap_external>(1619):  --- modulename: _bootstrap_external, funcname: _relax_case
<frozen importlib._bootstrap_external>(69): <frozen importlib._bootstrap_external>(1623): <frozen importlib._bootstrap_external>(1624): <frozen importlib._bootstrap_external>(1626): <frozen importlib._bootstrap_external>(1638): <frozen importlib._bootstrap_external>(1639): <frozen importlib._bootstrap_external>(1640):  --- modulename: _bootstrap_external, funcname: _path_join
<frozen importlib._bootstrap_external>(98): <frozen importlib._bootstrap_external>(100): <frozen importlib._bootstrap_external>(102): <frozen importlib._bootstrap_external>(103): <frozen importlib._bootstrap_external>(104): <frozen importlib._bootstrap_external>(105): <frozen importlib._bootstrap_external>(106): <frozen importlib._bootstrap_external>(107): <frozen importlib._bootstrap_external>(104): <frozen importlib._bootstrap_external>(105): <frozen importlib._bootstrap_external>(108): <frozen importlib._bootstrap_external>(117): <frozen importlib._bootstrap_external>(118): <frozen importlib._bootstrap_external>(104): <frozen importlib._bootstrap_external>(119):  --- modulename: _bootstrap_external, funcname: <listcomp>
<frozen importlib._bootstrap_external>(119): <frozen importlib._bootstrap_external>(119): <frozen importlib._bootstrap_external>(119): <frozen importlib._bootstrap_external>(120): <frozen importlib._bootstrap_external>(123): <frozen importlib._bootstrap_external>(1643):  --- modulename: _bootstrap, funcname: _verbose_message
<frozen importlib._bootstrap>(246): <frozen importlib._bootstrap_external>(1644): <frozen importlib._bootstrap_external>(1638): <frozen importlib._bootstrap_external>(1639): <frozen importlib._bootstrap_external>(1640):  --- modulename: _bootstrap_external, funcname: _path_join
<frozen importlib._bootstrap_external>(98): <frozen importlib._bootstrap_external>(100): <frozen importlib._bootstrap_external>(102): <frozen importlib._bootstrap_external>(103): <frozen importlib._bootstrap_external>(104): <frozen importlib._bootstrap_external>(105): <frozen importlib._bootstrap_external>(106): <frozen importlib._bootstrap_external>(107): <frozen importlib._bootstrap_external>(104): <frozen importlib._bootstrap_external>(105): <frozen importlib._bootstrap_external>(108): <frozen importlib._bootstrap_external>(117): <frozen importlib._bootstrap_external>(118): <frozen importlib._bootstrap_external>(104): <frozen importlib._bootstrap_external>(119):  --- modulename: _bootstrap_external, funcname: <listcomp>
<frozen importlib._bootstrap_external>(119): <frozen importlib._bootstrap_external>(119): <frozen importlib._bootstrap_external>(119): <frozen importlib._bootstrap_external>(120): <frozen importlib._bootstrap_external>(123): <frozen importlib._bootstrap_external>(1643):  --- modulename: _bootstrap, funcname: _verbose_message
<frozen importlib._bootstrap>(246): <frozen importlib._bootstrap_external>(1644): <frozen importlib._bootstrap_external>(1638): <frozen importlib._bootstrap_external>(1639): <frozen importlib._bootstrap_external>(1640):  --- modulename: _bootstrap_external, funcname: _path_join
<frozen importlib._bootstrap_external>(98): <frozen importlib._bootstrap_external>(100): <frozen importlib._bootstrap_external>(102): <frozen importlib._bootstrap_external>(103): <frozen importlib._bootstrap_external>(104): <frozen importlib._bootstrap_external>(105): <frozen importlib._bootstrap_external>(106): <frozen importlib._bootstrap_external>(107): <frozen importlib._bootstrap_external>(104): <frozen importlib._bootstrap_external>(105): <frozen importlib._bootstrap_external>(108): <frozen importlib._bootstrap_external>(117): <frozen importlib._bootstrap_external>(118): <frozen importlib._bootstrap_external>(104): <frozen importlib._bootstrap_external>(119):  --- modulename: _bootstrap_external, funcname: <listcomp>
<frozen importlib._bootstrap_external>(119): <frozen importlib._bootstrap_external>(119): <frozen importlib._bootstrap_external>(119): <frozen importlib._bootstrap_external>(120): <frozen importlib._bootstrap_external>(123): <frozen importlib._bootstrap_external>(1643):  --- modulename: _bootstrap, funcname: _verbose_message
<frozen importlib._bootstrap>(246): <frozen importlib._bootstrap_external>(1644): <frozen importlib._bootstrap_external>(1645):  --- modulename: _bootstrap_external, funcname: _path_isfile
<frozen importlib._bootstrap_external>(161):  --- modulename: _bootstrap_external, funcname: _path_is_mode_type
<frozen importlib._bootstrap_external>(152): <frozen importlib._bootstrap_external>(153):  --- modulename: _bootstrap_external, funcname: _path_stat
<frozen importlib._bootstrap_external>(147): <frozen importlib._bootstrap_external>(156): <frozen importlib._bootstrap_external>(1646): <frozen importlib._bootstrap_external>(1647): <frozen importlib._bootstrap_external>(1646):  --- modulename: _bootstrap_external, funcname: _get_spec
<frozen importlib._bootstrap_external>(1600):  --- modulename: _bootstrap_external, funcname: __init__
<frozen importlib._bootstrap_external>(1100): <frozen importlib._bootstrap_external>(1101): <frozen importlib._bootstrap_external>(1601): <frozen importlib._bootstrap_external>(1602): <frozen importlib._bootstrap_external>(1601):  --- modulename: _bootstrap_external, funcname: spec_from_file_location
<frozen importlib._bootstrap_external>(790): <frozen importlib._bootstrap_external>(802): <frozen importlib._bootstrap_external>(803):  --- modulename: _bootstrap_external, funcname: _path_isabs
<frozen importlib._bootstrap_external>(174): <frozen importlib._bootstrap_external>(176): <frozen importlib._bootstrap_external>(177): <frozen importlib._bootstrap_external>(815):  --- modulename: _bootstrap, funcname: __init__
<frozen importlib._bootstrap>(359): <frozen importlib._bootstrap>(360): <frozen importlib._bootstrap>(361): <frozen importlib._bootstrap>(362): <frozen importlib._bootstrap>(363): <frozen importlib._bootstrap>(364): <frozen importlib._bootstrap>(367): <frozen importlib._bootstrap>(368): <frozen importlib._bootstrap_external>(816): <frozen importlib._bootstrap_external>(819): <frozen importlib._bootstrap_external>(829): <frozen importlib._bootstrap_external>(840): <frozen importlib._bootstrap_external>(841): <frozen importlib._bootstrap_external>(846): <frozen importlib._bootstrap_external>(1479): <frozen importlib._bootstrap_external>(1481): <frozen importlib._bootstrap_external>(1482): <frozen importlib._bootstrap_external>(1505): <frozen importlib._bootstrap_external>(1507): <frozen importlib._bootstrap_external>(1518): <frozen importlib._bootstrap>(1072):  --- modulename: _bootstrap, funcname: __exit__
<frozen importlib._bootstrap>(1034): <frozen importlib._bootstrap>(1081): <frozen importlib._bootstrap>(1083): <frozen importlib._bootstrap>(1098): <frozen importlib._bootstrap>(1141): <frozen importlib._bootstrap>(1144): <frozen importlib._bootstrap>(1148): <frozen importlib._bootstrap>(1149):  --- modulename: _bootstrap, funcname: _load_unlocked
<frozen importlib._bootstrap>(668): <frozen importlib._bootstrap>(670): <frozen importlib._bootstrap>(676):  --- modulename: _bootstrap, funcname: module_from_spec
<frozen importlib._bootstrap>(569): <frozen importlib._bootstrap>(570): <frozen importlib._bootstrap>(573):  --- modulename: _bootstrap_external, funcname: create_module
<frozen importlib._bootstrap_external>(931): <frozen importlib._bootstrap>(577): <frozen importlib._bootstrap>(578):  --- modulename: _bootstrap, funcname: _new_module
<frozen importlib._bootstrap>(49): <frozen importlib._bootstrap>(579):  --- modulename: _bootstrap, funcname: _init_module_attrs
<frozen importlib._bootstrap>(497): <frozen importlib._bootstrap>(503): <frozen importlib._bootstrap>(504): <frozen importlib._bootstrap>(505): <frozen importlib._bootstrap>(526): <frozen importlib._bootstrap>(527): <frozen importlib._bootstrap>(531): <frozen importlib._bootstrap>(532): <frozen importlib._bootstrap>(533):  --- modulename: _bootstrap, funcname: parent
<frozen importlib._bootstrap>(408): <frozen importlib._bootstrap>(409): <frozen importlib._bootstrap>(537): <frozen importlib._bootstrap>(538): <frozen importlib._bootstrap>(542): <frozen importlib._bootstrap>(543): <frozen importlib._bootstrap>(550):  --- modulename: _bootstrap, funcname: has_location
<frozen importlib._bootstrap>(415): <frozen importlib._bootstrap>(551): <frozen importlib._bootstrap>(552): <frozen importlib._bootstrap>(553): <frozen importlib._bootstrap>(557): <frozen importlib._bootstrap>(558):  --- modulename: _bootstrap, funcname: cached
<frozen importlib._bootstrap>(394): <frozen importlib._bootstrap>(395): <frozen importlib._bootstrap>(396): <frozen importlib._bootstrap>(398):  --- modulename: _bootstrap_external, funcname: _get_cached
<frozen importlib._bootstrap_external>(568): <frozen importlib._bootstrap_external>(569): <frozen importlib._bootstrap_external>(570):  --- modulename: _bootstrap_external, funcname: cache_from_source
<frozen importlib._bootstrap_external>(455): <frozen importlib._bootstrap_external>(462): <frozen importlib._bootstrap_external>(463):  --- modulename: _bootstrap_external, funcname: _path_split
<frozen importlib._bootstrap_external>(134):  --- modulename: _bootstrap_external, funcname: <genexpr>
<frozen importlib._bootstrap_external>(134):  --- modulename: _bootstrap_external, funcname: <genexpr>
<frozen importlib._bootstrap_external>(134):  --- modulename: _bootstrap_external, funcname: <genexpr>
<frozen importlib._bootstrap_external>(134): <frozen importlib._bootstrap_external>(135): <frozen importlib._bootstrap_external>(137): <frozen importlib._bootstrap_external>(464): <frozen importlib._bootstrap_external>(465): <frozen importlib._bootstrap_external>(466): <frozen importlib._bootstrap_external>(468): <frozen importlib._bootstrap_external>(469): <frozen importlib._bootstrap_external>(470): <frozen importlib._bootstrap_external>(471): <frozen importlib._bootstrap_external>(474): <frozen importlib._bootstrap_external>(475): <frozen importlib._bootstrap_external>(479): <frozen importlib._bootstrap_external>(480): <frozen importlib._bootstrap_external>(505):  --- modulename: _bootstrap_external, funcname: _path_join
<frozen importlib._bootstrap_external>(98): <frozen importlib._bootstrap_external>(100): <frozen importlib._bootstrap_external>(102): <frozen importlib._bootstrap_external>(103): <frozen importlib._bootstrap_external>(104): <frozen importlib._bootstrap_external>(105): <frozen importlib._bootstrap_external>(106): <frozen importlib._bootstrap_external>(107): <frozen importlib._bootstrap_external>(104): <frozen importlib._bootstrap_external>(105): <frozen importlib._bootstrap_external>(108): <frozen importlib._bootstrap_external>(117): <frozen importlib._bootstrap_external>(118): <frozen importlib._bootstrap_external>(104): <frozen importlib._bootstrap_external>(105): <frozen importlib._bootstrap_external>(108): <frozen importlib._bootstrap_external>(117): <frozen importlib._bootstrap_external>(118): <frozen importlib._bootstrap_external>(104): <frozen importlib._bootstrap_external>(119):  --- modulename: _bootstrap_external, funcname: <listcomp>
<frozen importlib._bootstrap_external>(119): <frozen importlib._bootstrap_external>(119): <frozen importlib._bootstrap_external>(119): <frozen importlib._bootstrap_external>(119): <frozen importlib._bootstrap_external>(120): <frozen importlib._bootstrap_external>(123): <frozen importlib._bootstrap>(399): <frozen importlib._bootstrap>(559): <frozen importlib._bootstrap>(560):  --- modulename: _bootstrap, funcname: cached
<frozen importlib._bootstrap>(394): <frozen importlib._bootstrap>(399): <frozen importlib._bootstrap>(563): <frozen importlib._bootstrap>(580): <frozen importlib._bootstrap>(681): <frozen importlib._bootstrap>(682): <frozen importlib._bootstrap>(683): <frozen importlib._bootstrap>(684): <frozen importlib._bootstrap>(685): <frozen importlib._bootstrap>(690):  --- modulename: _bootstrap_external, funcname: exec_module
<frozen importlib._bootstrap_external>(936):  --- modulename: _bootstrap_external, funcname: get_code
<frozen importlib._bootstrap_external>(1014):  --- modulename: _bootstrap_external, funcname: _check_name_wrapper
<frozen importlib._bootstrap_external>(600): <frozen importlib._bootstrap_external>(602): <frozen importlib._bootstrap_external>(605):  --- modulename: _bootstrap_external, funcname: get_filename
<frozen importlib._bootstrap_external>(1125): <frozen importlib._bootstrap_external>(1015): <frozen importlib._bootstrap_external>(1016): <frozen importlib._bootstrap_external>(1017): <frozen importlib._bootstrap_external>(1018): <frozen importlib._bootstrap_external>(1019): <frozen importlib._bootstrap_external>(1020): <frozen importlib._bootstrap_external>(1021):  --- modulename: _bootstrap_external, funcname: cache_from_source
<frozen importlib._bootstrap_external>(455): <frozen importlib._bootstrap_external>(462): <frozen importlib._bootstrap_external>(463):  --- modulename: _bootstrap_external, funcname: _path_split
<frozen importlib._bootstrap_external>(134):  --- modulename: _bootstrap_external, funcname: <genexpr>
<frozen importlib._bootstrap_external>(134):  --- modulename: _bootstrap_external, funcname: <genexpr>
<frozen importlib._bootstrap_external>(134):  --- modulename: _bootstrap_external, funcname: <genexpr>
<frozen importlib._bootstrap_external>(134): <frozen importlib._bootstrap_external>(135): <frozen importlib._bootstrap_external>(137): <frozen importlib._bootstrap_external>(464): <frozen importlib._bootstrap_external>(465): <frozen importlib._bootstrap_external>(466): <frozen importlib._bootstrap_external>(468): <frozen importlib._bootstrap_external>(469): <frozen importlib._bootstrap_external>(470): <frozen importlib._bootstrap_external>(471): <frozen importlib._bootstrap_external>(474): <frozen importlib._bootstrap_external>(475): <frozen importlib._bootstrap_external>(479): <frozen importlib._bootstrap_external>(480): <frozen importlib._bootstrap_external>(505):  --- modulename: _bootstrap_external, funcname: _path_join
<frozen importlib._bootstrap_external>(98): <frozen importlib._bootstrap_external>(100): <frozen importlib._bootstrap_external>(102): <frozen importlib._bootstrap_external>(103): <frozen importlib._bootstrap_external>(104): <frozen importlib._bootstrap_external>(105): <frozen importlib._bootstrap_external>(106): <frozen importlib._bootstrap_external>(107): <frozen importlib._bootstrap_external>(104): <frozen importlib._bootstrap_external>(105): <frozen importlib._bootstrap_external>(108): <frozen importlib._bootstrap_external>(117): <frozen importlib._bootstrap_external>(118): <frozen importlib._bootstrap_external>(104): <frozen importlib._bootstrap_external>(105): <frozen importlib._bootstrap_external>(108): <frozen importlib._bootstrap_external>(117): <frozen importlib._bootstrap_external>(118): <frozen importlib._bootstrap_external>(104): <frozen importlib._bootstrap_external>(119):  --- modulename: _bootstrap_external, funcname: <listcomp>
<frozen importlib._bootstrap_external>(119): <frozen importlib._bootstrap_external>(119): <frozen importlib._bootstrap_external>(119): <frozen importlib._bootstrap_external>(119): <frozen importlib._bootstrap_external>(120): <frozen importlib._bootstrap_external>(123): <frozen importlib._bootstrap_external>(1025): <frozen importlib._bootstrap_external>(1026):  --- modulename: _bootstrap_external, funcname: path_stats
<frozen importlib._bootstrap_external>(1148):  --- modulename: _bootstrap_external, funcname: _path_stat
<frozen importlib._bootstrap_external>(147): <frozen importlib._bootstrap_external>(1149): <frozen importlib._bootstrap_external>(1030): <frozen importlib._bootstrap_external>(1031): <frozen importlib._bootstrap_external>(1032):  --- modulename: _bootstrap_external, funcname: get_data
<frozen importlib._bootstrap_external>(1129): <frozen importlib._bootstrap_external>(1130): <frozen importlib._bootstrap_external>(1131): <frozen importlib._bootstrap_external>(1130): <frozen importlib._bootstrap_external>(1037): <frozen importlib._bootstrap_external>(1038): <frozen importlib._bootstrap_external>(1036): <frozen importlib._bootstrap_external>(1040): <frozen importlib._bootstrap_external>(1041):  --- modulename: _bootstrap_external, funcname: _classify_pyc
<frozen importlib._bootstrap_external>(658): <frozen importlib._bootstrap_external>(659): <frozen importlib._bootstrap_external>(663): <frozen importlib._bootstrap_external>(667):  --- modulename: _bootstrap_external, funcname: _unpack_uint32
<frozen importlib._bootstrap_external>(86): <frozen importlib._bootstrap_external>(87): <frozen importlib._bootstrap_external>(669): <frozen importlib._bootstrap_external>(672): <frozen importlib._bootstrap_external>(1042): <frozen importlib._bootstrap_external>(1043): <frozen importlib._bootstrap_external>(1044): <frozen importlib._bootstrap_external>(1057): <frozen importlib._bootstrap_external>(1058): <frozen importlib._bootstrap_external>(1059): <frozen importlib._bootstrap_external>(1060): <frozen importlib._bootstrap_external>(1061): <frozen importlib._bootstrap_external>(1062): <frozen importlib._bootstrap_external>(1057):  --- modulename: _bootstrap_external, funcname: _validate_timestamp_pyc
<frozen importlib._bootstrap_external>(694):  --- modulename: _bootstrap_external, funcname: _unpack_uint32
<frozen importlib._bootstrap_external>(86): <frozen importlib._bootstrap_external>(87): <frozen importlib._bootstrap_external>(698): <frozen importlib._bootstrap_external>(699):  --- modulename: _bootstrap_external, funcname: _unpack_uint32
<frozen importlib._bootstrap_external>(86): <frozen importlib._bootstrap_external>(87): <frozen importlib._bootstrap_external>(698): <frozen importlib._bootstrap_external>(1067): <frozen importlib._bootstrap_external>(1068): <frozen importlib._bootstrap_external>(1067):  --- modulename: _bootstrap, funcname: _verbose_message
<frozen importlib._bootstrap>(246): <frozen importlib._bootstrap_external>(1069): <frozen importlib._bootstrap_external>(1070): <frozen importlib._bootstrap_external>(1071): <frozen importlib._bootstrap_external>(1069):  --- modulename: _bootstrap_external, funcname: _compile_bytecode
<frozen importlib._bootstrap_external>(729): <frozen importlib._bootstrap_external>(730): <frozen importlib._bootstrap_external>(731):  --- modulename: _bootstrap, funcname: _verbose_message
<frozen importlib._bootstrap>(246): <frozen importlib._bootstrap_external>(732): <frozen importlib._bootstrap_external>(733): <frozen importlib._bootstrap_external>(734): <frozen importlib._bootstrap_external>(937): <frozen importlib._bootstrap_external>(940):  --- modulename: _bootstrap, funcname: _call_with_frames_removed
<frozen importlib._bootstrap>(241):  --- modulename: locale, funcname: <module>
locale.py(1): """Locale support module.
locale.py(13): import sys
locale.py(14): import encodings
locale.py(15): import encodings.aliases
locale.py(16): import re
locale.py(17): import _collections_abc
locale.py(18): from builtins import str as _builtin_str
locale.py(19): import functools
locale.py(27): __all__ = ["getlocale", "getdefaultlocale", "getpreferredencoding", "Error",
locale.py(33): def _strcoll(a,b):
locale.py(39): def _strxfrm(s):
locale.py(45): try:
locale.py(47):     from _locale import *
 --- modulename: _bootstrap, funcname: _find_and_load
<frozen importlib._bootstrap>(1172): <frozen importlib._bootstrap>(1173): <frozen importlib._bootstrap>(1175):  --- modulename: _bootstrap, funcname: __init__
<frozen importlib._bootstrap>(166): <frozen importlib._bootstrap>(167):  --- modulename: _bootstrap, funcname: __enter__
<frozen importlib._bootstrap>(170):  --- modulename: _bootstrap, funcname: _get_module_lock
<frozen importlib._bootstrap>(185): <frozen importlib._bootstrap>(186): <frozen importlib._bootstrap>(187): <frozen importlib._bootstrap>(188): <frozen importlib._bootstrap>(189): <frozen importlib._bootstrap>(190): <frozen importlib._bootstrap>(192): <frozen importlib._bootstrap>(193): <frozen importlib._bootstrap>(196):  --- modulename: _bootstrap, funcname: __init__
<frozen importlib._bootstrap>(72): <frozen importlib._bootstrap>(73): <frozen importlib._bootstrap>(74): <frozen importlib._bootstrap>(75): <frozen importlib._bootstrap>(76): <frozen importlib._bootstrap>(77): <frozen importlib._bootstrap>(198): <frozen importlib._bootstrap>(209): <frozen importlib._bootstrap>(211): <frozen importlib._bootstrap>(213): <frozen importlib._bootstrap>(171):  --- modulename: _bootstrap, funcname: acquire
<frozen importlib._bootstrap>(106): <frozen importlib._bootstrap>(107): <frozen importlib._bootstrap>(108): <frozen importlib._bootstrap>(109): <frozen importlib._bootstrap>(110): <frozen importlib._bootstrap>(111): <frozen importlib._bootstrap>(112): <frozen importlib._bootstrap>(113): <frozen importlib._bootstrap>(114): <frozen importlib._bootstrap>(110): <frozen importlib._bootstrap>(123): <frozen importlib._bootstrap>(1176): <frozen importlib._bootstrap>(1177): <frozen importlib._bootstrap>(1178):  --- modulename: _bootstrap, funcname: _find_and_load_unlocked
<frozen importlib._bootstrap>(1123): <frozen importlib._bootstrap>(1124): <frozen importlib._bootstrap>(1125): <frozen importlib._bootstrap>(1126): <frozen importlib._bootstrap>(1140):  --- modulename: _bootstrap, funcname: _find_spec
<frozen importlib._bootstrap>(1058): <frozen importlib._bootstrap>(1059): <frozen importlib._bootstrap>(1064): <frozen importlib._bootstrap>(1070): <frozen importlib._bootstrap>(1071): <frozen importlib._bootstrap>(1072):  --- modulename: _bootstrap, funcname: __enter__
<frozen importlib._bootstrap>(1030): <frozen importlib._bootstrap>(1073): <frozen importlib._bootstrap>(1074): <frozen importlib._bootstrap>(1080): <frozen importlib._bootstrap>(1072):  --- modulename: _bootstrap, funcname: __exit__
<frozen importlib._bootstrap>(1034): <frozen importlib._bootstrap>(1081): <frozen importlib._bootstrap>(1071): <frozen importlib._bootstrap>(1072):  --- modulename: _bootstrap, funcname: __enter__
<frozen importlib._bootstrap>(1030): <frozen importlib._bootstrap>(1073): <frozen importlib._bootstrap>(1074): <frozen importlib._bootstrap>(1080): <frozen importlib._bootstrap>(1072):  --- modulename: _bootstrap, funcname: __exit__
<frozen importlib._bootstrap>(1034): <frozen importlib._bootstrap>(1081): <frozen importlib._bootstrap>(1071): <frozen importlib._bootstrap>(1072):  --- modulename: _bootstrap, funcname: __enter__
<frozen importlib._bootstrap>(1030): <frozen importlib._bootstrap>(1073): <frozen importlib._bootstrap>(1074): <frozen importlib._bootstrap>(1080):  --- modulename: _bootstrap, funcname: find_spec
<frozen importlib._bootstrap>(750): <frozen importlib._bootstrap>(752): <frozen importlib._bootstrap>(753):  --- modulename: _bootstrap, funcname: spec_from_loader
<frozen importlib._bootstrap>(424): <frozen importlib._bootstrap>(427): <frozen importlib._bootstrap>(438): <frozen importlib._bootstrap>(439): <frozen importlib._bootstrap>(440): <frozen importlib._bootstrap>(441):  --- modulename: _bootstrap, funcname: _requires_builtin_wrapper
<frozen importlib._bootstrap>(255): <frozen importlib._bootstrap>(258):  --- modulename: _bootstrap, funcname: is_package
<frozen importlib._bootstrap>(801): <frozen importlib._bootstrap>(448):  --- modulename: _bootstrap, funcname: __init__
<frozen importlib._bootstrap>(359): <frozen importlib._bootstrap>(360): <frozen importlib._bootstrap>(361): <frozen importlib._bootstrap>(362): <frozen importlib._bootstrap>(363): <frozen importlib._bootstrap>(364): <frozen importlib._bootstrap>(367): <frozen importlib._bootstrap>(368): <frozen importlib._bootstrap>(1072):  --- modulename: _bootstrap, funcname: __exit__
<frozen importlib._bootstrap>(1034): <frozen importlib._bootstrap>(1081): <frozen importlib._bootstrap>(1083): <frozen importlib._bootstrap>(1098): <frozen importlib._bootstrap>(1141): <frozen importlib._bootstrap>(1144): <frozen importlib._bootstrap>(1148): <frozen importlib._bootstrap>(1149):  --- modulename: _bootstrap, funcname: _load_unlocked
<frozen importlib._bootstrap>(668): <frozen importlib._bootstrap>(670): <frozen importlib._bootstrap>(676):  --- modulename: _bootstrap, funcname: module_from_spec
<frozen importlib._bootstrap>(569): <frozen importlib._bootstrap>(570): <frozen importlib._bootstrap>(573):  --- modulename: _bootstrap, funcname: create_module
<frozen importlib._bootstrap>(775): <frozen importlib._bootstrap>(778):  --- modulename: _bootstrap, funcname: _call_with_frames_removed
<frozen importlib._bootstrap>(241): <frozen importlib._bootstrap>(577): <frozen importlib._bootstrap>(579):  --- modulename: _bootstrap, funcname: _init_module_attrs
<frozen importlib._bootstrap>(497): <frozen importlib._bootstrap>(503): <frozen importlib._bootstrap>(504): <frozen importlib._bootstrap>(505): <frozen importlib._bootstrap>(526): <frozen importlib._bootstrap>(527): <frozen importlib._bootstrap>(531): <frozen importlib._bootstrap>(532): <frozen importlib._bootstrap>(533):  --- modulename: _bootstrap, funcname: parent
<frozen importlib._bootstrap>(408): <frozen importlib._bootstrap>(409): <frozen importlib._bootstrap>(537): <frozen importlib._bootstrap>(538): <frozen importlib._bootstrap>(542): <frozen importlib._bootstrap>(543): <frozen importlib._bootstrap>(550):  --- modulename: _bootstrap, funcname: has_location
<frozen importlib._bootstrap>(415): <frozen importlib._bootstrap>(563): <frozen importlib._bootstrap>(580): <frozen importlib._bootstrap>(681): <frozen importlib._bootstrap>(682): <frozen importlib._bootstrap>(683): <frozen importlib._bootstrap>(684): <frozen importlib._bootstrap>(685): <frozen importlib._bootstrap>(690):  --- modulename: _bootstrap, funcname: exec_module
<frozen importlib._bootstrap>(783):  --- modulename: _bootstrap, funcname: _call_with_frames_removed
<frozen importlib._bootstrap>(241): <frozen importlib._bootstrap>(701): <frozen importlib._bootstrap>(702): <frozen importlib._bootstrap>(703):  --- modulename: _bootstrap, funcname: _verbose_message
<frozen importlib._bootstrap>(246): <frozen importlib._bootstrap>(705): <frozen importlib._bootstrap>(707): <frozen importlib._bootstrap>(1151): <frozen importlib._bootstrap>(1153): <frozen importlib._bootstrap>(1161): <frozen importlib._bootstrap>(1175):  --- modulename: _bootstrap, funcname: __exit__
<frozen importlib._bootstrap>(174):  --- modulename: _bootstrap, funcname: release
<frozen importlib._bootstrap>(126): <frozen importlib._bootstrap>(127): <frozen importlib._bootstrap>(128): <frozen importlib._bootstrap>(130): <frozen importlib._bootstrap>(131): <frozen importlib._bootstrap>(132): <frozen importlib._bootstrap>(133): <frozen importlib._bootstrap>(134): <frozen importlib._bootstrap>(127):  --- modulename: _bootstrap, funcname: cb
<frozen importlib._bootstrap>(199): <frozen importlib._bootstrap>(200): <frozen importlib._bootstrap>(204): <frozen importlib._bootstrap>(205): <frozen importlib._bootstrap>(207): locale.py(96): if 'strxfrm' not in globals():
locale.py(98): if 'strcoll' not in globals():
locale.py(102): _localeconv = localeconv
locale.py(106): _override_localeconv = {}
locale.py(108): @functools.wraps(_localeconv)
 --- modulename: functools, funcname: wraps
functools.py(76):     return partial(update_wrapper, wrapped=wrapped,
functools.py(77):                    assigned=assigned, updated=updated)
functools.py(76):     return partial(update_wrapper, wrapped=wrapped,
locale.py(109): def localeconv():
locale.py(108): @functools.wraps(_localeconv)
 --- modulename: functools, funcname: update_wrapper
functools.py(50):     for attr in assigned:
functools.py(51):         try:
functools.py(52):             value = getattr(wrapped, attr)
functools.py(56):             setattr(wrapper, attr, value)
functools.py(50):     for attr in assigned:
functools.py(51):         try:
functools.py(52):             value = getattr(wrapped, attr)
functools.py(56):             setattr(wrapper, attr, value)
functools.py(50):     for attr in assigned:
functools.py(51):         try:
functools.py(52):             value = getattr(wrapped, attr)
functools.py(56):             setattr(wrapper, attr, value)
functools.py(50):     for attr in assigned:
functools.py(51):         try:
functools.py(52):             value = getattr(wrapped, attr)
functools.py(56):             setattr(wrapper, attr, value)
functools.py(50):     for attr in assigned:
functools.py(51):         try:
functools.py(52):             value = getattr(wrapped, attr)
functools.py(53):         except AttributeError:
functools.py(54):             pass
functools.py(50):     for attr in assigned:
functools.py(57):     for attr in updated:
functools.py(58):         getattr(wrapper, attr).update(getattr(wrapped, attr, {}))
functools.py(57):     for attr in updated:
functools.py(61):     wrapper.__wrapped__ = wrapped
functools.py(63):     return wrapper
locale.py(109): def localeconv():
locale.py(122): def _grouping_intervals(grouping):
locale.py(138): def _group(s, monetary=False):
locale.py(169): def _strip_padding(s, amount):
locale.py(180): _percent_re = re.compile(r'%(?:\((?P<key>.*?)\))?'
 --- modulename: _compiler, funcname: isstring
_compiler.py(569):     return isinstance(obj, (str, bytes))
 --- modulename: enum, funcname: __and__
enum.py(1484):         if isinstance(other, self.__class__):
enum.py(1486):         elif self._member_type_ is not object and isinstance(other, self._member_type_):
enum.py(1487):             other = other
enum.py(1490):         value = self._value_
enum.py(1491):         return self.__class__(value & other)
 --- modulename: enum, funcname: __call__
enum.py(694):         if names is None:  # simple value lookup
enum.py(695):             return cls.__new__(cls, value)
 --- modulename: enum, funcname: __new__
enum.py(1078):         if type(value) is cls:
enum.py(1083):         try:
enum.py(1084):             return cls._value2member_map_[value]
 --- modulename: _compiler, funcname: compile
_compiler.py(741):     if isstring(p):
 --- modulename: _compiler, funcname: isstring
_compiler.py(569):     return isinstance(obj, (str, bytes))
_compiler.py(742):         pattern = p
_compiler.py(743):         p = _parser.parse(p, flags)
 --- modulename: _parser, funcname: parse
_parser.py(973):     source = Tokenizer(str)
 --- modulename: _parser, funcname: __init__
_parser.py(223):         self.istext = isinstance(string, str)
_parser.py(224):         self.string = string
_parser.py(225):         if not self.istext:
_parser.py(227):         self.decoded_string = string
_parser.py(228):         self.index = 0
_parser.py(229):         self.next = None
_parser.py(230):         self.__next()
 --- modulename: _parser, funcname: __next
_parser.py(232):         index = self.index
_parser.py(233):         try:
_parser.py(234):             char = self.decoded_string[index]
_parser.py(238):         if char == "\\":
_parser.py(245):         self.index = index + 1
_parser.py(246):         self.next = char
_parser.py(975):     if state is None:
_parser.py(976):         state = State()
 --- modulename: _parser, funcname: __init__
_parser.py(74):         self.flags = 0
_parser.py(75):         self.groupdict = {}
_parser.py(76):         self.groupwidths = [None]  # group 0
_parser.py(77):         self.lookbehindgroups = None
_parser.py(78):         self.grouprefpos = {}
_parser.py(977):     state.flags = flags
_parser.py(978):     state.str = str
_parser.py(980):     p = _parse_sub(source, state, flags & SRE_FLAG_VERBOSE, 0)
 --- modulename: _parser, funcname: _parse_sub
_parser.py(450):     items = []
_parser.py(451):     itemsappend = items.append
_parser.py(452):     sourcematch = source.match
_parser.py(453):     start = source.tell()
 --- modulename: _parser, funcname: tell
_parser.py(285):         return self.index - len(self.next or '')
_parser.py(454):     while True:
_parser.py(455):         itemsappend(_parse(source, state, verbose, nested + 1,
_parser.py(456):                            not nested and not items))
_parser.py(455):         itemsappend(_parse(source, state, verbose, nested + 1,
 --- modulename: _parser, funcname: _parse
_parser.py(509):     subpattern = SubPattern(state)
 --- modulename: _parser, funcname: __init__
_parser.py(110):         self.state = state
_parser.py(111):         if data is None:
_parser.py(112):             data = []
_parser.py(113):         self.data = data
_parser.py(114):         self.width = None
_parser.py(512):     subpatternappend = subpattern.append
_parser.py(513):     sourceget = source.get
_parser.py(514):     sourcematch = source.match
_parser.py(515):     _len = len
_parser.py(516):     _ord = ord
_parser.py(518):     while True:
_parser.py(520):         this = source.next
_parser.py(521):         if this is None:
_parser.py(523):         if this in "|)":
_parser.py(525):         sourceget()
 --- modulename: _parser, funcname: get
_parser.py(253):         this = self.next
_parser.py(254):         self.__next()
 --- modulename: _parser, funcname: __next
_parser.py(232):         index = self.index
_parser.py(233):         try:
_parser.py(234):             char = self.decoded_string[index]
_parser.py(238):         if char == "\\":
_parser.py(245):         self.index = index + 1
_parser.py(246):         self.next = char
_parser.py(255):         return this
_parser.py(527):         if verbose:
_parser.py(538):         if this[0] == "\\":
_parser.py(542):         elif this not in SPECIAL_CHARS:
_parser.py(543):             subpatternappend((LITERAL, _ord(this)))
 --- modulename: _parser, funcname: append
_parser.py(171):         self.data.append(code)
_parser.py(518):     while True:
_parser.py(520):         this = source.next
_parser.py(521):         if this is None:
_parser.py(523):         if this in "|)":
_parser.py(525):         sourceget()
 --- modulename: _parser, funcname: get
_parser.py(253):         this = self.next
_parser.py(254):         self.__next()
 --- modulename: _parser, funcname: __next
_parser.py(232):         index = self.index
_parser.py(233):         try:
_parser.py(234):             char = self.decoded_string[index]
_parser.py(238):         if char == "\\":
_parser.py(245):         self.index = index + 1
_parser.py(246):         self.next = char
_parser.py(255):         return this
_parser.py(527):         if verbose:
_parser.py(538):         if this[0] == "\\":
_parser.py(542):         elif this not in SPECIAL_CHARS:
_parser.py(545):         elif this == "[":
_parser.py(634):         elif this in REPEAT_CHARS:
_parser.py(701):         elif this == ".":
_parser.py(704):         elif this == "(":
_parser.py(705):             start = source.tell() - 1
 --- modulename: _parser, funcname: tell
_parser.py(285):         return self.index - len(self.next or '')
_parser.py(706):             capture = True
_parser.py(707):             atomic = False
_parser.py(708):             name = None
_parser.py(709):             add_flags = 0
_parser.py(710):             del_flags = 0
_parser.py(711):             if sourcematch("?"):
 --- modulename: _parser, funcname: match
_parser.py(248):         if char == self.next:
_parser.py(249):             self.__next()
 --- modulename: _parser, funcname: __next
_parser.py(232):         index = self.index
_parser.py(233):         try:
_parser.py(234):             char = self.decoded_string[index]
_parser.py(238):         if char == "\\":
_parser.py(245):         self.index = index + 1
_parser.py(246):         self.next = char
_parser.py(250):             return True
_parser.py(713):                 char = sourceget()
 --- modulename: _parser, funcname: get
_parser.py(253):         this = self.next
_parser.py(254):         self.__next()
 --- modulename: _parser, funcname: __next
_parser.py(232):         index = self.index
_parser.py(233):         try:
_parser.py(234):             char = self.decoded_string[index]
_parser.py(238):         if char == "\\":
_parser.py(239):             index += 1
_parser.py(240):             try:
_parser.py(241):                 char += self.decoded_string[index]
_parser.py(245):         self.index = index + 1
_parser.py(246):         self.next = char
_parser.py(255):         return this
_parser.py(714):                 if char is None:
_parser.py(716):                 if char == "P":
_parser.py(743):                 elif char == ":":
_parser.py(745):                     capture = False
_parser.py(854):             if capture:
_parser.py(860):                 group = None
_parser.py(861):             sub_verbose = ((verbose or (add_flags & SRE_FLAG_VERBOSE)) and
_parser.py(863):             p = _parse_sub(source, state, sub_verbose, nested + 1)
 --- modulename: _parser, funcname: _parse_sub
_parser.py(450):     items = []
_parser.py(451):     itemsappend = items.append
_parser.py(452):     sourcematch = source.match
_parser.py(453):     start = source.tell()
 --- modulename: _parser, funcname: tell
_parser.py(285):         return self.index - len(self.next or '')
_parser.py(454):     while True:
_parser.py(455):         itemsappend(_parse(source, state, verbose, nested + 1,
_parser.py(456):                            not nested and not items))
_parser.py(455):         itemsappend(_parse(source, state, verbose, nested + 1,
 --- modulename: _parser, funcname: _parse
_parser.py(509):     subpattern = SubPattern(state)
 --- modulename: _parser, funcname: __init__
_parser.py(110):         self.state = state
_parser.py(111):         if data is None:
_parser.py(112):             data = []
_parser.py(113):         self.data = data
_parser.py(114):         self.width = None
_parser.py(512):     subpatternappend = subpattern.append
_parser.py(513):     sourceget = source.get
_parser.py(514):     sourcematch = source.match
_parser.py(515):     _len = len
_parser.py(516):     _ord = ord
_parser.py(518):     while True:
_parser.py(520):         this = source.next
_parser.py(521):         if this is None:
_parser.py(523):         if this in "|)":
_parser.py(525):         sourceget()
 --- modulename: _parser, funcname: get
_parser.py(253):         this = self.next
_parser.py(254):         self.__next()
 --- modulename: _parser, funcname: __next
_parser.py(232):         index = self.index
_parser.py(233):         try:
_parser.py(234):             char = self.decoded_string[index]
_parser.py(238):         if char == "\\":
_parser.py(245):         self.index = index + 1
_parser.py(246):         self.next = char
_parser.py(255):         return this
_parser.py(527):         if verbose:
_parser.py(538):         if this[0] == "\\":
_parser.py(539):             code = _escape(source, this, state)
 --- modulename: _parser, funcname: _escape
_parser.py(369):     code = CATEGORIES.get(escape)
_parser.py(370):     if code:
_parser.py(372):     code = ESCAPES.get(escape)
_parser.py(373):     if code:
_parser.py(375):     try:
_parser.py(376):         c = escape[1:2]
_parser.py(377):         if c == "x":
_parser.py(383):         elif c == "u" and source.istext:
_parser.py(389):         elif c == "U" and source.istext:
_parser.py(397):         elif c == "N" and source.istext:
_parser.py(409):         elif c == "0":
_parser.py(413):         elif c in DIGITS:
_parser.py(436):         if len(escape) == 2:
_parser.py(437):             if c in ASCIILETTERS:
_parser.py(439):             return LITERAL, ord(escape[1])
_parser.py(540):             subpatternappend(code)
 --- modulename: _parser, funcname: append
_parser.py(171):         self.data.append(code)
_parser.py(518):     while True:
_parser.py(520):         this = source.next
_parser.py(521):         if this is None:
_parser.py(523):         if this in "|)":
_parser.py(525):         sourceget()
 --- modulename: _parser, funcname: get
_parser.py(253):         this = self.next
_parser.py(254):         self.__next()
 --- modulename: _parser, funcname: __next
_parser.py(232):         index = self.index
_parser.py(233):         try:
_parser.py(234):             char = self.decoded_string[index]
_parser.py(238):         if char == "\\":
_parser.py(245):         self.index = index + 1
_parser.py(246):         self.next = char
_parser.py(255):         return this
_parser.py(527):         if verbose:
_parser.py(538):         if this[0] == "\\":
_parser.py(542):         elif this not in SPECIAL_CHARS:
_parser.py(545):         elif this == "[":
_parser.py(634):         elif this in REPEAT_CHARS:
_parser.py(701):         elif this == ".":
_parser.py(704):         elif this == "(":
_parser.py(705):             start = source.tell() - 1
 --- modulename: _parser, funcname: tell
_parser.py(285):         return self.index - len(self.next or '')
_parser.py(706):             capture = True
_parser.py(707):             atomic = False
_parser.py(708):             name = None
_parser.py(709):             add_flags = 0
_parser.py(710):             del_flags = 0
_parser.py(711):             if sourcematch("?"):
 --- modulename: _parser, funcname: match
_parser.py(248):         if char == self.next:
_parser.py(249):             self.__next()
 --- modulename: _parser, funcname: __next
_parser.py(232):         index = self.index
_parser.py(233):         try:
_parser.py(234):             char = self.decoded_string[index]
_parser.py(238):         if char == "\\":
_parser.py(245):         self.index = index + 1
_parser.py(246):         self.next = char
_parser.py(250):             return True
_parser.py(713):                 char = sourceget()
 --- modulename: _parser, funcname: get
_parser.py(253):         this = self.next
_parser.py(254):         self.__next()
 --- modulename: _parser, funcname: __next
_parser.py(232):         index = self.index
_parser.py(233):         try:
_parser.py(234):             char = self.decoded_string[index]
_parser.py(238):         if char == "\\":
_parser.py(245):         self.index = index + 1
_parser.py(246):         self.next = char
_parser.py(255):         return this
_parser.py(714):                 if char is None:
_parser.py(716):                 if char == "P":
_parser.py(718):                     if sourcematch("<"):
 --- modulename: _parser, funcname: match
_parser.py(248):         if char == self.next:
_parser.py(249):             self.__next()
 --- modulename: _parser, funcname: __next
_parser.py(232):         index = self.index
_parser.py(233):         try:
_parser.py(234):             char = self.decoded_string[index]
_parser.py(238):         if char == "\\":
_parser.py(245):         self.index = index + 1
_parser.py(246):         self.next = char
_parser.py(250):             return True
_parser.py(720):                         name = source.getuntil(">", "group name")
 --- modulename: _parser, funcname: getuntil
_parser.py(266):         result = ''
_parser.py(267):         while True:
_parser.py(268):             c = self.next
_parser.py(269):             self.__next()
 --- modulename: _parser, funcname: __next
_parser.py(232):         index = self.index
_parser.py(233):         try:
_parser.py(234):             char = self.decoded_string[index]
_parser.py(238):         if char == "\\":
_parser.py(245):         self.index = index + 1
_parser.py(246):         self.next = char
_parser.py(270):             if c is None:
_parser.py(275):             if c == terminator:
_parser.py(279):             result += c
_parser.py(267):         while True:
_parser.py(268):             c = self.next
_parser.py(269):             self.__next()
 --- modulename: _parser, funcname: __next
_parser.py(232):         index = self.index
_parser.py(233):         try:
_parser.py(234):             char = self.decoded_string[index]
_parser.py(238):         if char == "\\":
_parser.py(245):         self.index = index + 1
_parser.py(246):         self.next = char
_parser.py(270):             if c is None:
_parser.py(275):             if c == terminator:
_parser.py(279):             result += c
_parser.py(267):         while True:
_parser.py(268):             c = self.next
_parser.py(269):             self.__next()
 --- modulename: _parser, funcname: __next
_parser.py(232):         index = self.index
_parser.py(233):         try:
_parser.py(234):             char = self.decoded_string[index]
_parser.py(238):         if char == "\\":
_parser.py(245):         self.index = index + 1
_parser.py(246):         self.next = char
_parser.py(270):             if c is None:
_parser.py(275):             if c == terminator:
_parser.py(279):             result += c
_parser.py(267):         while True:
_parser.py(268):             c = self.next
_parser.py(269):             self.__next()
 --- modulename: _parser, funcname: __next
_parser.py(232):         index = self.index
_parser.py(233):         try:
_parser.py(234):             char = self.decoded_string[index]
_parser.py(238):         if char == "\\":
_parser.py(245):         self.index = index + 1
_parser.py(246):         self.next = char
_parser.py(270):             if c is None:
_parser.py(275):             if c == terminator:
_parser.py(276):                 if not result:
_parser.py(278):                 break
_parser.py(280):         return result
_parser.py(721):                         source.checkgroupname(name, 1, nested)
 --- modulename: _parser, funcname: checkgroupname
_parser.py(296):         if not name.isidentifier():
_parser.py(299):         if not (self.istext or name.isascii()):
_parser.py(854):             if capture:
_parser.py(855):                 try:
_parser.py(856):                     group = state.opengroup(name)
 --- modulename: _parser, funcname: opengroup
_parser.py(83):         gid = self.groups
 --- modulename: _parser, funcname: groups
_parser.py(81):         return len(self.groupwidths)
_parser.py(84):         self.groupwidths.append(None)
_parser.py(85):         if self.groups > MAXGROUPS:
 --- modulename: _parser, funcname: groups
_parser.py(81):         return len(self.groupwidths)
_parser.py(87):         if name is not None:
_parser.py(88):             ogid = self.groupdict.get(name, None)
_parser.py(89):             if ogid is not None:
_parser.py(92):             self.groupdict[name] = gid
_parser.py(93):         return gid
_parser.py(861):             sub_verbose = ((verbose or (add_flags & SRE_FLAG_VERBOSE)) and
_parser.py(863):             p = _parse_sub(source, state, sub_verbose, nested + 1)
 --- modulename: _parser, funcname: _parse_sub
_parser.py(450):     items = []
_parser.py(451):     itemsappend = items.append
_parser.py(452):     sourcematch = source.match
_parser.py(453):     start = source.tell()
 --- modulename: _parser, funcname: tell
_parser.py(285):         return self.index - len(self.next or '')
_parser.py(454):     while True:
_parser.py(455):         itemsappend(_parse(source, state, verbose, nested + 1,
_parser.py(456):                            not nested and not items))
_parser.py(455):         itemsappend(_parse(source, state, verbose, nested + 1,
 --- modulename: _parser, funcname: _parse
_parser.py(509):     subpattern = SubPattern(state)
 --- modulename: _parser, funcname: __init__
_parser.py(110):         self.state = state
_parser.py(111):         if data is None:
_parser.py(112):             data = []
_parser.py(113):         self.data = data
_parser.py(114):         self.width = None
_parser.py(512):     subpatternappend = subpattern.append
_parser.py(513):     sourceget = source.get
_parser.py(514):     sourcematch = source.match
_parser.py(515):     _len = len
_parser.py(516):     _ord = ord
_parser.py(518):     while True:
_parser.py(520):         this = source.next
_parser.py(521):         if this is None:
_parser.py(523):         if this in "|)":
_parser.py(525):         sourceget()
 --- modulename: _parser, funcname: get
_parser.py(253):         this = self.next
_parser.py(254):         self.__next()
 --- modulename: _parser, funcname: __next
_parser.py(232):         index = self.index
_parser.py(233):         try:
_parser.py(234):             char = self.decoded_string[index]
_parser.py(238):         if char == "\\":
_parser.py(245):         self.index = index + 1
_parser.py(246):         self.next = char
_parser.py(255):         return this
_parser.py(527):         if verbose:
_parser.py(538):         if this[0] == "\\":
_parser.py(542):         elif this not in SPECIAL_CHARS:
_parser.py(545):         elif this == "[":
_parser.py(634):         elif this in REPEAT_CHARS:
_parser.py(701):         elif this == ".":
_parser.py(702):             subpatternappend((ANY, None))
 --- modulename: _parser, funcname: append
_parser.py(171):         self.data.append(code)
_parser.py(518):     while True:
_parser.py(520):         this = source.next
_parser.py(521):         if this is None:
_parser.py(523):         if this in "|)":
_parser.py(525):         sourceget()
 --- modulename: _parser, funcname: get
_parser.py(253):         this = self.next
_parser.py(254):         self.__next()
 --- modulename: _parser, funcname: __next
_parser.py(232):         index = self.index
_parser.py(233):         try:
_parser.py(234):             char = self.decoded_string[index]
_parser.py(238):         if char == "\\":
_parser.py(245):         self.index = index + 1
_parser.py(246):         self.next = char
_parser.py(255):         return this
_parser.py(527):         if verbose:
_parser.py(538):         if this[0] == "\\":
_parser.py(542):         elif this not in SPECIAL_CHARS:
_parser.py(545):         elif this == "[":
_parser.py(634):         elif this in REPEAT_CHARS:
_parser.py(636):             here = source.tell()
 --- modulename: _parser, funcname: tell
_parser.py(285):         return self.index - len(self.next or '')
_parser.py(637):             if this == "?":
_parser.py(639):             elif this == "*":
_parser.py(640):                 min, max = 0, MAXREPEAT
_parser.py(677):             if subpattern:
 --- modulename: _parser, funcname: __len__
_parser.py(159):         return len(self.data)
_parser.py(678):                 item = subpattern[-1:]
 --- modulename: _parser, funcname: __getitem__
_parser.py(163):         if isinstance(index, slice):
_parser.py(164):             return SubPattern(self.state, self.data[index])
 --- modulename: _parser, funcname: __init__
_parser.py(110):         self.state = state
_parser.py(111):         if data is None:
_parser.py(113):         self.data = data
_parser.py(114):         self.width = None
_parser.py(681):             if not item or item[0][0] is AT:
 --- modulename: _parser, funcname: __len__
_parser.py(159):         return len(self.data)
 --- modulename: _parser, funcname: __getitem__
_parser.py(163):         if isinstance(index, slice):
_parser.py(165):         return self.data[index]
_parser.py(684):             if item[0][0] in _REPEATCODES:
 --- modulename: _parser, funcname: __getitem__
_parser.py(163):         if isinstance(index, slice):
_parser.py(165):         return self.data[index]
_parser.py(687):             if item[0][0] is SUBPATTERN:
 --- modulename: _parser, funcname: __getitem__
_parser.py(163):         if isinstance(index, slice):
_parser.py(165):         return self.data[index]
_parser.py(691):             if sourcematch("?"):
 --- modulename: _parser, funcname: match
_parser.py(248):         if char == self.next:
_parser.py(249):             self.__next()
 --- modulename: _parser, funcname: __next
_parser.py(232):         index = self.index
_parser.py(233):         try:
_parser.py(234):             char = self.decoded_string[index]
_parser.py(238):         if char == "\\":
_parser.py(245):         self.index = index + 1
_parser.py(246):         self.next = char
_parser.py(250):             return True
_parser.py(693):                 subpattern[-1] = (MIN_REPEAT, (min, max, item))
 --- modulename: _parser, funcname: __setitem__
_parser.py(167):         self.data[index] = code
_parser.py(518):     while True:
_parser.py(520):         this = source.next
_parser.py(521):         if this is None:
_parser.py(523):         if this in "|)":
_parser.py(524):             break # end of subpattern
_parser.py(885):     for i in range(len(subpattern))[::-1]:
 --- modulename: _parser, funcname: __len__
_parser.py(159):         return len(self.data)
_parser.py(886):         op, av = subpattern[i]
 --- modulename: _parser, funcname: __getitem__
_parser.py(163):         if isinstance(index, slice):
_parser.py(165):         return self.data[index]
_parser.py(887):         if op is SUBPATTERN:
_parser.py(885):     for i in range(len(subpattern))[::-1]:
_parser.py(892):     return subpattern
_parser.py(457):         if not sourcematch("|"):
 --- modulename: _parser, funcname: match
_parser.py(248):         if char == self.next:
_parser.py(251):         return False
_parser.py(458):             break
_parser.py(462):     if len(items) == 1:
_parser.py(463):         return items[0]
_parser.py(864):             if not source.match(")"):
 --- modulename: _parser, funcname: match
_parser.py(248):         if char == self.next:
_parser.py(249):             self.__next()
 --- modulename: _parser, funcname: __next
_parser.py(232):         index = self.index
_parser.py(233):         try:
_parser.py(234):             char = self.decoded_string[index]
_parser.py(238):         if char == "\\":
_parser.py(239):             index += 1
_parser.py(240):             try:
_parser.py(241):                 char += self.decoded_string[index]
_parser.py(245):         self.index = index + 1
_parser.py(246):         self.next = char
_parser.py(250):             return True
_parser.py(867):             if group is not None:
_parser.py(868):                 state.closegroup(group, p)
 --- modulename: _parser, funcname: closegroup
_parser.py(95):         self.groupwidths[gid] = p.getwidth()
 --- modulename: _parser, funcname: getwidth
_parser.py(174):         if self.width is not None:
_parser.py(176):         lo = hi = 0
_parser.py(177):         for op, av in self.data:
_parser.py(178):             if op is BRANCH:
_parser.py(187):             elif op is ATOMIC_GROUP:
_parser.py(191):             elif op is SUBPATTERN:
_parser.py(195):             elif op in _REPEATCODES:
_parser.py(196):                 i, j = av[2].getwidth()
 --- modulename: _parser, funcname: getwidth
_parser.py(174):         if self.width is not None:
_parser.py(176):         lo = hi = 0
_parser.py(177):         for op, av in self.data:
_parser.py(178):             if op is BRANCH:
_parser.py(187):             elif op is ATOMIC_GROUP:
_parser.py(191):             elif op is SUBPATTERN:
_parser.py(195):             elif op in _REPEATCODES:
_parser.py(199):             elif op in _UNITCODES:
_parser.py(200):                 lo = lo + 1
_parser.py(201):                 hi = hi + 1
_parser.py(177):         for op, av in self.data:
_parser.py(218):         self.width = min(lo, MAXREPEAT - 1), min(hi, MAXREPEAT)
_parser.py(219):         return self.width
_parser.py(197):                 lo = lo + i * av[0]
_parser.py(198):                 hi = hi + j * av[1]
_parser.py(177):         for op, av in self.data:
_parser.py(218):         self.width = min(lo, MAXREPEAT - 1), min(hi, MAXREPEAT)
_parser.py(219):         return self.width
_parser.py(869):             if atomic:
_parser.py(873):                 subpatternappend((SUBPATTERN, (group, add_flags, del_flags, p)))
 --- modulename: _parser, funcname: append
_parser.py(171):         self.data.append(code)
_parser.py(518):     while True:
_parser.py(520):         this = source.next
_parser.py(521):         if this is None:
_parser.py(523):         if this in "|)":
_parser.py(525):         sourceget()
 --- modulename: _parser, funcname: get
_parser.py(253):         this = self.next
_parser.py(254):         self.__next()
 --- modulename: _parser, funcname: __next
_parser.py(232):         index = self.index
_parser.py(233):         try:
_parser.py(234):             char = self.decoded_string[index]
_parser.py(238):         if char == "\\":
_parser.py(245):         self.index = index + 1
_parser.py(246):         self.next = char
_parser.py(255):         return this
_parser.py(527):         if verbose:
_parser.py(538):         if this[0] == "\\":
_parser.py(539):             code = _escape(source, this, state)
 --- modulename: _parser, funcname: _escape
_parser.py(369):     code = CATEGORIES.get(escape)
_parser.py(370):     if code:
_parser.py(372):     code = ESCAPES.get(escape)
_parser.py(373):     if code:
_parser.py(375):     try:
_parser.py(376):         c = escape[1:2]
_parser.py(377):         if c == "x":
_parser.py(383):         elif c == "u" and source.istext:
_parser.py(389):         elif c == "U" and source.istext:
_parser.py(397):         elif c == "N" and source.istext:
_parser.py(409):         elif c == "0":
_parser.py(413):         elif c in DIGITS:
_parser.py(436):         if len(escape) == 2:
_parser.py(437):             if c in ASCIILETTERS:
_parser.py(439):             return LITERAL, ord(escape[1])
_parser.py(540):             subpatternappend(code)
 --- modulename: _parser, funcname: append
_parser.py(171):         self.data.append(code)
_parser.py(518):     while True:
_parser.py(520):         this = source.next
_parser.py(521):         if this is None:
_parser.py(523):         if this in "|)":
_parser.py(524):             break # end of subpattern
_parser.py(885):     for i in range(len(subpattern))[::-1]:
 --- modulename: _parser, funcname: __len__
_parser.py(159):         return len(self.data)
_parser.py(886):         op, av = subpattern[i]
 --- modulename: _parser, funcname: __getitem__
_parser.py(163):         if isinstance(index, slice):
_parser.py(165):         return self.data[index]
_parser.py(887):         if op is SUBPATTERN:
_parser.py(885):     for i in range(len(subpattern))[::-1]:
_parser.py(886):         op, av = subpattern[i]
 --- modulename: _parser, funcname: __getitem__
_parser.py(163):         if isinstance(index, slice):
_parser.py(165):         return self.data[index]
_parser.py(887):         if op is SUBPATTERN:
_parser.py(888):             group, add_flags, del_flags, p = av
_parser.py(889):             if group is None and not add_flags and not del_flags:
_parser.py(885):     for i in range(len(subpattern))[::-1]:
_parser.py(886):         op, av = subpattern[i]
 --- modulename: _parser, funcname: __getitem__
_parser.py(163):         if isinstance(index, slice):
_parser.py(165):         return self.data[index]
_parser.py(887):         if op is SUBPATTERN:
_parser.py(885):     for i in range(len(subpattern))[::-1]:
_parser.py(892):     return subpattern
_parser.py(457):         if not sourcematch("|"):
 --- modulename: _parser, funcname: match
_parser.py(248):         if char == self.next:
_parser.py(251):         return False
_parser.py(458):             break
_parser.py(462):     if len(items) == 1:
_parser.py(463):         return items[0]
_parser.py(864):             if not source.match(")"):
 --- modulename: _parser, funcname: match
_parser.py(248):         if char == self.next:
_parser.py(249):             self.__next()
 --- modulename: _parser, funcname: __next
_parser.py(232):         index = self.index
_parser.py(233):         try:
_parser.py(234):             char = self.decoded_string[index]
_parser.py(238):         if char == "\\":
_parser.py(245):         self.index = index + 1
_parser.py(246):         self.next = char
_parser.py(250):             return True
_parser.py(867):             if group is not None:
_parser.py(869):             if atomic:
_parser.py(873):                 subpatternappend((SUBPATTERN, (group, add_flags, del_flags, p)))
 --- modulename: _parser, funcname: append
_parser.py(171):         self.data.append(code)
_parser.py(518):     while True:
_parser.py(520):         this = source.next
_parser.py(521):         if this is None:
_parser.py(523):         if this in "|)":
_parser.py(525):         sourceget()
 --- modulename: _parser, funcname: get
_parser.py(253):         this = self.next
_parser.py(254):         self.__next()
 --- modulename: _parser, funcname: __next
_parser.py(232):         index = self.index
_parser.py(233):         try:
_parser.py(234):             char = self.decoded_string[index]
_parser.py(238):         if char == "\\":
_parser.py(245):         self.index = index + 1
_parser.py(246):         self.next = char
_parser.py(255):         return this
_parser.py(527):         if verbose:
_parser.py(538):         if this[0] == "\\":
_parser.py(542):         elif this not in SPECIAL_CHARS:
_parser.py(545):         elif this == "[":
_parser.py(634):         elif this in REPEAT_CHARS:
_parser.py(636):             here = source.tell()
 --- modulename: _parser, funcname: tell
_parser.py(285):         return self.index - len(self.next or '')
_parser.py(637):             if this == "?":
_parser.py(638):                 min, max = 0, 1
_parser.py(677):             if subpattern:
 --- modulename: _parser, funcname: __len__
_parser.py(159):         return len(self.data)
_parser.py(678):                 item = subpattern[-1:]
 --- modulename: _parser, funcname: __getitem__
_parser.py(163):         if isinstance(index, slice):
_parser.py(164):             return SubPattern(self.state, self.data[index])
 --- modulename: _parser, funcname: __init__
_parser.py(110):         self.state = state
_parser.py(111):         if data is None:
_parser.py(113):         self.data = data
_parser.py(114):         self.width = None
_parser.py(681):             if not item or item[0][0] is AT:
 --- modulename: _parser, funcname: __len__
_parser.py(159):         return len(self.data)
 --- modulename: _parser, funcname: __getitem__
_parser.py(163):         if isinstance(index, slice):
_parser.py(165):         return self.data[index]
_parser.py(684):             if item[0][0] in _REPEATCODES:
 --- modulename: _parser, funcname: __getitem__
_parser.py(163):         if isinstance(index, slice):
_parser.py(165):         return self.data[index]
_parser.py(687):             if item[0][0] is SUBPATTERN:
 --- modulename: _parser, funcname: __getitem__
_parser.py(163):         if isinstance(index, slice):
_parser.py(165):         return self.data[index]
_parser.py(688):                 group, add_flags, del_flags, p = item[0][1]
 --- modulename: _parser, funcname: __getitem__
_parser.py(163):         if isinstance(index, slice):
_parser.py(165):         return self.data[index]
_parser.py(689):                 if group is None and not add_flags and not del_flags:
_parser.py(690):                     item = p
_parser.py(691):             if sourcematch("?"):
 --- modulename: _parser, funcname: match
_parser.py(248):         if char == self.next:
_parser.py(251):         return False
_parser.py(694):             elif sourcematch("+"):
 --- modulename: _parser, funcname: match
_parser.py(248):         if char == self.next:
_parser.py(251):         return False
_parser.py(699):                 subpattern[-1] = (MAX_REPEAT, (min, max, item))
 --- modulename: _parser, funcname: __setitem__
_parser.py(167):         self.data[index] = code
_parser.py(518):     while True:
_parser.py(520):         this = source.next
_parser.py(521):         if this is None:
_parser.py(523):         if this in "|)":
_parser.py(525):         sourceget()
 --- modulename: _parser, funcname: get
_parser.py(253):         this = self.next
_parser.py(254):         self.__next()
 --- modulename: _parser, funcname: __next
_parser.py(232):         index = self.index
_parser.py(233):         try:
_parser.py(234):             char = self.decoded_string[index]
_parser.py(238):         if char == "\\":
_parser.py(245):         self.index = index + 1
_parser.py(246):         self.next = char
_parser.py(255):         return this
_parser.py(527):         if verbose:
_parser.py(538):         if this[0] == "\\":
_parser.py(542):         elif this not in SPECIAL_CHARS:
_parser.py(545):         elif this == "[":
_parser.py(634):         elif this in REPEAT_CHARS:
_parser.py(701):         elif this == ".":
_parser.py(704):         elif this == "(":
_parser.py(705):             start = source.tell() - 1
 --- modulename: _parser, funcname: tell
_parser.py(285):         return self.index - len(self.next or '')
_parser.py(706):             capture = True
_parser.py(707):             atomic = False
_parser.py(708):             name = None
_parser.py(709):             add_flags = 0
_parser.py(710):             del_flags = 0
_parser.py(711):             if sourcematch("?"):
 --- modulename: _parser, funcname: match
_parser.py(248):         if char == self.next:
_parser.py(249):             self.__next()
 --- modulename: _parser, funcname: __next
_parser.py(232):         index = self.index
_parser.py(233):         try:
_parser.py(234):             char = self.decoded_string[index]
_parser.py(238):         if char == "\\":
_parser.py(245):         self.index = index + 1
_parser.py(246):         self.next = char
_parser.py(250):             return True
_parser.py(713):                 char = sourceget()
 --- modulename: _parser, funcname: get
_parser.py(253):         this = self.next
_parser.py(254):         self.__next()
 --- modulename: _parser, funcname: __next
_parser.py(232):         index = self.index
_parser.py(233):         try:
_parser.py(234):             char = self.decoded_string[index]
_parser.py(238):         if char == "\\":
_parser.py(245):         self.index = index + 1
_parser.py(246):         self.next = char
_parser.py(255):         return this
_parser.py(714):                 if char is None:
_parser.py(716):                 if char == "P":
_parser.py(718):                     if sourcematch("<"):
 --- modulename: _parser, funcname: match
_parser.py(248):         if char == self.next:
_parser.py(249):             self.__next()
 --- modulename: _parser, funcname: __next
_parser.py(232):         index = self.index
_parser.py(233):         try:
_parser.py(234):             char = self.decoded_string[index]
_parser.py(238):         if char == "\\":
_parser.py(245):         self.index = index + 1
_parser.py(246):         self.next = char
_parser.py(250):             return True
_parser.py(720):                         name = source.getuntil(">", "group name")
 --- modulename: _parser, funcname: getuntil
_parser.py(266):         result = ''
_parser.py(267):         while True:
_parser.py(268):             c = self.next
_parser.py(269):             self.__next()
 --- modulename: _parser, funcname: __next
_parser.py(232):         index = self.index
_parser.py(233):         try:
_parser.py(234):             char = self.decoded_string[index]
_parser.py(238):         if char == "\\":
_parser.py(245):         self.index = index + 1
_parser.py(246):         self.next = char
_parser.py(270):             if c is None:
_parser.py(275):             if c == terminator:
_parser.py(279):             result += c
_parser.py(267):         while True:
_parser.py(268):             c = self.next
_parser.py(269):             self.__next()
 --- modulename: _parser, funcname: __next
_parser.py(232):         index = self.index
_parser.py(233):         try:
_parser.py(234):             char = self.decoded_string[index]
_parser.py(238):         if char == "\\":
_parser.py(245):         self.index = index + 1
_parser.py(246):         self.next = char
_parser.py(270):             if c is None:
_parser.py(275):             if c == terminator:
_parser.py(279):             result += c
_parser.py(267):         while True:
_parser.py(268):             c = self.next
_parser.py(269):             self.__next()
 --- modulename: _parser, funcname: __next
_parser.py(232):         index = self.index
_parser.py(233):         try:
_parser.py(234):             char = self.decoded_string[index]
_parser.py(238):         if char == "\\":
_parser.py(245):         self.index = index + 1
_parser.py(246):         self.next = char
_parser.py(270):             if c is None:
_parser.py(275):             if c == terminator:
_parser.py(279):             result += c
_parser.py(267):         while True:
_parser.py(268):             c = self.next
_parser.py(269):             self.__next()
 --- modulename: _parser, funcname: __next
_parser.py(232):         index = self.index
_parser.py(233):         try:
_parser.py(234):             char = self.decoded_string[index]
_parser.py(238):         if char == "\\":
_parser.py(245):         self.index = index + 1
_parser.py(246):         self.next = char
_parser.py(270):             if c is None:
_parser.py(275):             if c == terminator:
_parser.py(279):             result += c
_parser.py(267):         while True:
_parser.py(268):             c = self.next
_parser.py(269):             self.__next()
 --- modulename: _parser, funcname: __next
_parser.py(232):         index = self.index
_parser.py(233):         try:
_parser.py(234):             char = self.decoded_string[index]
_parser.py(238):         if char == "\\":
_parser.py(245):         self.index = index + 1
_parser.py(246):         self.next = char
_parser.py(270):             if c is None:
_parser.py(275):             if c == terminator:
_parser.py(279):             result += c
_parser.py(267):         while True:
_parser.py(268):             c = self.next
_parser.py(269):             self.__next()
 --- modulename: _parser, funcname: __next
_parser.py(232):         index = self.index
_parser.py(233):         try:
_parser.py(234):             char = self.decoded_string[index]
_parser.py(238):         if char == "\\":
_parser.py(245):         self.index = index + 1
_parser.py(246):         self.next = char
_parser.py(270):             if c is None:
_parser.py(275):             if c == terminator:
_parser.py(279):             result += c
_parser.py(267):         while True:
_parser.py(268):             c = self.next
_parser.py(269):             self.__next()
 --- modulename: _parser, funcname: __next
_parser.py(232):         index = self.index
_parser.py(233):         try:
_parser.py(234):             char = self.decoded_string[index]
_parser.py(238):         if char == "\\":
_parser.py(245):         self.index = index + 1
_parser.py(246):         self.next = char
_parser.py(270):             if c is None:
_parser.py(275):             if c == terminator:
_parser.py(279):             result += c
_parser.py(267):         while True:
_parser.py(268):             c = self.next
_parser.py(269):             self.__next()
 --- modulename: _parser, funcname: __next
_parser.py(232):         index = self.index
_parser.py(233):         try:
_parser.py(234):             char = self.decoded_string[index]
_parser.py(238):         if char == "\\":
_parser.py(245):         self.index = index + 1
_parser.py(246):         self.next = char
_parser.py(270):             if c is None:
_parser.py(275):             if c == terminator:
_parser.py(279):             result += c
_parser.py(267):         while True:
_parser.py(268):             c = self.next
_parser.py(269):             self.__next()
 --- modulename: _parser, funcname: __next
_parser.py(232):         index = self.index
_parser.py(233):         try:
_parser.py(234):             char = self.decoded_string[index]
_parser.py(238):         if char == "\\":
_parser.py(245):         self.index = index + 1
_parser.py(246):         self.next = char
_parser.py(270):             if c is None:
_parser.py(275):             if c == terminator:
_parser.py(279):             result += c
_parser.py(267):         while True:
_parser.py(268):             c = self.next
_parser.py(269):             self.__next()
 --- modulename: _parser, funcname: __next
_parser.py(232):         index = self.index
_parser.py(233):         try:
_parser.py(234):             char = self.decoded_string[index]
_parser.py(238):         if char == "\\":
_parser.py(245):         self.index = index + 1
_parser.py(246):         self.next = char
_parser.py(270):             if c is None:
_parser.py(275):             if c == terminator:
_parser.py(276):                 if not result:
_parser.py(278):                 break
_parser.py(280):         return result
_parser.py(721):                         source.checkgroupname(name, 1, nested)
 --- modulename: _parser, funcname: checkgroupname
_parser.py(296):         if not name.isidentifier():
_parser.py(299):         if not (self.istext or name.isascii()):
_parser.py(854):             if capture:
_parser.py(855):                 try:
_parser.py(856):                     group = state.opengroup(name)
 --- modulename: _parser, funcname: opengroup
_parser.py(83):         gid = self.groups
 --- modulename: _parser, funcname: groups
_parser.py(81):         return len(self.groupwidths)
_parser.py(84):         self.groupwidths.append(None)
_parser.py(85):         if self.groups > MAXGROUPS:
 --- modulename: _parser, funcname: groups
_parser.py(81):         return len(self.groupwidths)
_parser.py(87):         if name is not None:
_parser.py(88):             ogid = self.groupdict.get(name, None)
_parser.py(89):             if ogid is not None:
_parser.py(92):             self.groupdict[name] = gid
_parser.py(93):         return gid
_parser.py(861):             sub_verbose = ((verbose or (add_flags & SRE_FLAG_VERBOSE)) and
_parser.py(863):             p = _parse_sub(source, state, sub_verbose, nested + 1)
 --- modulename: _parser, funcname: _parse_sub
_parser.py(450):     items = []
_parser.py(451):     itemsappend = items.append
_parser.py(452):     sourcematch = source.match
_parser.py(453):     start = source.tell()
 --- modulename: _parser, funcname: tell
_parser.py(285):         return self.index - len(self.next or '')
_parser.py(454):     while True:
_parser.py(455):         itemsappend(_parse(source, state, verbose, nested + 1,
_parser.py(456):                            not nested and not items))
_parser.py(455):         itemsappend(_parse(source, state, verbose, nested + 1,
 --- modulename: _parser, funcname: _parse
_parser.py(509):     subpattern = SubPattern(state)
 --- modulename: _parser, funcname: __init__
_parser.py(110):         self.state = state
_parser.py(111):         if data is None:
_parser.py(112):             data = []
_parser.py(113):         self.data = data
_parser.py(114):         self.width = None
_parser.py(512):     subpatternappend = subpattern.append
_parser.py(513):     sourceget = source.get
_parser.py(514):     sourcematch = source.match
_parser.py(515):     _len = len
_parser.py(516):     _ord = ord
_parser.py(518):     while True:
_parser.py(520):         this = source.next
_parser.py(521):         if this is None:
_parser.py(523):         if this in "|)":
_parser.py(525):         sourceget()
 --- modulename: _parser, funcname: get
_parser.py(253):         this = self.next
_parser.py(254):         self.__next()
 --- modulename: _parser, funcname: __next
_parser.py(232):         index = self.index
_parser.py(233):         try:
_parser.py(234):             char = self.decoded_string[index]
_parser.py(238):         if char == "\\":
_parser.py(245):         self.index = index + 1
_parser.py(246):         self.next = char
_parser.py(255):         return this
_parser.py(527):         if verbose:
_parser.py(538):         if this[0] == "\\":
_parser.py(542):         elif this not in SPECIAL_CHARS:
_parser.py(545):         elif this == "[":
_parser.py(546):             here = source.tell() - 1
 --- modulename: _parser, funcname: tell
_parser.py(285):         return self.index - len(self.next or '')
_parser.py(548):             set = []
_parser.py(549):             setappend = set.append
_parser.py(552):             if source.next == '[':
_parser.py(558):             negate = sourcematch("^")
 --- modulename: _parser, funcname: match
_parser.py(248):         if char == self.next:
_parser.py(251):         return False
_parser.py(560):             while True:
_parser.py(561):                 this = sourceget()
 --- modulename: _parser, funcname: get
_parser.py(253):         this = self.next
_parser.py(254):         self.__next()
 --- modulename: _parser, funcname: __next
_parser.py(232):         index = self.index
_parser.py(233):         try:
_parser.py(234):             char = self.decoded_string[index]
_parser.py(238):         if char == "\\":
_parser.py(245):         self.index = index + 1
_parser.py(246):         self.next = char
_parser.py(255):         return this
_parser.py(562):                 if this is None:
_parser.py(565):                 if this == "]" and set:
_parser.py(567):                 elif this[0] == "\\":
_parser.py(570):                     if set and this in '-&~|' and source.next == this:
_parser.py(581):                     code1 = LITERAL, _ord(this)
_parser.py(582):                 if sourcematch("-"):
 --- modulename: _parser, funcname: match
_parser.py(248):         if char == self.next:
_parser.py(251):         return False
_parser.py(615):                     if code1[0] is IN:
_parser.py(617):                     setappend(code1)
_parser.py(560):             while True:
_parser.py(561):                 this = sourceget()
 --- modulename: _parser, funcname: get
_parser.py(253):         this = self.next
_parser.py(254):         self.__next()
 --- modulename: _parser, funcname: __next
_parser.py(232):         index = self.index
_parser.py(233):         try:
_parser.py(234):             char = self.decoded_string[index]
_parser.py(238):         if char == "\\":
_parser.py(245):         self.index = index + 1
_parser.py(246):         self.next = char
_parser.py(255):         return this
_parser.py(562):                 if this is None:
_parser.py(565):                 if this == "]" and set:
_parser.py(567):                 elif this[0] == "\\":
_parser.py(570):                     if set and this in '-&~|' and source.next == this:
_parser.py(581):                     code1 = LITERAL, _ord(this)
_parser.py(582):                 if sourcematch("-"):
 --- modulename: _parser, funcname: match
_parser.py(248):         if char == self.next:
_parser.py(251):         return False
_parser.py(615):                     if code1[0] is IN:
_parser.py(617):                     setappend(code1)
_parser.py(560):             while True:
_parser.py(561):                 this = sourceget()
 --- modulename: _parser, funcname: get
_parser.py(253):         this = self.next
_parser.py(254):         self.__next()
 --- modulename: _parser, funcname: __next
_parser.py(232):         index = self.index
_parser.py(233):         try:
_parser.py(234):             char = self.decoded_string[index]
_parser.py(238):         if char == "\\":
_parser.py(245):         self.index = index + 1
_parser.py(246):         self.next = char
_parser.py(255):         return this
_parser.py(562):                 if this is None:
_parser.py(565):                 if this == "]" and set:
_parser.py(567):                 elif this[0] == "\\":
_parser.py(570):                     if set and this in '-&~|' and source.next == this:
_parser.py(581):                     code1 = LITERAL, _ord(this)
_parser.py(582):                 if sourcematch("-"):
 --- modulename: _parser, funcname: match
_parser.py(248):         if char == self.next:
_parser.py(249):             self.__next()
 --- modulename: _parser, funcname: __next
_parser.py(232):         index = self.index
_parser.py(233):         try:
_parser.py(234):             char = self.decoded_string[index]
_parser.py(238):         if char == "\\":
_parser.py(245):         self.index = index + 1
_parser.py(246):         self.next = char
_parser.py(250):             return True
_parser.py(584):                     that = sourceget()
 --- modulename: _parser, funcname: get
_parser.py(253):         this = self.next
_parser.py(254):         self.__next()
 --- modulename: _parser, funcname: __next
_parser.py(232):         index = self.index
_parser.py(233):         try:
_parser.py(234):             char = self.decoded_string[index]
_parser.py(238):         if char == "\\":
_parser.py(245):         self.index = index + 1
_parser.py(246):         self.next = char
_parser.py(255):         return this
_parser.py(585):                     if that is None:
_parser.py(588):                     if that == "]":
_parser.py(594):                     if that[0] == "\\":
_parser.py(597):                         if that == '-':
_parser.py(604):                         code2 = LITERAL, _ord(that)
_parser.py(605):                     if code1[0] != LITERAL or code2[0] != LITERAL:
_parser.py(608):                     lo = code1[1]
_parser.py(609):                     hi = code2[1]
_parser.py(610):                     if hi < lo:
_parser.py(613):                     setappend((RANGE, (lo, hi)))
_parser.py(560):             while True:
_parser.py(561):                 this = sourceget()
 --- modulename: _parser, funcname: get
_parser.py(253):         this = self.next
_parser.py(254):         self.__next()
 --- modulename: _parser, funcname: __next
_parser.py(232):         index = self.index
_parser.py(233):         try:
_parser.py(234):             char = self.decoded_string[index]
_parser.py(238):         if char == "\\":
_parser.py(245):         self.index = index + 1
_parser.py(246):         self.next = char
_parser.py(255):         return this
_parser.py(562):                 if this is None:
_parser.py(565):                 if this == "]" and set:
_parser.py(567):                 elif this[0] == "\\":
_parser.py(570):                     if set and this in '-&~|' and source.next == this:
_parser.py(581):                     code1 = LITERAL, _ord(this)
_parser.py(582):                 if sourcematch("-"):
 --- modulename: _parser, funcname: match
_parser.py(248):         if char == self.next:
_parser.py(251):         return False
_parser.py(615):                     if code1[0] is IN:
_parser.py(617):                     setappend(code1)
_parser.py(560):             while True:
_parser.py(561):                 this = sourceget()
 --- modulename: _parser, funcname: get
_parser.py(253):         this = self.next
_parser.py(254):         self.__next()
 --- modulename: _parser, funcname: __next
_parser.py(232):         index = self.index
_parser.py(233):         try:
_parser.py(234):             char = self.decoded_string[index]
_parser.py(238):         if char == "\\":
_parser.py(245):         self.index = index + 1
_parser.py(246):         self.next = char
_parser.py(255):         return this
_parser.py(562):                 if this is None:
_parser.py(565):                 if this == "]" and set:
_parser.py(567):                 elif this[0] == "\\":
_parser.py(570):                     if set and this in '-&~|' and source.next == this:
_parser.py(581):                     code1 = LITERAL, _ord(this)
_parser.py(582):                 if sourcematch("-"):
 --- modulename: _parser, funcname: match
_parser.py(248):         if char == self.next:
_parser.py(251):         return False
_parser.py(615):                     if code1[0] is IN:
_parser.py(617):                     setappend(code1)
_parser.py(560):             while True:
_parser.py(561):                 this = sourceget()
 --- modulename: _parser, funcname: get
_parser.py(253):         this = self.next
_parser.py(254):         self.__next()
 --- modulename: _parser, funcname: __next
_parser.py(232):         index = self.index
_parser.py(233):         try:
_parser.py(234):             char = self.decoded_string[index]
_parser.py(238):         if char == "\\":
_parser.py(245):         self.index = index + 1
_parser.py(246):         self.next = char
_parser.py(255):         return this
_parser.py(562):                 if this is None:
_parser.py(565):                 if this == "]" and set:
_parser.py(567):                 elif this[0] == "\\":
_parser.py(570):                     if set and this in '-&~|' and source.next == this:
_parser.py(581):                     code1 = LITERAL, _ord(this)
_parser.py(582):                 if sourcematch("-"):
 --- modulename: _parser, funcname: match
_parser.py(248):         if char == self.next:
_parser.py(251):         return False
_parser.py(615):                     if code1[0] is IN:
_parser.py(617):                     setappend(code1)
_parser.py(560):             while True:
_parser.py(561):                 this = sourceget()
 --- modulename: _parser, funcname: get
_parser.py(253):         this = self.next
_parser.py(254):         self.__next()
 --- modulename: _parser, funcname: __next
_parser.py(232):         index = self.index
_parser.py(233):         try:
_parser.py(234):             char = self.decoded_string[index]
_parser.py(238):         if char == "\\":
_parser.py(245):         self.index = index + 1
_parser.py(246):         self.next = char
_parser.py(255):         return this
_parser.py(562):                 if this is None:
_parser.py(565):                 if this == "]" and set:
_parser.py(567):                 elif this[0] == "\\":
_parser.py(570):                     if set and this in '-&~|' and source.next == this:
_parser.py(581):                     code1 = LITERAL, _ord(this)
_parser.py(582):                 if sourcematch("-"):
 --- modulename: _parser, funcname: match
_parser.py(248):         if char == self.next:
_parser.py(251):         return False
_parser.py(615):                     if code1[0] is IN:
_parser.py(617):                     setappend(code1)
_parser.py(560):             while True:
_parser.py(561):                 this = sourceget()
 --- modulename: _parser, funcname: get
_parser.py(253):         this = self.next
_parser.py(254):         self.__next()
 --- modulename: _parser, funcname: __next
_parser.py(232):         index = self.index
_parser.py(233):         try:
_parser.py(234):             char = self.decoded_string[index]
_parser.py(238):         if char == "\\":
_parser.py(245):         self.index = index + 1
_parser.py(246):         self.next = char
_parser.py(255):         return this
_parser.py(562):                 if this is None:
_parser.py(565):                 if this == "]" and set:
_parser.py(567):                 elif this[0] == "\\":
_parser.py(570):                     if set and this in '-&~|' and source.next == this:
_parser.py(581):                     code1 = LITERAL, _ord(this)
_parser.py(582):                 if sourcematch("-"):
 --- modulename: _parser, funcname: match
_parser.py(248):         if char == self.next:
_parser.py(251):         return False
_parser.py(615):                     if code1[0] is IN:
_parser.py(617):                     setappend(code1)
_parser.py(560):             while True:
_parser.py(561):                 this = sourceget()
 --- modulename: _parser, funcname: get
_parser.py(253):         this = self.next
_parser.py(254):         self.__next()
 --- modulename: _parser, funcname: __next
_parser.py(232):         index = self.index
_parser.py(233):         try:
_parser.py(234):             char = self.decoded_string[index]
_parser.py(238):         if char == "\\":
_parser.py(245):         self.index = index + 1
_parser.py(246):         self.next = char
_parser.py(255):         return this
_parser.py(562):                 if this is None:
_parser.py(565):                 if this == "]" and set:
_parser.py(567):                 elif this[0] == "\\":
_parser.py(570):                     if set and this in '-&~|' and source.next == this:
_parser.py(581):                     code1 = LITERAL, _ord(this)
_parser.py(582):                 if sourcematch("-"):
 --- modulename: _parser, funcname: match
_parser.py(248):         if char == self.next:
_parser.py(251):         return False
_parser.py(615):                     if code1[0] is IN:
_parser.py(617):                     setappend(code1)
_parser.py(560):             while True:
_parser.py(561):                 this = sourceget()
 --- modulename: _parser, funcname: get
_parser.py(253):         this = self.next
_parser.py(254):         self.__next()
 --- modulename: _parser, funcname: __next
_parser.py(232):         index = self.index
_parser.py(233):         try:
_parser.py(234):             char = self.decoded_string[index]
_parser.py(238):         if char == "\\":
_parser.py(245):         self.index = index + 1
_parser.py(246):         self.next = char
_parser.py(255):         return this
_parser.py(562):                 if this is None:
_parser.py(565):                 if this == "]" and set:
_parser.py(567):                 elif this[0] == "\\":
_parser.py(570):                     if set and this in '-&~|' and source.next == this:
_parser.py(581):                     code1 = LITERAL, _ord(this)
_parser.py(582):                 if sourcematch("-"):
 --- modulename: _parser, funcname: match
_parser.py(248):         if char == self.next:
_parser.py(251):         return False
_parser.py(615):                     if code1[0] is IN:
_parser.py(617):                     setappend(code1)
_parser.py(560):             while True:
_parser.py(561):                 this = sourceget()
 --- modulename: _parser, funcname: get
_parser.py(253):         this = self.next
_parser.py(254):         self.__next()
 --- modulename: _parser, funcname: __next
_parser.py(232):         index = self.index
_parser.py(233):         try:
_parser.py(234):             char = self.decoded_string[index]
_parser.py(238):         if char == "\\":
_parser.py(245):         self.index = index + 1
_parser.py(246):         self.next = char
_parser.py(255):         return this
_parser.py(562):                 if this is None:
_parser.py(565):                 if this == "]" and set:
_parser.py(566):                     break
_parser.py(619):             set = _uniq(set)
 --- modulename: _parser, funcname: _uniq
_parser.py(445):     return list(dict.fromkeys(items))
_parser.py(621):             if _len(set) == 1 and set[0][0] is LITERAL:
_parser.py(628):                 if negate:
_parser.py(632):                 subpatternappend((IN, set))
 --- modulename: _parser, funcname: append
_parser.py(171):         self.data.append(code)
_parser.py(518):     while True:
_parser.py(520):         this = source.next
_parser.py(521):         if this is None:
_parser.py(523):         if this in "|)":
_parser.py(525):         sourceget()
 --- modulename: _parser, funcname: get
_parser.py(253):         this = self.next
_parser.py(254):         self.__next()
 --- modulename: _parser, funcname: __next
_parser.py(232):         index = self.index
_parser.py(233):         try:
_parser.py(234):             char = self.decoded_string[index]
_parser.py(238):         if char == "\\":
_parser.py(245):         self.index = index + 1
_parser.py(246):         self.next = char
_parser.py(255):         return this
_parser.py(527):         if verbose:
_parser.py(538):         if this[0] == "\\":
_parser.py(542):         elif this not in SPECIAL_CHARS:
_parser.py(545):         elif this == "[":
_parser.py(634):         elif this in REPEAT_CHARS:
_parser.py(636):             here = source.tell()
 --- modulename: _parser, funcname: tell
_parser.py(285):         return self.index - len(self.next or '')
_parser.py(637):             if this == "?":
_parser.py(639):             elif this == "*":
_parser.py(640):                 min, max = 0, MAXREPEAT
_parser.py(677):             if subpattern:
 --- modulename: _parser, funcname: __len__
_parser.py(159):         return len(self.data)
_parser.py(678):                 item = subpattern[-1:]
 --- modulename: _parser, funcname: __getitem__
_parser.py(163):         if isinstance(index, slice):
_parser.py(164):             return SubPattern(self.state, self.data[index])
 --- modulename: _parser, funcname: __init__
_parser.py(110):         self.state = state
_parser.py(111):         if data is None:
_parser.py(113):         self.data = data
_parser.py(114):         self.width = None
_parser.py(681):             if not item or item[0][0] is AT:
 --- modulename: _parser, funcname: __len__
_parser.py(159):         return len(self.data)
 --- modulename: _parser, funcname: __getitem__
_parser.py(163):         if isinstance(index, slice):
_parser.py(165):         return self.data[index]
_parser.py(684):             if item[0][0] in _REPEATCODES:
 --- modulename: _parser, funcname: __getitem__
_parser.py(163):         if isinstance(index, slice):
_parser.py(165):         return self.data[index]
_parser.py(687):             if item[0][0] is SUBPATTERN:
 --- modulename: _parser, funcname: __getitem__
_parser.py(163):         if isinstance(index, slice):
_parser.py(165):         return self.data[index]
_parser.py(691):             if sourcematch("?"):
 --- modulename: _parser, funcname: match
_parser.py(248):         if char == self.next:
_parser.py(249):             self.__next()
 --- modulename: _parser, funcname: __next
_parser.py(232):         index = self.index
_parser.py(233):         try:
_parser.py(234):             char = self.decoded_string[index]
_parser.py(238):         if char == "\\":
_parser.py(245):         self.index = index + 1
_parser.py(246):         self.next = char
_parser.py(250):             return True
_parser.py(693):                 subpattern[-1] = (MIN_REPEAT, (min, max, item))
 --- modulename: _parser, funcname: __setitem__
_parser.py(167):         self.data[index] = code
_parser.py(518):     while True:
_parser.py(520):         this = source.next
_parser.py(521):         if this is None:
_parser.py(523):         if this in "|)":
_parser.py(524):             break # end of subpattern
_parser.py(885):     for i in range(len(subpattern))[::-1]:
 --- modulename: _parser, funcname: __len__
_parser.py(159):         return len(self.data)
_parser.py(886):         op, av = subpattern[i]
 --- modulename: _parser, funcname: __getitem__
_parser.py(163):         if isinstance(index, slice):
_parser.py(165):         return self.data[index]
_parser.py(887):         if op is SUBPATTERN:
_parser.py(885):     for i in range(len(subpattern))[::-1]:
_parser.py(892):     return subpattern
_parser.py(457):         if not sourcematch("|"):
 --- modulename: _parser, funcname: match
_parser.py(248):         if char == self.next:
_parser.py(251):         return False
_parser.py(458):             break
_parser.py(462):     if len(items) == 1:
_parser.py(463):         return items[0]
_parser.py(864):             if not source.match(")"):
 --- modulename: _parser, funcname: match
_parser.py(248):         if char == self.next:
_parser.py(249):             self.__next()
 --- modulename: _parser, funcname: __next
_parser.py(232):         index = self.index
_parser.py(233):         try:
_parser.py(234):             char = self.decoded_string[index]
_parser.py(238):         if char == "\\":
_parser.py(245):         self.index = index + 1
_parser.py(246):         self.next = char
_parser.py(250):             return True
_parser.py(867):             if group is not None:
_parser.py(868):                 state.closegroup(group, p)
 --- modulename: _parser, funcname: closegroup
_parser.py(95):         self.groupwidths[gid] = p.getwidth()
 --- modulename: _parser, funcname: getwidth
_parser.py(174):         if self.width is not None:
_parser.py(176):         lo = hi = 0
_parser.py(177):         for op, av in self.data:
_parser.py(178):             if op is BRANCH:
_parser.py(187):             elif op is ATOMIC_GROUP:
_parser.py(191):             elif op is SUBPATTERN:
_parser.py(195):             elif op in _REPEATCODES:
_parser.py(196):                 i, j = av[2].getwidth()
 --- modulename: _parser, funcname: getwidth
_parser.py(174):         if self.width is not None:
_parser.py(176):         lo = hi = 0
_parser.py(177):         for op, av in self.data:
_parser.py(178):             if op is BRANCH:
_parser.py(187):             elif op is ATOMIC_GROUP:
_parser.py(191):             elif op is SUBPATTERN:
_parser.py(195):             elif op in _REPEATCODES:
_parser.py(199):             elif op in _UNITCODES:
_parser.py(200):                 lo = lo + 1
_parser.py(201):                 hi = hi + 1
_parser.py(177):         for op, av in self.data:
_parser.py(218):         self.width = min(lo, MAXREPEAT - 1), min(hi, MAXREPEAT)
_parser.py(219):         return self.width
_parser.py(197):                 lo = lo + i * av[0]
_parser.py(198):                 hi = hi + j * av[1]
_parser.py(177):         for op, av in self.data:
_parser.py(218):         self.width = min(lo, MAXREPEAT - 1), min(hi, MAXREPEAT)
_parser.py(219):         return self.width
_parser.py(869):             if atomic:
_parser.py(873):                 subpatternappend((SUBPATTERN, (group, add_flags, del_flags, p)))
 --- modulename: _parser, funcname: append
_parser.py(171):         self.data.append(code)
_parser.py(518):     while True:
_parser.py(520):         this = source.next
_parser.py(521):         if this is None:
_parser.py(523):         if this in "|)":
_parser.py(525):         sourceget()
 --- modulename: _parser, funcname: get
_parser.py(253):         this = self.next
_parser.py(254):         self.__next()
 --- modulename: _parser, funcname: __next
_parser.py(232):         index = self.index
_parser.py(233):         try:
_parser.py(234):             char = self.decoded_string[index]
_parser.py(238):         if char == "\\":
_parser.py(245):         self.index = index + 1
_parser.py(246):         self.next = char
_parser.py(255):         return this
_parser.py(527):         if verbose:
_parser.py(538):         if this[0] == "\\":
_parser.py(542):         elif this not in SPECIAL_CHARS:
_parser.py(545):         elif this == "[":
_parser.py(546):             here = source.tell() - 1
 --- modulename: _parser, funcname: tell
_parser.py(285):         return self.index - len(self.next or '')
_parser.py(548):             set = []
_parser.py(549):             setappend = set.append
_parser.py(552):             if source.next == '[':
_parser.py(558):             negate = sourcematch("^")
 --- modulename: _parser, funcname: match
_parser.py(248):         if char == self.next:
_parser.py(251):         return False
_parser.py(560):             while True:
_parser.py(561):                 this = sourceget()
 --- modulename: _parser, funcname: get
_parser.py(253):         this = self.next
_parser.py(254):         self.__next()
 --- modulename: _parser, funcname: __next
_parser.py(232):         index = self.index
_parser.py(233):         try:
_parser.py(234):             char = self.decoded_string[index]
_parser.py(238):         if char == "\\":
_parser.py(245):         self.index = index + 1
_parser.py(246):         self.next = char
_parser.py(255):         return this
_parser.py(562):                 if this is None:
_parser.py(565):                 if this == "]" and set:
_parser.py(567):                 elif this[0] == "\\":
_parser.py(570):                     if set and this in '-&~|' and source.next == this:
_parser.py(581):                     code1 = LITERAL, _ord(this)
_parser.py(582):                 if sourcematch("-"):
 --- modulename: _parser, funcname: match
_parser.py(248):         if char == self.next:
_parser.py(251):         return False
_parser.py(615):                     if code1[0] is IN:
_parser.py(617):                     setappend(code1)
_parser.py(560):             while True:
_parser.py(561):                 this = sourceget()
 --- modulename: _parser, funcname: get
_parser.py(253):         this = self.next
_parser.py(254):         self.__next()
 --- modulename: _parser, funcname: __next
_parser.py(232):         index = self.index
_parser.py(233):         try:
_parser.py(234):             char = self.decoded_string[index]
_parser.py(238):         if char == "\\":
_parser.py(245):         self.index = index + 1
_parser.py(246):         self.next = char
_parser.py(255):         return this
_parser.py(562):                 if this is None:
_parser.py(565):                 if this == "]" and set:
_parser.py(567):                 elif this[0] == "\\":
_parser.py(570):                     if set and this in '-&~|' and source.next == this:
_parser.py(581):                     code1 = LITERAL, _ord(this)
_parser.py(582):                 if sourcematch("-"):
 --- modulename: _parser, funcname: match
_parser.py(248):         if char == self.next:
_parser.py(251):         return False
_parser.py(615):                     if code1[0] is IN:
_parser.py(617):                     setappend(code1)
_parser.py(560):             while True:
_parser.py(561):                 this = sourceget()
 --- modulename: _parser, funcname: get
_parser.py(253):         this = self.next
_parser.py(254):         self.__next()
 --- modulename: _parser, funcname: __next
_parser.py(232):         index = self.index
_parser.py(233):         try:
_parser.py(234):             char = self.decoded_string[index]
_parser.py(238):         if char == "\\":
_parser.py(245):         self.index = index + 1
_parser.py(246):         self.next = char
_parser.py(255):         return this
_parser.py(562):                 if this is None:
_parser.py(565):                 if this == "]" and set:
_parser.py(567):                 elif this[0] == "\\":
_parser.py(570):                     if set and this in '-&~|' and source.next == this:
_parser.py(581):                     code1 = LITERAL, _ord(this)
_parser.py(582):                 if sourcematch("-"):
 --- modulename: _parser, funcname: match
_parser.py(248):         if char == self.next:
_parser.py(251):         return False
_parser.py(615):                     if code1[0] is IN:
_parser.py(617):                     setappend(code1)
_parser.py(560):             while True:
_parser.py(561):                 this = sourceget()
 --- modulename: _parser, funcname: get
_parser.py(253):         this = self.next
_parser.py(254):         self.__next()
 --- modulename: _parser, funcname: __next
_parser.py(232):         index = self.index
_parser.py(233):         try:
_parser.py(234):             char = self.decoded_string[index]
_parser.py(238):         if char == "\\":
_parser.py(245):         self.index = index + 1
_parser.py(246):         self.next = char
_parser.py(255):         return this
_parser.py(562):                 if this is None:
_parser.py(565):                 if this == "]" and set:
_parser.py(567):                 elif this[0] == "\\":
_parser.py(570):                     if set and this in '-&~|' and source.next == this:
_parser.py(581):                     code1 = LITERAL, _ord(this)
_parser.py(582):                 if sourcematch("-"):
 --- modulename: _parser, funcname: match
_parser.py(248):         if char == self.next:
_parser.py(251):         return False
_parser.py(615):                     if code1[0] is IN:
_parser.py(617):                     setappend(code1)
_parser.py(560):             while True:
_parser.py(561):                 this = sourceget()
 --- modulename: _parser, funcname: get
_parser.py(253):         this = self.next
_parser.py(254):         self.__next()
 --- modulename: _parser, funcname: __next
_parser.py(232):         index = self.index
_parser.py(233):         try:
_parser.py(234):             char = self.decoded_string[index]
_parser.py(238):         if char == "\\":
_parser.py(245):         self.index = index + 1
_parser.py(246):         self.next = char
_parser.py(255):         return this
_parser.py(562):                 if this is None:
_parser.py(565):                 if this == "]" and set:
_parser.py(567):                 elif this[0] == "\\":
_parser.py(570):                     if set and this in '-&~|' and source.next == this:
_parser.py(581):                     code1 = LITERAL, _ord(this)
_parser.py(582):                 if sourcematch("-"):
 --- modulename: _parser, funcname: match
_parser.py(248):         if char == self.next:
_parser.py(251):         return False
_parser.py(615):                     if code1[0] is IN:
_parser.py(617):                     setappend(code1)
_parser.py(560):             while True:
_parser.py(561):                 this = sourceget()
 --- modulename: _parser, funcname: get
_parser.py(253):         this = self.next
_parser.py(254):         self.__next()
 --- modulename: _parser, funcname: __next
_parser.py(232):         index = self.index
_parser.py(233):         try:
_parser.py(234):             char = self.decoded_string[index]
_parser.py(238):         if char == "\\":
_parser.py(245):         self.index = index + 1
_parser.py(246):         self.next = char
_parser.py(255):         return this
_parser.py(562):                 if this is None:
_parser.py(565):                 if this == "]" and set:
_parser.py(567):                 elif this[0] == "\\":
_parser.py(570):                     if set and this in '-&~|' and source.next == this:
_parser.py(581):                     code1 = LITERAL, _ord(this)
_parser.py(582):                 if sourcematch("-"):
 --- modulename: _parser, funcname: match
_parser.py(248):         if char == self.next:
_parser.py(251):         return False
_parser.py(615):                     if code1[0] is IN:
_parser.py(617):                     setappend(code1)
_parser.py(560):             while True:
_parser.py(561):                 this = sourceget()
 --- modulename: _parser, funcname: get
_parser.py(253):         this = self.next
_parser.py(254):         self.__next()
 --- modulename: _parser, funcname: __next
_parser.py(232):         index = self.index
_parser.py(233):         try:
_parser.py(234):             char = self.decoded_string[index]
_parser.py(238):         if char == "\\":
_parser.py(245):         self.index = index + 1
_parser.py(246):         self.next = char
_parser.py(255):         return this
_parser.py(562):                 if this is None:
_parser.py(565):                 if this == "]" and set:
_parser.py(567):                 elif this[0] == "\\":
_parser.py(570):                     if set and this in '-&~|' and source.next == this:
_parser.py(581):                     code1 = LITERAL, _ord(this)
_parser.py(582):                 if sourcematch("-"):
 --- modulename: _parser, funcname: match
_parser.py(248):         if char == self.next:
_parser.py(251):         return False
_parser.py(615):                     if code1[0] is IN:
_parser.py(617):                     setappend(code1)
_parser.py(560):             while True:
_parser.py(561):                 this = sourceget()
 --- modulename: _parser, funcname: get
_parser.py(253):         this = self.next
_parser.py(254):         self.__next()
 --- modulename: _parser, funcname: __next
_parser.py(232):         index = self.index
_parser.py(233):         try:
_parser.py(234):             char = self.decoded_string[index]
_parser.py(238):         if char == "\\":
_parser.py(245):         self.index = index + 1
_parser.py(246):         self.next = char
_parser.py(255):         return this
_parser.py(562):                 if this is None:
_parser.py(565):                 if this == "]" and set:
_parser.py(567):                 elif this[0] == "\\":
_parser.py(570):                     if set and this in '-&~|' and source.next == this:
_parser.py(581):                     code1 = LITERAL, _ord(this)
_parser.py(582):                 if sourcematch("-"):
 --- modulename: _parser, funcname: match
_parser.py(248):         if char == self.next:
_parser.py(251):         return False
_parser.py(615):                     if code1[0] is IN:
_parser.py(617):                     setappend(code1)
_parser.py(560):             while True:
_parser.py(561):                 this = sourceget()
 --- modulename: _parser, funcname: get
_parser.py(253):         this = self.next
_parser.py(254):         self.__next()
 --- modulename: _parser, funcname: __next
_parser.py(232):         index = self.index
_parser.py(233):         try:
_parser.py(234):             char = self.decoded_string[index]
_parser.py(238):         if char == "\\":
_parser.py(245):         self.index = index + 1
_parser.py(246):         self.next = char
_parser.py(255):         return this
_parser.py(562):                 if this is None:
_parser.py(565):                 if this == "]" and set:
_parser.py(567):                 elif this[0] == "\\":
_parser.py(570):                     if set and this in '-&~|' and source.next == this:
_parser.py(581):                     code1 = LITERAL, _ord(this)
_parser.py(582):                 if sourcematch("-"):
 --- modulename: _parser, funcname: match
_parser.py(248):         if char == self.next:
_parser.py(251):         return False
_parser.py(615):                     if code1[0] is IN:
_parser.py(617):                     setappend(code1)
_parser.py(560):             while True:
_parser.py(561):                 this = sourceget()
 --- modulename: _parser, funcname: get
_parser.py(253):         this = self.next
_parser.py(254):         self.__next()
 --- modulename: _parser, funcname: __next
_parser.py(232):         index = self.index
_parser.py(233):         try:
_parser.py(234):             char = self.decoded_string[index]
_parser.py(238):         if char == "\\":
_parser.py(245):         self.index = index + 1
_parser.py(246):         self.next = char
_parser.py(255):         return this
_parser.py(562):                 if this is None:
_parser.py(565):                 if this == "]" and set:
_parser.py(567):                 elif this[0] == "\\":
_parser.py(570):                     if set and this in '-&~|' and source.next == this:
_parser.py(581):                     code1 = LITERAL, _ord(this)
_parser.py(582):                 if sourcematch("-"):
 --- modulename: _parser, funcname: match
_parser.py(248):         if char == self.next:
_parser.py(251):         return False
_parser.py(615):                     if code1[0] is IN:
_parser.py(617):                     setappend(code1)
_parser.py(560):             while True:
_parser.py(561):                 this = sourceget()
 --- modulename: _parser, funcname: get
_parser.py(253):         this = self.next
_parser.py(254):         self.__next()
 --- modulename: _parser, funcname: __next
_parser.py(232):         index = self.index
_parser.py(233):         try:
_parser.py(234):             char = self.decoded_string[index]
_parser.py(238):         if char == "\\":
_parser.py(245):         self.index = index + 1
_parser.py(246):         self.next = char
_parser.py(255):         return this
_parser.py(562):                 if this is None:
_parser.py(565):                 if this == "]" and set:
_parser.py(567):                 elif this[0] == "\\":
_parser.py(570):                     if set and this in '-&~|' and source.next == this:
_parser.py(581):                     code1 = LITERAL, _ord(this)
_parser.py(582):                 if sourcematch("-"):
 --- modulename: _parser, funcname: match
_parser.py(248):         if char == self.next:
_parser.py(251):         return False
_parser.py(615):                     if code1[0] is IN:
_parser.py(617):                     setappend(code1)
_parser.py(560):             while True:
_parser.py(561):                 this = sourceget()
 --- modulename: _parser, funcname: get
_parser.py(253):         this = self.next
_parser.py(254):         self.__next()
 --- modulename: _parser, funcname: __next
_parser.py(232):         index = self.index
_parser.py(233):         try:
_parser.py(234):             char = self.decoded_string[index]
_parser.py(238):         if char == "\\":
_parser.py(245):         self.index = index + 1
_parser.py(246):         self.next = char
_parser.py(255):         return this
_parser.py(562):                 if this is None:
_parser.py(565):                 if this == "]" and set:
_parser.py(567):                 elif this[0] == "\\":
_parser.py(570):                     if set and this in '-&~|' and source.next == this:
_parser.py(581):                     code1 = LITERAL, _ord(this)
_parser.py(582):                 if sourcematch("-"):
 --- modulename: _parser, funcname: match
_parser.py(248):         if char == self.next:
_parser.py(251):         return False
_parser.py(615):                     if code1[0] is IN:
_parser.py(617):                     setappend(code1)
_parser.py(560):             while True:
_parser.py(561):                 this = sourceget()
 --- modulename: _parser, funcname: get
_parser.py(253):         this = self.next
_parser.py(254):         self.__next()
 --- modulename: _parser, funcname: __next
_parser.py(232):         index = self.index
_parser.py(233):         try:
_parser.py(234):             char = self.decoded_string[index]
_parser.py(238):         if char == "\\":
_parser.py(245):         self.index = index + 1
_parser.py(246):         self.next = char
_parser.py(255):         return this
_parser.py(562):                 if this is None:
_parser.py(565):                 if this == "]" and set:
_parser.py(567):                 elif this[0] == "\\":
_parser.py(570):                     if set and this in '-&~|' and source.next == this:
_parser.py(581):                     code1 = LITERAL, _ord(this)
_parser.py(582):                 if sourcematch("-"):
 --- modulename: _parser, funcname: match
_parser.py(248):         if char == self.next:
_parser.py(251):         return False
_parser.py(615):                     if code1[0] is IN:
_parser.py(617):                     setappend(code1)
_parser.py(560):             while True:
_parser.py(561):                 this = sourceget()
 --- modulename: _parser, funcname: get
_parser.py(253):         this = self.next
_parser.py(254):         self.__next()
 --- modulename: _parser, funcname: __next
_parser.py(232):         index = self.index
_parser.py(233):         try:
_parser.py(234):             char = self.decoded_string[index]
_parser.py(238):         if char == "\\":
_parser.py(245):         self.index = index + 1
_parser.py(246):         self.next = char
_parser.py(255):         return this
_parser.py(562):                 if this is None:
_parser.py(565):                 if this == "]" and set:
_parser.py(567):                 elif this[0] == "\\":
_parser.py(570):                     if set and this in '-&~|' and source.next == this:
_parser.py(581):                     code1 = LITERAL, _ord(this)
_parser.py(582):                 if sourcematch("-"):
 --- modulename: _parser, funcname: match
_parser.py(248):         if char == self.next:
_parser.py(251):         return False
_parser.py(615):                     if code1[0] is IN:
_parser.py(617):                     setappend(code1)
_parser.py(560):             while True:
_parser.py(561):                 this = sourceget()
 --- modulename: _parser, funcname: get
_parser.py(253):         this = self.next
_parser.py(254):         self.__next()
 --- modulename: _parser, funcname: __next
_parser.py(232):         index = self.index
_parser.py(233):         try:
_parser.py(234):             char = self.decoded_string[index]
_parser.py(238):         if char == "\\":
_parser.py(245):         self.index = index + 1
_parser.py(246):         self.next = char
_parser.py(255):         return this
_parser.py(562):                 if this is None:
_parser.py(565):                 if this == "]" and set:
_parser.py(567):                 elif this[0] == "\\":
_parser.py(570):                     if set and this in '-&~|' and source.next == this:
_parser.py(581):                     code1 = LITERAL, _ord(this)
_parser.py(582):                 if sourcematch("-"):
 --- modulename: _parser, funcname: match
_parser.py(248):         if char == self.next:
_parser.py(251):         return False
_parser.py(615):                     if code1[0] is IN:
_parser.py(617):                     setappend(code1)
_parser.py(560):             while True:
_parser.py(561):                 this = sourceget()
 --- modulename: _parser, funcname: get
_parser.py(253):         this = self.next
_parser.py(254):         self.__next()
 --- modulename: _parser, funcname: __next
_parser.py(232):         index = self.index
_parser.py(233):         try:
_parser.py(234):             char = self.decoded_string[index]
_parser.py(238):         if char == "\\":
_parser.py(245):         self.index = index + 1
_parser.py(246):         self.next = char
_parser.py(255):         return this
_parser.py(562):                 if this is None:
_parser.py(565):                 if this == "]" and set:
_parser.py(567):                 elif this[0] == "\\":
_parser.py(570):                     if set and this in '-&~|' and source.next == this:
_parser.py(581):                     code1 = LITERAL, _ord(this)
_parser.py(582):                 if sourcematch("-"):
 --- modulename: _parser, funcname: match
_parser.py(248):         if char == self.next:
_parser.py(251):         return False
_parser.py(615):                     if code1[0] is IN:
_parser.py(617):                     setappend(code1)
_parser.py(560):             while True:
_parser.py(561):                 this = sourceget()
 --- modulename: _parser, funcname: get
_parser.py(253):         this = self.next
_parser.py(254):         self.__next()
 --- modulename: _parser, funcname: __next
_parser.py(232):         index = self.index
_parser.py(233):         try:
_parser.py(234):             char = self.decoded_string[index]
_parser.py(235):         except IndexError:
_parser.py(236):             self.next = None
_parser.py(237):             return
_parser.py(255):         return this
_parser.py(562):                 if this is None:
_parser.py(565):                 if this == "]" and set:
_parser.py(566):                     break
_parser.py(619):             set = _uniq(set)
 --- modulename: _parser, funcname: _uniq
_parser.py(445):     return list(dict.fromkeys(items))
_parser.py(621):             if _len(set) == 1 and set[0][0] is LITERAL:
_parser.py(628):                 if negate:
_parser.py(632):                 subpatternappend((IN, set))
 --- modulename: _parser, funcname: append
_parser.py(171):         self.data.append(code)
_parser.py(518):     while True:
_parser.py(520):         this = source.next
_parser.py(521):         if this is None:
_parser.py(522):             break # end of pattern
_parser.py(885):     for i in range(len(subpattern))[::-1]:
 --- modulename: _parser, funcname: __len__
_parser.py(159):         return len(self.data)
_parser.py(886):         op, av = subpattern[i]
 --- modulename: _parser, funcname: __getitem__
_parser.py(163):         if isinstance(index, slice):
_parser.py(165):         return self.data[index]
_parser.py(887):         if op is SUBPATTERN:
_parser.py(885):     for i in range(len(subpattern))[::-1]:
_parser.py(886):         op, av = subpattern[i]
 --- modulename: _parser, funcname: __getitem__
_parser.py(163):         if isinstance(index, slice):
_parser.py(165):         return self.data[index]
_parser.py(887):         if op is SUBPATTERN:
_parser.py(888):             group, add_flags, del_flags, p = av
_parser.py(889):             if group is None and not add_flags and not del_flags:
_parser.py(885):     for i in range(len(subpattern))[::-1]:
_parser.py(886):         op, av = subpattern[i]
 --- modulename: _parser, funcname: __getitem__
_parser.py(163):         if isinstance(index, slice):
_parser.py(165):         return self.data[index]
_parser.py(887):         if op is SUBPATTERN:
_parser.py(885):     for i in range(len(subpattern))[::-1]:
_parser.py(886):         op, av = subpattern[i]
 --- modulename: _parser, funcname: __getitem__
_parser.py(163):         if isinstance(index, slice):
_parser.py(165):         return self.data[index]
_parser.py(887):         if op is SUBPATTERN:
_parser.py(885):     for i in range(len(subpattern))[::-1]:
_parser.py(892):     return subpattern
_parser.py(457):         if not sourcematch("|"):
 --- modulename: _parser, funcname: match
_parser.py(248):         if char == self.next:
_parser.py(251):         return False
_parser.py(458):             break
_parser.py(462):     if len(items) == 1:
_parser.py(463):         return items[0]
_parser.py(981):     p.state.flags = fix_flags(str, p.state.flags)
 --- modulename: _parser, funcname: fix_flags
_parser.py(956):     if isinstance(src, str):
_parser.py(957):         if flags & SRE_FLAG_LOCALE:
_parser.py(959):         if not flags & SRE_FLAG_ASCII:
_parser.py(960):             flags |= SRE_FLAG_UNICODE
_parser.py(968):     return flags
_parser.py(983):     if source.next is not None:
_parser.py(987):     for g in p.state.grouprefpos:
_parser.py(992):     if flags & SRE_FLAG_DEBUG:
_parser.py(995):     return p
_compiler.py(747):     code = _code(p, flags)
 --- modulename: _compiler, funcname: _code
_compiler.py(573):     flags = p.state.flags | flags
_compiler.py(574):     code = []
_compiler.py(577):     _compile_info(code, p, flags)
 --- modulename: _compiler, funcname: _compile_info
_compiler.py(513):     lo, hi = pattern.getwidth()
 --- modulename: _parser, funcname: getwidth
_parser.py(174):         if self.width is not None:
_parser.py(176):         lo = hi = 0
_parser.py(177):         for op, av in self.data:
_parser.py(178):             if op is BRANCH:
_parser.py(187):             elif op is ATOMIC_GROUP:
_parser.py(191):             elif op is SUBPATTERN:
_parser.py(195):             elif op in _REPEATCODES:
_parser.py(199):             elif op in _UNITCODES:
_parser.py(200):                 lo = lo + 1
_parser.py(201):                 hi = hi + 1
_parser.py(177):         for op, av in self.data:
_parser.py(178):             if op is BRANCH:
_parser.py(187):             elif op is ATOMIC_GROUP:
_parser.py(191):             elif op is SUBPATTERN:
_parser.py(195):             elif op in _REPEATCODES:
_parser.py(196):                 i, j = av[2].getwidth()
 --- modulename: _parser, funcname: getwidth
_parser.py(174):         if self.width is not None:
_parser.py(176):         lo = hi = 0
_parser.py(177):         for op, av in self.data:
_parser.py(178):             if op is BRANCH:
_parser.py(187):             elif op is ATOMIC_GROUP:
_parser.py(191):             elif op is SUBPATTERN:
_parser.py(195):             elif op in _REPEATCODES:
_parser.py(199):             elif op in _UNITCODES:
_parser.py(200):                 lo = lo + 1
_parser.py(201):                 hi = hi + 1
_parser.py(177):         for op, av in self.data:
_parser.py(178):             if op is BRANCH:
_parser.py(187):             elif op is ATOMIC_GROUP:
_parser.py(191):             elif op is SUBPATTERN:
_parser.py(192):                 i, j = av[-1].getwidth()
 --- modulename: _parser, funcname: getwidth
_parser.py(174):         if self.width is not None:
_parser.py(175):             return self.width
_parser.py(193):                 lo = lo + i
_parser.py(194):                 hi = hi + j
_parser.py(177):         for op, av in self.data:
_parser.py(178):             if op is BRANCH:
_parser.py(187):             elif op is ATOMIC_GROUP:
_parser.py(191):             elif op is SUBPATTERN:
_parser.py(195):             elif op in _REPEATCODES:
_parser.py(199):             elif op in _UNITCODES:
_parser.py(200):                 lo = lo + 1
_parser.py(201):                 hi = hi + 1
_parser.py(177):         for op, av in self.data:
_parser.py(218):         self.width = min(lo, MAXREPEAT - 1), min(hi, MAXREPEAT)
_parser.py(219):         return self.width
_parser.py(197):                 lo = lo + i * av[0]
_parser.py(198):                 hi = hi + j * av[1]
_parser.py(177):         for op, av in self.data:
_parser.py(178):             if op is BRANCH:
_parser.py(187):             elif op is ATOMIC_GROUP:
_parser.py(191):             elif op is SUBPATTERN:
_parser.py(192):                 i, j = av[-1].getwidth()
 --- modulename: _parser, funcname: getwidth
_parser.py(174):         if self.width is not None:
_parser.py(175):             return self.width
_parser.py(193):                 lo = lo + i
_parser.py(194):                 hi = hi + j
_parser.py(177):         for op, av in self.data:
_parser.py(178):             if op is BRANCH:
_parser.py(187):             elif op is ATOMIC_GROUP:
_parser.py(191):             elif op is SUBPATTERN:
_parser.py(195):             elif op in _REPEATCODES:
_parser.py(199):             elif op in _UNITCODES:
_parser.py(200):                 lo = lo + 1
_parser.py(201):                 hi = hi + 1
_parser.py(177):         for op, av in self.data:
_parser.py(218):         self.width = min(lo, MAXREPEAT - 1), min(hi, MAXREPEAT)
_parser.py(219):         return self.width
_compiler.py(514):     if hi > MAXCODE:
_compiler.py(516):     if lo == 0:
_compiler.py(520):     prefix = []
_compiler.py(521):     prefix_skip = 0
_compiler.py(522):     charset = [] # not used
_compiler.py(523):     if not (flags & SRE_FLAG_IGNORECASE and flags & SRE_FLAG_LOCALE):
_compiler.py(525):         prefix, prefix_skip, got_all = _get_literal_prefix(pattern, flags)
 --- modulename: _compiler, funcname: _get_literal_prefix
_compiler.py(436):     prefix = []
_compiler.py(437):     prefixappend = prefix.append
_compiler.py(438):     prefix_skip = None
_compiler.py(439):     iscased = _get_iscased(flags)
 --- modulename: _compiler, funcname: _get_iscased
_compiler.py(427):     if not flags & SRE_FLAG_IGNORECASE:
_compiler.py(428):         return None
_compiler.py(440):     for op, av in pattern.data:
_compiler.py(441):         if op is LITERAL:
_compiler.py(442):             if iscased and iscased(av):
_compiler.py(444):             prefixappend(av)
_compiler.py(440):     for op, av in pattern.data:
_compiler.py(441):         if op is LITERAL:
_compiler.py(445):         elif op is SUBPATTERN:
_compiler.py(460):             break
_compiler.py(463):     return prefix, prefix_skip, False
_compiler.py(527):         if not prefix:
_compiler.py(534):     emit = code.append
_compiler.py(535):     emit(INFO)
_compiler.py(536):     skip = len(code); emit(0)
_compiler.py(538):     mask = 0
_compiler.py(539):     if prefix:
_compiler.py(540):         mask = SRE_INFO_PREFIX
_compiler.py(541):         if prefix_skip is None and got_all:
_compiler.py(545):     emit(mask)
_compiler.py(547):     if lo < MAXCODE:
_compiler.py(548):         emit(lo)
_compiler.py(552):     emit(min(hi, MAXCODE))
_compiler.py(554):     if prefix:
_compiler.py(555):         emit(len(prefix)) # length
_compiler.py(556):         if prefix_skip is None:
_compiler.py(557):             prefix_skip =  len(prefix)
_compiler.py(558):         emit(prefix_skip) # skip
_compiler.py(559):         code.extend(prefix)
_compiler.py(561):         code.extend(_generate_overlap_table(prefix))
 --- modulename: _compiler, funcname: _generate_overlap_table
_compiler.py(414):     table = [0] * len(prefix)
_compiler.py(415):     for i in range(1, len(prefix)):
_compiler.py(424):     return table
_compiler.py(566):     code[skip] = len(code) - skip
_compiler.py(580):     _compile(code, p.data, flags)
 --- modulename: _compiler, funcname: _compile
_compiler.py(39):     emit = code.append
_compiler.py(40):     _len = len
_compiler.py(41):     LITERAL_CODES = _LITERAL_CODES
_compiler.py(42):     REPEATING_CODES = _REPEATING_CODES
_compiler.py(43):     SUCCESS_CODES = _SUCCESS_CODES
_compiler.py(44):     ASSERT_CODES = _ASSERT_CODES
_compiler.py(45):     iscased = None
_compiler.py(46):     tolower = None
_compiler.py(47):     fixes = None
_compiler.py(48):     if flags & SRE_FLAG_IGNORECASE and not flags & SRE_FLAG_LOCALE:
_compiler.py(56):     for op, av in pattern:
_compiler.py(57):         if op in LITERAL_CODES:
_compiler.py(58):             if not flags & SRE_FLAG_IGNORECASE:
_compiler.py(59):                 emit(op)
_compiler.py(60):                 emit(av)
_compiler.py(56):     for op, av in pattern:
_compiler.py(57):         if op in LITERAL_CODES:
_compiler.py(85):         elif op is IN:
_compiler.py(98):         elif op is ANY:
_compiler.py(103):         elif op in REPEATING_CODES:
_compiler.py(104):             if flags & SRE_FLAG_TEMPLATE:
_compiler.py(106):             if _simple(av[2]):
 --- modulename: _compiler, funcname: _simple
_compiler.py(398):     if len(p) != 1:
 --- modulename: _parser, funcname: __len__
_parser.py(159):         return len(self.data)
_compiler.py(399):         return False
_compiler.py(115):                 emit(REPEATING_CODES[op][0])
_compiler.py(116):                 skip = _len(code); emit(0)
_compiler.py(117):                 emit(av[0])
_compiler.py(118):                 emit(av[1])
_compiler.py(119):                 _compile(code, av[2], flags)
 --- modulename: _compiler, funcname: _compile
_compiler.py(39):     emit = code.append
_compiler.py(40):     _len = len
_compiler.py(41):     LITERAL_CODES = _LITERAL_CODES
_compiler.py(42):     REPEATING_CODES = _REPEATING_CODES
_compiler.py(43):     SUCCESS_CODES = _SUCCESS_CODES
_compiler.py(44):     ASSERT_CODES = _ASSERT_CODES
_compiler.py(45):     iscased = None
_compiler.py(46):     tolower = None
_compiler.py(47):     fixes = None
_compiler.py(48):     if flags & SRE_FLAG_IGNORECASE and not flags & SRE_FLAG_LOCALE:
_compiler.py(56):     for op, av in pattern:
 --- modulename: _parser, funcname: __getitem__
_parser.py(163):         if isinstance(index, slice):
_parser.py(165):         return self.data[index]
_compiler.py(57):         if op in LITERAL_CODES:
_compiler.py(58):             if not flags & SRE_FLAG_IGNORECASE:
_compiler.py(59):                 emit(op)
_compiler.py(60):                 emit(av)
_compiler.py(56):     for op, av in pattern:
 --- modulename: _parser, funcname: __getitem__
_parser.py(163):         if isinstance(index, slice):
_parser.py(165):         return self.data[index]
_compiler.py(57):         if op in LITERAL_CODES:
_compiler.py(85):         elif op is IN:
_compiler.py(98):         elif op is ANY:
_compiler.py(103):         elif op in REPEATING_CODES:
_compiler.py(122):         elif op is SUBPATTERN:
_compiler.py(123):             group, add_flags, del_flags, p = av
_compiler.py(124):             if group:
_compiler.py(125):                 emit(MARK)
_compiler.py(126):                 emit((group-1)*2)
_compiler.py(128):             _compile(code, p, _combine_flags(flags, add_flags, del_flags))
 --- modulename: _compiler, funcname: _combine_flags
_compiler.py(33):     if add_flags & TYPE_FLAGS:
_compiler.py(35):     return (flags | add_flags) & ~del_flags
 --- modulename: _compiler, funcname: _compile
_compiler.py(39):     emit = code.append
_compiler.py(40):     _len = len
_compiler.py(41):     LITERAL_CODES = _LITERAL_CODES
_compiler.py(42):     REPEATING_CODES = _REPEATING_CODES
_compiler.py(43):     SUCCESS_CODES = _SUCCESS_CODES
_compiler.py(44):     ASSERT_CODES = _ASSERT_CODES
_compiler.py(45):     iscased = None
_compiler.py(46):     tolower = None
_compiler.py(47):     fixes = None
_compiler.py(48):     if flags & SRE_FLAG_IGNORECASE and not flags & SRE_FLAG_LOCALE:
_compiler.py(56):     for op, av in pattern:
 --- modulename: _parser, funcname: __getitem__
_parser.py(163):         if isinstance(index, slice):
_parser.py(165):         return self.data[index]
_compiler.py(57):         if op in LITERAL_CODES:
_compiler.py(85):         elif op is IN:
_compiler.py(98):         elif op is ANY:
_compiler.py(103):         elif op in REPEATING_CODES:
_compiler.py(104):             if flags & SRE_FLAG_TEMPLATE:
_compiler.py(106):             if _simple(av[2]):
 --- modulename: _compiler, funcname: _simple
_compiler.py(398):     if len(p) != 1:
 --- modulename: _parser, funcname: __len__
_parser.py(159):         return len(self.data)
_compiler.py(400):     op, av = p[0]
 --- modulename: _parser, funcname: __getitem__
_parser.py(163):         if isinstance(index, slice):
_parser.py(165):         return self.data[index]
_compiler.py(401):     if op is SUBPATTERN:
_compiler.py(403):     return op in _UNIT_CODES
_compiler.py(107):                 emit(REPEATING_CODES[op][2])
_compiler.py(108):                 skip = _len(code); emit(0)
_compiler.py(109):                 emit(av[0])
_compiler.py(110):                 emit(av[1])
_compiler.py(111):                 _compile(code, av[2], flags)
 --- modulename: _compiler, funcname: _compile
_compiler.py(39):     emit = code.append
_compiler.py(40):     _len = len
_compiler.py(41):     LITERAL_CODES = _LITERAL_CODES
_compiler.py(42):     REPEATING_CODES = _REPEATING_CODES
_compiler.py(43):     SUCCESS_CODES = _SUCCESS_CODES
_compiler.py(44):     ASSERT_CODES = _ASSERT_CODES
_compiler.py(45):     iscased = None
_compiler.py(46):     tolower = None
_compiler.py(47):     fixes = None
_compiler.py(48):     if flags & SRE_FLAG_IGNORECASE and not flags & SRE_FLAG_LOCALE:
_compiler.py(56):     for op, av in pattern:
 --- modulename: _parser, funcname: __getitem__
_parser.py(163):         if isinstance(index, slice):
_parser.py(165):         return self.data[index]
_compiler.py(57):         if op in LITERAL_CODES:
_compiler.py(85):         elif op is IN:
_compiler.py(98):         elif op is ANY:
_compiler.py(99):             if flags & SRE_FLAG_DOTALL:
_compiler.py(102):                 emit(ANY)
_compiler.py(56):     for op, av in pattern:
 --- modulename: _parser, funcname: __getitem__
_parser.py(163):         if isinstance(index, slice):
_parser.py(165):         return self.data[index]
_compiler.py(112):                 emit(SUCCESS)
_compiler.py(113):                 code[skip] = _len(code) - skip
_compiler.py(56):     for op, av in pattern:
 --- modulename: _parser, funcname: __getitem__
_parser.py(163):         if isinstance(index, slice):
_parser.py(165):         return self.data[index]
_compiler.py(129):             if group:
_compiler.py(130):                 emit(MARK)
_compiler.py(131):                 emit((group-1)*2+1)
_compiler.py(56):     for op, av in pattern:
 --- modulename: _parser, funcname: __getitem__
_parser.py(163):         if isinstance(index, slice):
_parser.py(165):         return self.data[index]
_compiler.py(57):         if op in LITERAL_CODES:
_compiler.py(58):             if not flags & SRE_FLAG_IGNORECASE:
_compiler.py(59):                 emit(op)
_compiler.py(60):                 emit(av)
_compiler.py(56):     for op, av in pattern:
 --- modulename: _parser, funcname: __getitem__
_parser.py(163):         if isinstance(index, slice):
_parser.py(165):         return self.data[index]
_compiler.py(120):                 code[skip] = _len(code) - skip
_compiler.py(121):                 emit(REPEATING_CODES[op][1])
_compiler.py(56):     for op, av in pattern:
_compiler.py(57):         if op in LITERAL_CODES:
_compiler.py(85):         elif op is IN:
_compiler.py(98):         elif op is ANY:
_compiler.py(103):         elif op in REPEATING_CODES:
_compiler.py(122):         elif op is SUBPATTERN:
_compiler.py(123):             group, add_flags, del_flags, p = av
_compiler.py(124):             if group:
_compiler.py(125):                 emit(MARK)
_compiler.py(126):                 emit((group-1)*2)
_compiler.py(128):             _compile(code, p, _combine_flags(flags, add_flags, del_flags))
 --- modulename: _compiler, funcname: _combine_flags
_compiler.py(33):     if add_flags & TYPE_FLAGS:
_compiler.py(35):     return (flags | add_flags) & ~del_flags
 --- modulename: _compiler, funcname: _compile
_compiler.py(39):     emit = code.append
_compiler.py(40):     _len = len
_compiler.py(41):     LITERAL_CODES = _LITERAL_CODES
_compiler.py(42):     REPEATING_CODES = _REPEATING_CODES
_compiler.py(43):     SUCCESS_CODES = _SUCCESS_CODES
_compiler.py(44):     ASSERT_CODES = _ASSERT_CODES
_compiler.py(45):     iscased = None
_compiler.py(46):     tolower = None
_compiler.py(47):     fixes = None
_compiler.py(48):     if flags & SRE_FLAG_IGNORECASE and not flags & SRE_FLAG_LOCALE:
_compiler.py(56):     for op, av in pattern:
 --- modulename: _parser, funcname: __getitem__
_parser.py(163):         if isinstance(index, slice):
_parser.py(165):         return self.data[index]
_compiler.py(57):         if op in LITERAL_CODES:
_compiler.py(85):         elif op is IN:
_compiler.py(98):         elif op is ANY:
_compiler.py(103):         elif op in REPEATING_CODES:
_compiler.py(104):             if flags & SRE_FLAG_TEMPLATE:
_compiler.py(106):             if _simple(av[2]):
 --- modulename: _compiler, funcname: _simple
_compiler.py(398):     if len(p) != 1:
 --- modulename: _parser, funcname: __len__
_parser.py(159):         return len(self.data)
_compiler.py(400):     op, av = p[0]
 --- modulename: _parser, funcname: __getitem__
_parser.py(163):         if isinstance(index, slice):
_parser.py(165):         return self.data[index]
_compiler.py(401):     if op is SUBPATTERN:
_compiler.py(403):     return op in _UNIT_CODES
_compiler.py(107):                 emit(REPEATING_CODES[op][2])
_compiler.py(108):                 skip = _len(code); emit(0)
_compiler.py(109):                 emit(av[0])
_compiler.py(110):                 emit(av[1])
_compiler.py(111):                 _compile(code, av[2], flags)
 --- modulename: _compiler, funcname: _compile
_compiler.py(39):     emit = code.append
_compiler.py(40):     _len = len
_compiler.py(41):     LITERAL_CODES = _LITERAL_CODES
_compiler.py(42):     REPEATING_CODES = _REPEATING_CODES
_compiler.py(43):     SUCCESS_CODES = _SUCCESS_CODES
_compiler.py(44):     ASSERT_CODES = _ASSERT_CODES
_compiler.py(45):     iscased = None
_compiler.py(46):     tolower = None
_compiler.py(47):     fixes = None
_compiler.py(48):     if flags & SRE_FLAG_IGNORECASE and not flags & SRE_FLAG_LOCALE:
_compiler.py(56):     for op, av in pattern:
 --- modulename: _parser, funcname: __getitem__
_parser.py(163):         if isinstance(index, slice):
_parser.py(165):         return self.data[index]
_compiler.py(57):         if op in LITERAL_CODES:
_compiler.py(85):         elif op is IN:
_compiler.py(86):             charset, hascased = _optimize_charset(av, iscased, tolower, fixes)
 --- modulename: _compiler, funcname: _optimize_charset
_compiler.py(243):     out = []
_compiler.py(244):     tail = []
_compiler.py(245):     charmap = bytearray(256)
_compiler.py(246):     hascased = False
_compiler.py(247):     for op, av in charset:
_compiler.py(248):         while True:
_compiler.py(249):             try:
_compiler.py(250):                 if op is LITERAL:
_compiler.py(251):                     if fixup:
_compiler.py(260):                         charmap[av] = 1
_compiler.py(304):             break
_compiler.py(247):     for op, av in charset:
_compiler.py(248):         while True:
_compiler.py(249):             try:
_compiler.py(250):                 if op is LITERAL:
_compiler.py(251):                     if fixup:
_compiler.py(260):                         charmap[av] = 1
_compiler.py(304):             break
_compiler.py(247):     for op, av in charset:
_compiler.py(248):         while True:
_compiler.py(249):             try:
_compiler.py(250):                 if op is LITERAL:
_compiler.py(261):                 elif op is RANGE:
_compiler.py(262):                     r = range(av[0], av[1]+1)
_compiler.py(263):                     if fixup:
_compiler.py(276):                         for i in r:
_compiler.py(277):                             charmap[i] = 1
_compiler.py(276):                         for i in r:
_compiler.py(277):                             charmap[i] = 1
_compiler.py(276):                         for i in r:
_compiler.py(277):                             charmap[i] = 1
_compiler.py(276):                         for i in r:
_compiler.py(277):                             charmap[i] = 1
_compiler.py(276):                         for i in r:
_compiler.py(277):                             charmap[i] = 1
_compiler.py(276):                         for i in r:
_compiler.py(277):                             charmap[i] = 1
_compiler.py(276):                         for i in r:
_compiler.py(277):                             charmap[i] = 1
_compiler.py(276):                         for i in r:
_compiler.py(277):                             charmap[i] = 1
_compiler.py(276):                         for i in r:
_compiler.py(277):                             charmap[i] = 1
_compiler.py(276):                         for i in r:
_compiler.py(277):                             charmap[i] = 1
_compiler.py(276):                         for i in r:
_compiler.py(304):             break
_compiler.py(247):     for op, av in charset:
_compiler.py(248):         while True:
_compiler.py(249):             try:
_compiler.py(250):                 if op is LITERAL:
_compiler.py(251):                     if fixup:
_compiler.py(260):                         charmap[av] = 1
_compiler.py(304):             break
_compiler.py(247):     for op, av in charset:
_compiler.py(248):         while True:
_compiler.py(249):             try:
_compiler.py(250):                 if op is LITERAL:
_compiler.py(251):                     if fixup:
_compiler.py(260):                         charmap[av] = 1
_compiler.py(304):             break
_compiler.py(247):     for op, av in charset:
_compiler.py(248):         while True:
_compiler.py(249):             try:
_compiler.py(250):                 if op is LITERAL:
_compiler.py(251):                     if fixup:
_compiler.py(260):                         charmap[av] = 1
_compiler.py(304):             break
_compiler.py(247):     for op, av in charset:
_compiler.py(248):         while True:
_compiler.py(249):             try:
_compiler.py(250):                 if op is LITERAL:
_compiler.py(251):                     if fixup:
_compiler.py(260):                         charmap[av] = 1
_compiler.py(304):             break
_compiler.py(247):     for op, av in charset:
_compiler.py(248):         while True:
_compiler.py(249):             try:
_compiler.py(250):                 if op is LITERAL:
_compiler.py(251):                     if fixup:
_compiler.py(260):                         charmap[av] = 1
_compiler.py(304):             break
_compiler.py(247):     for op, av in charset:
_compiler.py(248):         while True:
_compiler.py(249):             try:
_compiler.py(250):                 if op is LITERAL:
_compiler.py(251):                     if fixup:
_compiler.py(260):                         charmap[av] = 1
_compiler.py(304):             break
_compiler.py(247):     for op, av in charset:
_compiler.py(248):         while True:
_compiler.py(249):             try:
_compiler.py(250):                 if op is LITERAL:
_compiler.py(251):                     if fixup:
_compiler.py(260):                         charmap[av] = 1
_compiler.py(304):             break
_compiler.py(247):     for op, av in charset:
_compiler.py(307):     runs = []
_compiler.py(308):     q = 0
_compiler.py(309):     while True:
_compiler.py(310):         p = charmap.find(1, q)
_compiler.py(311):         if p < 0:
_compiler.py(313):         if len(runs) >= 2:
_compiler.py(316):         q = charmap.find(0, p)
_compiler.py(317):         if q < 0:
_compiler.py(320):         runs.append((p, q))
_compiler.py(309):     while True:
_compiler.py(310):         p = charmap.find(1, q)
_compiler.py(311):         if p < 0:
_compiler.py(313):         if len(runs) >= 2:
_compiler.py(316):         q = charmap.find(0, p)
_compiler.py(317):         if q < 0:
_compiler.py(320):         runs.append((p, q))
_compiler.py(309):     while True:
_compiler.py(310):         p = charmap.find(1, q)
_compiler.py(311):         if p < 0:
_compiler.py(313):         if len(runs) >= 2:
_compiler.py(314):             runs = None
_compiler.py(315):             break
_compiler.py(321):     if runs is not None:
_compiler.py(336):     if len(charmap) == 256:
_compiler.py(337):         data = _mk_bitmap(charmap)
 --- modulename: _compiler, funcname: _mk_bitmap
_compiler.py(385):     s = bits.translate(_BITS_TRANS)[::-1]
_compiler.py(386):     return [_int(s[i - _CODEBITS: i], 2)
_compiler.py(387):             for i in range(len(s), 0, -_CODEBITS)]
_compiler.py(386):     return [_int(s[i - _CODEBITS: i], 2)
 --- modulename: _compiler, funcname: <listcomp>
_compiler.py(386):     return [_int(s[i - _CODEBITS: i], 2)
_compiler.py(387):             for i in range(len(s), 0, -_CODEBITS)]
_compiler.py(386):     return [_int(s[i - _CODEBITS: i], 2)
_compiler.py(386):     return [_int(s[i - _CODEBITS: i], 2)
_compiler.py(387):             for i in range(len(s), 0, -_CODEBITS)]
_compiler.py(386):     return [_int(s[i - _CODEBITS: i], 2)
_compiler.py(386):     return [_int(s[i - _CODEBITS: i], 2)
_compiler.py(387):             for i in range(len(s), 0, -_CODEBITS)]
_compiler.py(386):     return [_int(s[i - _CODEBITS: i], 2)
_compiler.py(386):     return [_int(s[i - _CODEBITS: i], 2)
_compiler.py(387):             for i in range(len(s), 0, -_CODEBITS)]
_compiler.py(386):     return [_int(s[i - _CODEBITS: i], 2)
_compiler.py(386):     return [_int(s[i - _CODEBITS: i], 2)
_compiler.py(387):             for i in range(len(s), 0, -_CODEBITS)]
_compiler.py(386):     return [_int(s[i - _CODEBITS: i], 2)
_compiler.py(386):     return [_int(s[i - _CODEBITS: i], 2)
_compiler.py(387):             for i in range(len(s), 0, -_CODEBITS)]
_compiler.py(386):     return [_int(s[i - _CODEBITS: i], 2)
_compiler.py(386):     return [_int(s[i - _CODEBITS: i], 2)
_compiler.py(387):             for i in range(len(s), 0, -_CODEBITS)]
_compiler.py(386):     return [_int(s[i - _CODEBITS: i], 2)
_compiler.py(386):     return [_int(s[i - _CODEBITS: i], 2)
_compiler.py(387):             for i in range(len(s), 0, -_CODEBITS)]
_compiler.py(386):     return [_int(s[i - _CODEBITS: i], 2)
_compiler.py(386):     return [_int(s[i - _CODEBITS: i], 2)
_compiler.py(338):         out.append((CHARSET, data))
_compiler.py(339):         out += tail
_compiler.py(340):         return out, hascased
_compiler.py(87):             if flags & SRE_FLAG_IGNORECASE and flags & SRE_FLAG_LOCALE:
_compiler.py(89):             elif not hascased:
_compiler.py(90):                 emit(IN)
_compiler.py(95):             skip = _len(code); emit(0)
_compiler.py(96):             _compile_charset(charset, flags, code)
 --- modulename: _compiler, funcname: _compile_charset
_compiler.py(216):     emit = code.append
_compiler.py(217):     for op, av in charset:
_compiler.py(218):         emit(op)
_compiler.py(219):         if op is NEGATE:
_compiler.py(221):         elif op is LITERAL:
_compiler.py(223):         elif op is RANGE or op is RANGE_UNI_IGNORE:
_compiler.py(226):         elif op is CHARSET:
_compiler.py(227):             code.extend(av)
_compiler.py(217):     for op, av in charset:
_compiler.py(239):     emit(FAILURE)
_compiler.py(97):             code[skip] = _len(code) - skip
_compiler.py(56):     for op, av in pattern:
 --- modulename: _parser, funcname: __getitem__
_parser.py(163):         if isinstance(index, slice):
_parser.py(165):         return self.data[index]
_compiler.py(112):                 emit(SUCCESS)
_compiler.py(113):                 code[skip] = _len(code) - skip
_compiler.py(56):     for op, av in pattern:
 --- modulename: _parser, funcname: __getitem__
_parser.py(163):         if isinstance(index, slice):
_parser.py(165):         return self.data[index]
_compiler.py(129):             if group:
_compiler.py(130):                 emit(MARK)
_compiler.py(131):                 emit((group-1)*2+1)
_compiler.py(56):     for op, av in pattern:
_compiler.py(57):         if op in LITERAL_CODES:
_compiler.py(85):         elif op is IN:
_compiler.py(86):             charset, hascased = _optimize_charset(av, iscased, tolower, fixes)
 --- modulename: _compiler, funcname: _optimize_charset
_compiler.py(243):     out = []
_compiler.py(244):     tail = []
_compiler.py(245):     charmap = bytearray(256)
_compiler.py(246):     hascased = False
_compiler.py(247):     for op, av in charset:
_compiler.py(248):         while True:
_compiler.py(249):             try:
_compiler.py(250):                 if op is LITERAL:
_compiler.py(251):                     if fixup:
_compiler.py(260):                         charmap[av] = 1
_compiler.py(304):             break
_compiler.py(247):     for op, av in charset:
_compiler.py(248):         while True:
_compiler.py(249):             try:
_compiler.py(250):                 if op is LITERAL:
_compiler.py(251):                     if fixup:
_compiler.py(260):                         charmap[av] = 1
_compiler.py(304):             break
_compiler.py(247):     for op, av in charset:
_compiler.py(248):         while True:
_compiler.py(249):             try:
_compiler.py(250):                 if op is LITERAL:
_compiler.py(251):                     if fixup:
_compiler.py(260):                         charmap[av] = 1
_compiler.py(304):             break
_compiler.py(247):     for op, av in charset:
_compiler.py(248):         while True:
_compiler.py(249):             try:
_compiler.py(250):                 if op is LITERAL:
_compiler.py(251):                     if fixup:
_compiler.py(260):                         charmap[av] = 1
_compiler.py(304):             break
_compiler.py(247):     for op, av in charset:
_compiler.py(248):         while True:
_compiler.py(249):             try:
_compiler.py(250):                 if op is LITERAL:
_compiler.py(251):                     if fixup:
_compiler.py(260):                         charmap[av] = 1
_compiler.py(304):             break
_compiler.py(247):     for op, av in charset:
_compiler.py(248):         while True:
_compiler.py(249):             try:
_compiler.py(250):                 if op is LITERAL:
_compiler.py(251):                     if fixup:
_compiler.py(260):                         charmap[av] = 1
_compiler.py(304):             break
_compiler.py(247):     for op, av in charset:
_compiler.py(248):         while True:
_compiler.py(249):             try:
_compiler.py(250):                 if op is LITERAL:
_compiler.py(251):                     if fixup:
_compiler.py(260):                         charmap[av] = 1
_compiler.py(304):             break
_compiler.py(247):     for op, av in charset:
_compiler.py(248):         while True:
_compiler.py(249):             try:
_compiler.py(250):                 if op is LITERAL:
_compiler.py(251):                     if fixup:
_compiler.py(260):                         charmap[av] = 1
_compiler.py(304):             break
_compiler.py(247):     for op, av in charset:
_compiler.py(248):         while True:
_compiler.py(249):             try:
_compiler.py(250):                 if op is LITERAL:
_compiler.py(251):                     if fixup:
_compiler.py(260):                         charmap[av] = 1
_compiler.py(304):             break
_compiler.py(247):     for op, av in charset:
_compiler.py(248):         while True:
_compiler.py(249):             try:
_compiler.py(250):                 if op is LITERAL:
_compiler.py(251):                     if fixup:
_compiler.py(260):                         charmap[av] = 1
_compiler.py(304):             break
_compiler.py(247):     for op, av in charset:
_compiler.py(248):         while True:
_compiler.py(249):             try:
_compiler.py(250):                 if op is LITERAL:
_compiler.py(251):                     if fixup:
_compiler.py(260):                         charmap[av] = 1
_compiler.py(304):             break
_compiler.py(247):     for op, av in charset:
_compiler.py(248):         while True:
_compiler.py(249):             try:
_compiler.py(250):                 if op is LITERAL:
_compiler.py(251):                     if fixup:
_compiler.py(260):                         charmap[av] = 1
_compiler.py(304):             break
_compiler.py(247):     for op, av in charset:
_compiler.py(248):         while True:
_compiler.py(249):             try:
_compiler.py(250):                 if op is LITERAL:
_compiler.py(251):                     if fixup:
_compiler.py(260):                         charmap[av] = 1
_compiler.py(304):             break
_compiler.py(247):     for op, av in charset:
_compiler.py(248):         while True:
_compiler.py(249):             try:
_compiler.py(250):                 if op is LITERAL:
_compiler.py(251):                     if fixup:
_compiler.py(260):                         charmap[av] = 1
_compiler.py(304):             break
_compiler.py(247):     for op, av in charset:
_compiler.py(248):         while True:
_compiler.py(249):             try:
_compiler.py(250):                 if op is LITERAL:
_compiler.py(251):                     if fixup:
_compiler.py(260):                         charmap[av] = 1
_compiler.py(304):             break
_compiler.py(247):     for op, av in charset:
_compiler.py(248):         while True:
_compiler.py(249):             try:
_compiler.py(250):                 if op is LITERAL:
_compiler.py(251):                     if fixup:
_compiler.py(260):                         charmap[av] = 1
_compiler.py(304):             break
_compiler.py(247):     for op, av in charset:
_compiler.py(307):     runs = []
_compiler.py(308):     q = 0
_compiler.py(309):     while True:
_compiler.py(310):         p = charmap.find(1, q)
_compiler.py(311):         if p < 0:
_compiler.py(313):         if len(runs) >= 2:
_compiler.py(316):         q = charmap.find(0, p)
_compiler.py(317):         if q < 0:
_compiler.py(320):         runs.append((p, q))
_compiler.py(309):     while True:
_compiler.py(310):         p = charmap.find(1, q)
_compiler.py(311):         if p < 0:
_compiler.py(313):         if len(runs) >= 2:
_compiler.py(316):         q = charmap.find(0, p)
_compiler.py(317):         if q < 0:
_compiler.py(320):         runs.append((p, q))
_compiler.py(309):     while True:
_compiler.py(310):         p = charmap.find(1, q)
_compiler.py(311):         if p < 0:
_compiler.py(313):         if len(runs) >= 2:
_compiler.py(314):             runs = None
_compiler.py(315):             break
_compiler.py(321):     if runs is not None:
_compiler.py(336):     if len(charmap) == 256:
_compiler.py(337):         data = _mk_bitmap(charmap)
 --- modulename: _compiler, funcname: _mk_bitmap
_compiler.py(385):     s = bits.translate(_BITS_TRANS)[::-1]
_compiler.py(386):     return [_int(s[i - _CODEBITS: i], 2)
_compiler.py(387):             for i in range(len(s), 0, -_CODEBITS)]
_compiler.py(386):     return [_int(s[i - _CODEBITS: i], 2)
 --- modulename: _compiler, funcname: <listcomp>
_compiler.py(386):     return [_int(s[i - _CODEBITS: i], 2)
_compiler.py(387):             for i in range(len(s), 0, -_CODEBITS)]
_compiler.py(386):     return [_int(s[i - _CODEBITS: i], 2)
_compiler.py(386):     return [_int(s[i - _CODEBITS: i], 2)
_compiler.py(387):             for i in range(len(s), 0, -_CODEBITS)]
_compiler.py(386):     return [_int(s[i - _CODEBITS: i], 2)
_compiler.py(386):     return [_int(s[i - _CODEBITS: i], 2)
_compiler.py(387):             for i in range(len(s), 0, -_CODEBITS)]
_compiler.py(386):     return [_int(s[i - _CODEBITS: i], 2)
_compiler.py(386):     return [_int(s[i - _CODEBITS: i], 2)
_compiler.py(387):             for i in range(len(s), 0, -_CODEBITS)]
_compiler.py(386):     return [_int(s[i - _CODEBITS: i], 2)
_compiler.py(386):     return [_int(s[i - _CODEBITS: i], 2)
_compiler.py(387):             for i in range(len(s), 0, -_CODEBITS)]
_compiler.py(386):     return [_int(s[i - _CODEBITS: i], 2)
_compiler.py(386):     return [_int(s[i - _CODEBITS: i], 2)
_compiler.py(387):             for i in range(len(s), 0, -_CODEBITS)]
_compiler.py(386):     return [_int(s[i - _CODEBITS: i], 2)
_compiler.py(386):     return [_int(s[i - _CODEBITS: i], 2)
_compiler.py(387):             for i in range(len(s), 0, -_CODEBITS)]
_compiler.py(386):     return [_int(s[i - _CODEBITS: i], 2)
_compiler.py(386):     return [_int(s[i - _CODEBITS: i], 2)
_compiler.py(387):             for i in range(len(s), 0, -_CODEBITS)]
_compiler.py(386):     return [_int(s[i - _CODEBITS: i], 2)
_compiler.py(386):     return [_int(s[i - _CODEBITS: i], 2)
_compiler.py(338):         out.append((CHARSET, data))
_compiler.py(339):         out += tail
_compiler.py(340):         return out, hascased
_compiler.py(87):             if flags & SRE_FLAG_IGNORECASE and flags & SRE_FLAG_LOCALE:
_compiler.py(89):             elif not hascased:
_compiler.py(90):                 emit(IN)
_compiler.py(95):             skip = _len(code); emit(0)
_compiler.py(96):             _compile_charset(charset, flags, code)
 --- modulename: _compiler, funcname: _compile_charset
_compiler.py(216):     emit = code.append
_compiler.py(217):     for op, av in charset:
_compiler.py(218):         emit(op)
_compiler.py(219):         if op is NEGATE:
_compiler.py(221):         elif op is LITERAL:
_compiler.py(223):         elif op is RANGE or op is RANGE_UNI_IGNORE:
_compiler.py(226):         elif op is CHARSET:
_compiler.py(227):             code.extend(av)
_compiler.py(217):     for op, av in charset:
_compiler.py(239):     emit(FAILURE)
_compiler.py(97):             code[skip] = _len(code) - skip
_compiler.py(56):     for op, av in pattern:
_compiler.py(582):     code.append(SUCCESS)
_compiler.py(584):     return code
_compiler.py(749):     if flags & SRE_FLAG_DEBUG:
_compiler.py(754):     groupindex = p.state.groupdict
_compiler.py(755):     indexgroup = [None] * p.state.groups
 --- modulename: _parser, funcname: groups
_parser.py(81):         return len(self.groupwidths)
_compiler.py(756):     for k, i in groupindex.items():
_compiler.py(757):         indexgroup[i] = k
_compiler.py(756):     for k, i in groupindex.items():
_compiler.py(757):         indexgroup[i] = k
_compiler.py(756):     for k, i in groupindex.items():
_compiler.py(759):     return _sre.compile(
_compiler.py(760):         pattern, flags | p.state.flags, code,
_compiler.py(761):         p.state.groups-1,
 --- modulename: _parser, funcname: groups
_parser.py(81):         return len(self.groupwidths)
_compiler.py(762):         groupindex, tuple(indexgroup)
_compiler.py(759):     return _sre.compile(
 --- modulename: enum, funcname: __and__
enum.py(1484):         if isinstance(other, self.__class__):
enum.py(1486):         elif self._member_type_ is not object and isinstance(other, self._member_type_):
enum.py(1487):             other = other
enum.py(1490):         value = self._value_
enum.py(1491):         return self.__class__(value & other)
 --- modulename: enum, funcname: __call__
enum.py(694):         if names is None:  # simple value lookup
enum.py(695):             return cls.__new__(cls, value)
 --- modulename: enum, funcname: __new__
enum.py(1078):         if type(value) is cls:
enum.py(1083):         try:
enum.py(1084):             return cls._value2member_map_[value]
locale.py(183): def _format(percent, value, grouping=False, monetary=False, *additional):
locale.py(193): def _localize(formatted, grouping=False, monetary=False):
locale.py(213): def format_string(f, val, grouping=False, monetary=False):
locale.py(250): def format(percent, value, grouping=False, monetary=False, *additional):
locale.py(265): def currency(val, symbol=True, grouping=False, international=False):
locale.py(312): def str(val):
locale.py(316): def delocalize(string):
locale.py(332): def localize(string, grouping=False, monetary=False):
locale.py(336): def atof(string, func=float):
locale.py(340): def atoi(string):
locale.py(344): def _test():
locale.py(360): _setlocale = setlocale
locale.py(362): def _replace_encoding(code, encoding):
locale.py(385): def _append_modifier(code, modifier):
locale.py(396): def normalize(localename):
locale.py(479): def _parse_localename(localename):
locale.py(513): def _build_localename(localetuple):
locale.py(534): def getdefaultlocale(envvars=('LC_ALL', 'LC_CTYPE', 'LANG', 'LANGUAGE')):
locale.py(593): def getlocale(category=LC_CTYPE):
locale.py(611): def setlocale(category, locale=None):
locale.py(628): def resetlocale(category=LC_ALL):
locale.py(649): try:
locale.py(650):     from _locale import getencoding
locale.py(663): try:
locale.py(664):     CODESET
locale.py(665): except NameError:
locale.py(666):     def getpreferredencoding(do_setlocale=True):
locale.py(719): locale_encoding_alias = {
locale.py(722):     '437':                          'C',
locale.py(719): locale_encoding_alias = {
locale.py(723):     'c':                            'C',
locale.py(719): locale_encoding_alias = {
locale.py(724):     'en':                           'ISO8859-1',
locale.py(719): locale_encoding_alias = {
locale.py(725):     'jis':                          'JIS7',
locale.py(719): locale_encoding_alias = {
locale.py(726):     'jis7':                         'JIS7',
locale.py(719): locale_encoding_alias = {
locale.py(727):     'ajec':                         'eucJP',
locale.py(719): locale_encoding_alias = {
locale.py(728):     'koi8c':                        'KOI8-C',
locale.py(719): locale_encoding_alias = {
locale.py(729):     'microsoftcp1251':              'CP1251',
locale.py(719): locale_encoding_alias = {
locale.py(730):     'microsoftcp1255':              'CP1255',
locale.py(719): locale_encoding_alias = {
locale.py(731):     'microsoftcp1256':              'CP1256',
locale.py(719): locale_encoding_alias = {
locale.py(732):     '88591':                        'ISO8859-1',
locale.py(719): locale_encoding_alias = {
locale.py(733):     '88592':                        'ISO8859-2',
locale.py(719): locale_encoding_alias = {
locale.py(734):     '88595':                        'ISO8859-5',
locale.py(719): locale_encoding_alias = {
locale.py(735):     '885915':                       'ISO8859-15',
locale.py(719): locale_encoding_alias = {
locale.py(738):     'ascii':                        'ISO8859-1',
locale.py(719): locale_encoding_alias = {
locale.py(739):     'latin_1':                      'ISO8859-1',
locale.py(719): locale_encoding_alias = {
locale.py(740):     'iso8859_1':                    'ISO8859-1',
locale.py(719): locale_encoding_alias = {
locale.py(741):     'iso8859_10':                   'ISO8859-10',
locale.py(719): locale_encoding_alias = {
locale.py(742):     'iso8859_11':                   'ISO8859-11',
locale.py(719): locale_encoding_alias = {
locale.py(743):     'iso8859_13':                   'ISO8859-13',
locale.py(719): locale_encoding_alias = {
locale.py(744):     'iso8859_14':                   'ISO8859-14',
locale.py(719): locale_encoding_alias = {
locale.py(745):     'iso8859_15':                   'ISO8859-15',
locale.py(719): locale_encoding_alias = {
locale.py(746):     'iso8859_16':                   'ISO8859-16',
locale.py(719): locale_encoding_alias = {
locale.py(747):     'iso8859_2':                    'ISO8859-2',
locale.py(719): locale_encoding_alias = {
locale.py(748):     'iso8859_3':                    'ISO8859-3',
locale.py(719): locale_encoding_alias = {
locale.py(749):     'iso8859_4':                    'ISO8859-4',
locale.py(719): locale_encoding_alias = {
locale.py(750):     'iso8859_5':                    'ISO8859-5',
locale.py(719): locale_encoding_alias = {
locale.py(751):     'iso8859_6':                    'ISO8859-6',
locale.py(719): locale_encoding_alias = {
locale.py(752):     'iso8859_7':                    'ISO8859-7',
locale.py(719): locale_encoding_alias = {
locale.py(753):     'iso8859_8':                    'ISO8859-8',
locale.py(719): locale_encoding_alias = {
locale.py(754):     'iso8859_9':                    'ISO8859-9',
locale.py(719): locale_encoding_alias = {
locale.py(755):     'iso2022_jp':                   'JIS7',
locale.py(719): locale_encoding_alias = {
locale.py(756):     'shift_jis':                    'SJIS',
locale.py(719): locale_encoding_alias = {
locale.py(757):     'tactis':                       'TACTIS',
locale.py(719): locale_encoding_alias = {
locale.py(758):     'euc_jp':                       'eucJP',
locale.py(759):     'euc_kr':                       'eucKR',
locale.py(760):     'utf_8':                        'UTF-8',
locale.py(761):     'koi8_r':                       'KOI8-R',
locale.py(762):     'koi8_t':                       'KOI8-T',
locale.py(763):     'koi8_u':                       'KOI8-U',
locale.py(764):     'kz1048':                       'RK1048',
locale.py(765):     'cp1251':                       'CP1251',
locale.py(766):     'cp1255':                       'CP1255',
locale.py(767):     'cp1256':                       'CP1256',
locale.py(719): locale_encoding_alias = {
locale.py(773): for k, v in sorted(locale_encoding_alias.items()):
locale.py(774):     k = k.replace('_', '')
locale.py(775):     locale_encoding_alias.setdefault(k, v)
locale.py(773): for k, v in sorted(locale_encoding_alias.items()):
locale.py(774):     k = k.replace('_', '')
locale.py(775):     locale_encoding_alias.setdefault(k, v)
locale.py(773): for k, v in sorted(locale_encoding_alias.items()):
locale.py(774):     k = k.replace('_', '')
locale.py(775):     locale_encoding_alias.setdefault(k, v)
locale.py(773): for k, v in sorted(locale_encoding_alias.items()):
locale.py(774):     k = k.replace('_', '')
locale.py(775):     locale_encoding_alias.setdefault(k, v)
locale.py(773): for k, v in sorted(locale_encoding_alias.items()):
locale.py(774):     k = k.replace('_', '')
locale.py(775):     locale_encoding_alias.setdefault(k, v)
locale.py(773): for k, v in sorted(locale_encoding_alias.items()):
locale.py(774):     k = k.replace('_', '')
locale.py(775):     locale_encoding_alias.setdefault(k, v)
locale.py(773): for k, v in sorted(locale_encoding_alias.items()):
locale.py(774):     k = k.replace('_', '')
locale.py(775):     locale_encoding_alias.setdefault(k, v)
locale.py(773): for k, v in sorted(locale_encoding_alias.items()):
locale.py(774):     k = k.replace('_', '')
locale.py(775):     locale_encoding_alias.setdefault(k, v)
locale.py(773): for k, v in sorted(locale_encoding_alias.items()):
locale.py(774):     k = k.replace('_', '')
locale.py(775):     locale_encoding_alias.setdefault(k, v)
locale.py(773): for k, v in sorted(locale_encoding_alias.items()):
locale.py(774):     k = k.replace('_', '')
locale.py(775):     locale_encoding_alias.setdefault(k, v)
locale.py(773): for k, v in sorted(locale_encoding_alias.items()):
locale.py(774):     k = k.replace('_', '')
locale.py(775):     locale_encoding_alias.setdefault(k, v)
locale.py(773): for k, v in sorted(locale_encoding_alias.items()):
locale.py(774):     k = k.replace('_', '')
locale.py(775):     locale_encoding_alias.setdefault(k, v)
locale.py(773): for k, v in sorted(locale_encoding_alias.items()):
locale.py(774):     k = k.replace('_', '')
locale.py(775):     locale_encoding_alias.setdefault(k, v)
locale.py(773): for k, v in sorted(locale_encoding_alias.items()):
locale.py(774):     k = k.replace('_', '')
locale.py(775):     locale_encoding_alias.setdefault(k, v)
locale.py(773): for k, v in sorted(locale_encoding_alias.items()):
locale.py(774):     k = k.replace('_', '')
locale.py(775):     locale_encoding_alias.setdefault(k, v)
locale.py(773): for k, v in sorted(locale_encoding_alias.items()):
locale.py(774):     k = k.replace('_', '')
locale.py(775):     locale_encoding_alias.setdefault(k, v)
locale.py(773): for k, v in sorted(locale_encoding_alias.items()):
locale.py(774):     k = k.replace('_', '')
locale.py(775):     locale_encoding_alias.setdefault(k, v)
locale.py(773): for k, v in sorted(locale_encoding_alias.items()):
locale.py(774):     k = k.replace('_', '')
locale.py(775):     locale_encoding_alias.setdefault(k, v)
locale.py(773): for k, v in sorted(locale_encoding_alias.items()):
locale.py(774):     k = k.replace('_', '')
locale.py(775):     locale_encoding_alias.setdefault(k, v)
locale.py(773): for k, v in sorted(locale_encoding_alias.items()):
locale.py(774):     k = k.replace('_', '')
locale.py(775):     locale_encoding_alias.setdefault(k, v)
locale.py(773): for k, v in sorted(locale_encoding_alias.items()):
locale.py(774):     k = k.replace('_', '')
locale.py(775):     locale_encoding_alias.setdefault(k, v)
locale.py(773): for k, v in sorted(locale_encoding_alias.items()):
locale.py(774):     k = k.replace('_', '')
locale.py(775):     locale_encoding_alias.setdefault(k, v)
locale.py(773): for k, v in sorted(locale_encoding_alias.items()):
locale.py(774):     k = k.replace('_', '')
locale.py(775):     locale_encoding_alias.setdefault(k, v)
locale.py(773): for k, v in sorted(locale_encoding_alias.items()):
locale.py(774):     k = k.replace('_', '')
locale.py(775):     locale_encoding_alias.setdefault(k, v)
locale.py(773): for k, v in sorted(locale_encoding_alias.items()):
locale.py(774):     k = k.replace('_', '')
locale.py(775):     locale_encoding_alias.setdefault(k, v)
locale.py(773): for k, v in sorted(locale_encoding_alias.items()):
locale.py(774):     k = k.replace('_', '')
locale.py(775):     locale_encoding_alias.setdefault(k, v)
locale.py(773): for k, v in sorted(locale_encoding_alias.items()):
locale.py(774):     k = k.replace('_', '')
locale.py(775):     locale_encoding_alias.setdefault(k, v)
locale.py(773): for k, v in sorted(locale_encoding_alias.items()):
locale.py(774):     k = k.replace('_', '')
locale.py(775):     locale_encoding_alias.setdefault(k, v)
locale.py(773): for k, v in sorted(locale_encoding_alias.items()):
locale.py(774):     k = k.replace('_', '')
locale.py(775):     locale_encoding_alias.setdefault(k, v)
locale.py(773): for k, v in sorted(locale_encoding_alias.items()):
locale.py(774):     k = k.replace('_', '')
locale.py(775):     locale_encoding_alias.setdefault(k, v)
locale.py(773): for k, v in sorted(locale_encoding_alias.items()):
locale.py(774):     k = k.replace('_', '')
locale.py(775):     locale_encoding_alias.setdefault(k, v)
locale.py(773): for k, v in sorted(locale_encoding_alias.items()):
locale.py(774):     k = k.replace('_', '')
locale.py(775):     locale_encoding_alias.setdefault(k, v)
locale.py(773): for k, v in sorted(locale_encoding_alias.items()):
locale.py(774):     k = k.replace('_', '')
locale.py(775):     locale_encoding_alias.setdefault(k, v)
locale.py(773): for k, v in sorted(locale_encoding_alias.items()):
locale.py(774):     k = k.replace('_', '')
locale.py(775):     locale_encoding_alias.setdefault(k, v)
locale.py(773): for k, v in sorted(locale_encoding_alias.items()):
locale.py(774):     k = k.replace('_', '')
locale.py(775):     locale_encoding_alias.setdefault(k, v)
locale.py(773): for k, v in sorted(locale_encoding_alias.items()):
locale.py(774):     k = k.replace('_', '')
locale.py(775):     locale_encoding_alias.setdefault(k, v)
locale.py(773): for k, v in sorted(locale_encoding_alias.items()):
locale.py(774):     k = k.replace('_', '')
locale.py(775):     locale_encoding_alias.setdefault(k, v)
locale.py(773): for k, v in sorted(locale_encoding_alias.items()):
locale.py(774):     k = k.replace('_', '')
locale.py(775):     locale_encoding_alias.setdefault(k, v)
locale.py(773): for k, v in sorted(locale_encoding_alias.items()):
locale.py(774):     k = k.replace('_', '')
locale.py(775):     locale_encoding_alias.setdefault(k, v)
locale.py(773): for k, v in sorted(locale_encoding_alias.items()):
locale.py(774):     k = k.replace('_', '')
locale.py(775):     locale_encoding_alias.setdefault(k, v)
locale.py(773): for k, v in sorted(locale_encoding_alias.items()):
locale.py(774):     k = k.replace('_', '')
locale.py(775):     locale_encoding_alias.setdefault(k, v)
locale.py(773): for k, v in sorted(locale_encoding_alias.items()):
locale.py(774):     k = k.replace('_', '')
locale.py(775):     locale_encoding_alias.setdefault(k, v)
locale.py(773): for k, v in sorted(locale_encoding_alias.items()):
locale.py(774):     k = k.replace('_', '')
locale.py(775):     locale_encoding_alias.setdefault(k, v)
locale.py(773): for k, v in sorted(locale_encoding_alias.items()):
locale.py(774):     k = k.replace('_', '')
locale.py(775):     locale_encoding_alias.setdefault(k, v)
locale.py(773): for k, v in sorted(locale_encoding_alias.items()):
locale.py(776): del k, v
locale.py(900): locale_alias = {
locale.py(901):     'a3':                                   'az_AZ.KOI8-C',
locale.py(900): locale_alias = {
locale.py(902):     'a3_az':                                'az_AZ.KOI8-C',
locale.py(900): locale_alias = {
locale.py(903):     'a3_az.koic':                           'az_AZ.KOI8-C',
locale.py(900): locale_alias = {
locale.py(904):     'aa_dj':                                'aa_DJ.ISO8859-1',
locale.py(900): locale_alias = {
locale.py(905):     'aa_er':                                'aa_ER.UTF-8',
locale.py(900): locale_alias = {
locale.py(906):     'aa_et':                                'aa_ET.UTF-8',
locale.py(900): locale_alias = {
locale.py(907):     'af':                                   'af_ZA.ISO8859-1',
locale.py(900): locale_alias = {
locale.py(908):     'af_za':                                'af_ZA.ISO8859-1',
locale.py(900): locale_alias = {
locale.py(909):     'agr_pe':                               'agr_PE.UTF-8',
locale.py(900): locale_alias = {
locale.py(910):     'ak_gh':                                'ak_GH.UTF-8',
locale.py(900): locale_alias = {
locale.py(911):     'am':                                   'am_ET.UTF-8',
locale.py(900): locale_alias = {
locale.py(912):     'am_et':                                'am_ET.UTF-8',
locale.py(900): locale_alias = {
locale.py(913):     'american':                             'en_US.ISO8859-1',
locale.py(900): locale_alias = {
locale.py(914):     'an_es':                                'an_ES.ISO8859-15',
locale.py(900): locale_alias = {
locale.py(915):     'anp_in':                               'anp_IN.UTF-8',
locale.py(900): locale_alias = {
locale.py(916):     'ar':                                   'ar_AA.ISO8859-6',
locale.py(900): locale_alias = {
locale.py(917):     'ar_aa':                                'ar_AA.ISO8859-6',
locale.py(900): locale_alias = {
locale.py(918):     'ar_ae':                                'ar_AE.ISO8859-6',
locale.py(900): locale_alias = {
locale.py(919):     'ar_bh':                                'ar_BH.ISO8859-6',
locale.py(900): locale_alias = {
locale.py(920):     'ar_dz':                                'ar_DZ.ISO8859-6',
locale.py(900): locale_alias = {
locale.py(921):     'ar_eg':                                'ar_EG.ISO8859-6',
locale.py(900): locale_alias = {
locale.py(922):     'ar_in':                                'ar_IN.UTF-8',
locale.py(900): locale_alias = {
locale.py(923):     'ar_iq':                                'ar_IQ.ISO8859-6',
locale.py(900): locale_alias = {
locale.py(924):     'ar_jo':                                'ar_JO.ISO8859-6',
locale.py(900): locale_alias = {
locale.py(925):     'ar_kw':                                'ar_KW.ISO8859-6',
locale.py(900): locale_alias = {
locale.py(926):     'ar_lb':                                'ar_LB.ISO8859-6',
locale.py(900): locale_alias = {
locale.py(927):     'ar_ly':                                'ar_LY.ISO8859-6',
locale.py(900): locale_alias = {
locale.py(928):     'ar_ma':                                'ar_MA.ISO8859-6',
locale.py(900): locale_alias = {
locale.py(929):     'ar_om':                                'ar_OM.ISO8859-6',
locale.py(900): locale_alias = {
locale.py(930):     'ar_qa':                                'ar_QA.ISO8859-6',
locale.py(900): locale_alias = {
locale.py(931):     'ar_sa':                                'ar_SA.ISO8859-6',
locale.py(900): locale_alias = {
locale.py(932):     'ar_sd':                                'ar_SD.ISO8859-6',
locale.py(900): locale_alias = {
locale.py(933):     'ar_ss':                                'ar_SS.UTF-8',
locale.py(900): locale_alias = {
locale.py(934):     'ar_sy':                                'ar_SY.ISO8859-6',
locale.py(900): locale_alias = {
locale.py(935):     'ar_tn':                                'ar_TN.ISO8859-6',
locale.py(900): locale_alias = {
locale.py(936):     'ar_ye':                                'ar_YE.ISO8859-6',
locale.py(900): locale_alias = {
locale.py(937):     'arabic':                               'ar_AA.ISO8859-6',
locale.py(900): locale_alias = {
locale.py(938):     'as':                                   'as_IN.UTF-8',
locale.py(900): locale_alias = {
locale.py(939):     'as_in':                                'as_IN.UTF-8',
locale.py(900): locale_alias = {
locale.py(940):     'ast_es':                               'ast_ES.ISO8859-15',
locale.py(900): locale_alias = {
locale.py(941):     'ayc_pe':                               'ayc_PE.UTF-8',
locale.py(900): locale_alias = {
locale.py(942):     'az':                                   'az_AZ.ISO8859-9E',
locale.py(900): locale_alias = {
locale.py(943):     'az_az':                                'az_AZ.ISO8859-9E',
locale.py(900): locale_alias = {
locale.py(944):     'az_az.iso88599e':                      'az_AZ.ISO8859-9E',
locale.py(900): locale_alias = {
locale.py(945):     'az_ir':                                'az_IR.UTF-8',
locale.py(900): locale_alias = {
locale.py(946):     'be':                                   'be_BY.CP1251',
locale.py(900): locale_alias = {
locale.py(947):     'be@latin':                             'be_BY.UTF-8@latin',
locale.py(900): locale_alias = {
locale.py(948):     'be_bg.utf8':                           'bg_BG.UTF-8',
locale.py(900): locale_alias = {
locale.py(949):     'be_by':                                'be_BY.CP1251',
locale.py(900): locale_alias = {
locale.py(950):     'be_by@latin':                          'be_BY.UTF-8@latin',
locale.py(900): locale_alias = {
locale.py(951):     'bem_zm':                               'bem_ZM.UTF-8',
locale.py(900): locale_alias = {
locale.py(952):     'ber_dz':                               'ber_DZ.UTF-8',
locale.py(900): locale_alias = {
locale.py(953):     'ber_ma':                               'ber_MA.UTF-8',
locale.py(900): locale_alias = {
locale.py(954):     'bg':                                   'bg_BG.CP1251',
locale.py(900): locale_alias = {
locale.py(955):     'bg_bg':                                'bg_BG.CP1251',
locale.py(900): locale_alias = {
locale.py(956):     'bhb_in.utf8':                          'bhb_IN.UTF-8',
locale.py(900): locale_alias = {
locale.py(957):     'bho_in':                               'bho_IN.UTF-8',
locale.py(900): locale_alias = {
locale.py(958):     'bho_np':                               'bho_NP.UTF-8',
locale.py(900): locale_alias = {
locale.py(959):     'bi_vu':                                'bi_VU.UTF-8',
locale.py(900): locale_alias = {
locale.py(960):     'bn_bd':                                'bn_BD.UTF-8',
locale.py(900): locale_alias = {
locale.py(961):     'bn_in':                                'bn_IN.UTF-8',
locale.py(900): locale_alias = {
locale.py(962):     'bo_cn':                                'bo_CN.UTF-8',
locale.py(900): locale_alias = {
locale.py(963):     'bo_in':                                'bo_IN.UTF-8',
locale.py(900): locale_alias = {
locale.py(964):     'bokmal':                               'nb_NO.ISO8859-1',
locale.py(900): locale_alias = {
locale.py(965):     'bokm\xe5l':                            'nb_NO.ISO8859-1',
locale.py(900): locale_alias = {
locale.py(966):     'br':                                   'br_FR.ISO8859-1',
locale.py(900): locale_alias = {
locale.py(967):     'br_fr':                                'br_FR.ISO8859-1',
locale.py(900): locale_alias = {
locale.py(968):     'brx_in':                               'brx_IN.UTF-8',
locale.py(900): locale_alias = {
locale.py(969):     'bs':                                   'bs_BA.ISO8859-2',
locale.py(900): locale_alias = {
locale.py(970):     'bs_ba':                                'bs_BA.ISO8859-2',
locale.py(900): locale_alias = {
locale.py(971):     'bulgarian':                            'bg_BG.CP1251',
locale.py(900): locale_alias = {
locale.py(972):     'byn_er':                               'byn_ER.UTF-8',
locale.py(900): locale_alias = {
locale.py(973):     'c':                                    'C',
locale.py(900): locale_alias = {
locale.py(974):     'c-french':                             'fr_CA.ISO8859-1',
locale.py(900): locale_alias = {
locale.py(975):     'c.ascii':                              'C',
locale.py(900): locale_alias = {
locale.py(976):     'c.en':                                 'C',
locale.py(900): locale_alias = {
locale.py(977):     'c.iso88591':                           'en_US.ISO8859-1',
locale.py(900): locale_alias = {
locale.py(978):     'c.utf8':                               'en_US.UTF-8',
locale.py(900): locale_alias = {
locale.py(979):     'c_c':                                  'C',
locale.py(900): locale_alias = {
locale.py(980):     'c_c.c':                                'C',
locale.py(900): locale_alias = {
locale.py(981):     'ca':                                   'ca_ES.ISO8859-1',
locale.py(900): locale_alias = {
locale.py(982):     'ca_ad':                                'ca_AD.ISO8859-1',
locale.py(900): locale_alias = {
locale.py(983):     'ca_es':                                'ca_ES.ISO8859-1',
locale.py(900): locale_alias = {
locale.py(984):     'ca_es@valencia':                       'ca_ES.UTF-8@valencia',
locale.py(900): locale_alias = {
locale.py(985):     'ca_fr':                                'ca_FR.ISO8859-1',
locale.py(900): locale_alias = {
locale.py(986):     'ca_it':                                'ca_IT.ISO8859-1',
locale.py(900): locale_alias = {
locale.py(987):     'catalan':                              'ca_ES.ISO8859-1',
locale.py(900): locale_alias = {
locale.py(988):     'ce_ru':                                'ce_RU.UTF-8',
locale.py(900): locale_alias = {
locale.py(989):     'cextend':                              'en_US.ISO8859-1',
locale.py(900): locale_alias = {
locale.py(990):     'chinese-s':                            'zh_CN.eucCN',
locale.py(900): locale_alias = {
locale.py(991):     'chinese-t':                            'zh_TW.eucTW',
locale.py(900): locale_alias = {
locale.py(992):     'chr_us':                               'chr_US.UTF-8',
locale.py(900): locale_alias = {
locale.py(993):     'ckb_iq':                               'ckb_IQ.UTF-8',
locale.py(900): locale_alias = {
locale.py(994):     'cmn_tw':                               'cmn_TW.UTF-8',
locale.py(900): locale_alias = {
locale.py(995):     'crh_ua':                               'crh_UA.UTF-8',
locale.py(900): locale_alias = {
locale.py(996):     'croatian':                             'hr_HR.ISO8859-2',
locale.py(900): locale_alias = {
locale.py(997):     'cs':                                   'cs_CZ.ISO8859-2',
locale.py(900): locale_alias = {
locale.py(998):     'cs_cs':                                'cs_CZ.ISO8859-2',
locale.py(900): locale_alias = {
locale.py(999):     'cs_cz':                                'cs_CZ.ISO8859-2',
locale.py(900): locale_alias = {
locale.py(1000):     'csb_pl':                               'csb_PL.UTF-8',
locale.py(900): locale_alias = {
locale.py(1001):     'cv_ru':                                'cv_RU.UTF-8',
locale.py(900): locale_alias = {
locale.py(1002):     'cy':                                   'cy_GB.ISO8859-1',
locale.py(900): locale_alias = {
locale.py(1003):     'cy_gb':                                'cy_GB.ISO8859-1',
locale.py(900): locale_alias = {
locale.py(1004):     'cz':                                   'cs_CZ.ISO8859-2',
locale.py(900): locale_alias = {
locale.py(1005):     'cz_cz':                                'cs_CZ.ISO8859-2',
locale.py(900): locale_alias = {
locale.py(1006):     'czech':                                'cs_CZ.ISO8859-2',
locale.py(900): locale_alias = {
locale.py(1007):     'da':                                   'da_DK.ISO8859-1',
locale.py(900): locale_alias = {
locale.py(1008):     'da_dk':                                'da_DK.ISO8859-1',
locale.py(900): locale_alias = {
locale.py(1009):     'danish':                               'da_DK.ISO8859-1',
locale.py(900): locale_alias = {
locale.py(1010):     'dansk':                                'da_DK.ISO8859-1',
locale.py(900): locale_alias = {
locale.py(1011):     'de':                                   'de_DE.ISO8859-1',
locale.py(900): locale_alias = {
locale.py(1012):     'de_at':                                'de_AT.ISO8859-1',
locale.py(900): locale_alias = {
locale.py(1013):     'de_be':                                'de_BE.ISO8859-1',
locale.py(900): locale_alias = {
locale.py(1014):     'de_ch':                                'de_CH.ISO8859-1',
locale.py(900): locale_alias = {
locale.py(1015):     'de_de':                                'de_DE.ISO8859-1',
locale.py(900): locale_alias = {
locale.py(1016):     'de_it':                                'de_IT.ISO8859-1',
locale.py(900): locale_alias = {
locale.py(1017):     'de_li.utf8':                           'de_LI.UTF-8',
locale.py(900): locale_alias = {
locale.py(1018):     'de_lu':                                'de_LU.ISO8859-1',
locale.py(900): locale_alias = {
locale.py(1019):     'deutsch':                              'de_DE.ISO8859-1',
locale.py(900): locale_alias = {
locale.py(1020):     'doi_in':                               'doi_IN.UTF-8',
locale.py(900): locale_alias = {
locale.py(1021):     'dutch':                                'nl_NL.ISO8859-1',
locale.py(900): locale_alias = {
locale.py(1022):     'dutch.iso88591':                       'nl_BE.ISO8859-1',
locale.py(900): locale_alias = {
locale.py(1023):     'dv_mv':                                'dv_MV.UTF-8',
locale.py(900): locale_alias = {
locale.py(1024):     'dz_bt':                                'dz_BT.UTF-8',
locale.py(900): locale_alias = {
locale.py(1025):     'ee':                                   'ee_EE.ISO8859-4',
locale.py(900): locale_alias = {
locale.py(1026):     'ee_ee':                                'ee_EE.ISO8859-4',
locale.py(900): locale_alias = {
locale.py(1027):     'eesti':                                'et_EE.ISO8859-1',
locale.py(900): locale_alias = {
locale.py(1028):     'el':                                   'el_GR.ISO8859-7',
locale.py(900): locale_alias = {
locale.py(1029):     'el_cy':                                'el_CY.ISO8859-7',
locale.py(900): locale_alias = {
locale.py(1030):     'el_gr':                                'el_GR.ISO8859-7',
locale.py(900): locale_alias = {
locale.py(1031):     'el_gr@euro':                           'el_GR.ISO8859-15',
locale.py(900): locale_alias = {
locale.py(1032):     'en':                                   'en_US.ISO8859-1',
locale.py(900): locale_alias = {
locale.py(1033):     'en_ag':                                'en_AG.UTF-8',
locale.py(900): locale_alias = {
locale.py(1034):     'en_au':                                'en_AU.ISO8859-1',
locale.py(900): locale_alias = {
locale.py(1035):     'en_be':                                'en_BE.ISO8859-1',
locale.py(900): locale_alias = {
locale.py(1036):     'en_bw':                                'en_BW.ISO8859-1',
locale.py(900): locale_alias = {
locale.py(1037):     'en_ca':                                'en_CA.ISO8859-1',
locale.py(900): locale_alias = {
locale.py(1038):     'en_dk':                                'en_DK.ISO8859-1',
locale.py(900): locale_alias = {
locale.py(1039):     'en_dl.utf8':                           'en_DL.UTF-8',
locale.py(900): locale_alias = {
locale.py(1040):     'en_gb':                                'en_GB.ISO8859-1',
locale.py(900): locale_alias = {
locale.py(1041):     'en_hk':                                'en_HK.ISO8859-1',
locale.py(900): locale_alias = {
locale.py(1042):     'en_ie':                                'en_IE.ISO8859-1',
locale.py(900): locale_alias = {
locale.py(1043):     'en_il':                                'en_IL.UTF-8',
locale.py(900): locale_alias = {
locale.py(1044):     'en_in':                                'en_IN.ISO8859-1',
locale.py(900): locale_alias = {
locale.py(1045):     'en_ng':                                'en_NG.UTF-8',
locale.py(900): locale_alias = {
locale.py(1046):     'en_nz':                                'en_NZ.ISO8859-1',
locale.py(900): locale_alias = {
locale.py(1047):     'en_ph':                                'en_PH.ISO8859-1',
locale.py(900): locale_alias = {
locale.py(1048):     'en_sc.utf8':                           'en_SC.UTF-8',
locale.py(900): locale_alias = {
locale.py(1049):     'en_sg':                                'en_SG.ISO8859-1',
locale.py(900): locale_alias = {
locale.py(1050):     'en_uk':                                'en_GB.ISO8859-1',
locale.py(900): locale_alias = {
locale.py(1051):     'en_us':                                'en_US.ISO8859-1',
locale.py(900): locale_alias = {
locale.py(1052):     'en_us@euro@euro':                      'en_US.ISO8859-15',
locale.py(900): locale_alias = {
locale.py(1053):     'en_za':                                'en_ZA.ISO8859-1',
locale.py(900): locale_alias = {
locale.py(1054):     'en_zm':                                'en_ZM.UTF-8',
locale.py(900): locale_alias = {
locale.py(1055):     'en_zw':                                'en_ZW.ISO8859-1',
locale.py(900): locale_alias = {
locale.py(1056):     'en_zw.utf8':                           'en_ZS.UTF-8',
locale.py(900): locale_alias = {
locale.py(1057):     'eng_gb':                               'en_GB.ISO8859-1',
locale.py(900): locale_alias = {
locale.py(1058):     'english':                              'en_EN.ISO8859-1',
locale.py(900): locale_alias = {
locale.py(1059):     'english.iso88591':                     'en_US.ISO8859-1',
locale.py(900): locale_alias = {
locale.py(1060):     'english_uk':                           'en_GB.ISO8859-1',
locale.py(900): locale_alias = {
locale.py(1061):     'english_united-states':                'en_US.ISO8859-1',
locale.py(900): locale_alias = {
locale.py(1062):     'english_united-states.437':            'C',
locale.py(900): locale_alias = {
locale.py(1063):     'english_us':                           'en_US.ISO8859-1',
locale.py(900): locale_alias = {
locale.py(1064):     'eo':                                   'eo_XX.ISO8859-3',
locale.py(900): locale_alias = {
locale.py(1065):     'eo.utf8':                              'eo.UTF-8',
locale.py(900): locale_alias = {
locale.py(1066):     'eo_eo':                                'eo_EO.ISO8859-3',
locale.py(900): locale_alias = {
locale.py(1067):     'eo_us.utf8':                           'eo_US.UTF-8',
locale.py(900): locale_alias = {
locale.py(1068):     'eo_xx':                                'eo_XX.ISO8859-3',
locale.py(900): locale_alias = {
locale.py(1069):     'es':                                   'es_ES.ISO8859-1',
locale.py(900): locale_alias = {
locale.py(1070):     'es_ar':                                'es_AR.ISO8859-1',
locale.py(900): locale_alias = {
locale.py(1071):     'es_bo':                                'es_BO.ISO8859-1',
locale.py(900): locale_alias = {
locale.py(1072):     'es_cl':                                'es_CL.ISO8859-1',
locale.py(900): locale_alias = {
locale.py(1073):     'es_co':                                'es_CO.ISO8859-1',
locale.py(900): locale_alias = {
locale.py(1074):     'es_cr':                                'es_CR.ISO8859-1',
locale.py(900): locale_alias = {
locale.py(1075):     'es_cu':                                'es_CU.UTF-8',
locale.py(900): locale_alias = {
locale.py(1076):     'es_do':                                'es_DO.ISO8859-1',
locale.py(900): locale_alias = {
locale.py(1077):     'es_ec':                                'es_EC.ISO8859-1',
locale.py(900): locale_alias = {
locale.py(1078):     'es_es':                                'es_ES.ISO8859-1',
locale.py(900): locale_alias = {
locale.py(1079):     'es_gt':                                'es_GT.ISO8859-1',
locale.py(900): locale_alias = {
locale.py(1080):     'es_hn':                                'es_HN.ISO8859-1',
locale.py(900): locale_alias = {
locale.py(1081):     'es_mx':                                'es_MX.ISO8859-1',
locale.py(900): locale_alias = {
locale.py(1082):     'es_ni':                                'es_NI.ISO8859-1',
locale.py(900): locale_alias = {
locale.py(1083):     'es_pa':                                'es_PA.ISO8859-1',
locale.py(900): locale_alias = {
locale.py(1084):     'es_pe':                                'es_PE.ISO8859-1',
locale.py(900): locale_alias = {
locale.py(1085):     'es_pr':                                'es_PR.ISO8859-1',
locale.py(900): locale_alias = {
locale.py(1086):     'es_py':                                'es_PY.ISO8859-1',
locale.py(900): locale_alias = {
locale.py(1087):     'es_sv':                                'es_SV.ISO8859-1',
locale.py(900): locale_alias = {
locale.py(1088):     'es_us':                                'es_US.ISO8859-1',
locale.py(900): locale_alias = {
locale.py(1089):     'es_uy':                                'es_UY.ISO8859-1',
locale.py(900): locale_alias = {
locale.py(1090):     'es_ve':                                'es_VE.ISO8859-1',
locale.py(900): locale_alias = {
locale.py(1091):     'estonian':                             'et_EE.ISO8859-1',
locale.py(900): locale_alias = {
locale.py(1092):     'et':                                   'et_EE.ISO8859-15',
locale.py(900): locale_alias = {
locale.py(1093):     'et_ee':                                'et_EE.ISO8859-15',
locale.py(900): locale_alias = {
locale.py(1094):     'eu':                                   'eu_ES.ISO8859-1',
locale.py(900): locale_alias = {
locale.py(1095):     'eu_es':                                'eu_ES.ISO8859-1',
locale.py(900): locale_alias = {
locale.py(1096):     'eu_fr':                                'eu_FR.ISO8859-1',
locale.py(900): locale_alias = {
locale.py(1097):     'fa':                                   'fa_IR.UTF-8',
locale.py(900): locale_alias = {
locale.py(1098):     'fa_ir':                                'fa_IR.UTF-8',
locale.py(900): locale_alias = {
locale.py(1099):     'fa_ir.isiri3342':                      'fa_IR.ISIRI-3342',
locale.py(900): locale_alias = {
locale.py(1100):     'ff_sn':                                'ff_SN.UTF-8',
locale.py(900): locale_alias = {
locale.py(1101):     'fi':                                   'fi_FI.ISO8859-15',
locale.py(900): locale_alias = {
locale.py(1102):     'fi_fi':                                'fi_FI.ISO8859-15',
locale.py(900): locale_alias = {
locale.py(1103):     'fil_ph':                               'fil_PH.UTF-8',
locale.py(900): locale_alias = {
locale.py(1104):     'finnish':                              'fi_FI.ISO8859-1',
locale.py(900): locale_alias = {
locale.py(1105):     'fo':                                   'fo_FO.ISO8859-1',
locale.py(900): locale_alias = {
locale.py(1106):     'fo_fo':                                'fo_FO.ISO8859-1',
locale.py(900): locale_alias = {
locale.py(1107):     'fr':                                   'fr_FR.ISO8859-1',
locale.py(900): locale_alias = {
locale.py(1108):     'fr_be':                                'fr_BE.ISO8859-1',
locale.py(900): locale_alias = {
locale.py(1109):     'fr_ca':                                'fr_CA.ISO8859-1',
locale.py(900): locale_alias = {
locale.py(1110):     'fr_ch':                                'fr_CH.ISO8859-1',
locale.py(900): locale_alias = {
locale.py(1111):     'fr_fr':                                'fr_FR.ISO8859-1',
locale.py(900): locale_alias = {
locale.py(1112):     'fr_lu':                                'fr_LU.ISO8859-1',
locale.py(900): locale_alias = {
locale.py(1113):     'fran\xe7ais':                          'fr_FR.ISO8859-1',
locale.py(900): locale_alias = {
locale.py(1114):     'fre_fr':                               'fr_FR.ISO8859-1',
locale.py(900): locale_alias = {
locale.py(1115):     'french':                               'fr_FR.ISO8859-1',
locale.py(900): locale_alias = {
locale.py(1116):     'french.iso88591':                      'fr_CH.ISO8859-1',
locale.py(900): locale_alias = {
locale.py(1117):     'french_france':                        'fr_FR.ISO8859-1',
locale.py(900): locale_alias = {
locale.py(1118):     'fur_it':                               'fur_IT.UTF-8',
locale.py(900): locale_alias = {
locale.py(1119):     'fy_de':                                'fy_DE.UTF-8',
locale.py(900): locale_alias = {
locale.py(1120):     'fy_nl':                                'fy_NL.UTF-8',
locale.py(900): locale_alias = {
locale.py(1121):     'ga':                                   'ga_IE.ISO8859-1',
locale.py(900): locale_alias = {
locale.py(1122):     'ga_ie':                                'ga_IE.ISO8859-1',
locale.py(900): locale_alias = {
locale.py(1123):     'galego':                               'gl_ES.ISO8859-1',
locale.py(900): locale_alias = {
locale.py(1124):     'galician':                             'gl_ES.ISO8859-1',
locale.py(900): locale_alias = {
locale.py(1125):     'gd':                                   'gd_GB.ISO8859-1',
locale.py(900): locale_alias = {
locale.py(1126):     'gd_gb':                                'gd_GB.ISO8859-1',
locale.py(900): locale_alias = {
locale.py(1127):     'ger_de':                               'de_DE.ISO8859-1',
locale.py(900): locale_alias = {
locale.py(1128):     'german':                               'de_DE.ISO8859-1',
locale.py(900): locale_alias = {
locale.py(1129):     'german.iso88591':                      'de_CH.ISO8859-1',
locale.py(900): locale_alias = {
locale.py(1130):     'german_germany':                       'de_DE.ISO8859-1',
locale.py(900): locale_alias = {
locale.py(1131):     'gez_er':                               'gez_ER.UTF-8',
locale.py(900): locale_alias = {
locale.py(1132):     'gez_et':                               'gez_ET.UTF-8',
locale.py(900): locale_alias = {
locale.py(1133):     'gl':                                   'gl_ES.ISO8859-1',
locale.py(900): locale_alias = {
locale.py(1134):     'gl_es':                                'gl_ES.ISO8859-1',
locale.py(900): locale_alias = {
locale.py(1135):     'greek':                                'el_GR.ISO8859-7',
locale.py(900): locale_alias = {
locale.py(1136):     'gu_in':                                'gu_IN.UTF-8',
locale.py(900): locale_alias = {
locale.py(1137):     'gv':                                   'gv_GB.ISO8859-1',
locale.py(900): locale_alias = {
locale.py(1138):     'gv_gb':                                'gv_GB.ISO8859-1',
locale.py(900): locale_alias = {
locale.py(1139):     'ha_ng':                                'ha_NG.UTF-8',
locale.py(900): locale_alias = {
locale.py(1140):     'hak_tw':                               'hak_TW.UTF-8',
locale.py(900): locale_alias = {
locale.py(1141):     'he':                                   'he_IL.ISO8859-8',
locale.py(900): locale_alias = {
locale.py(1142):     'he_il':                                'he_IL.ISO8859-8',
locale.py(900): locale_alias = {
locale.py(1143):     'hebrew':                               'he_IL.ISO8859-8',
locale.py(900): locale_alias = {
locale.py(1144):     'hi':                                   'hi_IN.ISCII-DEV',
locale.py(900): locale_alias = {
locale.py(1145):     'hi_in':                                'hi_IN.ISCII-DEV',
locale.py(900): locale_alias = {
locale.py(1146):     'hi_in.isciidev':                       'hi_IN.ISCII-DEV',
locale.py(900): locale_alias = {
locale.py(1147):     'hif_fj':                               'hif_FJ.UTF-8',
locale.py(900): locale_alias = {
locale.py(1148):     'hne':                                  'hne_IN.UTF-8',
locale.py(900): locale_alias = {
locale.py(1149):     'hne_in':                               'hne_IN.UTF-8',
locale.py(900): locale_alias = {
locale.py(1150):     'hr':                                   'hr_HR.ISO8859-2',
locale.py(900): locale_alias = {
locale.py(1151):     'hr_hr':                                'hr_HR.ISO8859-2',
locale.py(900): locale_alias = {
locale.py(1152):     'hrvatski':                             'hr_HR.ISO8859-2',
locale.py(900): locale_alias = {
locale.py(1153):     'hsb_de':                               'hsb_DE.ISO8859-2',
locale.py(900): locale_alias = {
locale.py(1154):     'ht_ht':                                'ht_HT.UTF-8',
locale.py(900): locale_alias = {
locale.py(1155):     'hu':                                   'hu_HU.ISO8859-2',
locale.py(900): locale_alias = {
locale.py(1156):     'hu_hu':                                'hu_HU.ISO8859-2',
locale.py(900): locale_alias = {
locale.py(1157):     'hungarian':                            'hu_HU.ISO8859-2',
locale.py(900): locale_alias = {
locale.py(1158):     'hy_am':                                'hy_AM.UTF-8',
locale.py(900): locale_alias = {
locale.py(1159):     'hy_am.armscii8':                       'hy_AM.ARMSCII_8',
locale.py(900): locale_alias = {
locale.py(1160):     'ia':                                   'ia.UTF-8',
locale.py(900): locale_alias = {
locale.py(1161):     'ia_fr':                                'ia_FR.UTF-8',
locale.py(900): locale_alias = {
locale.py(1162):     'icelandic':                            'is_IS.ISO8859-1',
locale.py(900): locale_alias = {
locale.py(1163):     'id':                                   'id_ID.ISO8859-1',
locale.py(900): locale_alias = {
locale.py(1164):     'id_id':                                'id_ID.ISO8859-1',
locale.py(900): locale_alias = {
locale.py(1165):     'ig_ng':                                'ig_NG.UTF-8',
locale.py(900): locale_alias = {
locale.py(1166):     'ik_ca':                                'ik_CA.UTF-8',
locale.py(900): locale_alias = {
locale.py(1167):     'in':                                   'id_ID.ISO8859-1',
locale.py(900): locale_alias = {
locale.py(1168):     'in_id':                                'id_ID.ISO8859-1',
locale.py(900): locale_alias = {
locale.py(1169):     'is':                                   'is_IS.ISO8859-1',
locale.py(900): locale_alias = {
locale.py(1170):     'is_is':                                'is_IS.ISO8859-1',
locale.py(900): locale_alias = {
locale.py(1171):     'iso-8859-1':                           'en_US.ISO8859-1',
locale.py(900): locale_alias = {
locale.py(1172):     'iso-8859-15':                          'en_US.ISO8859-15',
locale.py(900): locale_alias = {
locale.py(1173):     'iso8859-1':                            'en_US.ISO8859-1',
locale.py(900): locale_alias = {
locale.py(1174):     'iso8859-15':                           'en_US.ISO8859-15',
locale.py(900): locale_alias = {
locale.py(1175):     'iso_8859_1':                           'en_US.ISO8859-1',
locale.py(900): locale_alias = {
locale.py(1176):     'iso_8859_15':                          'en_US.ISO8859-15',
locale.py(900): locale_alias = {
locale.py(1177):     'it':                                   'it_IT.ISO8859-1',
locale.py(900): locale_alias = {
locale.py(1178):     'it_ch':                                'it_CH.ISO8859-1',
locale.py(900): locale_alias = {
locale.py(1179):     'it_it':                                'it_IT.ISO8859-1',
locale.py(900): locale_alias = {
locale.py(1180):     'italian':                              'it_IT.ISO8859-1',
locale.py(900): locale_alias = {
locale.py(1181):     'iu':                                   'iu_CA.NUNACOM-8',
locale.py(900): locale_alias = {
locale.py(1182):     'iu_ca':                                'iu_CA.NUNACOM-8',
locale.py(900): locale_alias = {
locale.py(1183):     'iu_ca.nunacom8':                       'iu_CA.NUNACOM-8',
locale.py(900): locale_alias = {
locale.py(1184):     'iw':                                   'he_IL.ISO8859-8',
locale.py(900): locale_alias = {
locale.py(1185):     'iw_il':                                'he_IL.ISO8859-8',
locale.py(900): locale_alias = {
locale.py(1186):     'iw_il.utf8':                           'iw_IL.UTF-8',
locale.py(900): locale_alias = {
locale.py(1187):     'ja':                                   'ja_JP.eucJP',
locale.py(900): locale_alias = {
locale.py(1188):     'ja_jp':                                'ja_JP.eucJP',
locale.py(900): locale_alias = {
locale.py(1189):     'ja_jp.euc':                            'ja_JP.eucJP',
locale.py(900): locale_alias = {
locale.py(1190):     'ja_jp.mscode':                         'ja_JP.SJIS',
locale.py(900): locale_alias = {
locale.py(1191):     'ja_jp.pck':                            'ja_JP.SJIS',
locale.py(900): locale_alias = {
locale.py(1192):     'japan':                                'ja_JP.eucJP',
locale.py(900): locale_alias = {
locale.py(1193):     'japanese':                             'ja_JP.eucJP',
locale.py(900): locale_alias = {
locale.py(1194):     'japanese-euc':                         'ja_JP.eucJP',
locale.py(900): locale_alias = {
locale.py(1195):     'japanese.euc':                         'ja_JP.eucJP',
locale.py(900): locale_alias = {
locale.py(1196):     'jp_jp':                                'ja_JP.eucJP',
locale.py(900): locale_alias = {
locale.py(1197):     'ka':                                   'ka_GE.GEORGIAN-ACADEMY',
locale.py(900): locale_alias = {
locale.py(1198):     'ka_ge':                                'ka_GE.GEORGIAN-ACADEMY',
locale.py(900): locale_alias = {
locale.py(1199):     'ka_ge.georgianacademy':                'ka_GE.GEORGIAN-ACADEMY',
locale.py(900): locale_alias = {
locale.py(1200):     'ka_ge.georgianps':                     'ka_GE.GEORGIAN-PS',
locale.py(900): locale_alias = {
locale.py(1201):     'ka_ge.georgianrs':                     'ka_GE.GEORGIAN-ACADEMY',
locale.py(900): locale_alias = {
locale.py(1202):     'kab_dz':                               'kab_DZ.UTF-8',
locale.py(900): locale_alias = {
locale.py(1203):     'kk_kz':                                'kk_KZ.ptcp154',
locale.py(900): locale_alias = {
locale.py(1204):     'kl':                                   'kl_GL.ISO8859-1',
locale.py(900): locale_alias = {
locale.py(1205):     'kl_gl':                                'kl_GL.ISO8859-1',
locale.py(900): locale_alias = {
locale.py(1206):     'km_kh':                                'km_KH.UTF-8',
locale.py(900): locale_alias = {
locale.py(1207):     'kn':                                   'kn_IN.UTF-8',
locale.py(900): locale_alias = {
locale.py(1208):     'kn_in':                                'kn_IN.UTF-8',
locale.py(900): locale_alias = {
locale.py(1209):     'ko':                                   'ko_KR.eucKR',
locale.py(900): locale_alias = {
locale.py(1210):     'ko_kr':                                'ko_KR.eucKR',
locale.py(900): locale_alias = {
locale.py(1211):     'ko_kr.euc':                            'ko_KR.eucKR',
locale.py(900): locale_alias = {
locale.py(1212):     'kok_in':                               'kok_IN.UTF-8',
locale.py(900): locale_alias = {
locale.py(1213):     'korean':                               'ko_KR.eucKR',
locale.py(900): locale_alias = {
locale.py(1214):     'korean.euc':                           'ko_KR.eucKR',
locale.py(900): locale_alias = {
locale.py(1215):     'ks':                                   'ks_IN.UTF-8',
locale.py(900): locale_alias = {
locale.py(1216):     'ks_in':                                'ks_IN.UTF-8',
locale.py(900): locale_alias = {
locale.py(1217):     'ks_in@devanagari.utf8':                'ks_IN.UTF-8@devanagari',
locale.py(900): locale_alias = {
locale.py(1218):     'ku_tr':                                'ku_TR.ISO8859-9',
locale.py(900): locale_alias = {
locale.py(1219):     'kw':                                   'kw_GB.ISO8859-1',
locale.py(900): locale_alias = {
locale.py(1220):     'kw_gb':                                'kw_GB.ISO8859-1',
locale.py(900): locale_alias = {
locale.py(1221):     'ky':                                   'ky_KG.UTF-8',
locale.py(900): locale_alias = {
locale.py(1222):     'ky_kg':                                'ky_KG.UTF-8',
locale.py(900): locale_alias = {
locale.py(1223):     'lb_lu':                                'lb_LU.UTF-8',
locale.py(900): locale_alias = {
locale.py(1224):     'lg_ug':                                'lg_UG.ISO8859-10',
locale.py(900): locale_alias = {
locale.py(1225):     'li_be':                                'li_BE.UTF-8',
locale.py(900): locale_alias = {
locale.py(1226):     'li_nl':                                'li_NL.UTF-8',
locale.py(900): locale_alias = {
locale.py(1227):     'lij_it':                               'lij_IT.UTF-8',
locale.py(900): locale_alias = {
locale.py(1228):     'lithuanian':                           'lt_LT.ISO8859-13',
locale.py(900): locale_alias = {
locale.py(1229):     'ln_cd':                                'ln_CD.UTF-8',
locale.py(900): locale_alias = {
locale.py(1230):     'lo':                                   'lo_LA.MULELAO-1',
locale.py(900): locale_alias = {
locale.py(1231):     'lo_la':                                'lo_LA.MULELAO-1',
locale.py(900): locale_alias = {
locale.py(1232):     'lo_la.cp1133':                         'lo_LA.IBM-CP1133',
locale.py(900): locale_alias = {
locale.py(1233):     'lo_la.ibmcp1133':                      'lo_LA.IBM-CP1133',
locale.py(900): locale_alias = {
locale.py(1234):     'lo_la.mulelao1':                       'lo_LA.MULELAO-1',
locale.py(900): locale_alias = {
locale.py(1235):     'lt':                                   'lt_LT.ISO8859-13',
locale.py(900): locale_alias = {
locale.py(1236):     'lt_lt':                                'lt_LT.ISO8859-13',
locale.py(900): locale_alias = {
locale.py(1237):     'lv':                                   'lv_LV.ISO8859-13',
locale.py(900): locale_alias = {
locale.py(1238):     'lv_lv':                                'lv_LV.ISO8859-13',
locale.py(900): locale_alias = {
locale.py(1239):     'lzh_tw':                               'lzh_TW.UTF-8',
locale.py(900): locale_alias = {
locale.py(1240):     'mag_in':                               'mag_IN.UTF-8',
locale.py(900): locale_alias = {
locale.py(1241):     'mai':                                  'mai_IN.UTF-8',
locale.py(900): locale_alias = {
locale.py(1242):     'mai_in':                               'mai_IN.UTF-8',
locale.py(900): locale_alias = {
locale.py(1243):     'mai_np':                               'mai_NP.UTF-8',
locale.py(900): locale_alias = {
locale.py(1244):     'mfe_mu':                               'mfe_MU.UTF-8',
locale.py(900): locale_alias = {
locale.py(1245):     'mg_mg':                                'mg_MG.ISO8859-15',
locale.py(900): locale_alias = {
locale.py(1246):     'mhr_ru':                               'mhr_RU.UTF-8',
locale.py(900): locale_alias = {
locale.py(1247):     'mi':                                   'mi_NZ.ISO8859-1',
locale.py(900): locale_alias = {
locale.py(1248):     'mi_nz':                                'mi_NZ.ISO8859-1',
locale.py(900): locale_alias = {
locale.py(1249):     'miq_ni':                               'miq_NI.UTF-8',
locale.py(900): locale_alias = {
locale.py(1250):     'mjw_in':                               'mjw_IN.UTF-8',
locale.py(900): locale_alias = {
locale.py(1251):     'mk':                                   'mk_MK.ISO8859-5',
locale.py(900): locale_alias = {
locale.py(1252):     'mk_mk':                                'mk_MK.ISO8859-5',
locale.py(900): locale_alias = {
locale.py(1253):     'ml':                                   'ml_IN.UTF-8',
locale.py(900): locale_alias = {
locale.py(1254):     'ml_in':                                'ml_IN.UTF-8',
locale.py(900): locale_alias = {
locale.py(1255):     'mn_mn':                                'mn_MN.UTF-8',
locale.py(900): locale_alias = {
locale.py(1256):     'mni_in':                               'mni_IN.UTF-8',
locale.py(900): locale_alias = {
locale.py(1257):     'mr':                                   'mr_IN.UTF-8',
locale.py(900): locale_alias = {
locale.py(1258):     'mr_in':                                'mr_IN.UTF-8',
locale.py(900): locale_alias = {
locale.py(1259):     'ms':                                   'ms_MY.ISO8859-1',
locale.py(900): locale_alias = {
locale.py(1260):     'ms_my':                                'ms_MY.ISO8859-1',
locale.py(900): locale_alias = {
locale.py(1261):     'mt':                                   'mt_MT.ISO8859-3',
locale.py(900): locale_alias = {
locale.py(1262):     'mt_mt':                                'mt_MT.ISO8859-3',
locale.py(900): locale_alias = {
locale.py(1263):     'my_mm':                                'my_MM.UTF-8',
locale.py(900): locale_alias = {
locale.py(1264):     'nan_tw':                               'nan_TW.UTF-8',
locale.py(900): locale_alias = {
locale.py(1265):     'nb':                                   'nb_NO.ISO8859-1',
locale.py(900): locale_alias = {
locale.py(1266):     'nb_no':                                'nb_NO.ISO8859-1',
locale.py(900): locale_alias = {
locale.py(1267):     'nds_de':                               'nds_DE.UTF-8',
locale.py(900): locale_alias = {
locale.py(1268):     'nds_nl':                               'nds_NL.UTF-8',
locale.py(900): locale_alias = {
locale.py(1269):     'ne_np':                                'ne_NP.UTF-8',
locale.py(900): locale_alias = {
locale.py(1270):     'nhn_mx':                               'nhn_MX.UTF-8',
locale.py(900): locale_alias = {
locale.py(1271):     'niu_nu':                               'niu_NU.UTF-8',
locale.py(900): locale_alias = {
locale.py(1272):     'niu_nz':                               'niu_NZ.UTF-8',
locale.py(900): locale_alias = {
locale.py(1273):     'nl':                                   'nl_NL.ISO8859-1',
locale.py(900): locale_alias = {
locale.py(1274):     'nl_aw':                                'nl_AW.UTF-8',
locale.py(900): locale_alias = {
locale.py(1275):     'nl_be':                                'nl_BE.ISO8859-1',
locale.py(900): locale_alias = {
locale.py(1276):     'nl_nl':                                'nl_NL.ISO8859-1',
locale.py(900): locale_alias = {
locale.py(1277):     'nn':                                   'nn_NO.ISO8859-1',
locale.py(900): locale_alias = {
locale.py(1278):     'nn_no':                                'nn_NO.ISO8859-1',
locale.py(900): locale_alias = {
locale.py(1279):     'no':                                   'no_NO.ISO8859-1',
locale.py(900): locale_alias = {
locale.py(1280):     'no@nynorsk':                           'ny_NO.ISO8859-1',
locale.py(900): locale_alias = {
locale.py(1281):     'no_no':                                'no_NO.ISO8859-1',
locale.py(900): locale_alias = {
locale.py(1282):     'no_no.iso88591@bokmal':                'no_NO.ISO8859-1',
locale.py(900): locale_alias = {
locale.py(1283):     'no_no.iso88591@nynorsk':               'no_NO.ISO8859-1',
locale.py(900): locale_alias = {
locale.py(1284):     'norwegian':                            'no_NO.ISO8859-1',
locale.py(900): locale_alias = {
locale.py(1285):     'nr':                                   'nr_ZA.ISO8859-1',
locale.py(900): locale_alias = {
locale.py(1286):     'nr_za':                                'nr_ZA.ISO8859-1',
locale.py(900): locale_alias = {
locale.py(1287):     'nso':                                  'nso_ZA.ISO8859-15',
locale.py(900): locale_alias = {
locale.py(1288):     'nso_za':                               'nso_ZA.ISO8859-15',
locale.py(900): locale_alias = {
locale.py(1289):     'ny':                                   'ny_NO.ISO8859-1',
locale.py(900): locale_alias = {
locale.py(1290):     'ny_no':                                'ny_NO.ISO8859-1',
locale.py(900): locale_alias = {
locale.py(1291):     'nynorsk':                              'nn_NO.ISO8859-1',
locale.py(900): locale_alias = {
locale.py(1292):     'oc':                                   'oc_FR.ISO8859-1',
locale.py(900): locale_alias = {
locale.py(1293):     'oc_fr':                                'oc_FR.ISO8859-1',
locale.py(900): locale_alias = {
locale.py(1294):     'om_et':                                'om_ET.UTF-8',
locale.py(900): locale_alias = {
locale.py(1295):     'om_ke':                                'om_KE.ISO8859-1',
locale.py(900): locale_alias = {
locale.py(1296):     'or':                                   'or_IN.UTF-8',
locale.py(900): locale_alias = {
locale.py(1297):     'or_in':                                'or_IN.UTF-8',
locale.py(900): locale_alias = {
locale.py(1298):     'os_ru':                                'os_RU.UTF-8',
locale.py(900): locale_alias = {
locale.py(1299):     'pa':                                   'pa_IN.UTF-8',
locale.py(900): locale_alias = {
locale.py(1300):     'pa_in':                                'pa_IN.UTF-8',
locale.py(900): locale_alias = {
locale.py(1301):     'pa_pk':                                'pa_PK.UTF-8',
locale.py(900): locale_alias = {
locale.py(1302):     'pap_an':                               'pap_AN.UTF-8',
locale.py(900): locale_alias = {
locale.py(1303):     'pap_aw':                               'pap_AW.UTF-8',
locale.py(900): locale_alias = {
locale.py(1304):     'pap_cw':                               'pap_CW.UTF-8',
locale.py(900): locale_alias = {
locale.py(1305):     'pd':                                   'pd_US.ISO8859-1',
locale.py(900): locale_alias = {
locale.py(1306):     'pd_de':                                'pd_DE.ISO8859-1',
locale.py(900): locale_alias = {
locale.py(1307):     'pd_us':                                'pd_US.ISO8859-1',
locale.py(900): locale_alias = {
locale.py(1308):     'ph':                                   'ph_PH.ISO8859-1',
locale.py(900): locale_alias = {
locale.py(1309):     'ph_ph':                                'ph_PH.ISO8859-1',
locale.py(900): locale_alias = {
locale.py(1310):     'pl':                                   'pl_PL.ISO8859-2',
locale.py(900): locale_alias = {
locale.py(1311):     'pl_pl':                                'pl_PL.ISO8859-2',
locale.py(900): locale_alias = {
locale.py(1312):     'polish':                               'pl_PL.ISO8859-2',
locale.py(900): locale_alias = {
locale.py(1313):     'portuguese':                           'pt_PT.ISO8859-1',
locale.py(900): locale_alias = {
locale.py(1314):     'portuguese_brazil':                    'pt_BR.ISO8859-1',
locale.py(900): locale_alias = {
locale.py(1315):     'posix':                                'C',
locale.py(900): locale_alias = {
locale.py(1316):     'posix-utf2':                           'C',
locale.py(900): locale_alias = {
locale.py(1317):     'pp':                                   'pp_AN.ISO8859-1',
locale.py(900): locale_alias = {
locale.py(1318):     'pp_an':                                'pp_AN.ISO8859-1',
locale.py(900): locale_alias = {
locale.py(1319):     'ps_af':                                'ps_AF.UTF-8',
locale.py(900): locale_alias = {
locale.py(1320):     'pt':                                   'pt_PT.ISO8859-1',
locale.py(900): locale_alias = {
locale.py(1321):     'pt_br':                                'pt_BR.ISO8859-1',
locale.py(900): locale_alias = {
locale.py(1322):     'pt_pt':                                'pt_PT.ISO8859-1',
locale.py(900): locale_alias = {
locale.py(1323):     'quz_pe':                               'quz_PE.UTF-8',
locale.py(900): locale_alias = {
locale.py(1324):     'raj_in':                               'raj_IN.UTF-8',
locale.py(900): locale_alias = {
locale.py(1325):     'ro':                                   'ro_RO.ISO8859-2',
locale.py(900): locale_alias = {
locale.py(1326):     'ro_ro':                                'ro_RO.ISO8859-2',
locale.py(900): locale_alias = {
locale.py(1327):     'romanian':                             'ro_RO.ISO8859-2',
locale.py(900): locale_alias = {
locale.py(1328):     'ru':                                   'ru_RU.UTF-8',
locale.py(900): locale_alias = {
locale.py(1329):     'ru_ru':                                'ru_RU.UTF-8',
locale.py(900): locale_alias = {
locale.py(1330):     'ru_ua':                                'ru_UA.KOI8-U',
locale.py(900): locale_alias = {
locale.py(1331):     'rumanian':                             'ro_RO.ISO8859-2',
locale.py(900): locale_alias = {
locale.py(1332):     'russian':                              'ru_RU.KOI8-R',
locale.py(900): locale_alias = {
locale.py(1333):     'rw':                                   'rw_RW.ISO8859-1',
locale.py(900): locale_alias = {
locale.py(1334):     'rw_rw':                                'rw_RW.ISO8859-1',
locale.py(900): locale_alias = {
locale.py(1335):     'sa_in':                                'sa_IN.UTF-8',
locale.py(900): locale_alias = {
locale.py(1336):     'sat_in':                               'sat_IN.UTF-8',
locale.py(900): locale_alias = {
locale.py(1337):     'sc_it':                                'sc_IT.UTF-8',
locale.py(900): locale_alias = {
locale.py(1338):     'sd':                                   'sd_IN.UTF-8',
locale.py(900): locale_alias = {
locale.py(1339):     'sd_in':                                'sd_IN.UTF-8',
locale.py(900): locale_alias = {
locale.py(1340):     'sd_in@devanagari.utf8':                'sd_IN.UTF-8@devanagari',
locale.py(900): locale_alias = {
locale.py(1341):     'sd_pk':                                'sd_PK.UTF-8',
locale.py(900): locale_alias = {
locale.py(1342):     'se_no':                                'se_NO.UTF-8',
locale.py(900): locale_alias = {
locale.py(1343):     'serbocroatian':                        'sr_RS.UTF-8@latin',
locale.py(900): locale_alias = {
locale.py(1344):     'sgs_lt':                               'sgs_LT.UTF-8',
locale.py(900): locale_alias = {
locale.py(1345):     'sh':                                   'sr_RS.UTF-8@latin',
locale.py(900): locale_alias = {
locale.py(1346):     'sh_ba.iso88592@bosnia':                'sr_CS.ISO8859-2',
locale.py(900): locale_alias = {
locale.py(1347):     'sh_hr':                                'sh_HR.ISO8859-2',
locale.py(900): locale_alias = {
locale.py(1348):     'sh_hr.iso88592':                       'hr_HR.ISO8859-2',
locale.py(900): locale_alias = {
locale.py(1349):     'sh_sp':                                'sr_CS.ISO8859-2',
locale.py(900): locale_alias = {
locale.py(1350):     'sh_yu':                                'sr_RS.UTF-8@latin',
locale.py(900): locale_alias = {
locale.py(1351):     'shn_mm':                               'shn_MM.UTF-8',
locale.py(900): locale_alias = {
locale.py(1352):     'shs_ca':                               'shs_CA.UTF-8',
locale.py(900): locale_alias = {
locale.py(1353):     'si':                                   'si_LK.UTF-8',
locale.py(900): locale_alias = {
locale.py(1354):     'si_lk':                                'si_LK.UTF-8',
locale.py(900): locale_alias = {
locale.py(1355):     'sid_et':                               'sid_ET.UTF-8',
locale.py(900): locale_alias = {
locale.py(1356):     'sinhala':                              'si_LK.UTF-8',
locale.py(900): locale_alias = {
locale.py(1357):     'sk':                                   'sk_SK.ISO8859-2',
locale.py(900): locale_alias = {
locale.py(1358):     'sk_sk':                                'sk_SK.ISO8859-2',
locale.py(900): locale_alias = {
locale.py(1359):     'sl':                                   'sl_SI.ISO8859-2',
locale.py(900): locale_alias = {
locale.py(1360):     'sl_cs':                                'sl_CS.ISO8859-2',
locale.py(900): locale_alias = {
locale.py(1361):     'sl_si':                                'sl_SI.ISO8859-2',
locale.py(900): locale_alias = {
locale.py(1362):     'slovak':                               'sk_SK.ISO8859-2',
locale.py(900): locale_alias = {
locale.py(1363):     'slovene':                              'sl_SI.ISO8859-2',
locale.py(900): locale_alias = {
locale.py(1364):     'slovenian':                            'sl_SI.ISO8859-2',
locale.py(900): locale_alias = {
locale.py(1365):     'sm_ws':                                'sm_WS.UTF-8',
locale.py(900): locale_alias = {
locale.py(1366):     'so_dj':                                'so_DJ.ISO8859-1',
locale.py(900): locale_alias = {
locale.py(1367):     'so_et':                                'so_ET.UTF-8',
locale.py(900): locale_alias = {
locale.py(1368):     'so_ke':                                'so_KE.ISO8859-1',
locale.py(900): locale_alias = {
locale.py(1369):     'so_so':                                'so_SO.ISO8859-1',
locale.py(900): locale_alias = {
locale.py(1370):     'sp':                                   'sr_CS.ISO8859-5',
locale.py(900): locale_alias = {
locale.py(1371):     'sp_yu':                                'sr_CS.ISO8859-5',
locale.py(900): locale_alias = {
locale.py(1372):     'spanish':                              'es_ES.ISO8859-1',
locale.py(900): locale_alias = {
locale.py(1373):     'spanish_spain':                        'es_ES.ISO8859-1',
locale.py(900): locale_alias = {
locale.py(1374):     'sq':                                   'sq_AL.ISO8859-2',
locale.py(900): locale_alias = {
locale.py(1375):     'sq_al':                                'sq_AL.ISO8859-2',
locale.py(900): locale_alias = {
locale.py(1376):     'sq_mk':                                'sq_MK.UTF-8',
locale.py(900): locale_alias = {
locale.py(1377):     'sr':                                   'sr_RS.UTF-8',
locale.py(900): locale_alias = {
locale.py(1378):     'sr@cyrillic':                          'sr_RS.UTF-8',
locale.py(900): locale_alias = {
locale.py(1379):     'sr@latn':                              'sr_CS.UTF-8@latin',
locale.py(900): locale_alias = {
locale.py(1380):     'sr_cs':                                'sr_CS.UTF-8',
locale.py(900): locale_alias = {
locale.py(1381):     'sr_cs.iso88592@latn':                  'sr_CS.ISO8859-2',
locale.py(900): locale_alias = {
locale.py(1382):     'sr_cs@latn':                           'sr_CS.UTF-8@latin',
locale.py(900): locale_alias = {
locale.py(1383):     'sr_me':                                'sr_ME.UTF-8',
locale.py(900): locale_alias = {
locale.py(1384):     'sr_rs':                                'sr_RS.UTF-8',
locale.py(900): locale_alias = {
locale.py(1385):     'sr_rs@latn':                           'sr_RS.UTF-8@latin',
locale.py(900): locale_alias = {
locale.py(1386):     'sr_sp':                                'sr_CS.ISO8859-2',
locale.py(900): locale_alias = {
locale.py(1387):     'sr_yu':                                'sr_RS.UTF-8@latin',
locale.py(900): locale_alias = {
locale.py(1388):     'sr_yu.cp1251@cyrillic':                'sr_CS.CP1251',
locale.py(900): locale_alias = {
locale.py(1389):     'sr_yu.iso88592':                       'sr_CS.ISO8859-2',
locale.py(900): locale_alias = {
locale.py(1390):     'sr_yu.iso88595':                       'sr_CS.ISO8859-5',
locale.py(900): locale_alias = {
locale.py(1391):     'sr_yu.iso88595@cyrillic':              'sr_CS.ISO8859-5',
locale.py(900): locale_alias = {
locale.py(1392):     'sr_yu.microsoftcp1251@cyrillic':       'sr_CS.CP1251',
locale.py(900): locale_alias = {
locale.py(1393):     'sr_yu.utf8':                           'sr_RS.UTF-8',
locale.py(900): locale_alias = {
locale.py(1394):     'sr_yu.utf8@cyrillic':                  'sr_RS.UTF-8',
locale.py(900): locale_alias = {
locale.py(1395):     'sr_yu@cyrillic':                       'sr_RS.UTF-8',
locale.py(900): locale_alias = {
locale.py(1396):     'ss':                                   'ss_ZA.ISO8859-1',
locale.py(900): locale_alias = {
locale.py(1397):     'ss_za':                                'ss_ZA.ISO8859-1',
locale.py(900): locale_alias = {
locale.py(1398):     'st':                                   'st_ZA.ISO8859-1',
locale.py(900): locale_alias = {
locale.py(1399):     'st_za':                                'st_ZA.ISO8859-1',
locale.py(900): locale_alias = {
locale.py(1400):     'sv':                                   'sv_SE.ISO8859-1',
locale.py(900): locale_alias = {
locale.py(1401):     'sv_fi':                                'sv_FI.ISO8859-1',
locale.py(900): locale_alias = {
locale.py(1402):     'sv_se':                                'sv_SE.ISO8859-1',
locale.py(900): locale_alias = {
locale.py(1403):     'sw_ke':                                'sw_KE.UTF-8',
locale.py(900): locale_alias = {
locale.py(1404):     'sw_tz':                                'sw_TZ.UTF-8',
locale.py(900): locale_alias = {
locale.py(1405):     'swedish':                              'sv_SE.ISO8859-1',
locale.py(900): locale_alias = {
locale.py(1406):     'szl_pl':                               'szl_PL.UTF-8',
locale.py(900): locale_alias = {
locale.py(1407):     'ta':                                   'ta_IN.TSCII-0',
locale.py(900): locale_alias = {
locale.py(1408):     'ta_in':                                'ta_IN.TSCII-0',
locale.py(900): locale_alias = {
locale.py(1409):     'ta_in.tscii':                          'ta_IN.TSCII-0',
locale.py(900): locale_alias = {
locale.py(1410):     'ta_in.tscii0':                         'ta_IN.TSCII-0',
locale.py(900): locale_alias = {
locale.py(1411):     'ta_lk':                                'ta_LK.UTF-8',
locale.py(900): locale_alias = {
locale.py(1412):     'tcy_in.utf8':                          'tcy_IN.UTF-8',
locale.py(900): locale_alias = {
locale.py(1413):     'te':                                   'te_IN.UTF-8',
locale.py(900): locale_alias = {
locale.py(1414):     'te_in':                                'te_IN.UTF-8',
locale.py(900): locale_alias = {
locale.py(1415):     'tg':                                   'tg_TJ.KOI8-C',
locale.py(900): locale_alias = {
locale.py(1416):     'tg_tj':                                'tg_TJ.KOI8-C',
locale.py(900): locale_alias = {
locale.py(1417):     'th':                                   'th_TH.ISO8859-11',
locale.py(900): locale_alias = {
locale.py(1418):     'th_th':                                'th_TH.ISO8859-11',
locale.py(900): locale_alias = {
locale.py(1419):     'th_th.tactis':                         'th_TH.TIS620',
locale.py(900): locale_alias = {
locale.py(1420):     'th_th.tis620':                         'th_TH.TIS620',
locale.py(900): locale_alias = {
locale.py(1421):     'thai':                                 'th_TH.ISO8859-11',
locale.py(900): locale_alias = {
locale.py(1422):     'the_np':                               'the_NP.UTF-8',
locale.py(900): locale_alias = {
locale.py(1423):     'ti_er':                                'ti_ER.UTF-8',
locale.py(900): locale_alias = {
locale.py(1424):     'ti_et':                                'ti_ET.UTF-8',
locale.py(900): locale_alias = {
locale.py(1425):     'tig_er':                               'tig_ER.UTF-8',
locale.py(900): locale_alias = {
locale.py(1426):     'tk_tm':                                'tk_TM.UTF-8',
locale.py(900): locale_alias = {
locale.py(1427):     'tl':                                   'tl_PH.ISO8859-1',
locale.py(900): locale_alias = {
locale.py(1428):     'tl_ph':                                'tl_PH.ISO8859-1',
locale.py(900): locale_alias = {
locale.py(1429):     'tn':                                   'tn_ZA.ISO8859-15',
locale.py(900): locale_alias = {
locale.py(1430):     'tn_za':                                'tn_ZA.ISO8859-15',
locale.py(900): locale_alias = {
locale.py(1431):     'to_to':                                'to_TO.UTF-8',
locale.py(900): locale_alias = {
locale.py(1432):     'tpi_pg':                               'tpi_PG.UTF-8',
locale.py(900): locale_alias = {
locale.py(1433):     'tr':                                   'tr_TR.ISO8859-9',
locale.py(900): locale_alias = {
locale.py(1434):     'tr_cy':                                'tr_CY.ISO8859-9',
locale.py(900): locale_alias = {
locale.py(1435):     'tr_tr':                                'tr_TR.ISO8859-9',
locale.py(900): locale_alias = {
locale.py(1436):     'ts':                                   'ts_ZA.ISO8859-1',
locale.py(900): locale_alias = {
locale.py(1437):     'ts_za':                                'ts_ZA.ISO8859-1',
locale.py(900): locale_alias = {
locale.py(1438):     'tt':                                   'tt_RU.TATAR-CYR',
locale.py(900): locale_alias = {
locale.py(1439):     'tt_ru':                                'tt_RU.TATAR-CYR',
locale.py(900): locale_alias = {
locale.py(1440):     'tt_ru.tatarcyr':                       'tt_RU.TATAR-CYR',
locale.py(900): locale_alias = {
locale.py(1441):     'tt_ru@iqtelif':                        'tt_RU.UTF-8@iqtelif',
locale.py(900): locale_alias = {
locale.py(1442):     'turkish':                              'tr_TR.ISO8859-9',
locale.py(900): locale_alias = {
locale.py(1443):     'ug_cn':                                'ug_CN.UTF-8',
locale.py(900): locale_alias = {
locale.py(1444):     'uk':                                   'uk_UA.KOI8-U',
locale.py(900): locale_alias = {
locale.py(1445):     'uk_ua':                                'uk_UA.KOI8-U',
locale.py(900): locale_alias = {
locale.py(1446):     'univ':                                 'en_US.utf',
locale.py(900): locale_alias = {
locale.py(1447):     'universal':                            'en_US.utf',
locale.py(900): locale_alias = {
locale.py(1448):     'universal.utf8@ucs4':                  'en_US.UTF-8',
locale.py(900): locale_alias = {
locale.py(1449):     'unm_us':                               'unm_US.UTF-8',
locale.py(900): locale_alias = {
locale.py(1450):     'ur':                                   'ur_PK.CP1256',
locale.py(900): locale_alias = {
locale.py(1451):     'ur_in':                                'ur_IN.UTF-8',
locale.py(900): locale_alias = {
locale.py(1452):     'ur_pk':                                'ur_PK.CP1256',
locale.py(900): locale_alias = {
locale.py(1453):     'uz':                                   'uz_UZ.UTF-8',
locale.py(900): locale_alias = {
locale.py(1454):     'uz_uz':                                'uz_UZ.UTF-8',
locale.py(900): locale_alias = {
locale.py(1455):     'uz_uz@cyrillic':                       'uz_UZ.UTF-8',
locale.py(900): locale_alias = {
locale.py(1456):     've':                                   've_ZA.UTF-8',
locale.py(900): locale_alias = {
locale.py(1457):     've_za':                                've_ZA.UTF-8',
locale.py(900): locale_alias = {
locale.py(1458):     'vi':                                   'vi_VN.TCVN',
locale.py(900): locale_alias = {
locale.py(1459):     'vi_vn':                                'vi_VN.TCVN',
locale.py(900): locale_alias = {
locale.py(1460):     'vi_vn.tcvn':                           'vi_VN.TCVN',
locale.py(900): locale_alias = {
locale.py(1461):     'vi_vn.tcvn5712':                       'vi_VN.TCVN',
locale.py(900): locale_alias = {
locale.py(1462):     'vi_vn.viscii':                         'vi_VN.VISCII',
locale.py(900): locale_alias = {
locale.py(1463):     'vi_vn.viscii111':                      'vi_VN.VISCII',
locale.py(900): locale_alias = {
locale.py(1464):     'wa':                                   'wa_BE.ISO8859-1',
locale.py(900): locale_alias = {
locale.py(1465):     'wa_be':                                'wa_BE.ISO8859-1',
locale.py(900): locale_alias = {
locale.py(1466):     'wae_ch':                               'wae_CH.UTF-8',
locale.py(900): locale_alias = {
locale.py(1467):     'wal_et':                               'wal_ET.UTF-8',
locale.py(900): locale_alias = {
locale.py(1468):     'wo_sn':                                'wo_SN.UTF-8',
locale.py(900): locale_alias = {
locale.py(1469):     'xh':                                   'xh_ZA.ISO8859-1',
locale.py(900): locale_alias = {
locale.py(1470):     'xh_za':                                'xh_ZA.ISO8859-1',
locale.py(900): locale_alias = {
locale.py(1471):     'yi':                                   'yi_US.CP1255',
locale.py(900): locale_alias = {
locale.py(1472):     'yi_us':                                'yi_US.CP1255',
locale.py(900): locale_alias = {
locale.py(1473):     'yo_ng':                                'yo_NG.UTF-8',
locale.py(900): locale_alias = {
locale.py(1474):     'yue_hk':                               'yue_HK.UTF-8',
locale.py(900): locale_alias = {
locale.py(1475):     'yuw_pg':                               'yuw_PG.UTF-8',
locale.py(900): locale_alias = {
locale.py(1476):     'zh':                                   'zh_CN.eucCN',
locale.py(900): locale_alias = {
locale.py(1477):     'zh_cn':                                'zh_CN.gb2312',
locale.py(900): locale_alias = {
locale.py(1478):     'zh_cn.big5':                           'zh_TW.big5',
locale.py(900): locale_alias = {
locale.py(1479):     'zh_cn.euc':                            'zh_CN.eucCN',
locale.py(1480):     'zh_hk':                                'zh_HK.big5hkscs',
locale.py(1481):     'zh_hk.big5hk':                         'zh_HK.big5hkscs',
locale.py(1482):     'zh_sg':                                'zh_SG.GB2312',
locale.py(1483):     'zh_sg.gbk':                            'zh_SG.GBK',
locale.py(1484):     'zh_tw':                                'zh_TW.big5',
locale.py(1485):     'zh_tw.euc':                            'zh_TW.eucTW',
locale.py(1486):     'zh_tw.euctw':                          'zh_TW.eucTW',
locale.py(1487):     'zu':                                   'zu_ZA.ISO8859-1',
locale.py(1488):     'zu_za':                                'zu_ZA.ISO8859-1',
locale.py(900): locale_alias = {
locale.py(1504): windows_locale = {
locale.py(1505):     0x0436: "af_ZA", # Afrikaans
locale.py(1504): windows_locale = {
locale.py(1506):     0x041c: "sq_AL", # Albanian
locale.py(1504): windows_locale = {
locale.py(1507):     0x0484: "gsw_FR",# Alsatian - France
locale.py(1504): windows_locale = {
locale.py(1508):     0x045e: "am_ET", # Amharic - Ethiopia
locale.py(1504): windows_locale = {
locale.py(1509):     0x0401: "ar_SA", # Arabic - Saudi Arabia
locale.py(1504): windows_locale = {
locale.py(1510):     0x0801: "ar_IQ", # Arabic - Iraq
locale.py(1504): windows_locale = {
locale.py(1511):     0x0c01: "ar_EG", # Arabic - Egypt
locale.py(1504): windows_locale = {
locale.py(1512):     0x1001: "ar_LY", # Arabic - Libya
locale.py(1504): windows_locale = {
locale.py(1513):     0x1401: "ar_DZ", # Arabic - Algeria
locale.py(1504): windows_locale = {
locale.py(1514):     0x1801: "ar_MA", # Arabic - Morocco
locale.py(1504): windows_locale = {
locale.py(1515):     0x1c01: "ar_TN", # Arabic - Tunisia
locale.py(1504): windows_locale = {
locale.py(1516):     0x2001: "ar_OM", # Arabic - Oman
locale.py(1504): windows_locale = {
locale.py(1517):     0x2401: "ar_YE", # Arabic - Yemen
locale.py(1504): windows_locale = {
locale.py(1518):     0x2801: "ar_SY", # Arabic - Syria
locale.py(1504): windows_locale = {
locale.py(1519):     0x2c01: "ar_JO", # Arabic - Jordan
locale.py(1504): windows_locale = {
locale.py(1520):     0x3001: "ar_LB", # Arabic - Lebanon
locale.py(1504): windows_locale = {
locale.py(1521):     0x3401: "ar_KW", # Arabic - Kuwait
locale.py(1504): windows_locale = {
locale.py(1522):     0x3801: "ar_AE", # Arabic - United Arab Emirates
locale.py(1504): windows_locale = {
locale.py(1523):     0x3c01: "ar_BH", # Arabic - Bahrain
locale.py(1504): windows_locale = {
locale.py(1524):     0x4001: "ar_QA", # Arabic - Qatar
locale.py(1504): windows_locale = {
locale.py(1525):     0x042b: "hy_AM", # Armenian
locale.py(1504): windows_locale = {
locale.py(1526):     0x044d: "as_IN", # Assamese - India
locale.py(1504): windows_locale = {
locale.py(1527):     0x042c: "az_AZ", # Azeri - Latin
locale.py(1504): windows_locale = {
locale.py(1528):     0x082c: "az_AZ", # Azeri - Cyrillic
locale.py(1504): windows_locale = {
locale.py(1529):     0x046d: "ba_RU", # Bashkir
locale.py(1504): windows_locale = {
locale.py(1530):     0x042d: "eu_ES", # Basque - Russia
locale.py(1504): windows_locale = {
locale.py(1531):     0x0423: "be_BY", # Belarusian
locale.py(1504): windows_locale = {
locale.py(1532):     0x0445: "bn_IN", # Begali
locale.py(1504): windows_locale = {
locale.py(1533):     0x201a: "bs_BA", # Bosnian - Cyrillic
locale.py(1504): windows_locale = {
locale.py(1534):     0x141a: "bs_BA", # Bosnian - Latin
locale.py(1504): windows_locale = {
locale.py(1535):     0x047e: "br_FR", # Breton - France
locale.py(1504): windows_locale = {
locale.py(1536):     0x0402: "bg_BG", # Bulgarian
locale.py(1504): windows_locale = {
locale.py(1538):     0x0403: "ca_ES", # Catalan
locale.py(1504): windows_locale = {
locale.py(1539):     0x0004: "zh_CHS",# Chinese - Simplified
locale.py(1504): windows_locale = {
locale.py(1540):     0x0404: "zh_TW", # Chinese - Taiwan
locale.py(1504): windows_locale = {
locale.py(1541):     0x0804: "zh_CN", # Chinese - PRC
locale.py(1504): windows_locale = {
locale.py(1542):     0x0c04: "zh_HK", # Chinese - Hong Kong S.A.R.
locale.py(1504): windows_locale = {
locale.py(1543):     0x1004: "zh_SG", # Chinese - Singapore
locale.py(1504): windows_locale = {
locale.py(1544):     0x1404: "zh_MO", # Chinese - Macao S.A.R.
locale.py(1504): windows_locale = {
locale.py(1545):     0x7c04: "zh_CHT",# Chinese - Traditional
locale.py(1504): windows_locale = {
locale.py(1546):     0x0483: "co_FR", # Corsican - France
locale.py(1504): windows_locale = {
locale.py(1547):     0x041a: "hr_HR", # Croatian
locale.py(1504): windows_locale = {
locale.py(1548):     0x101a: "hr_BA", # Croatian - Bosnia
locale.py(1504): windows_locale = {
locale.py(1549):     0x0405: "cs_CZ", # Czech
locale.py(1504): windows_locale = {
locale.py(1550):     0x0406: "da_DK", # Danish
locale.py(1504): windows_locale = {
locale.py(1551):     0x048c: "gbz_AF",# Dari - Afghanistan
locale.py(1504): windows_locale = {
locale.py(1552):     0x0465: "div_MV",# Divehi - Maldives
locale.py(1504): windows_locale = {
locale.py(1553):     0x0413: "nl_NL", # Dutch - The Netherlands
locale.py(1504): windows_locale = {
locale.py(1554):     0x0813: "nl_BE", # Dutch - Belgium
locale.py(1504): windows_locale = {
locale.py(1555):     0x0409: "en_US", # English - United States
locale.py(1504): windows_locale = {
locale.py(1556):     0x0809: "en_GB", # English - United Kingdom
locale.py(1504): windows_locale = {
locale.py(1557):     0x0c09: "en_AU", # English - Australia
locale.py(1504): windows_locale = {
locale.py(1558):     0x1009: "en_CA", # English - Canada
locale.py(1504): windows_locale = {
locale.py(1559):     0x1409: "en_NZ", # English - New Zealand
locale.py(1504): windows_locale = {
locale.py(1560):     0x1809: "en_IE", # English - Ireland
locale.py(1504): windows_locale = {
locale.py(1561):     0x1c09: "en_ZA", # English - South Africa
locale.py(1504): windows_locale = {
locale.py(1562):     0x2009: "en_JA", # English - Jamaica
locale.py(1504): windows_locale = {
locale.py(1563):     0x2409: "en_CB", # English - Caribbean
locale.py(1504): windows_locale = {
locale.py(1564):     0x2809: "en_BZ", # English - Belize
locale.py(1504): windows_locale = {
locale.py(1565):     0x2c09: "en_TT", # English - Trinidad
locale.py(1504): windows_locale = {
locale.py(1566):     0x3009: "en_ZW", # English - Zimbabwe
locale.py(1504): windows_locale = {
locale.py(1567):     0x3409: "en_PH", # English - Philippines
locale.py(1504): windows_locale = {
locale.py(1568):     0x4009: "en_IN", # English - India
locale.py(1504): windows_locale = {
locale.py(1569):     0x4409: "en_MY", # English - Malaysia
locale.py(1504): windows_locale = {
locale.py(1570):     0x4809: "en_IN", # English - Singapore
locale.py(1504): windows_locale = {
locale.py(1571):     0x0425: "et_EE", # Estonian
locale.py(1504): windows_locale = {
locale.py(1572):     0x0438: "fo_FO", # Faroese
locale.py(1504): windows_locale = {
locale.py(1573):     0x0464: "fil_PH",# Filipino
locale.py(1504): windows_locale = {
locale.py(1574):     0x040b: "fi_FI", # Finnish
locale.py(1504): windows_locale = {
locale.py(1575):     0x040c: "fr_FR", # French - France
locale.py(1504): windows_locale = {
locale.py(1576):     0x080c: "fr_BE", # French - Belgium
locale.py(1504): windows_locale = {
locale.py(1577):     0x0c0c: "fr_CA", # French - Canada
locale.py(1504): windows_locale = {
locale.py(1578):     0x100c: "fr_CH", # French - Switzerland
locale.py(1504): windows_locale = {
locale.py(1579):     0x140c: "fr_LU", # French - Luxembourg
locale.py(1504): windows_locale = {
locale.py(1580):     0x180c: "fr_MC", # French - Monaco
locale.py(1504): windows_locale = {
locale.py(1581):     0x0462: "fy_NL", # Frisian - Netherlands
locale.py(1504): windows_locale = {
locale.py(1582):     0x0456: "gl_ES", # Galician
locale.py(1504): windows_locale = {
locale.py(1583):     0x0437: "ka_GE", # Georgian
locale.py(1504): windows_locale = {
locale.py(1584):     0x0407: "de_DE", # German - Germany
locale.py(1504): windows_locale = {
locale.py(1585):     0x0807: "de_CH", # German - Switzerland
locale.py(1504): windows_locale = {
locale.py(1586):     0x0c07: "de_AT", # German - Austria
locale.py(1504): windows_locale = {
locale.py(1587):     0x1007: "de_LU", # German - Luxembourg
locale.py(1504): windows_locale = {
locale.py(1588):     0x1407: "de_LI", # German - Liechtenstein
locale.py(1504): windows_locale = {
locale.py(1589):     0x0408: "el_GR", # Greek
locale.py(1504): windows_locale = {
locale.py(1590):     0x046f: "kl_GL", # Greenlandic - Greenland
locale.py(1504): windows_locale = {
locale.py(1591):     0x0447: "gu_IN", # Gujarati
locale.py(1504): windows_locale = {
locale.py(1592):     0x0468: "ha_NG", # Hausa - Latin
locale.py(1504): windows_locale = {
locale.py(1593):     0x040d: "he_IL", # Hebrew
locale.py(1504): windows_locale = {
locale.py(1594):     0x0439: "hi_IN", # Hindi
locale.py(1504): windows_locale = {
locale.py(1595):     0x040e: "hu_HU", # Hungarian
locale.py(1504): windows_locale = {
locale.py(1596):     0x040f: "is_IS", # Icelandic
locale.py(1504): windows_locale = {
locale.py(1597):     0x0421: "id_ID", # Indonesian
locale.py(1504): windows_locale = {
locale.py(1598):     0x045d: "iu_CA", # Inuktitut - Syllabics
locale.py(1504): windows_locale = {
locale.py(1599):     0x085d: "iu_CA", # Inuktitut - Latin
locale.py(1504): windows_locale = {
locale.py(1600):     0x083c: "ga_IE", # Irish - Ireland
locale.py(1504): windows_locale = {
locale.py(1601):     0x0410: "it_IT", # Italian - Italy
locale.py(1504): windows_locale = {
locale.py(1602):     0x0810: "it_CH", # Italian - Switzerland
locale.py(1504): windows_locale = {
locale.py(1603):     0x0411: "ja_JP", # Japanese
locale.py(1504): windows_locale = {
locale.py(1604):     0x044b: "kn_IN", # Kannada - India
locale.py(1504): windows_locale = {
locale.py(1605):     0x043f: "kk_KZ", # Kazakh
locale.py(1504): windows_locale = {
locale.py(1606):     0x0453: "kh_KH", # Khmer - Cambodia
locale.py(1504): windows_locale = {
locale.py(1607):     0x0486: "qut_GT",# K'iche - Guatemala
locale.py(1504): windows_locale = {
locale.py(1608):     0x0487: "rw_RW", # Kinyarwanda - Rwanda
locale.py(1504): windows_locale = {
locale.py(1609):     0x0457: "kok_IN",# Konkani
locale.py(1504): windows_locale = {
locale.py(1610):     0x0412: "ko_KR", # Korean
locale.py(1504): windows_locale = {
locale.py(1611):     0x0440: "ky_KG", # Kyrgyz
locale.py(1504): windows_locale = {
locale.py(1612):     0x0454: "lo_LA", # Lao - Lao PDR
locale.py(1504): windows_locale = {
locale.py(1613):     0x0426: "lv_LV", # Latvian
locale.py(1504): windows_locale = {
locale.py(1614):     0x0427: "lt_LT", # Lithuanian
locale.py(1504): windows_locale = {
locale.py(1615):     0x082e: "dsb_DE",# Lower Sorbian - Germany
locale.py(1504): windows_locale = {
locale.py(1616):     0x046e: "lb_LU", # Luxembourgish
locale.py(1504): windows_locale = {
locale.py(1617):     0x042f: "mk_MK", # FYROM Macedonian
locale.py(1504): windows_locale = {
locale.py(1618):     0x043e: "ms_MY", # Malay - Malaysia
locale.py(1504): windows_locale = {
locale.py(1619):     0x083e: "ms_BN", # Malay - Brunei Darussalam
locale.py(1504): windows_locale = {
locale.py(1620):     0x044c: "ml_IN", # Malayalam - India
locale.py(1504): windows_locale = {
locale.py(1621):     0x043a: "mt_MT", # Maltese
locale.py(1504): windows_locale = {
locale.py(1622):     0x0481: "mi_NZ", # Maori
locale.py(1504): windows_locale = {
locale.py(1623):     0x047a: "arn_CL",# Mapudungun
locale.py(1504): windows_locale = {
locale.py(1624):     0x044e: "mr_IN", # Marathi
locale.py(1504): windows_locale = {
locale.py(1625):     0x047c: "moh_CA",# Mohawk - Canada
locale.py(1504): windows_locale = {
locale.py(1626):     0x0450: "mn_MN", # Mongolian - Cyrillic
locale.py(1504): windows_locale = {
locale.py(1627):     0x0850: "mn_CN", # Mongolian - PRC
locale.py(1504): windows_locale = {
locale.py(1628):     0x0461: "ne_NP", # Nepali
locale.py(1504): windows_locale = {
locale.py(1629):     0x0414: "nb_NO", # Norwegian - Bokmal
locale.py(1504): windows_locale = {
locale.py(1630):     0x0814: "nn_NO", # Norwegian - Nynorsk
locale.py(1504): windows_locale = {
locale.py(1631):     0x0482: "oc_FR", # Occitan - France
locale.py(1504): windows_locale = {
locale.py(1632):     0x0448: "or_IN", # Oriya - India
locale.py(1504): windows_locale = {
locale.py(1633):     0x0463: "ps_AF", # Pashto - Afghanistan
locale.py(1504): windows_locale = {
locale.py(1634):     0x0429: "fa_IR", # Persian
locale.py(1504): windows_locale = {
locale.py(1635):     0x0415: "pl_PL", # Polish
locale.py(1504): windows_locale = {
locale.py(1636):     0x0416: "pt_BR", # Portuguese - Brazil
locale.py(1504): windows_locale = {
locale.py(1637):     0x0816: "pt_PT", # Portuguese - Portugal
locale.py(1504): windows_locale = {
locale.py(1638):     0x0446: "pa_IN", # Punjabi
locale.py(1504): windows_locale = {
locale.py(1639):     0x046b: "quz_BO",# Quechua (Bolivia)
locale.py(1504): windows_locale = {
locale.py(1640):     0x086b: "quz_EC",# Quechua (Ecuador)
locale.py(1504): windows_locale = {
locale.py(1641):     0x0c6b: "quz_PE",# Quechua (Peru)
locale.py(1504): windows_locale = {
locale.py(1642):     0x0418: "ro_RO", # Romanian - Romania
locale.py(1504): windows_locale = {
locale.py(1643):     0x0417: "rm_CH", # Romansh
locale.py(1504): windows_locale = {
locale.py(1644):     0x0419: "ru_RU", # Russian
locale.py(1504): windows_locale = {
locale.py(1645):     0x243b: "smn_FI",# Sami Finland
locale.py(1504): windows_locale = {
locale.py(1646):     0x103b: "smj_NO",# Sami Norway
locale.py(1504): windows_locale = {
locale.py(1647):     0x143b: "smj_SE",# Sami Sweden
locale.py(1504): windows_locale = {
locale.py(1648):     0x043b: "se_NO", # Sami Northern Norway
locale.py(1504): windows_locale = {
locale.py(1649):     0x083b: "se_SE", # Sami Northern Sweden
locale.py(1504): windows_locale = {
locale.py(1650):     0x0c3b: "se_FI", # Sami Northern Finland
locale.py(1504): windows_locale = {
locale.py(1651):     0x203b: "sms_FI",# Sami Skolt
locale.py(1504): windows_locale = {
locale.py(1652):     0x183b: "sma_NO",# Sami Southern Norway
locale.py(1504): windows_locale = {
locale.py(1653):     0x1c3b: "sma_SE",# Sami Southern Sweden
locale.py(1504): windows_locale = {
locale.py(1654):     0x044f: "sa_IN", # Sanskrit
locale.py(1504): windows_locale = {
locale.py(1655):     0x0c1a: "sr_SP", # Serbian - Cyrillic
locale.py(1504): windows_locale = {
locale.py(1656):     0x1c1a: "sr_BA", # Serbian - Bosnia Cyrillic
locale.py(1504): windows_locale = {
locale.py(1657):     0x081a: "sr_SP", # Serbian - Latin
locale.py(1504): windows_locale = {
locale.py(1658):     0x181a: "sr_BA", # Serbian - Bosnia Latin
locale.py(1504): windows_locale = {
locale.py(1659):     0x045b: "si_LK", # Sinhala - Sri Lanka
locale.py(1504): windows_locale = {
locale.py(1660):     0x046c: "ns_ZA", # Northern Sotho
locale.py(1504): windows_locale = {
locale.py(1661):     0x0432: "tn_ZA", # Setswana - Southern Africa
locale.py(1504): windows_locale = {
locale.py(1662):     0x041b: "sk_SK", # Slovak
locale.py(1504): windows_locale = {
locale.py(1663):     0x0424: "sl_SI", # Slovenian
locale.py(1504): windows_locale = {
locale.py(1664):     0x040a: "es_ES", # Spanish - Spain
locale.py(1504): windows_locale = {
locale.py(1665):     0x080a: "es_MX", # Spanish - Mexico
locale.py(1504): windows_locale = {
locale.py(1666):     0x0c0a: "es_ES", # Spanish - Spain (Modern)
locale.py(1504): windows_locale = {
locale.py(1667):     0x100a: "es_GT", # Spanish - Guatemala
locale.py(1504): windows_locale = {
locale.py(1668):     0x140a: "es_CR", # Spanish - Costa Rica
locale.py(1504): windows_locale = {
locale.py(1669):     0x180a: "es_PA", # Spanish - Panama
locale.py(1504): windows_locale = {
locale.py(1670):     0x1c0a: "es_DO", # Spanish - Dominican Republic
locale.py(1504): windows_locale = {
locale.py(1671):     0x200a: "es_VE", # Spanish - Venezuela
locale.py(1504): windows_locale = {
locale.py(1672):     0x240a: "es_CO", # Spanish - Colombia
locale.py(1504): windows_locale = {
locale.py(1673):     0x280a: "es_PE", # Spanish - Peru
locale.py(1504): windows_locale = {
locale.py(1674):     0x2c0a: "es_AR", # Spanish - Argentina
locale.py(1504): windows_locale = {
locale.py(1675):     0x300a: "es_EC", # Spanish - Ecuador
locale.py(1504): windows_locale = {
locale.py(1676):     0x340a: "es_CL", # Spanish - Chile
locale.py(1504): windows_locale = {
locale.py(1677):     0x380a: "es_UR", # Spanish - Uruguay
locale.py(1504): windows_locale = {
locale.py(1678):     0x3c0a: "es_PY", # Spanish - Paraguay
locale.py(1504): windows_locale = {
locale.py(1679):     0x400a: "es_BO", # Spanish - Bolivia
locale.py(1504): windows_locale = {
locale.py(1680):     0x440a: "es_SV", # Spanish - El Salvador
locale.py(1504): windows_locale = {
locale.py(1681):     0x480a: "es_HN", # Spanish - Honduras
locale.py(1504): windows_locale = {
locale.py(1682):     0x4c0a: "es_NI", # Spanish - Nicaragua
locale.py(1504): windows_locale = {
locale.py(1683):     0x500a: "es_PR", # Spanish - Puerto Rico
locale.py(1504): windows_locale = {
locale.py(1684):     0x540a: "es_US", # Spanish - United States
locale.py(1504): windows_locale = {
locale.py(1686):     0x0441: "sw_KE", # Swahili
locale.py(1504): windows_locale = {
locale.py(1687):     0x041d: "sv_SE", # Swedish - Sweden
locale.py(1504): windows_locale = {
locale.py(1688):     0x081d: "sv_FI", # Swedish - Finland
locale.py(1504): windows_locale = {
locale.py(1689):     0x045a: "syr_SY",# Syriac
locale.py(1504): windows_locale = {
locale.py(1690):     0x0428: "tg_TJ", # Tajik - Cyrillic
locale.py(1504): windows_locale = {
locale.py(1691):     0x085f: "tmz_DZ",# Tamazight - Latin
locale.py(1504): windows_locale = {
locale.py(1692):     0x0449: "ta_IN", # Tamil
locale.py(1504): windows_locale = {
locale.py(1693):     0x0444: "tt_RU", # Tatar
locale.py(1504): windows_locale = {
locale.py(1694):     0x044a: "te_IN", # Telugu
locale.py(1504): windows_locale = {
locale.py(1695):     0x041e: "th_TH", # Thai
locale.py(1504): windows_locale = {
locale.py(1696):     0x0851: "bo_BT", # Tibetan - Bhutan
locale.py(1504): windows_locale = {
locale.py(1697):     0x0451: "bo_CN", # Tibetan - PRC
locale.py(1504): windows_locale = {
locale.py(1698):     0x041f: "tr_TR", # Turkish
locale.py(1504): windows_locale = {
locale.py(1699):     0x0442: "tk_TM", # Turkmen - Cyrillic
locale.py(1504): windows_locale = {
locale.py(1700):     0x0480: "ug_CN", # Uighur - Arabic
locale.py(1504): windows_locale = {
locale.py(1701):     0x0422: "uk_UA", # Ukrainian
locale.py(1504): windows_locale = {
locale.py(1702):     0x042e: "wen_DE",# Upper Sorbian - Germany
locale.py(1504): windows_locale = {
locale.py(1703):     0x0420: "ur_PK", # Urdu
locale.py(1504): windows_locale = {
locale.py(1704):     0x0820: "ur_IN", # Urdu - India
locale.py(1504): windows_locale = {
locale.py(1705):     0x0443: "uz_UZ", # Uzbek - Latin
locale.py(1504): windows_locale = {
locale.py(1706):     0x0843: "uz_UZ", # Uzbek - Cyrillic
locale.py(1504): windows_locale = {
locale.py(1707):     0x042a: "vi_VN", # Vietnamese
locale.py(1504): windows_locale = {
locale.py(1708):     0x0452: "cy_GB", # Welsh
locale.py(1504): windows_locale = {
locale.py(1709):     0x0488: "wo_SN", # Wolof - Senegal
locale.py(1504): windows_locale = {
locale.py(1710):     0x0434: "xh_ZA", # Xhosa - South Africa
locale.py(1504): windows_locale = {
locale.py(1711):     0x0485: "sah_RU",# Yakut - Cyrillic
locale.py(1712):     0x0478: "ii_CN", # Yi - PRC
locale.py(1713):     0x046a: "yo_NG", # Yoruba - Nigeria
locale.py(1714):     0x0435: "zu_ZA", # Zulu
locale.py(1504): windows_locale = {
locale.py(1717): def _print_locale():
locale.py(1775): try:
locale.py(1776):     LC_MESSAGES
locale.py(1777): except NameError:
locale.py(1778):     pass
locale.py(1782): if __name__=='__main__':
<frozen importlib._bootstrap>(701): <frozen importlib._bootstrap>(702): <frozen importlib._bootstrap>(703):  --- modulename: _bootstrap, funcname: _verbose_message
<frozen importlib._bootstrap>(246): <frozen importlib._bootstrap>(705): <frozen importlib._bootstrap>(707): <frozen importlib._bootstrap>(1151): <frozen importlib._bootstrap>(1153): <frozen importlib._bootstrap>(1161): <frozen importlib._bootstrap>(1175):  --- modulename: _bootstrap, funcname: __exit__
<frozen importlib._bootstrap>(174):  --- modulename: _bootstrap, funcname: release
<frozen importlib._bootstrap>(126): <frozen importlib._bootstrap>(127): <frozen importlib._bootstrap>(128): <frozen importlib._bootstrap>(130): <frozen importlib._bootstrap>(131): <frozen importlib._bootstrap>(132): <frozen importlib._bootstrap>(133): <frozen importlib._bootstrap>(134): <frozen importlib._bootstrap>(127):  --- modulename: _bootstrap, funcname: cb
<frozen importlib._bootstrap>(199): <frozen importlib._bootstrap>(200): <frozen importlib._bootstrap>(204): <frozen importlib._bootstrap>(205): <frozen importlib._bootstrap>(207): subprocess.py(47): import os
subprocess.py(48): import time
subprocess.py(49): import signal
subprocess.py(50): import sys
subprocess.py(51): import threading
subprocess.py(52): import warnings
subprocess.py(53): import contextlib
subprocess.py(54): from time import monotonic as _time
subprocess.py(55): import types
subprocess.py(57): try:
subprocess.py(58):     import fcntl
 --- modulename: _bootstrap, funcname: _find_and_load
<frozen importlib._bootstrap>(1172): <frozen importlib._bootstrap>(1173): <frozen importlib._bootstrap>(1175):  --- modulename: _bootstrap, funcname: __init__
<frozen importlib._bootstrap>(166): <frozen importlib._bootstrap>(167):  --- modulename: _bootstrap, funcname: __enter__
<frozen importlib._bootstrap>(170):  --- modulename: _bootstrap, funcname: _get_module_lock
<frozen importlib._bootstrap>(185): <frozen importlib._bootstrap>(186): <frozen importlib._bootstrap>(187): <frozen importlib._bootstrap>(188): <frozen importlib._bootstrap>(189): <frozen importlib._bootstrap>(190): <frozen importlib._bootstrap>(192): <frozen importlib._bootstrap>(193): <frozen importlib._bootstrap>(196):  --- modulename: _bootstrap, funcname: __init__
<frozen importlib._bootstrap>(72): <frozen importlib._bootstrap>(73): <frozen importlib._bootstrap>(74): <frozen importlib._bootstrap>(75): <frozen importlib._bootstrap>(76): <frozen importlib._bootstrap>(77): <frozen importlib._bootstrap>(198): <frozen importlib._bootstrap>(209): <frozen importlib._bootstrap>(211): <frozen importlib._bootstrap>(213): <frozen importlib._bootstrap>(171):  --- modulename: _bootstrap, funcname: acquire
<frozen importlib._bootstrap>(106): <frozen importlib._bootstrap>(107): <frozen importlib._bootstrap>(108): <frozen importlib._bootstrap>(109): <frozen importlib._bootstrap>(110): <frozen importlib._bootstrap>(111): <frozen importlib._bootstrap>(112): <frozen importlib._bootstrap>(113): <frozen importlib._bootstrap>(114): <frozen importlib._bootstrap>(110): <frozen importlib._bootstrap>(123): <frozen importlib._bootstrap>(1176): <frozen importlib._bootstrap>(1177): <frozen importlib._bootstrap>(1178):  --- modulename: _bootstrap, funcname: _find_and_load_unlocked
<frozen importlib._bootstrap>(1123): <frozen importlib._bootstrap>(1124): <frozen importlib._bootstrap>(1125): <frozen importlib._bootstrap>(1126): <frozen importlib._bootstrap>(1140):  --- modulename: _bootstrap, funcname: _find_spec
<frozen importlib._bootstrap>(1058): <frozen importlib._bootstrap>(1059): <frozen importlib._bootstrap>(1064): <frozen importlib._bootstrap>(1070): <frozen importlib._bootstrap>(1071): <frozen importlib._bootstrap>(1072):  --- modulename: _bootstrap, funcname: __enter__
<frozen importlib._bootstrap>(1030): <frozen importlib._bootstrap>(1073): <frozen importlib._bootstrap>(1074): <frozen importlib._bootstrap>(1080): <frozen importlib._bootstrap>(1072):  --- modulename: _bootstrap, funcname: __exit__
<frozen importlib._bootstrap>(1034): <frozen importlib._bootstrap>(1081): <frozen importlib._bootstrap>(1071): <frozen importlib._bootstrap>(1072):  --- modulename: _bootstrap, funcname: __enter__
<frozen importlib._bootstrap>(1030): <frozen importlib._bootstrap>(1073): <frozen importlib._bootstrap>(1074): <frozen importlib._bootstrap>(1080): <frozen importlib._bootstrap>(1072):  --- modulename: _bootstrap, funcname: __exit__
<frozen importlib._bootstrap>(1034): <frozen importlib._bootstrap>(1081): <frozen importlib._bootstrap>(1071): <frozen importlib._bootstrap>(1072):  --- modulename: _bootstrap, funcname: __enter__
<frozen importlib._bootstrap>(1030): <frozen importlib._bootstrap>(1073): <frozen importlib._bootstrap>(1074): <frozen importlib._bootstrap>(1080):  --- modulename: _bootstrap, funcname: find_spec
<frozen importlib._bootstrap>(750): <frozen importlib._bootstrap>(752): <frozen importlib._bootstrap>(755): <frozen importlib._bootstrap>(1072):  --- modulename: _bootstrap, funcname: __exit__
<frozen importlib._bootstrap>(1034): <frozen importlib._bootstrap>(1081): <frozen importlib._bootstrap>(1071): <frozen importlib._bootstrap>(1072):  --- modulename: _bootstrap, funcname: __enter__
<frozen importlib._bootstrap>(1030): <frozen importlib._bootstrap>(1073): <frozen importlib._bootstrap>(1074): <frozen importlib._bootstrap>(1080):  --- modulename: _bootstrap, funcname: find_spec
<frozen importlib._bootstrap>(924):  --- modulename: _bootstrap, funcname: _call_with_frames_removed
<frozen importlib._bootstrap>(241): <frozen importlib._bootstrap>(925): <frozen importlib._bootstrap>(926): <frozen importlib._bootstrap>(1072):  --- modulename: _bootstrap, funcname: __exit__
<frozen importlib._bootstrap>(1034): <frozen importlib._bootstrap>(1081): <frozen importlib._bootstrap>(1071): <frozen importlib._bootstrap>(1072):  --- modulename: _bootstrap, funcname: __enter__
<frozen importlib._bootstrap>(1030): <frozen importlib._bootstrap>(1073): <frozen importlib._bootstrap>(1074): <frozen importlib._bootstrap>(1080):  --- modulename: _bootstrap_external, funcname: find_spec
<frozen importlib._bootstrap_external>(1502): <frozen importlib._bootstrap_external>(1503): <frozen importlib._bootstrap_external>(1504):  --- modulename: _bootstrap_external, funcname: _get_spec
<frozen importlib._bootstrap_external>(1469): <frozen importlib._bootstrap_external>(1470): <frozen importlib._bootstrap_external>(1471): <frozen importlib._bootstrap_external>(1473):  --- modulename: _bootstrap_external, funcname: _path_importer_cache
<frozen importlib._bootstrap_external>(1429): <frozen importlib._bootstrap_external>(1436): <frozen importlib._bootstrap_external>(1437): <frozen importlib._bootstrap_external>(1441): <frozen importlib._bootstrap_external>(1474): <frozen importlib._bootstrap_external>(1475): <frozen importlib._bootstrap_external>(1476):  --- modulename: _bootstrap_external, funcname: find_spec
<frozen importlib._bootstrap_external>(1609): <frozen importlib._bootstrap_external>(1610): <frozen importlib._bootstrap_external>(1611): <frozen importlib._bootstrap_external>(1612):  --- modulename: _bootstrap_external, funcname: _path_stat
<frozen importlib._bootstrap_external>(147): <frozen importlib._bootstrap_external>(1615): <frozen importlib._bootstrap_external>(1619):  --- modulename: _bootstrap_external, funcname: _relax_case
<frozen importlib._bootstrap_external>(69): <frozen importlib._bootstrap_external>(1623): <frozen importlib._bootstrap_external>(1624): <frozen importlib._bootstrap_external>(1626): <frozen importlib._bootstrap_external>(1638): <frozen importlib._bootstrap_external>(1639): <frozen importlib._bootstrap_external>(1640):  --- modulename: _bootstrap_external, funcname: _path_join
<frozen importlib._bootstrap_external>(98): <frozen importlib._bootstrap_external>(100): <frozen importlib._bootstrap_external>(102): <frozen importlib._bootstrap_external>(103): <frozen importlib._bootstrap_external>(104): <frozen importlib._bootstrap_external>(105): <frozen importlib._bootstrap_external>(106): <frozen importlib._bootstrap_external>(107): <frozen importlib._bootstrap_external>(104): <frozen importlib._bootstrap_external>(105): <frozen importlib._bootstrap_external>(108): <frozen importlib._bootstrap_external>(117): <frozen importlib._bootstrap_external>(118): <frozen importlib._bootstrap_external>(104): <frozen importlib._bootstrap_external>(119):  --- modulename: _bootstrap_external, funcname: <listcomp>
<frozen importlib._bootstrap_external>(119): <frozen importlib._bootstrap_external>(119): <frozen importlib._bootstrap_external>(119): <frozen importlib._bootstrap_external>(120): <frozen importlib._bootstrap_external>(123): <frozen importlib._bootstrap_external>(1643):  --- modulename: _bootstrap, funcname: _verbose_message
<frozen importlib._bootstrap>(246): <frozen importlib._bootstrap_external>(1644): <frozen importlib._bootstrap_external>(1638): <frozen importlib._bootstrap_external>(1639): <frozen importlib._bootstrap_external>(1640):  --- modulename: _bootstrap_external, funcname: _path_join
<frozen importlib._bootstrap_external>(98): <frozen importlib._bootstrap_external>(100): <frozen importlib._bootstrap_external>(102): <frozen importlib._bootstrap_external>(103): <frozen importlib._bootstrap_external>(104): <frozen importlib._bootstrap_external>(105): <frozen importlib._bootstrap_external>(106): <frozen importlib._bootstrap_external>(107): <frozen importlib._bootstrap_external>(104): <frozen importlib._bootstrap_external>(105): <frozen importlib._bootstrap_external>(108): <frozen importlib._bootstrap_external>(117): <frozen importlib._bootstrap_external>(118): <frozen importlib._bootstrap_external>(104): <frozen importlib._bootstrap_external>(119):  --- modulename: _bootstrap_external, funcname: <listcomp>
<frozen importlib._bootstrap_external>(119): <frozen importlib._bootstrap_external>(119): <frozen importlib._bootstrap_external>(119): <frozen importlib._bootstrap_external>(120): <frozen importlib._bootstrap_external>(123): <frozen importlib._bootstrap_external>(1643):  --- modulename: _bootstrap, funcname: _verbose_message
<frozen importlib._bootstrap>(246): <frozen importlib._bootstrap_external>(1644): <frozen importlib._bootstrap_external>(1638): <frozen importlib._bootstrap_external>(1639): <frozen importlib._bootstrap_external>(1640):  --- modulename: _bootstrap_external, funcname: _path_join
<frozen importlib._bootstrap_external>(98): <frozen importlib._bootstrap_external>(100): <frozen importlib._bootstrap_external>(102): <frozen importlib._bootstrap_external>(103): <frozen importlib._bootstrap_external>(104): <frozen importlib._bootstrap_external>(105): <frozen importlib._bootstrap_external>(106): <frozen importlib._bootstrap_external>(107): <frozen importlib._bootstrap_external>(104): <frozen importlib._bootstrap_external>(105): <frozen importlib._bootstrap_external>(108): <frozen importlib._bootstrap_external>(117): <frozen importlib._bootstrap_external>(118): <frozen importlib._bootstrap_external>(104): <frozen importlib._bootstrap_external>(119):  --- modulename: _bootstrap_external, funcname: <listcomp>
<frozen importlib._bootstrap_external>(119): <frozen importlib._bootstrap_external>(119): <frozen importlib._bootstrap_external>(119): <frozen importlib._bootstrap_external>(120): <frozen importlib._bootstrap_external>(123): <frozen importlib._bootstrap_external>(1643):  --- modulename: _bootstrap, funcname: _verbose_message
<frozen importlib._bootstrap>(246): <frozen importlib._bootstrap_external>(1644): <frozen importlib._bootstrap_external>(1638): <frozen importlib._bootstrap_external>(1639): <frozen importlib._bootstrap_external>(1640):  --- modulename: _bootstrap_external, funcname: _path_join
<frozen importlib._bootstrap_external>(98): <frozen importlib._bootstrap_external>(100): <frozen importlib._bootstrap_external>(102): <frozen importlib._bootstrap_external>(103): <frozen importlib._bootstrap_external>(104): <frozen importlib._bootstrap_external>(105): <frozen importlib._bootstrap_external>(106): <frozen importlib._bootstrap_external>(107): <frozen importlib._bootstrap_external>(104): <frozen importlib._bootstrap_external>(105): <frozen importlib._bootstrap_external>(108): <frozen importlib._bootstrap_external>(117): <frozen importlib._bootstrap_external>(118): <frozen importlib._bootstrap_external>(104): <frozen importlib._bootstrap_external>(119):  --- modulename: _bootstrap_external, funcname: <listcomp>
<frozen importlib._bootstrap_external>(119): <frozen importlib._bootstrap_external>(119): <frozen importlib._bootstrap_external>(119): <frozen importlib._bootstrap_external>(120): <frozen importlib._bootstrap_external>(123): <frozen importlib._bootstrap_external>(1643):  --- modulename: _bootstrap, funcname: _verbose_message
<frozen importlib._bootstrap>(246): <frozen importlib._bootstrap_external>(1644): <frozen importlib._bootstrap_external>(1638): <frozen importlib._bootstrap_external>(1639): <frozen importlib._bootstrap_external>(1640):  --- modulename: _bootstrap_external, funcname: _path_join
<frozen importlib._bootstrap_external>(98): <frozen importlib._bootstrap_external>(100): <frozen importlib._bootstrap_external>(102): <frozen importlib._bootstrap_external>(103): <frozen importlib._bootstrap_external>(104): <frozen importlib._bootstrap_external>(105): <frozen importlib._bootstrap_external>(106): <frozen importlib._bootstrap_external>(107): <frozen importlib._bootstrap_external>(104): <frozen importlib._bootstrap_external>(105): <frozen importlib._bootstrap_external>(108): <frozen importlib._bootstrap_external>(117): <frozen importlib._bootstrap_external>(118): <frozen importlib._bootstrap_external>(104): <frozen importlib._bootstrap_external>(119):  --- modulename: _bootstrap_external, funcname: <listcomp>
<frozen importlib._bootstrap_external>(119): <frozen importlib._bootstrap_external>(119): <frozen importlib._bootstrap_external>(119): <frozen importlib._bootstrap_external>(120): <frozen importlib._bootstrap_external>(123): <frozen importlib._bootstrap_external>(1643):  --- modulename: _bootstrap, funcname: _verbose_message
<frozen importlib._bootstrap>(246): <frozen importlib._bootstrap_external>(1644): <frozen importlib._bootstrap_external>(1638): <frozen importlib._bootstrap_external>(1648): <frozen importlib._bootstrap_external>(1653): <frozen importlib._bootstrap_external>(1479): <frozen importlib._bootstrap_external>(1480): <frozen importlib._bootstrap_external>(1470): <frozen importlib._bootstrap_external>(1471): <frozen importlib._bootstrap_external>(1473):  --- modulename: _bootstrap_external, funcname: _path_importer_cache
<frozen importlib._bootstrap_external>(1429): <frozen importlib._bootstrap_external>(1436): <frozen importlib._bootstrap_external>(1437): <frozen importlib._bootstrap_external>(1441): <frozen importlib._bootstrap_external>(1474): <frozen importlib._bootstrap_external>(1470): <frozen importlib._bootstrap_external>(1471): <frozen importlib._bootstrap_external>(1473):  --- modulename: _bootstrap_external, funcname: _path_importer_cache
<frozen importlib._bootstrap_external>(1429): <frozen importlib._bootstrap_external>(1436): <frozen importlib._bootstrap_external>(1437): <frozen importlib._bootstrap_external>(1441): <frozen importlib._bootstrap_external>(1474): <frozen importlib._bootstrap_external>(1475): <frozen importlib._bootstrap_external>(1476):  --- modulename: _bootstrap_external, funcname: find_spec
<frozen importlib._bootstrap_external>(1609): <frozen importlib._bootstrap_external>(1610): <frozen importlib._bootstrap_external>(1611): <frozen importlib._bootstrap_external>(1612):  --- modulename: _bootstrap_external, funcname: _path_stat
<frozen importlib._bootstrap_external>(147): <frozen importlib._bootstrap_external>(1615): <frozen importlib._bootstrap_external>(1619):  --- modulename: _bootstrap_external, funcname: _relax_case
<frozen importlib._bootstrap_external>(69): <frozen importlib._bootstrap_external>(1623): <frozen importlib._bootstrap_external>(1624): <frozen importlib._bootstrap_external>(1626): <frozen importlib._bootstrap_external>(1638): <frozen importlib._bootstrap_external>(1639): <frozen importlib._bootstrap_external>(1640):  --- modulename: _bootstrap_external, funcname: _path_join
<frozen importlib._bootstrap_external>(98): <frozen importlib._bootstrap_external>(100): <frozen importlib._bootstrap_external>(102): <frozen importlib._bootstrap_external>(103): <frozen importlib._bootstrap_external>(104): <frozen importlib._bootstrap_external>(105): <frozen importlib._bootstrap_external>(106): <frozen importlib._bootstrap_external>(107): <frozen importlib._bootstrap_external>(104): <frozen importlib._bootstrap_external>(105): <frozen importlib._bootstrap_external>(108): <frozen importlib._bootstrap_external>(117): <frozen importlib._bootstrap_external>(118): <frozen importlib._bootstrap_external>(104): <frozen importlib._bootstrap_external>(119):  --- modulename: _bootstrap_external, funcname: <listcomp>
<frozen importlib._bootstrap_external>(119): <frozen importlib._bootstrap_external>(119): <frozen importlib._bootstrap_external>(119): <frozen importlib._bootstrap_external>(120): <frozen importlib._bootstrap_external>(123): <frozen importlib._bootstrap_external>(1643):  --- modulename: _bootstrap, funcname: _verbose_message
<frozen importlib._bootstrap>(246): <frozen importlib._bootstrap_external>(1644): <frozen importlib._bootstrap_external>(1638): <frozen importlib._bootstrap_external>(1639): <frozen importlib._bootstrap_external>(1640):  --- modulename: _bootstrap_external, funcname: _path_join
<frozen importlib._bootstrap_external>(98): <frozen importlib._bootstrap_external>(100): <frozen importlib._bootstrap_external>(102): <frozen importlib._bootstrap_external>(103): <frozen importlib._bootstrap_external>(104): <frozen importlib._bootstrap_external>(105): <frozen importlib._bootstrap_external>(106): <frozen importlib._bootstrap_external>(107): <frozen importlib._bootstrap_external>(104): <frozen importlib._bootstrap_external>(105): <frozen importlib._bootstrap_external>(108): <frozen importlib._bootstrap_external>(117): <frozen importlib._bootstrap_external>(118): <frozen importlib._bootstrap_external>(104): <frozen importlib._bootstrap_external>(119):  --- modulename: _bootstrap_external, funcname: <listcomp>
<frozen importlib._bootstrap_external>(119): <frozen importlib._bootstrap_external>(119): <frozen importlib._bootstrap_external>(119): <frozen importlib._bootstrap_external>(120): <frozen importlib._bootstrap_external>(123): <frozen importlib._bootstrap_external>(1643):  --- modulename: _bootstrap, funcname: _verbose_message
<frozen importlib._bootstrap>(246): <frozen importlib._bootstrap_external>(1644): <frozen importlib._bootstrap_external>(1638): <frozen importlib._bootstrap_external>(1639): <frozen importlib._bootstrap_external>(1640):  --- modulename: _bootstrap_external, funcname: _path_join
<frozen importlib._bootstrap_external>(98): <frozen importlib._bootstrap_external>(100): <frozen importlib._bootstrap_external>(102): <frozen importlib._bootstrap_external>(103): <frozen importlib._bootstrap_external>(104): <frozen importlib._bootstrap_external>(105): <frozen importlib._bootstrap_external>(106): <frozen importlib._bootstrap_external>(107): <frozen importlib._bootstrap_external>(104): <frozen importlib._bootstrap_external>(105): <frozen importlib._bootstrap_external>(108): <frozen importlib._bootstrap_external>(117): <frozen importlib._bootstrap_external>(118): <frozen importlib._bootstrap_external>(104): <frozen importlib._bootstrap_external>(119):  --- modulename: _bootstrap_external, funcname: <listcomp>
<frozen importlib._bootstrap_external>(119): <frozen importlib._bootstrap_external>(119): <frozen importlib._bootstrap_external>(119): <frozen importlib._bootstrap_external>(120): <frozen importlib._bootstrap_external>(123): <frozen importlib._bootstrap_external>(1643):  --- modulename: _bootstrap, funcname: _verbose_message
<frozen importlib._bootstrap>(246): <frozen importlib._bootstrap_external>(1644): <frozen importlib._bootstrap_external>(1638): <frozen importlib._bootstrap_external>(1639): <frozen importlib._bootstrap_external>(1640):  --- modulename: _bootstrap_external, funcname: _path_join
<frozen importlib._bootstrap_external>(98): <frozen importlib._bootstrap_external>(100): <frozen importlib._bootstrap_external>(102): <frozen importlib._bootstrap_external>(103): <frozen importlib._bootstrap_external>(104): <frozen importlib._bootstrap_external>(105): <frozen importlib._bootstrap_external>(106): <frozen importlib._bootstrap_external>(107): <frozen importlib._bootstrap_external>(104): <frozen importlib._bootstrap_external>(105): <frozen importlib._bootstrap_external>(108): <frozen importlib._bootstrap_external>(117): <frozen importlib._bootstrap_external>(118): <frozen importlib._bootstrap_external>(104): <frozen importlib._bootstrap_external>(119):  --- modulename: _bootstrap_external, funcname: <listcomp>
<frozen importlib._bootstrap_external>(119): <frozen importlib._bootstrap_external>(119): <frozen importlib._bootstrap_external>(119): <frozen importlib._bootstrap_external>(120): <frozen importlib._bootstrap_external>(123): <frozen importlib._bootstrap_external>(1643):  --- modulename: _bootstrap, funcname: _verbose_message
<frozen importlib._bootstrap>(246): <frozen importlib._bootstrap_external>(1644): <frozen importlib._bootstrap_external>(1638): <frozen importlib._bootstrap_external>(1639): <frozen importlib._bootstrap_external>(1640):  --- modulename: _bootstrap_external, funcname: _path_join
<frozen importlib._bootstrap_external>(98): <frozen importlib._bootstrap_external>(100): <frozen importlib._bootstrap_external>(102): <frozen importlib._bootstrap_external>(103): <frozen importlib._bootstrap_external>(104): <frozen importlib._bootstrap_external>(105): <frozen importlib._bootstrap_external>(106): <frozen importlib._bootstrap_external>(107): <frozen importlib._bootstrap_external>(104): <frozen importlib._bootstrap_external>(105): <frozen importlib._bootstrap_external>(108): <frozen importlib._bootstrap_external>(117): <frozen importlib._bootstrap_external>(118): <frozen importlib._bootstrap_external>(104): <frozen importlib._bootstrap_external>(119):  --- modulename: _bootstrap_external, funcname: <listcomp>
<frozen importlib._bootstrap_external>(119): <frozen importlib._bootstrap_external>(119): <frozen importlib._bootstrap_external>(119): <frozen importlib._bootstrap_external>(120): <frozen importlib._bootstrap_external>(123): <frozen importlib._bootstrap_external>(1643):  --- modulename: _bootstrap, funcname: _verbose_message
<frozen importlib._bootstrap>(246): <frozen importlib._bootstrap_external>(1644): <frozen importlib._bootstrap_external>(1638): <frozen importlib._bootstrap_external>(1648): <frozen importlib._bootstrap_external>(1653): <frozen importlib._bootstrap_external>(1479): <frozen importlib._bootstrap_external>(1480): <frozen importlib._bootstrap_external>(1470): <frozen importlib._bootstrap_external>(1471): <frozen importlib._bootstrap_external>(1473):  --- modulename: _bootstrap_external, funcname: _path_importer_cache
<frozen importlib._bootstrap_external>(1429): <frozen importlib._bootstrap_external>(1436): <frozen importlib._bootstrap_external>(1437): <frozen importlib._bootstrap_external>(1441): <frozen importlib._bootstrap_external>(1474): <frozen importlib._bootstrap_external>(1475): <frozen importlib._bootstrap_external>(1476):  --- modulename: _bootstrap_external, funcname: find_spec
<frozen importlib._bootstrap_external>(1609): <frozen importlib._bootstrap_external>(1610): <frozen importlib._bootstrap_external>(1611): <frozen importlib._bootstrap_external>(1612):  --- modulename: _bootstrap_external, funcname: _path_stat
<frozen importlib._bootstrap_external>(147): <frozen importlib._bootstrap_external>(1615): <frozen importlib._bootstrap_external>(1619):  --- modulename: _bootstrap_external, funcname: _relax_case
<frozen importlib._bootstrap_external>(69): <frozen importlib._bootstrap_external>(1623): <frozen importlib._bootstrap_external>(1624): <frozen importlib._bootstrap_external>(1626): <frozen importlib._bootstrap_external>(1638): <frozen importlib._bootstrap_external>(1639): <frozen importlib._bootstrap_external>(1640):  --- modulename: _bootstrap_external, funcname: _path_join
<frozen importlib._bootstrap_external>(98): <frozen importlib._bootstrap_external>(100): <frozen importlib._bootstrap_external>(102): <frozen importlib._bootstrap_external>(103): <frozen importlib._bootstrap_external>(104): <frozen importlib._bootstrap_external>(105): <frozen importlib._bootstrap_external>(106): <frozen importlib._bootstrap_external>(107): <frozen importlib._bootstrap_external>(104): <frozen importlib._bootstrap_external>(105): <frozen importlib._bootstrap_external>(108): <frozen importlib._bootstrap_external>(117): <frozen importlib._bootstrap_external>(118): <frozen importlib._bootstrap_external>(104): <frozen importlib._bootstrap_external>(119):  --- modulename: _bootstrap_external, funcname: <listcomp>
<frozen importlib._bootstrap_external>(119): <frozen importlib._bootstrap_external>(119): <frozen importlib._bootstrap_external>(119): <frozen importlib._bootstrap_external>(120): <frozen importlib._bootstrap_external>(123): <frozen importlib._bootstrap_external>(1643):  --- modulename: _bootstrap, funcname: _verbose_message
<frozen importlib._bootstrap>(246): <frozen importlib._bootstrap_external>(1644): <frozen importlib._bootstrap_external>(1638): <frozen importlib._bootstrap_external>(1639): <frozen importlib._bootstrap_external>(1640):  --- modulename: _bootstrap_external, funcname: _path_join
<frozen importlib._bootstrap_external>(98): <frozen importlib._bootstrap_external>(100): <frozen importlib._bootstrap_external>(102): <frozen importlib._bootstrap_external>(103): <frozen importlib._bootstrap_external>(104): <frozen importlib._bootstrap_external>(105): <frozen importlib._bootstrap_external>(106): <frozen importlib._bootstrap_external>(107): <frozen importlib._bootstrap_external>(104): <frozen importlib._bootstrap_external>(105): <frozen importlib._bootstrap_external>(108): <frozen importlib._bootstrap_external>(117): <frozen importlib._bootstrap_external>(118): <frozen importlib._bootstrap_external>(104): <frozen importlib._bootstrap_external>(119):  --- modulename: _bootstrap_external, funcname: <listcomp>
<frozen importlib._bootstrap_external>(119): <frozen importlib._bootstrap_external>(119): <frozen importlib._bootstrap_external>(119): <frozen importlib._bootstrap_external>(120): <frozen importlib._bootstrap_external>(123): <frozen importlib._bootstrap_external>(1643):  --- modulename: _bootstrap, funcname: _verbose_message
<frozen importlib._bootstrap>(246): <frozen importlib._bootstrap_external>(1644): <frozen importlib._bootstrap_external>(1638): <frozen importlib._bootstrap_external>(1639): <frozen importlib._bootstrap_external>(1640):  --- modulename: _bootstrap_external, funcname: _path_join
<frozen importlib._bootstrap_external>(98): <frozen importlib._bootstrap_external>(100): <frozen importlib._bootstrap_external>(102): <frozen importlib._bootstrap_external>(103): <frozen importlib._bootstrap_external>(104): <frozen importlib._bootstrap_external>(105): <frozen importlib._bootstrap_external>(106): <frozen importlib._bootstrap_external>(107): <frozen importlib._bootstrap_external>(104): <frozen importlib._bootstrap_external>(105): <frozen importlib._bootstrap_external>(108): <frozen importlib._bootstrap_external>(117): <frozen importlib._bootstrap_external>(118): <frozen importlib._bootstrap_external>(104): <frozen importlib._bootstrap_external>(119):  --- modulename: _bootstrap_external, funcname: <listcomp>
<frozen importlib._bootstrap_external>(119): <frozen importlib._bootstrap_external>(119): <frozen importlib._bootstrap_external>(119): <frozen importlib._bootstrap_external>(120): <frozen importlib._bootstrap_external>(123): <frozen importlib._bootstrap_external>(1643):  --- modulename: _bootstrap, funcname: _verbose_message
<frozen importlib._bootstrap>(246): <frozen importlib._bootstrap_external>(1644): <frozen importlib._bootstrap_external>(1638): <frozen importlib._bootstrap_external>(1639): <frozen importlib._bootstrap_external>(1640):  --- modulename: _bootstrap_external, funcname: _path_join
<frozen importlib._bootstrap_external>(98): <frozen importlib._bootstrap_external>(100): <frozen importlib._bootstrap_external>(102): <frozen importlib._bootstrap_external>(103): <frozen importlib._bootstrap_external>(104): <frozen importlib._bootstrap_external>(105): <frozen importlib._bootstrap_external>(106): <frozen importlib._bootstrap_external>(107): <frozen importlib._bootstrap_external>(104): <frozen importlib._bootstrap_external>(105): <frozen importlib._bootstrap_external>(108): <frozen importlib._bootstrap_external>(117): <frozen importlib._bootstrap_external>(118): <frozen importlib._bootstrap_external>(104): <frozen importlib._bootstrap_external>(119):  --- modulename: _bootstrap_external, funcname: <listcomp>
<frozen importlib._bootstrap_external>(119): <frozen importlib._bootstrap_external>(119): <frozen importlib._bootstrap_external>(119): <frozen importlib._bootstrap_external>(120): <frozen importlib._bootstrap_external>(123): <frozen importlib._bootstrap_external>(1643):  --- modulename: _bootstrap, funcname: _verbose_message
<frozen importlib._bootstrap>(246): <frozen importlib._bootstrap_external>(1644): <frozen importlib._bootstrap_external>(1638): <frozen importlib._bootstrap_external>(1639): <frozen importlib._bootstrap_external>(1640):  --- modulename: _bootstrap_external, funcname: _path_join
<frozen importlib._bootstrap_external>(98): <frozen importlib._bootstrap_external>(100): <frozen importlib._bootstrap_external>(102): <frozen importlib._bootstrap_external>(103): <frozen importlib._bootstrap_external>(104): <frozen importlib._bootstrap_external>(105): <frozen importlib._bootstrap_external>(106): <frozen importlib._bootstrap_external>(107): <frozen importlib._bootstrap_external>(104): <frozen importlib._bootstrap_external>(105): <frozen importlib._bootstrap_external>(108): <frozen importlib._bootstrap_external>(117): <frozen importlib._bootstrap_external>(118): <frozen importlib._bootstrap_external>(104): <frozen importlib._bootstrap_external>(119):  --- modulename: _bootstrap_external, funcname: <listcomp>
<frozen importlib._bootstrap_external>(119): <frozen importlib._bootstrap_external>(119): <frozen importlib._bootstrap_external>(119): <frozen importlib._bootstrap_external>(120): <frozen importlib._bootstrap_external>(123): <frozen importlib._bootstrap_external>(1643):  --- modulename: _bootstrap, funcname: _verbose_message
<frozen importlib._bootstrap>(246): <frozen importlib._bootstrap_external>(1644): <frozen importlib._bootstrap_external>(1638): <frozen importlib._bootstrap_external>(1648): <frozen importlib._bootstrap_external>(1653): <frozen importlib._bootstrap_external>(1479): <frozen importlib._bootstrap_external>(1480): <frozen importlib._bootstrap_external>(1470): <frozen importlib._bootstrap_external>(1471): <frozen importlib._bootstrap_external>(1473):  --- modulename: _bootstrap_external, funcname: _path_importer_cache
<frozen importlib._bootstrap_external>(1429): <frozen importlib._bootstrap_external>(1436): <frozen importlib._bootstrap_external>(1437): <frozen importlib._bootstrap_external>(1441): <frozen importlib._bootstrap_external>(1474): <frozen importlib._bootstrap_external>(1475): <frozen importlib._bootstrap_external>(1476):  --- modulename: _bootstrap_external, funcname: find_spec
<frozen importlib._bootstrap_external>(1609): <frozen importlib._bootstrap_external>(1610): <frozen importlib._bootstrap_external>(1611): <frozen importlib._bootstrap_external>(1612):  --- modulename: _bootstrap_external, funcname: _path_stat
<frozen importlib._bootstrap_external>(147): <frozen importlib._bootstrap_external>(1615): <frozen importlib._bootstrap_external>(1619):  --- modulename: _bootstrap_external, funcname: _relax_case
<frozen importlib._bootstrap_external>(69): <frozen importlib._bootstrap_external>(1623): <frozen importlib._bootstrap_external>(1624): <frozen importlib._bootstrap_external>(1626): <frozen importlib._bootstrap_external>(1638): <frozen importlib._bootstrap_external>(1639): <frozen importlib._bootstrap_external>(1640):  --- modulename: _bootstrap_external, funcname: _path_join
<frozen importlib._bootstrap_external>(98): <frozen importlib._bootstrap_external>(100): <frozen importlib._bootstrap_external>(102): <frozen importlib._bootstrap_external>(103): <frozen importlib._bootstrap_external>(104): <frozen importlib._bootstrap_external>(105): <frozen importlib._bootstrap_external>(106): <frozen importlib._bootstrap_external>(107): <frozen importlib._bootstrap_external>(104): <frozen importlib._bootstrap_external>(105): <frozen importlib._bootstrap_external>(108): <frozen importlib._bootstrap_external>(117): <frozen importlib._bootstrap_external>(118): <frozen importlib._bootstrap_external>(104): <frozen importlib._bootstrap_external>(119):  --- modulename: _bootstrap_external, funcname: <listcomp>
<frozen importlib._bootstrap_external>(119): <frozen importlib._bootstrap_external>(119): <frozen importlib._bootstrap_external>(119): <frozen importlib._bootstrap_external>(120): <frozen importlib._bootstrap_external>(123): <frozen importlib._bootstrap_external>(1643):  --- modulename: _bootstrap, funcname: _verbose_message
<frozen importlib._bootstrap>(246): <frozen importlib._bootstrap_external>(1644): <frozen importlib._bootstrap_external>(1638): <frozen importlib._bootstrap_external>(1639): <frozen importlib._bootstrap_external>(1640):  --- modulename: _bootstrap_external, funcname: _path_join
<frozen importlib._bootstrap_external>(98): <frozen importlib._bootstrap_external>(100): <frozen importlib._bootstrap_external>(102): <frozen importlib._bootstrap_external>(103): <frozen importlib._bootstrap_external>(104): <frozen importlib._bootstrap_external>(105): <frozen importlib._bootstrap_external>(106): <frozen importlib._bootstrap_external>(107): <frozen importlib._bootstrap_external>(104): <frozen importlib._bootstrap_external>(105): <frozen importlib._bootstrap_external>(108): <frozen importlib._bootstrap_external>(117): <frozen importlib._bootstrap_external>(118): <frozen importlib._bootstrap_external>(104): <frozen importlib._bootstrap_external>(119):  --- modulename: _bootstrap_external, funcname: <listcomp>
<frozen importlib._bootstrap_external>(119): <frozen importlib._bootstrap_external>(119): <frozen importlib._bootstrap_external>(119): <frozen importlib._bootstrap_external>(120): <frozen importlib._bootstrap_external>(123): <frozen importlib._bootstrap_external>(1643):  --- modulename: _bootstrap, funcname: _verbose_message
<frozen importlib._bootstrap>(246): <frozen importlib._bootstrap_external>(1644): <frozen importlib._bootstrap_external>(1638): <frozen importlib._bootstrap_external>(1639): <frozen importlib._bootstrap_external>(1640):  --- modulename: _bootstrap_external, funcname: _path_join
<frozen importlib._bootstrap_external>(98): <frozen importlib._bootstrap_external>(100): <frozen importlib._bootstrap_external>(102): <frozen importlib._bootstrap_external>(103): <frozen importlib._bootstrap_external>(104): <frozen importlib._bootstrap_external>(105): <frozen importlib._bootstrap_external>(106): <frozen importlib._bootstrap_external>(107): <frozen importlib._bootstrap_external>(104): <frozen importlib._bootstrap_external>(105): <frozen importlib._bootstrap_external>(108): <frozen importlib._bootstrap_external>(117): <frozen importlib._bootstrap_external>(118): <frozen importlib._bootstrap_external>(104): <frozen importlib._bootstrap_external>(119):  --- modulename: _bootstrap_external, funcname: <listcomp>
<frozen importlib._bootstrap_external>(119): <frozen importlib._bootstrap_external>(119): <frozen importlib._bootstrap_external>(119): <frozen importlib._bootstrap_external>(120): <frozen importlib._bootstrap_external>(123): <frozen importlib._bootstrap_external>(1643):  --- modulename: _bootstrap, funcname: _verbose_message
<frozen importlib._bootstrap>(246): <frozen importlib._bootstrap_external>(1644): <frozen importlib._bootstrap_external>(1638): <frozen importlib._bootstrap_external>(1639): <frozen importlib._bootstrap_external>(1640):  --- modulename: _bootstrap_external, funcname: _path_join
<frozen importlib._bootstrap_external>(98): <frozen importlib._bootstrap_external>(100): <frozen importlib._bootstrap_external>(102): <frozen importlib._bootstrap_external>(103): <frozen importlib._bootstrap_external>(104): <frozen importlib._bootstrap_external>(105): <frozen importlib._bootstrap_external>(106): <frozen importlib._bootstrap_external>(107): <frozen importlib._bootstrap_external>(104): <frozen importlib._bootstrap_external>(105): <frozen importlib._bootstrap_external>(108): <frozen importlib._bootstrap_external>(117): <frozen importlib._bootstrap_external>(118): <frozen importlib._bootstrap_external>(104): <frozen importlib._bootstrap_external>(119):  --- modulename: _bootstrap_external, funcname: <listcomp>
<frozen importlib._bootstrap_external>(119): <frozen importlib._bootstrap_external>(119): <frozen importlib._bootstrap_external>(119): <frozen importlib._bootstrap_external>(120): <frozen importlib._bootstrap_external>(123): <frozen importlib._bootstrap_external>(1643):  --- modulename: _bootstrap, funcname: _verbose_message
<frozen importlib._bootstrap>(246): <frozen importlib._bootstrap_external>(1644): <frozen importlib._bootstrap_external>(1638): <frozen importlib._bootstrap_external>(1639): <frozen importlib._bootstrap_external>(1640):  --- modulename: _bootstrap_external, funcname: _path_join
<frozen importlib._bootstrap_external>(98): <frozen importlib._bootstrap_external>(100): <frozen importlib._bootstrap_external>(102): <frozen importlib._bootstrap_external>(103): <frozen importlib._bootstrap_external>(104): <frozen importlib._bootstrap_external>(105): <frozen importlib._bootstrap_external>(106): <frozen importlib._bootstrap_external>(107): <frozen importlib._bootstrap_external>(104): <frozen importlib._bootstrap_external>(105): <frozen importlib._bootstrap_external>(108): <frozen importlib._bootstrap_external>(117): <frozen importlib._bootstrap_external>(118): <frozen importlib._bootstrap_external>(104): <frozen importlib._bootstrap_external>(119):  --- modulename: _bootstrap_external, funcname: <listcomp>
<frozen importlib._bootstrap_external>(119): <frozen importlib._bootstrap_external>(119): <frozen importlib._bootstrap_external>(119): <frozen importlib._bootstrap_external>(120): <frozen importlib._bootstrap_external>(123): <frozen importlib._bootstrap_external>(1643):  --- modulename: _bootstrap, funcname: _verbose_message
<frozen importlib._bootstrap>(246): <frozen importlib._bootstrap_external>(1644): <frozen importlib._bootstrap_external>(1638): <frozen importlib._bootstrap_external>(1648): <frozen importlib._bootstrap_external>(1653): <frozen importlib._bootstrap_external>(1479): <frozen importlib._bootstrap_external>(1480): <frozen importlib._bootstrap_external>(1470): <frozen importlib._bootstrap_external>(1471): <frozen importlib._bootstrap_external>(1473):  --- modulename: _bootstrap_external, funcname: _path_importer_cache
<frozen importlib._bootstrap_external>(1429): <frozen importlib._bootstrap_external>(1436): <frozen importlib._bootstrap_external>(1437): <frozen importlib._bootstrap_external>(1441): <frozen importlib._bootstrap_external>(1474): <frozen importlib._bootstrap_external>(1475): <frozen importlib._bootstrap_external>(1476):  --- modulename: _bootstrap_external, funcname: find_spec
<frozen importlib._bootstrap_external>(1609): <frozen importlib._bootstrap_external>(1610): <frozen importlib._bootstrap_external>(1611): <frozen importlib._bootstrap_external>(1612):  --- modulename: _bootstrap_external, funcname: _path_stat
<frozen importlib._bootstrap_external>(147): <frozen importlib._bootstrap_external>(1615): <frozen importlib._bootstrap_external>(1619):  --- modulename: _bootstrap_external, funcname: _relax_case
<frozen importlib._bootstrap_external>(69): <frozen importlib._bootstrap_external>(1623): <frozen importlib._bootstrap_external>(1624): <frozen importlib._bootstrap_external>(1626): <frozen importlib._bootstrap_external>(1638): <frozen importlib._bootstrap_external>(1639): <frozen importlib._bootstrap_external>(1640):  --- modulename: _bootstrap_external, funcname: _path_join
<frozen importlib._bootstrap_external>(98): <frozen importlib._bootstrap_external>(100): <frozen importlib._bootstrap_external>(102): <frozen importlib._bootstrap_external>(103): <frozen importlib._bootstrap_external>(104): <frozen importlib._bootstrap_external>(105): <frozen importlib._bootstrap_external>(106): <frozen importlib._bootstrap_external>(107): <frozen importlib._bootstrap_external>(104): <frozen importlib._bootstrap_external>(105): <frozen importlib._bootstrap_external>(108): <frozen importlib._bootstrap_external>(117): <frozen importlib._bootstrap_external>(118): <frozen importlib._bootstrap_external>(104): <frozen importlib._bootstrap_external>(119):  --- modulename: _bootstrap_external, funcname: <listcomp>
<frozen importlib._bootstrap_external>(119): <frozen importlib._bootstrap_external>(119): <frozen importlib._bootstrap_external>(119): <frozen importlib._bootstrap_external>(120): <frozen importlib._bootstrap_external>(123): <frozen importlib._bootstrap_external>(1643):  --- modulename: _bootstrap, funcname: _verbose_message
<frozen importlib._bootstrap>(246): <frozen importlib._bootstrap_external>(1644): <frozen importlib._bootstrap_external>(1638): <frozen importlib._bootstrap_external>(1639): <frozen importlib._bootstrap_external>(1640):  --- modulename: _bootstrap_external, funcname: _path_join
<frozen importlib._bootstrap_external>(98): <frozen importlib._bootstrap_external>(100): <frozen importlib._bootstrap_external>(102): <frozen importlib._bootstrap_external>(103): <frozen importlib._bootstrap_external>(104): <frozen importlib._bootstrap_external>(105): <frozen importlib._bootstrap_external>(106): <frozen importlib._bootstrap_external>(107): <frozen importlib._bootstrap_external>(104): <frozen importlib._bootstrap_external>(105): <frozen importlib._bootstrap_external>(108): <frozen importlib._bootstrap_external>(117): <frozen importlib._bootstrap_external>(118): <frozen importlib._bootstrap_external>(104): <frozen importlib._bootstrap_external>(119):  --- modulename: _bootstrap_external, funcname: <listcomp>
<frozen importlib._bootstrap_external>(119): <frozen importlib._bootstrap_external>(119): <frozen importlib._bootstrap_external>(119): <frozen importlib._bootstrap_external>(120): <frozen importlib._bootstrap_external>(123): <frozen importlib._bootstrap_external>(1643):  --- modulename: _bootstrap, funcname: _verbose_message
<frozen importlib._bootstrap>(246): <frozen importlib._bootstrap_external>(1644): <frozen importlib._bootstrap_external>(1638): <frozen importlib._bootstrap_external>(1639): <frozen importlib._bootstrap_external>(1640):  --- modulename: _bootstrap_external, funcname: _path_join
<frozen importlib._bootstrap_external>(98): <frozen importlib._bootstrap_external>(100): <frozen importlib._bootstrap_external>(102): <frozen importlib._bootstrap_external>(103): <frozen importlib._bootstrap_external>(104): <frozen importlib._bootstrap_external>(105): <frozen importlib._bootstrap_external>(106): <frozen importlib._bootstrap_external>(107): <frozen importlib._bootstrap_external>(104): <frozen importlib._bootstrap_external>(105): <frozen importlib._bootstrap_external>(108): <frozen importlib._bootstrap_external>(117): <frozen importlib._bootstrap_external>(118): <frozen importlib._bootstrap_external>(104): <frozen importlib._bootstrap_external>(119):  --- modulename: _bootstrap_external, funcname: <listcomp>
<frozen importlib._bootstrap_external>(119): <frozen importlib._bootstrap_external>(119): <frozen importlib._bootstrap_external>(119): <frozen importlib._bootstrap_external>(120): <frozen importlib._bootstrap_external>(123): <frozen importlib._bootstrap_external>(1643):  --- modulename: _bootstrap, funcname: _verbose_message
<frozen importlib._bootstrap>(246): <frozen importlib._bootstrap_external>(1644): <frozen importlib._bootstrap_external>(1638): <frozen importlib._bootstrap_external>(1639): <frozen importlib._bootstrap_external>(1640):  --- modulename: _bootstrap_external, funcname: _path_join
<frozen importlib._bootstrap_external>(98): <frozen importlib._bootstrap_external>(100): <frozen importlib._bootstrap_external>(102): <frozen importlib._bootstrap_external>(103): <frozen importlib._bootstrap_external>(104): <frozen importlib._bootstrap_external>(105): <frozen importlib._bootstrap_external>(106): <frozen importlib._bootstrap_external>(107): <frozen importlib._bootstrap_external>(104): <frozen importlib._bootstrap_external>(105): <frozen importlib._bootstrap_external>(108): <frozen importlib._bootstrap_external>(117): <frozen importlib._bootstrap_external>(118): <frozen importlib._bootstrap_external>(104): <frozen importlib._bootstrap_external>(119):  --- modulename: _bootstrap_external, funcname: <listcomp>
<frozen importlib._bootstrap_external>(119): <frozen importlib._bootstrap_external>(119): <frozen importlib._bootstrap_external>(119): <frozen importlib._bootstrap_external>(120): <frozen importlib._bootstrap_external>(123): <frozen importlib._bootstrap_external>(1643):  --- modulename: _bootstrap, funcname: _verbose_message
<frozen importlib._bootstrap>(246): <frozen importlib._bootstrap_external>(1644): <frozen importlib._bootstrap_external>(1638): <frozen importlib._bootstrap_external>(1639): <frozen importlib._bootstrap_external>(1640):  --- modulename: _bootstrap_external, funcname: _path_join
<frozen importlib._bootstrap_external>(98): <frozen importlib._bootstrap_external>(100): <frozen importlib._bootstrap_external>(102): <frozen importlib._bootstrap_external>(103): <frozen importlib._bootstrap_external>(104): <frozen importlib._bootstrap_external>(105): <frozen importlib._bootstrap_external>(106): <frozen importlib._bootstrap_external>(107): <frozen importlib._bootstrap_external>(104): <frozen importlib._bootstrap_external>(105): <frozen importlib._bootstrap_external>(108): <frozen importlib._bootstrap_external>(117): <frozen importlib._bootstrap_external>(118): <frozen importlib._bootstrap_external>(104): <frozen importlib._bootstrap_external>(119):  --- modulename: _bootstrap_external, funcname: <listcomp>
<frozen importlib._bootstrap_external>(119): <frozen importlib._bootstrap_external>(119): <frozen importlib._bootstrap_external>(119): <frozen importlib._bootstrap_external>(120): <frozen importlib._bootstrap_external>(123): <frozen importlib._bootstrap_external>(1643):  --- modulename: _bootstrap, funcname: _verbose_message
<frozen importlib._bootstrap>(246): <frozen importlib._bootstrap_external>(1644): <frozen importlib._bootstrap_external>(1638): <frozen importlib._bootstrap_external>(1648): <frozen importlib._bootstrap_external>(1653): <frozen importlib._bootstrap_external>(1479): <frozen importlib._bootstrap_external>(1480): <frozen importlib._bootstrap_external>(1470): <frozen importlib._bootstrap_external>(1471): <frozen importlib._bootstrap_external>(1473):  --- modulename: _bootstrap_external, funcname: _path_importer_cache
<frozen importlib._bootstrap_external>(1429): <frozen importlib._bootstrap_external>(1436): <frozen importlib._bootstrap_external>(1437): <frozen importlib._bootstrap_external>(1441): <frozen importlib._bootstrap_external>(1474): <frozen importlib._bootstrap_external>(1475): <frozen importlib._bootstrap_external>(1476):  --- modulename: _bootstrap_external, funcname: find_spec
<frozen importlib._bootstrap_external>(1609): <frozen importlib._bootstrap_external>(1610): <frozen importlib._bootstrap_external>(1611): <frozen importlib._bootstrap_external>(1612):  --- modulename: _bootstrap_external, funcname: _path_stat
<frozen importlib._bootstrap_external>(147): <frozen importlib._bootstrap_external>(1615): <frozen importlib._bootstrap_external>(1619):  --- modulename: _bootstrap_external, funcname: _relax_case
<frozen importlib._bootstrap_external>(69): <frozen importlib._bootstrap_external>(1623): <frozen importlib._bootstrap_external>(1624): <frozen importlib._bootstrap_external>(1626): <frozen importlib._bootstrap_external>(1638): <frozen importlib._bootstrap_external>(1639): <frozen importlib._bootstrap_external>(1640):  --- modulename: _bootstrap_external, funcname: _path_join
<frozen importlib._bootstrap_external>(98): <frozen importlib._bootstrap_external>(100): <frozen importlib._bootstrap_external>(102): <frozen importlib._bootstrap_external>(103): <frozen importlib._bootstrap_external>(104): <frozen importlib._bootstrap_external>(105): <frozen importlib._bootstrap_external>(106): <frozen importlib._bootstrap_external>(107): <frozen importlib._bootstrap_external>(104): <frozen importlib._bootstrap_external>(105): <frozen importlib._bootstrap_external>(108): <frozen importlib._bootstrap_external>(117): <frozen importlib._bootstrap_external>(118): <frozen importlib._bootstrap_external>(104): <frozen importlib._bootstrap_external>(119):  --- modulename: _bootstrap_external, funcname: <listcomp>
<frozen importlib._bootstrap_external>(119): <frozen importlib._bootstrap_external>(119): <frozen importlib._bootstrap_external>(119): <frozen importlib._bootstrap_external>(120): <frozen importlib._bootstrap_external>(123): <frozen importlib._bootstrap_external>(1643):  --- modulename: _bootstrap, funcname: _verbose_message
<frozen importlib._bootstrap>(246): <frozen importlib._bootstrap_external>(1644): <frozen importlib._bootstrap_external>(1638): <frozen importlib._bootstrap_external>(1639): <frozen importlib._bootstrap_external>(1640):  --- modulename: _bootstrap_external, funcname: _path_join
<frozen importlib._bootstrap_external>(98): <frozen importlib._bootstrap_external>(100): <frozen importlib._bootstrap_external>(102): <frozen importlib._bootstrap_external>(103): <frozen importlib._bootstrap_external>(104): <frozen importlib._bootstrap_external>(105): <frozen importlib._bootstrap_external>(106): <frozen importlib._bootstrap_external>(107): <frozen importlib._bootstrap_external>(104): <frozen importlib._bootstrap_external>(105): <frozen importlib._bootstrap_external>(108): <frozen importlib._bootstrap_external>(117): <frozen importlib._bootstrap_external>(118): <frozen importlib._bootstrap_external>(104): <frozen importlib._bootstrap_external>(119):  --- modulename: _bootstrap_external, funcname: <listcomp>
<frozen importlib._bootstrap_external>(119): <frozen importlib._bootstrap_external>(119): <frozen importlib._bootstrap_external>(119): <frozen importlib._bootstrap_external>(120): <frozen importlib._bootstrap_external>(123): <frozen importlib._bootstrap_external>(1643):  --- modulename: _bootstrap, funcname: _verbose_message
<frozen importlib._bootstrap>(246): <frozen importlib._bootstrap_external>(1644): <frozen importlib._bootstrap_external>(1638): <frozen importlib._bootstrap_external>(1639): <frozen importlib._bootstrap_external>(1640):  --- modulename: _bootstrap_external, funcname: _path_join
<frozen importlib._bootstrap_external>(98): <frozen importlib._bootstrap_external>(100): <frozen importlib._bootstrap_external>(102): <frozen importlib._bootstrap_external>(103): <frozen importlib._bootstrap_external>(104): <frozen importlib._bootstrap_external>(105): <frozen importlib._bootstrap_external>(106): <frozen importlib._bootstrap_external>(107): <frozen importlib._bootstrap_external>(104): <frozen importlib._bootstrap_external>(105): <frozen importlib._bootstrap_external>(108): <frozen importlib._bootstrap_external>(117): <frozen importlib._bootstrap_external>(118): <frozen importlib._bootstrap_external>(104): <frozen importlib._bootstrap_external>(119):  --- modulename: _bootstrap_external, funcname: <listcomp>
<frozen importlib._bootstrap_external>(119): <frozen importlib._bootstrap_external>(119): <frozen importlib._bootstrap_external>(119): <frozen importlib._bootstrap_external>(120): <frozen importlib._bootstrap_external>(123): <frozen importlib._bootstrap_external>(1643):  --- modulename: _bootstrap, funcname: _verbose_message
<frozen importlib._bootstrap>(246): <frozen importlib._bootstrap_external>(1644): <frozen importlib._bootstrap_external>(1638): <frozen importlib._bootstrap_external>(1639): <frozen importlib._bootstrap_external>(1640):  --- modulename: _bootstrap_external, funcname: _path_join
<frozen importlib._bootstrap_external>(98): <frozen importlib._bootstrap_external>(100): <frozen importlib._bootstrap_external>(102): <frozen importlib._bootstrap_external>(103): <frozen importlib._bootstrap_external>(104): <frozen importlib._bootstrap_external>(105): <frozen importlib._bootstrap_external>(106): <frozen importlib._bootstrap_external>(107): <frozen importlib._bootstrap_external>(104): <frozen importlib._bootstrap_external>(105): <frozen importlib._bootstrap_external>(108): <frozen importlib._bootstrap_external>(117): <frozen importlib._bootstrap_external>(118): <frozen importlib._bootstrap_external>(104): <frozen importlib._bootstrap_external>(119):  --- modulename: _bootstrap_external, funcname: <listcomp>
<frozen importlib._bootstrap_external>(119): <frozen importlib._bootstrap_external>(119): <frozen importlib._bootstrap_external>(119): <frozen importlib._bootstrap_external>(120): <frozen importlib._bootstrap_external>(123): <frozen importlib._bootstrap_external>(1643):  --- modulename: _bootstrap, funcname: _verbose_message
<frozen importlib._bootstrap>(246): <frozen importlib._bootstrap_external>(1644): <frozen importlib._bootstrap_external>(1638): <frozen importlib._bootstrap_external>(1639): <frozen importlib._bootstrap_external>(1640):  --- modulename: _bootstrap_external, funcname: _path_join
<frozen importlib._bootstrap_external>(98): <frozen importlib._bootstrap_external>(100): <frozen importlib._bootstrap_external>(102): <frozen importlib._bootstrap_external>(103): <frozen importlib._bootstrap_external>(104): <frozen importlib._bootstrap_external>(105): <frozen importlib._bootstrap_external>(106): <frozen importlib._bootstrap_external>(107): <frozen importlib._bootstrap_external>(104): <frozen importlib._bootstrap_external>(105): <frozen importlib._bootstrap_external>(108): <frozen importlib._bootstrap_external>(117): <frozen importlib._bootstrap_external>(118): <frozen importlib._bootstrap_external>(104): <frozen importlib._bootstrap_external>(119):  --- modulename: _bootstrap_external, funcname: <listcomp>
<frozen importlib._bootstrap_external>(119): <frozen importlib._bootstrap_external>(119): <frozen importlib._bootstrap_external>(119): <frozen importlib._bootstrap_external>(120): <frozen importlib._bootstrap_external>(123): <frozen importlib._bootstrap_external>(1643):  --- modulename: _bootstrap, funcname: _verbose_message
<frozen importlib._bootstrap>(246): <frozen importlib._bootstrap_external>(1644): <frozen importlib._bootstrap_external>(1638): <frozen importlib._bootstrap_external>(1648): <frozen importlib._bootstrap_external>(1653): <frozen importlib._bootstrap_external>(1479): <frozen importlib._bootstrap_external>(1480): <frozen importlib._bootstrap_external>(1470): <frozen importlib._bootstrap_external>(1492):  --- modulename: _bootstrap, funcname: __init__
<frozen importlib._bootstrap>(359): <frozen importlib._bootstrap>(360): <frozen importlib._bootstrap>(361): <frozen importlib._bootstrap>(362): <frozen importlib._bootstrap>(363): <frozen importlib._bootstrap>(364): <frozen importlib._bootstrap>(367): <frozen importlib._bootstrap>(368): <frozen importlib._bootstrap_external>(1493): <frozen importlib._bootstrap_external>(1494): <frozen importlib._bootstrap_external>(1505): <frozen importlib._bootstrap_external>(1507): <frozen importlib._bootstrap_external>(1508): <frozen importlib._bootstrap_external>(1509): <frozen importlib._bootstrap_external>(1516): <frozen importlib._bootstrap>(1072):  --- modulename: _bootstrap, funcname: __exit__
<frozen importlib._bootstrap>(1034): <frozen importlib._bootstrap>(1081): <frozen importlib._bootstrap>(1071): <frozen importlib._bootstrap>(1100): <frozen importlib._bootstrap>(1141): <frozen importlib._bootstrap>(1142): <frozen importlib._bootstrap>(1175):  --- modulename: _bootstrap, funcname: __exit__
<frozen importlib._bootstrap>(174):  --- modulename: _bootstrap, funcname: release
<frozen importlib._bootstrap>(126): <frozen importlib._bootstrap>(127): <frozen importlib._bootstrap>(128): <frozen importlib._bootstrap>(130): <frozen importlib._bootstrap>(131): <frozen importlib._bootstrap>(132): <frozen importlib._bootstrap>(133): <frozen importlib._bootstrap>(134): <frozen importlib._bootstrap>(127):  --- modulename: _bootstrap, funcname: cb
<frozen importlib._bootstrap>(199): <frozen importlib._bootstrap>(200): <frozen importlib._bootstrap>(204): <frozen importlib._bootstrap>(205): <frozen importlib._bootstrap>(207): subprocess.py(59): except ImportError:
subprocess.py(60):     fcntl = None
subprocess.py(63): __all__ = ["Popen", "PIPE", "STDOUT", "call", "check_call", "getstatusoutput",
subprocess.py(70): try:
subprocess.py(71):     import msvcrt
subprocess.py(75):     _mswindows = True
subprocess.py(78): _can_fork_exec = sys.platform not in {"emscripten", "wasi"}
subprocess.py(80): if _mswindows:
subprocess.py(81):     import _winapi
subprocess.py(82):     from _winapi import (CREATE_NEW_CONSOLE, CREATE_NEW_PROCESS_GROUP,
subprocess.py(92):     __all__.extend(["CREATE_NEW_CONSOLE", "CREATE_NEW_PROCESS_GROUP",
subprocess.py(123): class SubprocessError(Exception): pass
 --- modulename: subprocess, funcname: SubprocessError
subprocess.py(123): class SubprocessError(Exception): pass
subprocess.py(126): class CalledProcessError(SubprocessError):
 --- modulename: subprocess, funcname: CalledProcessError
subprocess.py(126): class CalledProcessError(SubprocessError):
subprocess.py(127):     """Raised when run() is called with check=True and the process
subprocess.py(133):     def __init__(self, returncode, cmd, output=None, stderr=None):
subprocess.py(139):     def __str__(self):
subprocess.py(151):     @property
subprocess.py(152):     def stdout(self):
subprocess.py(151):     @property
subprocess.py(152):     def stdout(self):
subprocess.py(156):     @stdout.setter
subprocess.py(157):     def stdout(self, value):
subprocess.py(156):     @stdout.setter
subprocess.py(157):     def stdout(self, value):
subprocess.py(163): class TimeoutExpired(SubprocessError):
 --- modulename: subprocess, funcname: TimeoutExpired
subprocess.py(163): class TimeoutExpired(SubprocessError):
subprocess.py(164):     """This exception is raised when the timeout expires while waiting for a
subprocess.py(170):     def __init__(self, cmd, timeout, output=None, stderr=None):
subprocess.py(176):     def __str__(self):
subprocess.py(180):     @property
subprocess.py(181):     def stdout(self):
subprocess.py(180):     @property
subprocess.py(181):     def stdout(self):
subprocess.py(184):     @stdout.setter
subprocess.py(185):     def stdout(self, value):
subprocess.py(184):     @stdout.setter
subprocess.py(185):     def stdout(self, value):
subprocess.py(191): if _mswindows:
subprocess.py(192):     class STARTUPINFO:
 --- modulename: subprocess, funcname: STARTUPINFO
subprocess.py(192):     class STARTUPINFO:
subprocess.py(193):         def __init__(self, *, dwFlags=0, hStdInput=None, hStdOutput=None,
subprocess.py(194):                      hStdError=None, wShowWindow=0, lpAttributeList=None):
subprocess.py(193):         def __init__(self, *, dwFlags=0, hStdInput=None, hStdOutput=None,
subprocess.py(202):         def copy(self):
subprocess.py(215):     class Handle(int):
 --- modulename: subprocess, funcname: Handle
subprocess.py(215):     class Handle(int):
subprocess.py(216):         closed = False
subprocess.py(218):         def Close(self, CloseHandle=_winapi.CloseHandle):
subprocess.py(223):         def Detach(self):
subprocess.py(229):         def __repr__(self):
subprocess.py(232):         __del__ = Close
subprocess.py(248): if _mswindows:
subprocess.py(257):     _active = None
subprocess.py(259):     def _cleanup():
subprocess.py(281): PIPE = -1
subprocess.py(282): STDOUT = -2
subprocess.py(283): DEVNULL = -3
subprocess.py(290): def _optim_args_from_interpreter_flags():
subprocess.py(300): def _args_from_interpreter_flags():
subprocess.py(361): def _text_encoding():
subprocess.py(381): def call(*popenargs, timeout=None, **kwargs):
subprocess.py(398): def check_call(*popenargs, **kwargs):
subprocess.py(417): def check_output(*popenargs, timeout=None, **kwargs):
subprocess.py(469): class CompletedProcess(object):
 --- modulename: subprocess, funcname: CompletedProcess
subprocess.py(469): class CompletedProcess(object):
subprocess.py(470):     """A process that has finished running.
subprocess.py(480):     def __init__(self, args, returncode, stdout=None, stderr=None):
subprocess.py(486):     def __repr__(self):
subprocess.py(495):     __class_getitem__ = classmethod(types.GenericAlias)
subprocess.py(498):     def check_returncode(self):
subprocess.py(506):         input=None, capture_output=False, timeout=None, check=False, **kwargs):
subprocess.py(505): def run(*popenargs,
subprocess.py(574): def list2cmdline(seq):
subprocess.py(647): def getstatusoutput(cmd, *, encoding=None, errors=None):
subprocess.py(679): def getoutput(cmd, *, encoding=None, errors=None):
subprocess.py(693): def _use_posix_spawn():
subprocess.py(743): _USE_POSIX_SPAWN = _use_posix_spawn()
 --- modulename: subprocess, funcname: _use_posix_spawn
subprocess.py(706):     if _mswindows or not hasattr(os, 'posix_spawn'):
subprocess.py(708):         return False
subprocess.py(744): _USE_VFORK = True
subprocess.py(747): class Popen:
 --- modulename: subprocess, funcname: Popen
subprocess.py(747): class Popen:
subprocess.py(748):     """ Execute a child program in a new process.
subprocess.py(803):     _child_created = False  # Set here since __del__ checks it
subprocess.py(805):     def __init__(self, args, bufsize=-1, executable=None,
subprocess.py(806):                  stdin=None, stdout=None, stderr=None,
subprocess.py(807):                  preexec_fn=None, close_fds=True,
subprocess.py(808):                  shell=False, cwd=None, env=None, universal_newlines=None,
subprocess.py(809):                  startupinfo=None, creationflags=0,
subprocess.py(810):                  restore_signals=True, start_new_session=False,
subprocess.py(811):                  pass_fds=(), *, user=None, group=None, extra_groups=None,
subprocess.py(805):     def __init__(self, args, bufsize=-1, executable=None,
subprocess.py(811):                  pass_fds=(), *, user=None, group=None, extra_groups=None,
subprocess.py(812):                  encoding=None, errors=None, text=None, umask=-1, pipesize=-1,
subprocess.py(813):                  process_group=None):
subprocess.py(805):     def __init__(self, args, bufsize=-1, executable=None,
subprocess.py(1060):     def __repr__(self):
subprocess.py(1069):     __class_getitem__ = classmethod(types.GenericAlias)
subprocess.py(1071):     @property
subprocess.py(1072):     def universal_newlines(self):
subprocess.py(1071):     @property
subprocess.py(1072):     def universal_newlines(self):
subprocess.py(1077):     @universal_newlines.setter
subprocess.py(1078):     def universal_newlines(self, universal_newlines):
subprocess.py(1077):     @universal_newlines.setter
subprocess.py(1078):     def universal_newlines(self, universal_newlines):
subprocess.py(1081):     def _translate_newlines(self, data, encoding, errors):
subprocess.py(1085):     def __enter__(self):
subprocess.py(1088):     def __exit__(self, exc_type, value, traceback):
subprocess.py(1116):     def __del__(self, _maxsize=sys.maxsize, _warn=warnings.warn):
subprocess.py(1131):     def _get_devnull(self):
subprocess.py(1136):     def _stdin_write(self, input):
subprocess.py(1161):     def communicate(self, input=None, timeout=None):
subprocess.py(1229):     def poll(self):
subprocess.py(1235):     def _remaining_time(self, endtime):
subprocess.py(1244):                        skip_check_and_raise=False):
subprocess.py(1243):     def _check_timeout(self, endtime, orig_timeout, stdout_seq, stderr_seq,
subprocess.py(1255):     def wait(self, timeout=None):
subprocess.py(1278):     def _close_pipe_fds(self,
subprocess.py(1307):     if _mswindows:
subprocess.py(1311):         def _get_handles(self, stdin, stdout, stderr):
subprocess.py(1383):         def _make_inheritable(self, handle):
subprocess.py(1392):         def _filter_handle_list(self, handle_list):
subprocess.py(1405):         def _execute_child(self, args, executable, preexec_fn, close_fds,
subprocess.py(1516):         def _internal_poll(self, _deadstate=None,
subprocess.py(1517):                 _WaitForSingleObject=_winapi.WaitForSingleObject,
subprocess.py(1518):                 _WAIT_OBJECT_0=_winapi.WAIT_OBJECT_0,
subprocess.py(1519):                 _GetExitCodeProcess=_winapi.GetExitCodeProcess):
subprocess.py(1516):         def _internal_poll(self, _deadstate=None,
subprocess.py(1533):         def _wait(self, timeout):
subprocess.py(1549):         def _readerthread(self, fh, buffer):
subprocess.py(1554):         def _communicate(self, input, endtime, orig_timeout):
subprocess.py(1604):         def send_signal(self, sig):
subprocess.py(1618):         def terminate(self):
subprocess.py(1633):         kill = terminate
<frozen importlib._bootstrap>(701): <frozen importlib._bootstrap>(702): <frozen importlib._bootstrap>(703):  --- modulename: _bootstrap, funcname: _verbose_message
<frozen importlib._bootstrap>(246): <frozen importlib._bootstrap>(705): <frozen importlib._bootstrap>(707): <frozen importlib._bootstrap>(1151): <frozen importlib._bootstrap>(1153): <frozen importlib._bootstrap>(1161): <frozen importlib._bootstrap>(1175):  --- modulename: _bootstrap, funcname: __exit__
<frozen importlib._bootstrap>(174):  --- modulename: _bootstrap, funcname: release
<frozen importlib._bootstrap>(126): <frozen importlib._bootstrap>(127): <frozen importlib._bootstrap>(128): <frozen importlib._bootstrap>(130): <frozen importlib._bootstrap>(131): <frozen importlib._bootstrap>(132): <frozen importlib._bootstrap>(133): <frozen importlib._bootstrap>(134): <frozen importlib._bootstrap>(127):  --- modulename: _bootstrap, funcname: cb
<frozen importlib._bootstrap>(199): <frozen importlib._bootstrap>(200): <frozen importlib._bootstrap>(204): <frozen importlib._bootstrap>(205): <frozen importlib._bootstrap>(207): util.py(19): from . import process
 --- modulename: _bootstrap, funcname: parent
<frozen importlib._bootstrap>(408): <frozen importlib._bootstrap>(409):  --- modulename: _bootstrap, funcname: _handle_fromlist
<frozen importlib._bootstrap>(1219): <frozen importlib._bootstrap>(1220): <frozen importlib._bootstrap>(1227): <frozen importlib._bootstrap>(1231): <frozen importlib._bootstrap>(1219): <frozen importlib._bootstrap>(1243): util.py(21): __all__ = [
util.py(32): NOTSET = 0
util.py(33): SUBDEBUG = 5
util.py(34): DEBUG = 10
util.py(35): INFO = 20
util.py(36): SUBWARNING = 25
util.py(38): LOGGER_NAME = 'multiprocessing'
util.py(39): DEFAULT_LOGGING_FORMAT = '[%(levelname)s/%(processName)s] %(message)s'
util.py(41): _logger = None
util.py(42): _log_to_stderr = False
util.py(44): def sub_debug(msg, *args):
util.py(48): def debug(msg, *args):
util.py(52): def info(msg, *args):
util.py(56): def sub_warning(msg, *args):
util.py(60): def get_logger():
util.py(87): def log_to_stderr(level=None):
util.py(108): def _platform_supports_abstract_sockets():
util.py(116): def is_abstract_socket_namespace(address):
util.py(126): abstract_sockets_supported = _platform_supports_abstract_sockets()
 --- modulename: util, funcname: _platform_supports_abstract_sockets
util.py(109):     if sys.platform == "linux":
util.py(111):     if hasattr(sys, 'getandroidapilevel'):
util.py(113):     return False
util.py(132): def _remove_temp_dir(rmtree, tempdir):
util.py(141): def get_temp_dir():
util.py(159): _afterfork_registry = weakref.WeakValueDictionary()
 --- modulename: weakref, funcname: __init__
weakref.py(105):         def remove(wr, selfref=ref(self), _atomic_removal=_remove_dead_weakref):
weakref.py(114):         self._remove = remove
weakref.py(116):         self._pending_removals = []
weakref.py(117):         self._iterating = set()
weakref.py(118):         self.data = {}
weakref.py(119):         self.update(other, **kw)
 --- modulename: weakref, funcname: update
weakref.py(290):         if self._pending_removals:
weakref.py(292):         d = self.data
weakref.py(293):         if other is not None:
weakref.py(294):             if not hasattr(other, "items"):
weakref.py(295):                 other = dict(other)
weakref.py(296):             for key, o in other.items():
weakref.py(298):         for key, o in kwargs.items():
util.py(160): _afterfork_counter = itertools.count()
util.py(162): def _run_after_forkers():
util.py(171): def register_after_fork(obj, func):
util.py(178): _finalizer_registry = {}
util.py(179): _finalizer_counter = itertools.count()
util.py(182): class Finalize(object):
 --- modulename: util, funcname: Finalize
util.py(182): class Finalize(object):
util.py(183):     '''
util.py(186):     def __init__(self, obj, callback, args=(), kwargs=None, exitpriority=None):
util.py(205):     def __call__(self, wr=None,
util.py(208):                  _finalizer_registry=_finalizer_registry,
util.py(209):                  sub_debug=sub_debug, getpid=os.getpid):
util.py(205):     def __call__(self, wr=None,
util.py(229):     def cancel(self):
util.py(241):     def still_active(self):
util.py(247):     def __repr__(self):
util.py(268): def _run_finalizers(minpriority=None):
util.py(312): def is_exiting():
util.py(318): _exiting = False
util.py(320): def _exit_function(info=info, debug=debug, _run_finalizers=_run_finalizers,
util.py(321):                    active_children=process.active_children,
util.py(322):                    current_process=process.current_process):
util.py(320): def _exit_function(info=info, debug=debug, _run_finalizers=_run_finalizers,
util.py(362): atexit.register(_exit_function)
util.py(368): class ForkAwareThreadLock(object):
 --- modulename: util, funcname: ForkAwareThreadLock
util.py(368): class ForkAwareThreadLock(object):
util.py(369):     def __init__(self):
util.py(375):     def _at_fork_reinit(self):
util.py(378):     def __enter__(self):
util.py(381):     def __exit__(self, *args):
util.py(385): class ForkAwareLocal(threading.local):
 --- modulename: util, funcname: ForkAwareLocal
util.py(385): class ForkAwareLocal(threading.local):
util.py(386):     def __init__(self):
util.py(388):     def __reduce__(self):
util.py(395): try:
util.py(396):     MAXFD = os.sysconf("SC_OPEN_MAX")
util.py(397): except Exception:
util.py(398):     MAXFD = 256
util.py(400): def close_all_fds_except(fds):
util.py(410): def _close_stdin():
util.py(433): def _flush_std_streams():
util.py(447): def spawnv_passfds(path, args, passfds):
util.py(463): def close_fds(*fds):
util.py(469): def _cleanup_tests():
<frozen importlib._bootstrap>(701): <frozen importlib._bootstrap>(702): <frozen importlib._bootstrap>(703):  --- modulename: _bootstrap, funcname: _verbose_message
<frozen importlib._bootstrap>(246): <frozen importlib._bootstrap>(705): <frozen importlib._bootstrap>(707): <frozen importlib._bootstrap>(1151): <frozen importlib._bootstrap>(1152): <frozen importlib._bootstrap>(1153): <frozen importlib._bootstrap>(1155): <frozen importlib._bootstrap>(1156): <frozen importlib._bootstrap>(1157): <frozen importlib._bootstrap>(1161): <frozen importlib._bootstrap>(1175):  --- modulename: _bootstrap, funcname: __exit__
<frozen importlib._bootstrap>(174):  --- modulename: _bootstrap, funcname: release
<frozen importlib._bootstrap>(126): <frozen importlib._bootstrap>(127): <frozen importlib._bootstrap>(128): <frozen importlib._bootstrap>(130): <frozen importlib._bootstrap>(131): <frozen importlib._bootstrap>(132): <frozen importlib._bootstrap>(133): <frozen importlib._bootstrap>(134): <frozen importlib._bootstrap>(127):  --- modulename: _bootstrap, funcname: cb
<frozen importlib._bootstrap>(199): <frozen importlib._bootstrap>(200): <frozen importlib._bootstrap>(204): <frozen importlib._bootstrap>(205): <frozen importlib._bootstrap>(207): <frozen importlib._bootstrap>(1219): <frozen importlib._bootstrap>(1243): synchronize.py(27): try:
synchronize.py(28):     from _multiprocessing import SemLock, sem_unlink
synchronize.py(39): RECURSIVE_MUTEX, SEMAPHORE = list(range(2))
synchronize.py(40): SEM_VALUE_MAX = _multiprocessing.SemLock.SEM_VALUE_MAX
synchronize.py(46): class SemLock(object):
 --- modulename: synchronize, funcname: SemLock
synchronize.py(46): class SemLock(object):
synchronize.py(48):     _rand = tempfile._RandomNameSequence()
synchronize.py(50):     def __init__(self, kind, value, maxvalue, *, ctx):
synchronize.py(84):     @staticmethod
synchronize.py(85):     def _cleanup(name):
synchronize.py(84):     @staticmethod
synchronize.py(85):     def _cleanup(name):
synchronize.py(90):     def _make_methods(self):
synchronize.py(94):     def __enter__(self):
synchronize.py(97):     def __exit__(self, *args):
synchronize.py(100):     def __getstate__(self):
synchronize.py(109):     def __setstate__(self, state):
synchronize.py(114):     @staticmethod
synchronize.py(115):     def _make_name():
synchronize.py(114):     @staticmethod
synchronize.py(115):     def _make_name():
synchronize.py(123): class Semaphore(SemLock):
 --- modulename: synchronize, funcname: Semaphore
synchronize.py(123): class Semaphore(SemLock):
synchronize.py(125):     def __init__(self, value=1, *, ctx):
synchronize.py(128):     def get_value(self):
synchronize.py(131):     def __repr__(self):
synchronize.py(142): class BoundedSemaphore(Semaphore):
 --- modulename: synchronize, funcname: BoundedSemaphore
synchronize.py(142): class BoundedSemaphore(Semaphore):
synchronize.py(144):     def __init__(self, value=1, *, ctx):
synchronize.py(147):     def __repr__(self):
synchronize.py(159): class Lock(SemLock):
 --- modulename: synchronize, funcname: Lock
synchronize.py(159): class Lock(SemLock):
synchronize.py(161):     def __init__(self, *, ctx):
synchronize.py(164):     def __repr__(self):
synchronize.py(184): class RLock(SemLock):
 --- modulename: synchronize, funcname: RLock
synchronize.py(184): class RLock(SemLock):
synchronize.py(186):     def __init__(self, *, ctx):
synchronize.py(189):     def __repr__(self):
synchronize.py(210): class Condition(object):
 --- modulename: synchronize, funcname: Condition
synchronize.py(210): class Condition(object):
synchronize.py(212):     def __init__(self, lock=None, *, ctx):
synchronize.py(219):     def __getstate__(self):
synchronize.py(224):     def __setstate__(self, state):
synchronize.py(229):     def __enter__(self):
synchronize.py(232):     def __exit__(self, *args):
synchronize.py(235):     def _make_methods(self):
synchronize.py(239):     def __repr__(self):
synchronize.py(247):     def wait(self, timeout=None):
synchronize.py(270):     def notify(self, n=1):
synchronize.py(296):     def notify_all(self):
synchronize.py(299):     def wait_for(self, predicate, timeout=None):
synchronize.py(321): class Event(object):
 --- modulename: synchronize, funcname: Event
synchronize.py(321): class Event(object):
synchronize.py(323):     def __init__(self, *, ctx):
synchronize.py(327):     def is_set(self):
synchronize.py(334):     def set(self):
synchronize.py(340):     def clear(self):
synchronize.py(344):     def wait(self, timeout=None):
synchronize.py(356):     def __repr__(self) -> str:
synchronize.py(363): class Barrier(threading.Barrier):
 --- modulename: synchronize, funcname: Barrier
synchronize.py(363): class Barrier(threading.Barrier):
synchronize.py(365):     def __init__(self, parties, action=None, timeout=None, *, ctx):
synchronize.py(374):     def __setstate__(self, state):
synchronize.py(379):     def __getstate__(self):
synchronize.py(383):     @property
synchronize.py(384):     def _state(self):
synchronize.py(383):     @property
synchronize.py(384):     def _state(self):
synchronize.py(387):     @_state.setter
synchronize.py(388):     def _state(self, value):
synchronize.py(387):     @_state.setter
synchronize.py(388):     def _state(self, value):
synchronize.py(391):     @property
synchronize.py(392):     def _count(self):
synchronize.py(391):     @property
synchronize.py(392):     def _count(self):
synchronize.py(395):     @_count.setter
synchronize.py(396):     def _count(self, value):
synchronize.py(395):     @_count.setter
synchronize.py(396):     def _count(self, value):
<frozen importlib._bootstrap>(701): <frozen importlib._bootstrap>(702): <frozen importlib._bootstrap>(703):  --- modulename: _bootstrap, funcname: _verbose_message
<frozen importlib._bootstrap>(246): <frozen importlib._bootstrap>(705): <frozen importlib._bootstrap>(707): <frozen importlib._bootstrap>(1151): <frozen importlib._bootstrap>(1152): <frozen importlib._bootstrap>(1153): <frozen importlib._bootstrap>(1155): <frozen importlib._bootstrap>(1156): <frozen importlib._bootstrap>(1157): <frozen importlib._bootstrap>(1161): <frozen importlib._bootstrap>(1175):  --- modulename: _bootstrap, funcname: __exit__
<frozen importlib._bootstrap>(174):  --- modulename: _bootstrap, funcname: release
<frozen importlib._bootstrap>(126): <frozen importlib._bootstrap>(127): <frozen importlib._bootstrap>(128): <frozen importlib._bootstrap>(130): <frozen importlib._bootstrap>(131): <frozen importlib._bootstrap>(132): <frozen importlib._bootstrap>(133): <frozen importlib._bootstrap>(134): <frozen importlib._bootstrap>(127):  --- modulename: _bootstrap, funcname: cb
<frozen importlib._bootstrap>(199): <frozen importlib._bootstrap>(200): <frozen importlib._bootstrap>(204): <frozen importlib._bootstrap>(205): <frozen importlib._bootstrap>(207): context.py(73):         return RLock(ctx=self.get_context())
 --- modulename: context, funcname: get_context
context.py(238):         if method is None:
context.py(239):             if self._actual_context is None:
context.py(240):                 self._actual_context = self._default_context
context.py(241):             return self._actual_context
 --- modulename: synchronize, funcname: __init__
synchronize.py(187):         SemLock.__init__(self, RECURSIVE_MUTEX, 1, 1, ctx=ctx)
 --- modulename: synchronize, funcname: __init__
synchronize.py(51):         if ctx is None:
synchronize.py(53):         name = ctx.get_start_method()
 --- modulename: context, funcname: get_start_method
context.py(198):         return self._name
synchronize.py(54):         unlink_now = sys.platform == 'win32' or name == 'fork'
synchronize.py(55):         for i in range(100):
synchronize.py(56):             try:
synchronize.py(57):                 sl = self._semlock = _multiprocessing.SemLock(
synchronize.py(58):                     kind, value, maxvalue, self._make_name(),
 --- modulename: synchronize, funcname: _make_name
synchronize.py(116):         return '%s-%s' % (process.current_process()._config['semprefix'],
 --- modulename: process, funcname: current_process
process.py(41):     return _current_process
synchronize.py(117):                           next(SemLock._rand))
 --- modulename: tempfile, funcname: __next__
tempfile.py(154):         return ''.join(self.rng.choices(self.characters, k=8))
 --- modulename: tempfile, funcname: rng
tempfile.py(144):         cur_pid = _os.getpid()
tempfile.py(145):         if cur_pid != getattr(self, '_rng_pid', None):
tempfile.py(146):             self._rng = _Random()
 --- modulename: random, funcname: __init__
random.py(125):         self.seed(x)
 --- modulename: random, funcname: seed
random.py(146):         if version == 1 and isinstance(a, (str, bytes)):
random.py(154):         elif version == 2 and isinstance(a, (str, bytes, bytearray)):
random.py(159):         elif not isinstance(a, (type(None), int, float, str, bytes, bytearray)):
random.py(163):         super().seed(a)
random.py(164):         self.gauss_next = None
random.py(126):         self.gauss_next = None
tempfile.py(147):             self._rng_pid = cur_pid
tempfile.py(148):         return self._rng
 --- modulename: random, funcname: choices
random.py(484):         random = self.random
random.py(485):         n = len(population)
random.py(486):         if cum_weights is None:
random.py(487):             if weights is None:
random.py(488):                 floor = _floor
random.py(489):                 n += 0.0    # convert to float for a small speed improvement
random.py(490):                 return [population[floor(random() * n)] for i in _repeat(None, k)]
 --- modulename: random, funcname: <listcomp>
random.py(490):                 return [population[floor(random() * n)] for i in _repeat(None, k)]
random.py(490):                 return [population[floor(random() * n)] for i in _repeat(None, k)]
random.py(490):                 return [population[floor(random() * n)] for i in _repeat(None, k)]
random.py(490):                 return [population[floor(random() * n)] for i in _repeat(None, k)]
random.py(490):                 return [population[floor(random() * n)] for i in _repeat(None, k)]
random.py(490):                 return [population[floor(random() * n)] for i in _repeat(None, k)]
random.py(490):                 return [population[floor(random() * n)] for i in _repeat(None, k)]
random.py(490):                 return [population[floor(random() * n)] for i in _repeat(None, k)]
random.py(490):                 return [population[floor(random() * n)] for i in _repeat(None, k)]
synchronize.py(116):         return '%s-%s' % (process.current_process()._config['semprefix'],
synchronize.py(59):                     unlink_now)
synchronize.py(57):                 sl = self._semlock = _multiprocessing.SemLock(
synchronize.py(63):                 break
synchronize.py(67):         util.debug('created semlock with handle %s' % sl.handle)
 --- modulename: util, funcname: debug
util.py(49):     if _logger:
synchronize.py(68):         self._make_methods()
 --- modulename: synchronize, funcname: _make_methods
synchronize.py(91):         self.acquire = self._semlock.acquire
synchronize.py(92):         self.release = self._semlock.release
synchronize.py(70):         if sys.platform != 'win32':
synchronize.py(75):         if self._semlock.name is not None:
 --- modulename: _weakrefset, funcname: add
_weakrefset.py(86):         if self._pending_removals:
_weakrefset.py(88):         self.data.add(ref(item, self._remove))
 --- modulename: threading, funcname: __init__
threading.py(872):         assert group is None, "group argument must be None for now"
threading.py(873):         if kwargs is None:
threading.py(874):             kwargs = {}
threading.py(875):         if name:
threading.py(878):             name = _newname("Thread-%d")
 --- modulename: threading, funcname: _newname
threading.py(805):     return name_template % _counter()
threading.py(879):             if target is not None:
threading.py(886):         self._target = target
threading.py(887):         self._name = name
threading.py(888):         self._args = args
threading.py(889):         self._kwargs = kwargs
threading.py(890):         if daemon is not None:
threading.py(893):             self._daemonic = current_thread().daemon
 --- modulename: threading, funcname: current_thread
threading.py(1453):     try:
threading.py(1454):         return _active[get_ident()]
 --- modulename: threading, funcname: daemon
threading.py(1211):         assert self._initialized, "Thread.__init__() not called"
threading.py(1212):         return self._daemonic
threading.py(894):         self._ident = None
threading.py(895):         if _HAVE_THREAD_NATIVE_ID:
threading.py(896):             self._native_id = None
threading.py(897):         self._tstate_lock = None
threading.py(898):         self._started = Event()
 --- modulename: threading, funcname: __init__
threading.py(556):         self._cond = Condition(Lock())
 --- modulename: threading, funcname: __init__
threading.py(237):         if lock is None:
threading.py(239):         self._lock = lock
threading.py(241):         self.acquire = lock.acquire
threading.py(242):         self.release = lock.release
threading.py(246):         try:
threading.py(247):             self._release_save = lock._release_save
threading.py(248):         except AttributeError:
threading.py(249):             pass
threading.py(250):         try:
threading.py(251):             self._acquire_restore = lock._acquire_restore
threading.py(252):         except AttributeError:
threading.py(253):             pass
threading.py(254):         try:
threading.py(255):             self._is_owned = lock._is_owned
threading.py(256):         except AttributeError:
threading.py(257):             pass
threading.py(258):         self._waiters = _deque()
threading.py(557):         self._flag = False
threading.py(899):         self._is_stopped = False
threading.py(900):         self._initialized = True
threading.py(902):         self._stderr = _sys.stderr
threading.py(903):         self._invoke_excepthook = _make_invoke_excepthook()
 --- modulename: threading, funcname: _make_invoke_excepthook
threading.py(1322):     old_excepthook = excepthook
threading.py(1323):     old_sys_excepthook = _sys.excepthook
threading.py(1324):     if old_excepthook is None:
threading.py(1326):     if old_sys_excepthook is None:
threading.py(1329):     sys_exc_info = _sys.exc_info
threading.py(1330):     local_print = print
threading.py(1331):     local_sys = _sys
threading.py(1333):     def invoke_excepthook(thread):
threading.py(1365):     return invoke_excepthook
threading.py(905):         _dangling.add(self)
 --- modulename: _weakrefset, funcname: add
_weakrefset.py(86):         if self._pending_removals:
_weakrefset.py(88):         self.data.add(ref(item, self._remove))
 --- modulename: threading, funcname: daemon
threading.py(1216):         if not self._initialized:
threading.py(1218):         if self._started.is_set():
 --- modulename: threading, funcname: is_set
threading.py(570):         return self._flag
threading.py(1220):         self._daemonic = daemonic
 --- modulename: threading, funcname: __init__
threading.py(556):         self._cond = Condition(Lock())
 --- modulename: threading, funcname: __init__
threading.py(237):         if lock is None:
threading.py(239):         self._lock = lock
threading.py(241):         self.acquire = lock.acquire
threading.py(242):         self.release = lock.release
threading.py(246):         try:
threading.py(247):             self._release_save = lock._release_save
threading.py(248):         except AttributeError:
threading.py(249):             pass
threading.py(250):         try:
threading.py(251):             self._acquire_restore = lock._acquire_restore
threading.py(252):         except AttributeError:
threading.py(253):             pass
threading.py(254):         try:
threading.py(255):             self._is_owned = lock._is_owned
threading.py(256):         except AttributeError:
threading.py(257):             pass
threading.py(258):         self._waiters = _deque()
threading.py(557):         self._flag = False
 --- modulename: threading, funcname: start
threading.py(948):         if not self._initialized:
threading.py(951):         if self._started.is_set():
 --- modulename: threading, funcname: is_set
threading.py(570):         return self._flag
threading.py(954):         with _active_limbo_lock:
threading.py(955):             _limbo[self] = self
threading.py(954):         with _active_limbo_lock:
threading.py(956):         try:
threading.py(957):             _start_new_thread(self._bootstrap, ())
threading.py(962):         self._started.wait()
 --- modulename: threading, funcname: wait
threading.py(619):         with self._cond:
 --- modulename: threading, funcname: __enter__
threading.py(265):         return self._lock.__enter__()
threading.py(620):             signaled = self._flag
threading.py(621):             if not signaled:
threading.py(622):                 signaled = self._cond.wait(timeout)
 --- modulename: threading, funcname: wait
threading.py(311):         if not self._is_owned():
 --- modulename: threading, funcname: _is_owned
threading.py(282):         if self._lock.acquire(False):
threading.py(286):             return True
threading.py(313):         waiter = _allocate_lock()
threading.py(314):         waiter.acquire()
threading.py(315):         self._waiters.append(waiter)
threading.py(316):         saved_state = self._release_save()
 --- modulename: threading, funcname: _release_save
threading.py(274):         self._lock.release()           # No state to save
threading.py(317):         gotit = False
threading.py(318):         try:    # restore state no matter what (e.g., KeyboardInterrupt)
threading.py(319):             if timeout is None:
threading.py(320):                 waiter.acquire()
 --- modulename: threading, funcname: wait
threading.py(619):         with self._cond:
 --- modulename: threading, funcname: __enter__
threading.py(265):         return self._lock.__enter__()
threading.py(620):             signaled = self._flag
threading.py(621):             if not signaled:
threading.py(622):                 signaled = self._cond.wait(timeout)
 --- modulename: threading, funcname: wait
threading.py(311):         if not self._is_owned():
 --- modulename: threading, funcname: _is_owned
threading.py(282):         if self._lock.acquire(False):
threading.py(286):             return True
threading.py(313):         waiter = _allocate_lock()
threading.py(314):         waiter.acquire()
threading.py(315):         self._waiters.append(waiter)
threading.py(316):         saved_state = self._release_save()
 --- modulename: threading, funcname: _release_save
threading.py(274):         self._lock.release()           # No state to save
threading.py(317):         gotit = False
threading.py(318):         try:    # restore state no matter what (e.g., KeyboardInterrupt)
threading.py(319):             if timeout is None:
threading.py(323):                 if timeout > 0:
threading.py(324):                     gotit = waiter.acquire(True, timeout)
threading.py(321):                 gotit = True
threading.py(327):             return gotit
threading.py(329):             self._acquire_restore(saved_state)
 --- modulename: threading, funcname: _acquire_restore
threading.py(277):         self._lock.acquire()           # Ignore saved state
threading.py(330):             if not gotit:
threading.py(623):             return signaled
threading.py(619):         with self._cond:
 --- modulename: threading, funcname: __exit__
threading.py(268):         return self._lock.__exit__(*args)
 --- modulename: functools, funcname: __get__
functools.py(394):         get = getattr(self.func, "__get__", None)
functools.py(395):         result = None
functools.py(396):         if get is not None:
functools.py(397):             new_func = get(obj, cls)
functools.py(398):             if new_func is not self.func:
functools.py(401):                 result = partial(new_func, *self.args, **self.keywords)
functools.py(402):                 try:
functools.py(403):                     result.__self__ = new_func.__self__
functools.py(406):         if result is None:
functools.py(410):         return result
 --- modulename: _bootstrap, funcname: _handle_fromlist
<frozen importlib._bootstrap>(1219): <frozen importlib._bootstrap>(1220): <frozen importlib._bootstrap>(1227): <frozen importlib._bootstrap>(1231): <frozen importlib._bootstrap>(1219): <frozen importlib._bootstrap>(1220): <frozen importlib._bootstrap>(1227): <frozen importlib._bootstrap>(1231): <frozen importlib._bootstrap>(1219): <frozen importlib._bootstrap>(1243):  --- modulename: _weakrefset, funcname: __iter__
_weakrefset.py(64):         with _IterationGuard(self):
 --- modulename: _weakrefset, funcname: __init__
_weakrefset.py(19):         self.weakcontainer = ref(weakcontainer)
 --- modulename: _weakrefset, funcname: __enter__
_weakrefset.py(22):         w = self.weakcontainer()
_weakrefset.py(23):         if w is not None:
_weakrefset.py(24):             w._iterating.add(self)
_weakrefset.py(25):         return self
_weakrefset.py(65):             for itemref in self.data:
_weakrefset.py(66):                 item = itemref()
_weakrefset.py(67):                 if item is not None:
_weakrefset.py(70):                     yield item
 --- modulename: _weakrefset, funcname: __iter__
_weakrefset.py(65):             for itemref in self.data:
_weakrefset.py(64):         with _IterationGuard(self):
 --- modulename: _weakrefset, funcname: __exit__
_weakrefset.py(28):         w = self.weakcontainer()
_weakrefset.py(29):         if w is not None:
_weakrefset.py(30):             s = w._iterating
_weakrefset.py(31):             s.remove(self)
_weakrefset.py(32):             if not s:
_weakrefset.py(33):                 w._commit_removals()
 --- modulename: _weakrefset, funcname: _commit_removals
_weakrefset.py(54):         pop = self._pending_removals.pop
_weakrefset.py(55):         discard = self.data.discard
_weakrefset.py(56):         while True:
_weakrefset.py(57):             try:
_weakrefset.py(58):                 item = pop()
_weakrefset.py(59):             except IndexError:
_weakrefset.py(60):                 return
Processing items:   0%|                                                   | 0/10 [00:00<?, ?item/s]Base.py(29):         time.sleep(0.1)
Base.py(28):     for i in tqdm(range(10), desc="Processing items", unit="item"):
Processing items:  10%|████▎                                      | 1/10 [00:00<00:00,  9.90item/s]Base.py(29):         time.sleep(0.1)
Base.py(28):     for i in tqdm(range(10), desc="Processing items", unit="item"):
Processing items:  20%|████████▌                                  | 2/10 [00:00<00:00,  9.84item/s]Base.py(29):         time.sleep(0.1)
Base.py(28):     for i in tqdm(range(10), desc="Processing items", unit="item"):
Processing items:  30%|████████████▉                              | 3/10 [00:00<00:00,  9.83item/s]Base.py(29):         time.sleep(0.1)
Base.py(28):     for i in tqdm(range(10), desc="Processing items", unit="item"):
Processing items:  40%|█████████████████▏                         | 4/10 [00:00<00:00,  9.79item/s]Base.py(29):         time.sleep(0.1)
Base.py(28):     for i in tqdm(range(10), desc="Processing items", unit="item"):
Processing items:  50%|█████████████████████▌                     | 5/10 [00:00<00:00,  9.80item/s]Base.py(29):         time.sleep(0.1)
Base.py(28):     for i in tqdm(range(10), desc="Processing items", unit="item"):
Processing items:  60%|█████████████████████████▊                 | 6/10 [00:00<00:00,  9.81item/s]Base.py(29):         time.sleep(0.1)
Base.py(28):     for i in tqdm(range(10), desc="Processing items", unit="item"):
Processing items:  70%|██████████████████████████████             | 7/10 [00:00<00:00,  9.71item/s]Base.py(29):         time.sleep(0.1)
Base.py(28):     for i in tqdm(range(10), desc="Processing items", unit="item"):
Processing items:  80%|██████████████████████████████████▍        | 8/10 [00:00<00:00,  9.74item/s]Base.py(29):         time.sleep(0.1)
Base.py(28):     for i in tqdm(range(10), desc="Processing items", unit="item"):
Processing items:  90%|██████████████████████████████████████▋    | 9/10 [00:00<00:00,  9.77item/s]Base.py(29):         time.sleep(0.1)
Base.py(28):     for i in tqdm(range(10), desc="Processing items", unit="item"):
Processing items: 100%|██████████████████████████████████████████| 10/10 [00:01<00:00,  9.79item/s] --- modulename: _weakrefset, funcname: remove
_weakrefset.py(111):         if self._pending_removals:
_weakrefset.py(113):         self.data.remove(ref(item))
 --- modulename: _weakrefset, funcname: __iter__
_weakrefset.py(64):         with _IterationGuard(self):
 --- modulename: _weakrefset, funcname: __init__
_weakrefset.py(19):         self.weakcontainer = ref(weakcontainer)
 --- modulename: _weakrefset, funcname: __enter__
_weakrefset.py(22):         w = self.weakcontainer()
_weakrefset.py(23):         if w is not None:
_weakrefset.py(24):             w._iterating.add(self)
_weakrefset.py(25):         return self
_weakrefset.py(65):             for itemref in self.data:
_weakrefset.py(64):         with _IterationGuard(self):
 --- modulename: _weakrefset, funcname: __exit__
_weakrefset.py(28):         w = self.weakcontainer()
_weakrefset.py(29):         if w is not None:
_weakrefset.py(30):             s = w._iterating
_weakrefset.py(31):             s.remove(self)
_weakrefset.py(32):             if not s:
_weakrefset.py(33):                 w._commit_removals()
 --- modulename: _weakrefset, funcname: _commit_removals
_weakrefset.py(54):         pop = self._pending_removals.pop
_weakrefset.py(55):         discard = self.data.discard
_weakrefset.py(56):         while True:
_weakrefset.py(57):             try:
_weakrefset.py(58):                 item = pop()
_weakrefset.py(59):             except IndexError:
_weakrefset.py(60):                 return
Processing items: 100%|██████████████████████████████████████████| 10/10 [00:01<00:00,  9.77item/s]
Base.py(31):     print("\nTask completed!")

Task completed!
Base.py(34):     return 
threading.py(327):             return gotit
threading.py(329):             self._acquire_restore(saved_state)
 --- modulename: threading, funcname: _acquire_restore
threading.py(277):         self._lock.acquire()           # Ignore saved state
threading.py(330):             if not gotit:
threading.py(623):             return signaled
threading.py(619):         with self._cond:
 --- modulename: threading, funcname: __exit__
threading.py(268):         return self._lock.__exit__(*args)
 --- modulename: threading, funcname: is_set
threading.py(570):         return self._flag
 --- modulename: threading, funcname: _delete
threading.py(1073):         with _active_limbo_lock:
threading.py(1074):             del _active[get_ident()]
threading.py(1073):         with _active_limbo_lock:
2024-11-04 16:20:04,831 - Random.py[line:48] - INFO: This is an info message
